  console.log
    {"kind":"lab-send-attempt","phase":"pre-call","experimentId":"lab-prep1-example-0001","tick":12345,"fee":26,"sample":{"kind":"lab-sample","experimentId":"lab-prep1-example-0001","mode":"single-shot","tick":12345,"configTargetTick":12345,"source":{"roomName":"W1N57","readStatus":"ok","terminalId":"lab-term-source-synthetic","ownerUsername":"lab-synthetic-user","resourceAmount":1000,"energy":10000,"freeCapacity":50000,"cooldown":0},"target":{"roomName":"W10N57","readStatus":"ok","terminalId":"lab-term-target-synthetic","ownerUsername":"lab-synthetic-user","resourceAmount":0,"energy":2000,"freeCapacity":100000,"cooldown":0},"feeQuote":{"status":"ok","energyCost":26},"transactions":{"incoming":{"status":"ok","count":0,"records":[]},"outgoing":{"status":"ok","count":0,"records":[]}}}}

      at Object.loop (C:/Users/15027/AppData/Local/Temp/labprep1-probe-33ftbt/single-shot/single-shot.js:492:17)

  console.log
    {"kind":"lab-send-attempt","phase":"boundary","experimentId":"lab-prep1-example-0001","tick":12345}

      at Object.loop (C:/Users/15027/AppData/Local/Temp/labprep1-probe-33ftbt/single-shot/single-shot.js:500:17)

  console.log
    {"kind":"lab-send-attempt","phase":"sync-return","experimentId":"lab-prep1-example-0001","tick":12345,"result":{"ok":true,"code":0}}

      at Object.loop (C:/Users/15027/AppData/Local/Temp/labprep1-probe-33ftbt/single-shot/single-shot.js:511:17)

  console.log
    {"kind":"lab-precondition-rejection","experimentId":"lab-prep1-example-0001","mode":"single-shot","tick":12345,"reason":"already_stopped","note":"探针前置拒绝——不是已实测游戏 API 的 ERR 返回"}

      at Object.loop (C:/Users/15027/AppData/Local/Temp/labprep1-probe-33ftbt/single-shot/single-shot.js:460:21)

  console.log
    {"kind":"lab-precondition-rejection","experimentId":"lab-prep1-example-0001","mode":"single-shot","tick":12346,"reason":"already_stopped","note":"探针前置拒绝——不是已实测游戏 API 的 ERR 返回"}

      at Object.loop (C:/Users/15027/AppData/Local/Temp/labprep1-probe-33ftbt/single-shot/single-shot.js:460:21)

  console.log
    {"kind":"lab-send-attempt","phase":"pre-call","experimentId":"lab-prep1-example-0001","tick":12345,"fee":26,"sample":{"kind":"lab-sample","experimentId":"lab-prep1-example-0001","mode":"single-shot","tick":12345,"configTargetTick":12345,"source":{"roomName":"W1N57","readStatus":"ok","terminalId":"lab-term-source-synthetic","ownerUsername":"lab-synthetic-user","resourceAmount":1000,"energy":10000,"freeCapacity":50000,"cooldown":0},"target":{"roomName":"W10N57","readStatus":"ok","terminalId":"lab-term-target-synthetic","ownerUsername":"lab-synthetic-user","resourceAmount":0,"energy":2000,"freeCapacity":100000,"cooldown":0},"feeQuote":{"status":"ok","energyCost":26},"transactions":{"incoming":{"status":"ok","count":0,"records":[]},"outgoing":{"status":"ok","count":0,"records":[]}}}}

      at Object.loop (C:/Users/15027/AppData/Local/Temp/labprep1-probe-33ftbt/single-shot/single-shot.js:492:17)

  console.log
    {"kind":"lab-send-attempt","phase":"boundary","experimentId":"lab-prep1-example-0001","tick":12345}

      at Object.loop (C:/Users/15027/AppData/Local/Temp/labprep1-probe-33ftbt/single-shot/single-shot.js:500:17)

  console.log
    {"kind":"lab-send-attempt","phase":"sync-return","experimentId":"lab-prep1-example-0001","tick":12345,"result":{"ok":true,"code":0}}

      at Object.loop (C:/Users/15027/AppData/Local/Temp/labprep1-probe-33ftbt/single-shot/single-shot.js:511:17)

  console.log
    Q01-BASELINE [{"scenario":"S1 未武装/Memory 正常","outcome":{"sendAfterLoop1":0,"sendAfterLoop2":0,"sendAfterNextTick":0,"slotFinalAttempted":false,"markUnconfirmed":[],"rejections":["not_armed","not_armed","not_armed"],"sendAttemptPhases":[],"writeRefusedLines":0}},{"scenario":"S2 正常武装/小记录/写入正常","outcome":{"sendAfterLoop1":1,"sendAfterLoop2":1,"sendAfterNextTick":1,"slotFinalAttempted":true,"slotFinalStopped":true,"markUnconfirmed":[],"rejections":["already_stopped","already_stopped"],"sendAttemptPhases":["pre-call","boundary","sync-return"],"writeRefusedLines":0}},{"scenario":"S3 send 非 OK/写入正常","outcome":{"sendAfterLoop1":1,"sendAfterLoop2":1,"sendAfterNextTick":1,"slotFinalAttempted":true,"slotFinalStopped":true,"markUnconfirmed":[],"rejections":["already_stopped","already_stopped"],"sendAttemptPhases":["pre-call","boundary","sync-return"],"writeRefusedLines":0}},{"scenario":"S4 send 抛错/写入正常","outcome":{"sendAfterLoop1":1,"sendAfterLoop2":1,"sendAfterNextTick":1,"slotFinalAttempted":true,"slotFinalStopped":true,"markUnconfirmed":[],"rejections":["already_stopped","already_stopped"],"sendAttemptPhases":["pre-call","boundary","sync-throw"],"writeRefusedLines":0}},{"scenario":"S5 控制槽 setter 抛错","outcome":{"sendAfterLoop1":1,"sendAfterLoop2":2,"sendAfterNextTick":2,"slotFinalAttempted":false,"markUnconfirmed":[],"rejections":["tick_missed"],"sendAttemptPhases":["pre-call","boundary","sync-return","pre-call","boundary","sync-return"],"writeRefusedLines":4}},{"scenario":"S6 控制槽 setter 静默丢写","outcome":{"sendAfterLoop1":1,"sendAfterLoop2":2,"sendAfterNextTick":2,"slotFinalAttempted":false,"markUnconfirmed":[],"rejections":["tick_missed"],"sendAttemptPhases":["pre-call","boundary","sync-return","pre-call","boundary","sync-return"],"writeRefusedLines":0}},{"scenario":"S7 初始 4090 字符/更新后超限","outcome":{"sendAfterLoop1":1,"sendAfterLoop2":2,"sendAfterNextTick":2,"slotFinalAttempted":false,"markUnconfirmed":[],"rejections":["tick_missed"],"sendAttemptPhases":["pre-call","boundary","sync-return","pre-call","boundary","sync-return"],"writeRefusedLines":4}}]

      at Object.<anonymous> (test/lab/terminal-transfer/probe.test.ts:841:13)

  console.log
    Q01-FIXED [{"scenario":"S1 未武装/Memory 正常","outcome":{"sendAfterLoop1":0,"sendAfterLoop2":0,"sendAfterNextTick":0,"slotFinalAttempted":false,"markUnconfirmed":[],"rejections":["not_armed","not_armed","not_armed"],"sendAttemptPhases":[],"writeRefusedLines":0}},{"scenario":"S2 正常武装/小记录/写入正常","outcome":{"sendAfterLoop1":1,"sendAfterLoop2":1,"sendAfterNextTick":1,"slotFinalAttempted":true,"slotFinalStopped":true,"markUnconfirmed":[],"rejections":["already_stopped","already_stopped"],"sendAttemptPhases":["pre-call","boundary","sync-return"],"writeRefusedLines":0}},{"scenario":"S3 send 非 OK/写入正常","outcome":{"sendAfterLoop1":1,"sendAfterLoop2":1,"sendAfterNextTick":1,"slotFinalAttempted":true,"slotFinalStopped":true,"markUnconfirmed":[],"rejections":["already_stopped","already_stopped"],"sendAttemptPhases":["pre-call","boundary","sync-return"],"writeRefusedLines":0}},{"scenario":"S4 send 抛错/写入正常","outcome":{"sendAfterLoop1":1,"sendAfterLoop2":1,"sendAfterNextTick":1,"slotFinalAttempted":true,"slotFinalStopped":true,"markUnconfirmed":[],"rejections":["already_stopped","already_stopped"],"sendAttemptPhases":["pre-call","boundary","sync-throw"],"writeRefusedLines":0}},{"scenario":"S5 控制槽 setter 抛错","outcome":{"sendAfterLoop1":0,"sendAfterLoop2":0,"sendAfterNextTick":0,"slotFinalAttempted":false,"markUnconfirmed":["mark_write/assign_failed","mark_write/assign_failed"],"rejections":["tick_missed"],"sendAttemptPhases":[],"writeRefusedLines":2}},{"scenario":"S6 控制槽 setter 静默丢写","outcome":{"sendAfterLoop1":0,"sendAfterLoop2":0,"sendAfterNextTick":0,"slotFinalAttempted":false,"markUnconfirmed":["mark_readback/readback_not_attempted","mark_readback/readback_not_attempted"],"rejections":["tick_missed"],"sendAttemptPhases":[],"writeRefusedLines":0}},{"scenario":"S7 初始 4090 字符/更新后超限","outcome":{"sendAfterLoop1":0,"sendAfterLoop2":0,"sendAfterNextTick":0,"slotFinalAttempted":false,"markUnconfirmed":[],"rejections":["control_record_corrupt","control_record_corrupt","control_record_corrupt"],"sendAttemptPhases":[],"writeRefusedLines":0}}]

      at Object.<anonymous> (test/lab/terminal-transfer/probe.test.ts:874:13)

  console.log
    {"kind":"lab-send-attempt","phase":"pre-call","experimentId":"lab-prep1-example-0001","tick":12345,"fee":26,"sample":{"kind":"lab-sample","experimentId":"lab-prep1-example-0001","mode":"single-shot","tick":12345,"configTargetTick":12345,"source":{"roomName":"W1N57","readStatus":"ok","terminalId":"lab-term-source-synthetic","ownerUsername":"lab-synthetic-user","resourceAmount":1000,"energy":10000,"freeCapacity":50000,"cooldown":0},"target":{"roomName":"W10N57","readStatus":"ok","terminalId":"lab-term-target-synthetic","ownerUsername":"lab-synthetic-user","resourceAmount":0,"energy":2000,"freeCapacity":100000,"cooldown":0},"feeQuote":{"status":"ok","energyCost":26},"transactions":{"incoming":{"status":"ok","count":0,"records":[]},"outgoing":{"status":"ok","count":0,"records":[]}}}}

      at Object.loop (C:/Users/15027/AppData/Local/Temp/labprep1-probe-33ftbt/single-shot/single-shot.js:492:17)

  console.log
    {"kind":"lab-send-attempt","phase":"boundary","experimentId":"lab-prep1-example-0001","tick":12345}

      at Object.loop (C:/Users/15027/AppData/Local/Temp/labprep1-probe-33ftbt/single-shot/single-shot.js:500:17)

  console.log
    {"kind":"lab-send-attempt","phase":"sync-return","experimentId":"lab-prep1-example-0001","tick":12345,"result":{"ok":true,"code":0}}

      at Object.loop (C:/Users/15027/AppData/Local/Temp/labprep1-probe-33ftbt/single-shot/single-shot.js:511:17)

  console.log
    {"kind":"lab-control-write-refused","key":"__labTerminalTransferProbe","reason":"size_limit","characters":4249,"limit":4096}

      at writeControlRecord (test/lab/terminal-transfer/controlRecord.ts:153:13)

  console.log
    {"kind":"lab-control-write-refused","key":"__labTerminalTransferProbe","reason":"serialize_failed","error":"TypeError: Converting circular structure to JSON\n    --> starting at object with constructor 'Object'\n    --- property 'self' closes the circle"}

      at writeControlRecord (test/lab/terminal-transfer/controlRecord.ts:142:13)

PASS test/lab/terminal-transfer/probe.test.ts
  Terminal Transfer Engine Lab Prep I——探针离线自测（P03/P04）
    √ 构建产物与清单：两入口真实生成、manifest PREPARED_NOT_RUN、bundle 哈希一致、observer 产物无 send 调用面 (13 ms)
    √ 模块加载无副作用：产物 require 不触 Game、不写 Memory、不发送、不武装 (31 ms)
    √ observer 多 tick 零发送/零 Memory 写：采样行含两端原始读数、报价与两视图计数 (7 ms)
    √ observer 读取异常显式报告：报价/视图 throw、缺房间不填 0 冒充成功；不自带完成结论 (5 ms)
    √ observer 原样保留同 ID 镜像与不同 ID 记录（不删改与预期不一致的数据） (3 ms)
    √ single-shot 未武装/缺记录/损坏/实验 ID 不符——零调用并留前置拒绝原因 (7 ms)
    √ single-shot 错 shard/用户/结构/tick 与已尝试——零调用，拒绝原因逐项明确 (5 ms)
    √ 合法目标 tick 恰一次参数正确的调用；同 tick 重复 loop 与后续 tick 均不再调用 (4 ms)
    √ 同步非 OK 与同步抛错均不重试（attempted 已先行标记） (3 ms)
    √ 保留实验控制事实的 JSON 重载与模块重建不重发 (75 ms)
    √ OK 不自造效果：send 返回 OK 后库存/视图不变；后续 tick fixture 的差异由 observer 如实报告 (7 ms)
    √ Q01 基线复现：固定旧产物 VM 假端口七场景矩阵——三失败场景同 tick 双发 1/2/2 (14 ms)
    √ Q01/Q02 修复对照：新产物同矩阵三失败场景全零发送，且不打印 boundary/sync 输出 (10 ms)
    √ Q02 正常预标记：send 入口内读 Memory 可见匹配 attempted（syncResult/stopped 尚未写入） (6 ms)
    √ Q02 写后读回故障：getter 异常/篡改实验 ID/篡改 tick——首次控制读取成功，零发送 (4 ms)
    √ Q03 预标记成功后结果更新失败：attempted 不回退不重发；诊断超限拒写不破坏标记 (5 ms)
    √ Q02 单元断言：写入函数明确拒绝超限/循环引用候选；未知顶层与 syncResult 字段读取按 corrupt (7 ms)

Test Suites: 1 passed, 1 total
Tests:       17 passed, 17 total
Snapshots:   0 total
Time:        4.922 s
Ran all test suites within paths "test/lab/terminal-transfer/probe.test.ts".
Test results written to: C:\Users\15027\AppData\Local\Temp\treasury-lab-r1-ousvrqhr\jest-lab.json
