PASS src/runtime/treasury/treasuryKernelStress.test.ts (179.39 s)
PASS src/runtime/marketBaseResourcePermit.test.ts (64.097 s)
PASS test/localDispatchPerformanceBaseline.test.ts (24.382 s)
  ● Console

    console.log
      LOCAL_DISPATCH_PERFORMANCE_BASELINE {"schema":"local-dispatch-performance-baseline/v2","implementation":"full-ref-local-dispatch","fixture":{"rooms":20,"tasksPerRoom":20,"totalTasksPerDomain":400,"actors":50},"protocol":{"clock":"process.hrtime.bigint","timingUnit":"milliseconds","warmupBatches":5,"measuredBatches":30,"iterationsPerBatch":100,"p95":"nearest-rank","timingPassFail":"observation-only; deployment CPU gate is the live same-shard window","complexityPassFail":"deterministic public-input/read-DTO counts"},"preChangeEvidence":{"source":"openspec/changes/local-dispatch-ownership/evidence/pre-change-baseline.md","commit":"df2e1af60a035fd99406888d69bba9903e8a7118","observation":{"workerCurrent":{"median":12.083,"p95":12.378},"workerRelease":{"median":39.879,"p95":40.633},"carrierList":{"median":13.476,"p95":14.086},"carrierClaim":{"median":12.937,"p95":13.586},"carrierReplace":{"median":61.892,"p95":66.713}}},"scenarios":{"workerCurrent":{"samples":[273.9755,281.5643,278.1311,302.5253,285.118,277.5004,284.0285,287.7894,286.4573,274.196,276.7864,286.3169,277.2849,275.4083,271.909,306.3627,284.1162,285.1477,292.3456,287.4687,278.4022,273.9541,287.5916,276.1771,284.6523,293.9173,291.3445,296.2287,275.9707,290.3612],"median":284.38425,"p95":302.5253,"min":271.909,"max":306.3627,"relativeToPreChange":{"median":23.535898,"p95":24.440564}},"workerRelease":{"samples":[243.6734,224.0731,223.4968,213.3753,224.3801,216.5059,210.7079,212.7113,208.8855,208.5722,216.1209,211.8191,219.2257,221.6509,216.5411,226.0063,222.0618,222.7754,219.3331,220.467,223.8565,219.9763,217.1117,209.1836,217.579,222.4569,217.8541,230.397,216.6425,214.7208],"median":218.5399,"p95":230.397,"min":208.5722,"max":243.6734,"relativeToPreChange":{"median":5.480075,"p95":5.670194}},"carrierList":{"samples":[5.6821,5.0894,5.2047,6.2848,4.6929,5.5001,5.3512,5.6251,4.8032,4.8466,5.0221,4.7201,6.0336,4.8152,4.7096,5.0425,4.8553,5.5981,5.5763,4.786,4.7182,4.9339,5.5217,4.7261,4.9323,4.9144,4.7656,5.738,4.6828,4.6746],"median":4.9331,"p95":6.0336,"min":4.6746,"max":6.2848,"relativeToPreChange":{"median":0.366066,"p95":0.42834}},"carrierClaim":{"samples":[46.3331,46.0921,47.0254,45.0287,43.8691,45.8306,43.9755,44.4796,44.4877,45.5916,44.3596,43.6798,47.8054,46.3965,44.5137,45.5809,43.6088,44.4743,44.5166,45.3877,44.1864,43.4874,44.8741,43.5882,43.9884,45.0861,43.3619,44.5285,52.2222,46.5773],"median":44.52255,"p95":47.8054,"min":43.3619,"max":52.2222,"relativeToPreChange":{"median":3.44149,"p95":3.518725}},"carrierReplace":{"samples":[107.6131,103.4828,96.7028,101.0371,99.011,102.3092,106.7713,104.598,98.7614,103.453,99.8002,101.2413,97.5668,108.4376,98.5102,107.5835,104.9847,115.2505,102.0632,114.502,100.0747,108.7651,102.4443,111.3527,104.2188,117.4712,109.9184,109.9977,106.2464,110.7052],"median":104.4084,"p95":115.2505,"min":96.7028,"max":117.4712,"relativeToPreChange":{"median":1.686945,"p95":1.727557}}},"complexityGates":{"workerRelease":{"acquireCalls":5000,"releaseCalls":5000,"exactRoomDescriptorReads":5000,"exactTaskDescriptorReads":5000,"boardEnumerations":0},"workerAcquireReconcile":{"acquireCalls":50,"reconcileCalls":50,"assignedCreepsDescriptorReads":150},"carrier":{"exact":{"exactCalls":400,"exactResults":400,"refDescriptorReads":2400},"list":{"listCalls":20,"listResults":400},"replace":{"replaceCalls":2000,"replaceResults":40000,"draftIndexReads":40000,"stepIndexReads":40000},"claim":{"claimCalls":5000,"successfulClaims":5000,"releasedClaims":5000,"claimStepIndexReads":5000,"actorDescriptorReads":5000,"actorEnumerations":0},"readDto":{"snapshotCalls":1,"snapshotEntries":400,"stepArrayEnumerations":400,"stepEntryDescriptorReads":800}}},"limitations":["Node/Jest wall-clock is not Screeps CPU and old/current samples came from separate processes.","Relative old/current wall-clock ratios are observations, never pass/fail authorization.","Worker current starts bound; Carrier claim is the uncontended immediate-release path.","Carrier complexity probes observe public inputs/read DTOs and never the private Map hierarchy."]}

      at Object.<anonymous> (test/localDispatchPerformanceBaseline.test.ts:761:13)

PASS src/runtime/marketBaseResourceAutomation.test.ts (23.958 s)
PASS test/memoryDeclarationBoundaries.test.ts (16.102 s)
PASS test/ambientGlobalAbiBoundaries.test.ts (13.453 s)
PASS scripts/monitor-service.test.ts (10.497 s)
PASS src/runtime/treasury/treasuryRewrite4Lifecycle.test.ts (7.559 s)
PASS test/typescriptConfigBoundaries.test.ts (7.452 s)
PASS test/localDispatchArchitectureBoundaries.test.ts (5.721 s)
PASS test/lab/terminal-transfer/probe.test.ts
  ● Console

    console.log
      {"kind":"lab-send-attempt","phase":"pre-call","experimentId":"lab-prep1-example-0001","tick":12345,"fee":26,"sample":{"kind":"lab-sample","experimentId":"lab-prep1-example-0001","mode":"single-shot","tick":12345,"configTargetTick":12345,"source":{"roomName":"W1N57","readStatus":"ok","terminalId":"lab-term-source-synthetic","ownerUsername":"lab-synthetic-user","resourceAmount":1000,"energy":10000,"freeCapacity":50000,"cooldown":0},"target":{"roomName":"W10N57","readStatus":"ok","terminalId":"lab-term-target-synthetic","ownerUsername":"lab-synthetic-user","resourceAmount":0,"energy":2000,"freeCapacity":100000,"cooldown":0},"feeQuote":{"status":"ok","energyCost":26},"transactions":{"incoming":{"status":"ok","count":0,"records":[]},"outgoing":{"status":"ok","count":0,"records":[]}}}}

      at Object.loop (C:/Users/15027/AppData/Local/Temp/labprep1-probe-uqnkln/single-shot/single-shot.js:492:17)

    console.log
      {"kind":"lab-send-attempt","phase":"boundary","experimentId":"lab-prep1-example-0001","tick":12345}

      at Object.loop (C:/Users/15027/AppData/Local/Temp/labprep1-probe-uqnkln/single-shot/single-shot.js:500:17)

    console.log
      {"kind":"lab-send-attempt","phase":"sync-return","experimentId":"lab-prep1-example-0001","tick":12345,"result":{"ok":true,"code":0}}

      at Object.loop (C:/Users/15027/AppData/Local/Temp/labprep1-probe-uqnkln/single-shot/single-shot.js:511:17)

    console.log
      {"kind":"lab-precondition-rejection","experimentId":"lab-prep1-example-0001","mode":"single-shot","tick":12345,"reason":"already_stopped","note":"探针前置拒绝——不是已实测游戏 API 的 ERR 返回"}

      at Object.loop (C:/Users/15027/AppData/Local/Temp/labprep1-probe-uqnkln/single-shot/single-shot.js:460:21)

    console.log
      {"kind":"lab-precondition-rejection","experimentId":"lab-prep1-example-0001","mode":"single-shot","tick":12346,"reason":"already_stopped","note":"探针前置拒绝——不是已实测游戏 API 的 ERR 返回"}

      at Object.loop (C:/Users/15027/AppData/Local/Temp/labprep1-probe-uqnkln/single-shot/single-shot.js:460:21)

    console.log
      {"kind":"lab-send-attempt","phase":"pre-call","experimentId":"lab-prep1-example-0001","tick":12345,"fee":26,"sample":{"kind":"lab-sample","experimentId":"lab-prep1-example-0001","mode":"single-shot","tick":12345,"configTargetTick":12345,"source":{"roomName":"W1N57","readStatus":"ok","terminalId":"lab-term-source-synthetic","ownerUsername":"lab-synthetic-user","resourceAmount":1000,"energy":10000,"freeCapacity":50000,"cooldown":0},"target":{"roomName":"W10N57","readStatus":"ok","terminalId":"lab-term-target-synthetic","ownerUsername":"lab-synthetic-user","resourceAmount":0,"energy":2000,"freeCapacity":100000,"cooldown":0},"feeQuote":{"status":"ok","energyCost":26},"transactions":{"incoming":{"status":"ok","count":0,"records":[]},"outgoing":{"status":"ok","count":0,"records":[]}}}}

      at Object.loop (C:/Users/15027/AppData/Local/Temp/labprep1-probe-uqnkln/single-shot/single-shot.js:492:17)

    console.log
      {"kind":"lab-send-attempt","phase":"boundary","experimentId":"lab-prep1-example-0001","tick":12345}

      at Object.loop (C:/Users/15027/AppData/Local/Temp/labprep1-probe-uqnkln/single-shot/single-shot.js:500:17)

    console.log
      {"kind":"lab-send-attempt","phase":"sync-return","experimentId":"lab-prep1-example-0001","tick":12345,"result":{"ok":true,"code":0}}

      at Object.loop (C:/Users/15027/AppData/Local/Temp/labprep1-probe-uqnkln/single-shot/single-shot.js:511:17)

    console.log
      Q01-BASELINE [{"scenario":"S1 未武装/Memory 正常","outcome":{"sendAfterLoop1":0,"sendAfterLoop2":0,"sendAfterNextTick":0,"slotFinalAttempted":false,"markUnconfirmed":[],"rejections":["not_armed","not_armed","not_armed"],"sendAttemptPhases":[],"writeRefusedLines":0}},{"scenario":"S2 正常武装/小记录/写入正常","outcome":{"sendAfterLoop1":1,"sendAfterLoop2":1,"sendAfterNextTick":1,"slotFinalAttempted":true,"slotFinalStopped":true,"markUnconfirmed":[],"rejections":["already_stopped","already_stopped"],"sendAttemptPhases":["pre-call","boundary","sync-return"],"writeRefusedLines":0}},{"scenario":"S3 send 非 OK/写入正常","outcome":{"sendAfterLoop1":1,"sendAfterLoop2":1,"sendAfterNextTick":1,"slotFinalAttempted":true,"slotFinalStopped":true,"markUnconfirmed":[],"rejections":["already_stopped","already_stopped"],"sendAttemptPhases":["pre-call","boundary","sync-return"],"writeRefusedLines":0}},{"scenario":"S4 send 抛错/写入正常","outcome":{"sendAfterLoop1":1,"sendAfterLoop2":1,"sendAfterNextTick":1,"slotFinalAttempted":true,"slotFinalStopped":true,"markUnconfirmed":[],"rejections":["already_stopped","already_stopped"],"sendAttemptPhases":["pre-call","boundary","sync-throw"],"writeRefusedLines":0}},{"scenario":"S5 控制槽 setter 抛错","outcome":{"sendAfterLoop1":1,"sendAfterLoop2":2,"sendAfterNextTick":2,"slotFinalAttempted":false,"markUnconfirmed":[],"rejections":["tick_missed"],"sendAttemptPhases":["pre-call","boundary","sync-return","pre-call","boundary","sync-return"],"writeRefusedLines":4}},{"scenario":"S6 控制槽 setter 静默丢写","outcome":{"sendAfterLoop1":1,"sendAfterLoop2":2,"sendAfterNextTick":2,"slotFinalAttempted":false,"markUnconfirmed":[],"rejections":["tick_missed"],"sendAttemptPhases":["pre-call","boundary","sync-return","pre-call","boundary","sync-return"],"writeRefusedLines":0}},{"scenario":"S7 初始 4090 字符/更新后超限","outcome":{"sendAfterLoop1":1,"sendAfterLoop2":2,"sendAfterNextTick":2,"slotFinalAttempted":false,"markUnconfirmed":[],"rejections":["tick_missed"],"sendAttemptPhases":["pre-call","boundary","sync-return","pre-call","boundary","sync-return"],"writeRefusedLines":4}}]

      at Object.<anonymous> (test/lab/terminal-transfer/probe.test.ts:841:13)

    console.log
      Q01-FIXED [{"scenario":"S1 未武装/Memory 正常","outcome":{"sendAfterLoop1":0,"sendAfterLoop2":0,"sendAfterNextTick":0,"slotFinalAttempted":false,"markUnconfirmed":[],"rejections":["not_armed","not_armed","not_armed"],"sendAttemptPhases":[],"writeRefusedLines":0}},{"scenario":"S2 正常武装/小记录/写入正常","outcome":{"sendAfterLoop1":1,"sendAfterLoop2":1,"sendAfterNextTick":1,"slotFinalAttempted":true,"slotFinalStopped":true,"markUnconfirmed":[],"rejections":["already_stopped","already_stopped"],"sendAttemptPhases":["pre-call","boundary","sync-return"],"writeRefusedLines":0}},{"scenario":"S3 send 非 OK/写入正常","outcome":{"sendAfterLoop1":1,"sendAfterLoop2":1,"sendAfterNextTick":1,"slotFinalAttempted":true,"slotFinalStopped":true,"markUnconfirmed":[],"rejections":["already_stopped","already_stopped"],"sendAttemptPhases":["pre-call","boundary","sync-return"],"writeRefusedLines":0}},{"scenario":"S4 send 抛错/写入正常","outcome":{"sendAfterLoop1":1,"sendAfterLoop2":1,"sendAfterNextTick":1,"slotFinalAttempted":true,"slotFinalStopped":true,"markUnconfirmed":[],"rejections":["already_stopped","already_stopped"],"sendAttemptPhases":["pre-call","boundary","sync-throw"],"writeRefusedLines":0}},{"scenario":"S5 控制槽 setter 抛错","outcome":{"sendAfterLoop1":0,"sendAfterLoop2":0,"sendAfterNextTick":0,"slotFinalAttempted":false,"markUnconfirmed":["mark_write/assign_failed","mark_write/assign_failed"],"rejections":["tick_missed"],"sendAttemptPhases":[],"writeRefusedLines":2}},{"scenario":"S6 控制槽 setter 静默丢写","outcome":{"sendAfterLoop1":0,"sendAfterLoop2":0,"sendAfterNextTick":0,"slotFinalAttempted":false,"markUnconfirmed":["mark_readback/readback_not_attempted","mark_readback/readback_not_attempted"],"rejections":["tick_missed"],"sendAttemptPhases":[],"writeRefusedLines":0}},{"scenario":"S7 初始 4090 字符/更新后超限","outcome":{"sendAfterLoop1":0,"sendAfterLoop2":0,"sendAfterNextTick":0,"slotFinalAttempted":false,"markUnconfirmed":[],"rejections":["control_record_corrupt","control_record_corrupt","control_record_corrupt"],"sendAttemptPhases":[],"writeRefusedLines":0}}]

      at Object.<anonymous> (test/lab/terminal-transfer/probe.test.ts:874:13)

    console.log
      {"kind":"lab-send-attempt","phase":"pre-call","experimentId":"lab-prep1-example-0001","tick":12345,"fee":26,"sample":{"kind":"lab-sample","experimentId":"lab-prep1-example-0001","mode":"single-shot","tick":12345,"configTargetTick":12345,"source":{"roomName":"W1N57","readStatus":"ok","terminalId":"lab-term-source-synthetic","ownerUsername":"lab-synthetic-user","resourceAmount":1000,"energy":10000,"freeCapacity":50000,"cooldown":0},"target":{"roomName":"W10N57","readStatus":"ok","terminalId":"lab-term-target-synthetic","ownerUsername":"lab-synthetic-user","resourceAmount":0,"energy":2000,"freeCapacity":100000,"cooldown":0},"feeQuote":{"status":"ok","energyCost":26},"transactions":{"incoming":{"status":"ok","count":0,"records":[]},"outgoing":{"status":"ok","count":0,"records":[]}}}}

      at Object.loop (C:/Users/15027/AppData/Local/Temp/labprep1-probe-uqnkln/single-shot/single-shot.js:492:17)

    console.log
      {"kind":"lab-send-attempt","phase":"boundary","experimentId":"lab-prep1-example-0001","tick":12345}

      at Object.loop (C:/Users/15027/AppData/Local/Temp/labprep1-probe-uqnkln/single-shot/single-shot.js:500:17)

    console.log
      {"kind":"lab-send-attempt","phase":"sync-return","experimentId":"lab-prep1-example-0001","tick":12345,"result":{"ok":true,"code":0}}

      at Object.loop (C:/Users/15027/AppData/Local/Temp/labprep1-probe-uqnkln/single-shot/single-shot.js:511:17)

    console.log
      {"kind":"lab-control-write-refused","key":"__labTerminalTransferProbe","reason":"size_limit","characters":4249,"limit":4096}

      at writeControlRecord (test/lab/terminal-transfer/controlRecord.ts:153:13)

    console.log
      {"kind":"lab-control-write-refused","key":"__labTerminalTransferProbe","reason":"serialize_failed","error":"TypeError: Converting circular structure to JSON\n    --> starting at object with constructor 'Object'\n    --- property 'self' closes the circle"}

      at writeControlRecord (test/lab/terminal-transfer/controlRecord.ts:142:13)

PASS src/runtime/treasury/treasuryRewrite2Lifecycle.test.ts
PASS test/taskSystemArchitectureBoundaries.test.ts
PASS src/runtime/treasury/treasuryRemediationIVKernel.test.ts
  ● Console

    console.log
      H18-TRACE completed=true observe=12 bounded=13/40 recovery=1/10 checkpoints=54 portEvents=96 finalClose=25 final={"phases":{"closing":0,"outcome_unknown":20,"retry_ready":0,"pending":0,"other":0},"remaining":0,"active":20,"ring":44,"chars":21879,"utf8Bytes":21879,"budgetUsed":2}

      at Object.<anonymous> (src/runtime/treasury/treasuryRemediationIVKernel.test.ts:1095:15)

PASS test/taskSystemCatalogBoundaries.test.ts
PASS test/roleIdentityCatalogBoundaries.test.ts
PASS src/runtime/bootstrapArchitecture.test.ts
PASS src/runtime/marketBaseResourceLedger.test.ts
PASS src/runtime/marketSaleAutomation.test.ts
PASS src/runtime/treasury/treasuryKernelAcceptance.test.ts
PASS src/runtime/treasury/treasuryRemediationIIIKernel.test.ts
PASS src/runtime/linkNetworkMemoryOwnership.test.ts
PASS src/runtime/treasury/treasuryRewrite3Acceptance.test.ts
PASS src/runtime/treasury/treasuryRewrite4Acceptance.test.ts
PASS src/runtime/treasury/treasuryRemediationIKernel.test.ts
PASS src/runtime/treasury/treasuryKernelArchitecture.test.ts
PASS src/runtime/treasury/treasuryRemediationVKernel.test.ts
  ● Console

    console.log
      I13-COST {"fixture1":{"fixture":"empty-endTick","reads":7,"writeAttempts":1,"writesAllowed":1,"writesDropped":0,"logicalSharesUsed":0,"closurePersisted":true},"fixture2":{"fixture":"recover-A-then-clean-8C","phaseEndTick":{"recoveredToUnknown":1,"closurePersisted":true},"tick1":{"reads":41,"writeAttempts":7,"writesAllowed":7,"cleaned":2,"sharesUsed":7,"releaseCalls":2},"completion":{"ticks":2,"reads":77,"writeAttempts":14,"writesAllowed":14,"totalReleaseCalls":8,"perTickReleases":[4,2],"phaseAfter":"retry_ready"},"awaitingServiceAfterTick1":6}}

      at Object.<anonymous> (src/runtime/treasury/treasuryRemediationVKernel.test.ts:653:13)

    console.log
      I13-COST {"fixture3":{"fixture":"closure-publish-failure","writeAttempts":2,"writesAllowed":0,"writesDropped":2,"reads":12,"closurePersisted":false},"fixture4":{"fixture":"64-active-mixed-advance","activeCount":64,"beginTick":{"recovered":2,"cleaned":6,"closed":0,"cancelled":0},"endTick":{"recoveredToUnknown":0,"closurePersisted":true},"reads":53,"writeAttempts":10,"writesAllowed":10,"sharesUsed":8}}

      at Object.<anonymous> (src/runtime/treasury/treasuryRemediationVKernel.test.ts:748:13)

PASS src/runtime/treasury/treasuryRemediationIIIService.test.ts
PASS src/runtime/treasury/treasuryRemediationIVService.test.ts
PASS src/runtime/treasury/treasuryRemediationIIService.test.ts
PASS src/runtime/hubProductionIntegration.test.ts
PASS src/mount/mountCreep.test.ts
PASS test/treasuryCommitmentInvalidationBoundaries.test.ts
PASS src/runtime/treasury/treasuryRemediationIService.test.ts
PASS src/runtime/treasury/treasuryRemediationVService.test.ts
PASS src/runtime/defenseAllActorReservation.test.ts
PASS src/runtime/treasury/treasuryRewrite2Acceptance.test.ts
PASS src/runtime/resourceControl.capacityRegression.test.ts
PASS src/runtime/treasury/treasuryRewrite3Lifecycle.test.ts
PASS src/runtime/treasury/treasuryRemediationIIKernel.test.ts
PASS src/runtime/treasury/treasuryTerminalTransferSlice0.test.ts
PASS src/runtime/marketSaleSession.test.ts
PASS src/runtime/treasury/treasuryKernel.test.ts
PASS src/movement/routing.segmentCache.test.ts
PASS src/runtime/logistics/resourceTransferTasks.test.ts
PASS scripts/lib/redactSecrets.test.ts
PASS src/runtime/marketSalePlanningAuthorization.test.ts
PASS src/runtime/hubPlanner.test.ts
PASS src/runtime/powerBankHarvest.test.ts
PASS src/runtime/synthesisControl.test.ts
PASS src/runtime/bootstrap.test.ts
PASS test/warWorkflowLifecycleBoundaries.test.ts
PASS src/runtime/treasury/treasuryTerminalTransferSlice0RemediationI.test.ts
PASS src/runtime/treasury/treasuryTerminalTransferSlice0RemediationII.test.ts
  ● Console

    console.log
      P01-ORDER {"permutation":"100-then-60","order":"txn-0001:100,txn-inj-60:60","spyCalls":2}

      at settleWithPermutedView (src/runtime/treasury/treasuryTerminalTransferSlice0RemediationII.test.ts:547:13)

    console.log
      P01-ORDER {"permutation":"60-then-100","order":"txn-inj-60:60,txn-0001:100","spyCalls":2}

      at settleWithPermutedView (src/runtime/treasury/treasuryTerminalTransferSlice0RemediationII.test.ts:547:13)

    console.log
      P01-ACCOUNTS {"sourceH":{"observed":900,"committed":0,"spendable":900},"sourceEnergy":{"observed":9974,"committed":0,"spendable":9974},"targetRiskAdjustedFreeCapacity":99900}

      at Object.<anonymous> (src/runtime/treasury/treasuryTerminalTransferSlice0RemediationII.test.ts:579:15)

PASS src/runtime/treasury/treasuryRemediationVIKernel.test.ts
PASS src/runtime/treasury/treasuryTypedOwnerMigration.test.ts
PASS src/runtime/marketDirectContinuousLedger.test.ts
PASS test/baseline/treasuryRemediationIIBaseline.test.ts
PASS src/runtime/memoryCleanup.test.ts
PASS src/runtime/consoleCommands.test.ts
PASS src/runtime/marketSaleDirectAutomation.test.ts
PASS src/runtime/marketDirectContinuousPolicy.test.ts
PASS test/baseline/treasuryRemediationIBaseline.test.ts
PASS src/mount/mountCreep.lifecycleCache.test.ts
PASS src/runtime/taskSystem/snapshot.test.ts
PASS src/runtime/memorySizeRegression.test.ts
PASS src/runtime/resourceControl.test.ts
PASS src/runtime/marketSaleRuntime.test.ts
PASS src/runtime/warControl.test.ts
PASS src/runtime/treasury/treasuryCore.test.ts
PASS src/runtime/treasury/treasuryActionContract.test.ts
PASS src/runtime/console/operationsCommands.test.ts
PASS src/runtime/treasury/treasuryImmutableRegistries.test.ts
PASS src/runtime/marketSalePlanningGate.test.ts
PASS src/runtime/marketDirectContinuousAutomation.test.ts
PASS src/runtime/treasury/treasuryR4BaselineReplicators.test.ts
  ● Console

    console.log
      R1-TRACE {"budgetTrace":[{"at":"after-nested-beginTick","budgetUsed":1},{"at":"after-endTick","budgetUsed":1},{"at":"after-beginTick","budgetUsed":7}],"releaseCalls":["ext:r1:D0","ext:r1:D1","ext:r1:D2"],"nestedStats":{"recovered":0,"closed":0,"cleaned":0,"cancelled":0},"remaining":5}

      at Object.<anonymous> (src/runtime/treasury/treasuryR4BaselineReplicators.test.ts:197:13)

PASS src/runtime/homeDefense.test.ts
PASS src/runtime/spawnPlanner.test.ts
PASS src/runtime/powerBankBoost.test.ts
PASS src/runtime/marketSaleProtectionMemo.test.ts
PASS src/runtime/empireInventoryShadow.test.ts
  ● Console

    console.log
      [inventory-shadow] parity mismatch +5 this check (total 5): tick=10000 room=<empire> resource=energy field=empireTotal index=6200 direct=1200

      at runEmpireInventoryShadowCheck (src/runtime/empireInventoryShadow.ts:1045:13)

    console.log
      [inventory-shadow] parity mismatch +7 this check (total 7): tick=10000 room=<creeps>:cargo resource=- field=oracleStoreTotal index=30 direct=99

      at runEmpireInventoryShadowCheck (src/runtime/empireInventoryShadow.ts:1045:13)

    console.log
      [inventory-shadow] parity mismatch +3 this check (total 3): tick=10040 room=W1N57 resource=- field=factoryUsedCapacity index=40 direct=0

      at runEmpireInventoryShadowCheck (src/runtime/empireInventoryShadow.ts:1045:13)

    console.log
      [inventory-shadow] parity mismatch +3 this check (total 3): tick=10000 room=W1N57 resource=- field=factoryUsedCapacity index=40 direct=0

      at runEmpireInventoryShadowCheck (src/runtime/empireInventoryShadow.ts:1045:13)

    console.log
      [inventory-shadow] parity mismatch +1 this check (total 1): tick=10000 room=W1N57:storage resource=silicon field=oracleResourceAmount index=0 direct=42

      at runEmpireInventoryShadowCheck (src/runtime/empireInventoryShadow.ts:1045:13)

PASS src/roles/index.test.ts
PASS src/runtime/synthesisControlStateMachine.test.ts
PASS src/runtime/treasury/treasuryCommitments.test.ts
PASS src/runtime/defenseFocusFireStateful.test.ts
PASS src/runtime/localDispatchOwnership.target.test.ts
PASS src/runtime/hubFlag.test.ts
PASS src/runtime/nukerControl.test.ts
PASS src/runtime/marketWriteArchitecture.test.ts
PASS src/runtime/externalTelemetry.test.ts
PASS src/movement/pathing.crossTickCache.test.ts
PASS src/runtime/treasury/treasuryTransactionIdVectors.test.ts
PASS src/runtime/defenseFocusFire.test.ts
PASS src/roles/carrier.test.ts
PASS src/main.test.ts
PASS src/runtime/defenseFrontAware.test.ts
PASS src/runtime/treasury/treasuryShadow.test.ts
  ● Console

    console.log
      [treasuryShadow] tick=5000 newMismatches=5 fields=storage_amount,storage_used_capacity,empire_total sample={"checkedAtTick":5000,"field":"storage_amount","roomName":"W1N57","resource":"U","treasuryValue":4000,"otherValue":9999}

      at finishShadow (src/runtime/treasury/shadow.ts:343:13)

    console.log
      [treasuryShadow] tick=5000 newMismatches=5 fields=storage_amount,storage_used_capacity,empire_total sample={"checkedAtTick":5000,"field":"storage_amount","roomName":"W1N57","resource":"U","treasuryValue":4000,"otherValue":9999}

      at finishShadow (src/runtime/treasury/shadow.ts:343:13)

    console.log
      [treasuryShadow] tick=5001 newMismatches=1 fields=stale_epoch sample={"checkedAtTick":5001,"field":"stale_epoch","roomName":"*","treasuryValue":5000,"otherValue":5001}

      at finishShadow (src/runtime/treasury/shadow.ts:343:13)

PASS src/runtime/treasury/treasuryCommitmentCompleteness.test.ts
PASS src/runtime/empireInventoryIndex.test.ts
PASS src/runtime/marketSaleConfig.test.ts
PASS src/runtime/colonization.travelPath.test.ts
PASS src/runtime/marketSaleProtectionAdapter.test.ts
PASS src/runtime/defenseFallbackReallocation.test.ts
PASS src/movement/routing.backoff.test.ts
PASS src/roles/energyTargets.test.ts
PASS src/runtime/defenseStationaryRampartOwnership.test.ts
PASS src/mount/mountSpawn.test.ts
PASS src/runtime/defenseGlobalRampartFootprints.test.ts
PASS src/movement/routing.cachedPathValidation.test.ts
PASS src/runtime/towerControl.test.ts
PASS src/runtime/marketBaseResourcePolicy.test.ts
PASS src/runtime/hubProgress.test.ts
PASS src/runtime/colonization.test.ts
  ● Console

    console.log
      [colonization] rescout W1N2: pending scout route invalid or interrupted by dangerous room

      at requestScoutRescan (src/runtime/colonization.ts:983:11)

    console.log
      [colonization] abandon W1N2: flag removed by player

      at abandonColonization (src/runtime/colonization.ts:1042:11)

    console.log
      [colonization] abandon W1N2: flag removed by player

      at abandonColonization (src/runtime/colonization.ts:1042:11)

PASS src/roles/carrier.bestCandidate.test.ts
PASS src/movement/staticRoomMatrix.test.ts
PASS src/runtime/workerTaskPool.characterization.test.ts
PASS src/runtime/hubUpgradeControl.test.ts
PASS src/runtime/crossShardColonization.test.ts
PASS src/runtime/resourceReservation.test.ts
PASS src/runtime/marketSaleFeeLedger.test.ts
PASS src/runtime/deployAnnounce.test.ts
PASS src/runtime/defensePreallocationRampartOwnership.test.ts
PASS src/runtime/remoteMining.test.ts
PASS src/movement/routing.test.ts
PASS src/runtime/roomWorkforce.test.ts
PASS src/runtime/flagHauling.test.ts
  ● Console

    console.log
      [flag-haul] started: flag=HAUL target=W5N5 source=W1N1

      at upsertFlagHaulTask (src/runtime/flagHauling.ts:322:13)

PASS src/runtime/boostControl.test.ts
  ● Console

    console.log
      [boostControl] buy W1N1: XUH2O=1000 price=5.000 cost=100

      at buyBoostIfNeeded (src/runtime/boostControl.ts:151:13)

PASS src/config/spawnProfiles.test.ts
PASS src/runtime/marketSalePricingAdapter.test.ts
PASS src/roles/shared.test.ts
PASS src/movement/routing.dynamicObstacles.test.ts
PASS src/movement/roomTopologyRevision.test.ts
PASS src/runtime/towerControl.scanThrottle.test.ts
PASS src/runtime/minerBodyPolicy.test.ts
PASS src/runtime/mineralExtraction.test.ts
PASS src/roles/remoteMiningCarrier.test.ts
PASS src/movement/pathing.test.ts
PASS src/runtime/workerTaskPool.test.ts
PASS src/runtime/cpuPhaseProfiler.lowOverhead.test.ts
PASS src/roles/homeDefender.test.ts
PASS src/runtime/roomPlannerConstruction.test.ts
PASS src/runtime/empireInventoryBenchmark.test.ts
  ● Console

    console.log
      [inventory-bench] rooms=8 legacyPerResourceCalls=1344 newKeyEnumeration=61 legacyScanMs=0.468 indexBuildMs=0.446

      at Object.<anonymous> (src/runtime/empireInventoryBenchmark.test.ts:166:13)

PASS src/runtime/treasury/treasuryCapacityViews.test.ts
PASS src/roles/upgrader.test.ts
PASS src/roles/remoteCarrier.test.ts
PASS src/roles/powerBankHauler.test.ts
PASS src/runtime/taskSystem/adapters/powerCreepAction.test.ts
PASS src/runtime/treasury/treasuryCanonicalEncoding.test.ts
PASS src/runtime/dispatchOwnership/actorBinding.test.ts
PASS src/runtime/linkControl.test.ts
PASS src/runtime/hubProtectionSnapshot.test.ts
PASS src/roles/worker.test.ts
PASS src/runtime/console/resourceTransferCommands.test.ts
PASS src/runtime/marketSaleDirectShadow.test.ts
PASS src/roles/mineralHarvester.test.ts
PASS src/runtime/autoReserveFlag.test.ts
  ● Console

    console.log
      [reserve] W1N1 entered reserve mode at 74999 energy

      at runAutoReserveFlags (src/runtime/autoReserveFlag.ts:38:17)

PASS scripts/lib/deployGuard.test.ts
PASS src/runtime/taskSystem/registry.test.ts
PASS src/runtime/marketDirectContinuousPlanner.test.ts
PASS src/runtime/carrierTaskBoard.test.ts
PASS src/roles/remoteDefender.test.ts
PASS src/runtime/cpuMonitor.test.ts
PASS test/harvester.test.ts
PASS test/defenseMode.test.ts
PASS src/runtime/taskSystem/adapters/spawnProduction.test.ts
PASS src/runtime/safeZoneHelpers.test.ts
PASS src/runtime/powerBankObserver.test.ts
PASS src/runtime/marketSaleDirectPending.test.ts
PASS src/runtime/localCarrierDestinationCapacity.test.ts
PASS src/types/roleCatalog.test.ts
PASS src/runtime/taskSystem/adapters/workerWork.test.ts
PASS src/runtime/roomWorkforceIdentity.test.ts
PASS src/runtime/reactionMap.test.ts
PASS src/runtime/taskSystem/adapters/workflowAdapters.test.ts
PASS src/runtime/terminalBootstrapRecovery.test.ts
PASS src/runtime/emergencySpawning.test.ts
PASS src/roles/colonizerHarvester.test.ts
PASS src/runtime/dispatchOwnership/workerSlot.test.ts
PASS src/runtime/powerCreepControl.test.ts
PASS src/runtime/powerBankViability.test.ts
PASS src/runtime/factoryControl.test.ts
PASS src/runtime/carrierTaskBoard.revisionCache.test.ts
PASS src/roles/powerBankAttacker.test.ts
PASS src/roles/combatBoosts.test.ts
PASS src/runtime/taskSystem/adapters/carrierLogistics.test.ts
PASS src/runtime/upgraderPolicy.test.ts
PASS src/runtime/powerSpawnControl.test.ts
PASS src/runtime/creepAssignmentState.test.ts
PASS src/roles/remoteMiningReserver.test.ts
PASS src/roles/powerBankHealer.test.ts
PASS src/roles/healer.test.ts
PASS src/movement/traffic.naturalObstacles.test.ts
PASS src/runtime/taskSystem/adapters/powerBankWorkflow.test.ts
PASS src/runtime/memoryAudit.test.ts
PASS src/roles/remoteWorker.test.ts
PASS src/roles/meleeAttacker.test.ts
PASS src/runtime/taskSystem/adapters/warWorkflow.test.ts
PASS src/runtime/taskSystem/adapters/resourceTransfer.test.ts
PASS src/runtime/taskSystem/catalog.test.ts
PASS src/runtime/dispatchOwnership/carrierAmountSlice.test.ts
PASS src/runtime/taskSystem/adapters/factoryCommand.test.ts
PASS src/runtime/taskSystem/model.test.ts
PASS src/runtime/logistics/receiverCapacityLedger.test.ts
PASS src/runtime/marketSaleProtection.test.ts
PASS src/runtime/marketSaleExposure.test.ts
PASS src/roles/scout.test.ts
PASS src/roles/powerBankScout.test.ts
PASS src/movement/metrics.flush.test.ts
PASS src/runtime/powerBankStatus.test.ts
PASS src/runtime/powerBankConstants.test.ts
PASS src/runtime/marketSaleDirectPricing.test.ts
PASS src/runtime/hostilePriorities.test.ts
PASS src/movement/traffic.test.ts
PASS test/tickContext.test.ts
PASS src/runtime/dispatchOwnership/ref.test.ts
PASS src/runtime/terminalActionEnergyOwnership.test.ts
PASS src/runtime/marketSaleDiagnostics.test.ts
PASS src/movement/common.test.ts
PASS src/runtime/tickContext.typedIndex.test.ts
PASS src/runtime/spawnQueueOwnership.test.ts
PASS src/runtime/powerBankDiscovery.test.ts
PASS src/runtime/marketSaleDirectEngineAssumptions.test.ts
PASS src/runtime/linkNetworkMemory.test.ts
PASS src/visual/palette.test.ts
PASS src/roles/claimer.test.ts
PASS src/runtime/marketSaleLifecycle.test.ts
PASS src/runtime/configNormalize.test.ts
PASS test/miner.test.ts
PASS src/runtime/safeZone.test.ts
PASS src/runtime/marketSalePricing.test.ts
PASS src/runtime/energyPickupReservation.test.ts
PASS src/visual/panel.test.ts
PASS src/runtime/roomTypes.test.ts
PASS src/runtime/pixelGenerator.test.ts
PASS src/runtime/marketActionArbiter.test.ts
PASS src/runtime/logistics/capacityHeadroom.test.ts
PASS src/runtime/productionStateMachine.test.ts
PASS src/runtime/actionLog.test.ts
PASS src/runtime/roomEnergyPolicy.test.ts
PASS src/runtime/carrierBodyPolicy.test.ts

Test Suites: 240 passed, 240 total
Tests:       1460 passed, 1460 total
Snapshots:   0 total
Time:        412.497 s, estimated 416 s
Ran all test suites.
Test results written to: C:\Users\15027\AppData\Local\Temp\treasury-lab-r1-ousvrqhr\jest-full.json
