PASS src/runtime/treasury/treasuryKernelStress.test.ts (175.07 s)
PASS src/runtime/marketBaseResourcePermit.test.ts (65.138 s)
PASS test/localDispatchPerformanceBaseline.test.ts (24.274 s)
  ● Console

    console.log
      LOCAL_DISPATCH_PERFORMANCE_BASELINE {"schema":"local-dispatch-performance-baseline/v2","implementation":"full-ref-local-dispatch","fixture":{"rooms":20,"tasksPerRoom":20,"totalTasksPerDomain":400,"actors":50},"protocol":{"clock":"process.hrtime.bigint","timingUnit":"milliseconds","warmupBatches":5,"measuredBatches":30,"iterationsPerBatch":100,"p95":"nearest-rank","timingPassFail":"observation-only; deployment CPU gate is the live same-shard window","complexityPassFail":"deterministic public-input/read-DTO counts"},"preChangeEvidence":{"source":"openspec/changes/local-dispatch-ownership/evidence/pre-change-baseline.md","commit":"df2e1af60a035fd99406888d69bba9903e8a7118","observation":{"workerCurrent":{"median":12.083,"p95":12.378},"workerRelease":{"median":39.879,"p95":40.633},"carrierList":{"median":13.476,"p95":14.086},"carrierClaim":{"median":12.937,"p95":13.586},"carrierReplace":{"median":61.892,"p95":66.713}}},"scenarios":{"workerCurrent":{"samples":[274.8528,272.0405,284.3104,274.2239,278.6678,283.9686,287.2339,296.8876,277.8738,301.6861,272.2629,289.7477,278.1396,276.316,283.6787,276.6216,284.5108,271.3623,291.5329,286.2037,286.3468,275.3981,293.5443,291.7648,287.4833,270.6215,277.8745,269.3337,290.3312,270.3128],"median":281.17325,"p95":296.8876,"min":269.3337,"max":301.6861,"relativeToPreChange":{"median":23.270152,"p95":23.985103}},"workerRelease":{"samples":[215.3783,218.8742,229.0896,229.1105,222.8539,215.3033,221.8008,209.4112,216.9588,210.3448,213.453,211.2157,221.1762,232.6201,219.7007,222.659,208.4368,223.3147,217.8288,213.1132,218.6632,208.069,209.0851,220.5451,228.0454,220.7874,218.0185,213.3433,221.2868,210.5711],"median":218.34085,"p95":229.1105,"min":208.069,"max":232.6201,"relativeToPreChange":{"median":5.475083,"p95":5.638533}},"carrierList":{"samples":[5.8306,4.6779,4.6864,8.6051,4.9877,7.6466,4.7154,4.7349,4.7191,5.8466,4.7894,4.9813,4.6394,4.629,5.5526,4.7155,4.7185,4.7839,5.0728,5.4981,5.3167,4.6897,4.9803,5.0275,5.4446,4.8462,5.0041,5.0469,4.697,5.3285],"median":4.9808,"p95":7.6466,"min":4.629,"max":8.6051,"relativeToPreChange":{"median":0.369605,"p95":0.542851}},"carrierClaim":{"samples":[47.4373,44.7359,45.8122,43.6564,44.9666,52.1257,51.8215,45.8131,47.0157,44.9215,44.8655,43.6845,43.9724,52.4577,44.5146,43.6127,42.4839,43.9863,44.0278,49.8218,48.8573,44.4893,43.8209,45.7482,44.5286,43.3187,44.5273,44.1766,57.7449,44.0035],"median":44.63225,"p95":52.4577,"min":42.4839,"max":57.7449,"relativeToPreChange":{"median":3.449969,"p95":3.861159}},"carrierReplace":{"samples":[117.7516,101.8315,100.4123,113.6944,100.6049,101.8238,111.086,111.5528,108.1041,105.7221,108.7961,102.9927,102.2707,103.0981,101.5132,103.3665,101.2062,102.2432,104.8984,113.5009,103.7687,101.6761,101.8357,109.2175,97.9783,101.2642,100.0412,111.142,102.3244,108.6296],"median":103.0454,"p95":113.6944,"min":97.9783,"max":117.7516,"relativeToPreChange":{"median":1.664923,"p95":1.704232}}},"complexityGates":{"workerRelease":{"acquireCalls":5000,"releaseCalls":5000,"exactRoomDescriptorReads":5000,"exactTaskDescriptorReads":5000,"boardEnumerations":0},"workerAcquireReconcile":{"acquireCalls":50,"reconcileCalls":50,"assignedCreepsDescriptorReads":150},"carrier":{"exact":{"exactCalls":400,"exactResults":400,"refDescriptorReads":2400},"list":{"listCalls":20,"listResults":400},"replace":{"replaceCalls":2000,"replaceResults":40000,"draftIndexReads":40000,"stepIndexReads":40000},"claim":{"claimCalls":5000,"successfulClaims":5000,"releasedClaims":5000,"claimStepIndexReads":5000,"actorDescriptorReads":5000,"actorEnumerations":0},"readDto":{"snapshotCalls":1,"snapshotEntries":400,"stepArrayEnumerations":400,"stepEntryDescriptorReads":800}}},"limitations":["Node/Jest wall-clock is not Screeps CPU and old/current samples came from separate processes.","Relative old/current wall-clock ratios are observations, never pass/fail authorization.","Worker current starts bound; Carrier claim is the uncontended immediate-release path.","Carrier complexity probes observe public inputs/read DTOs and never the private Map hierarchy."]}

      at Object.<anonymous> (test/localDispatchPerformanceBaseline.test.ts:761:13)

PASS src/runtime/marketBaseResourceAutomation.test.ts (24.232 s)
PASS test/memoryDeclarationBoundaries.test.ts (16.014 s)
PASS test/ambientGlobalAbiBoundaries.test.ts (13.601 s)
PASS scripts/monitor-service.test.ts (10.409 s)
PASS src/runtime/treasury/treasuryRewrite4Lifecycle.test.ts (7.866 s)
PASS test/typescriptConfigBoundaries.test.ts (7.377 s)
PASS test/localDispatchArchitectureBoundaries.test.ts (5.885 s)
PASS src/runtime/treasury/treasuryRewrite2Lifecycle.test.ts
PASS test/roleIdentityCatalogBoundaries.test.ts
PASS test/taskSystemArchitectureBoundaries.test.ts
PASS test/taskSystemCatalogBoundaries.test.ts
PASS src/runtime/bootstrapArchitecture.test.ts
PASS src/runtime/marketBaseResourceLedger.test.ts
PASS src/runtime/marketSaleAutomation.test.ts
PASS src/runtime/treasury/treasuryKernelAcceptance.test.ts
PASS src/runtime/linkNetworkMemoryOwnership.test.ts
PASS src/runtime/treasury/treasuryKernelArchitecture.test.ts
PASS src/runtime/treasury/treasuryRewrite4Acceptance.test.ts
PASS src/runtime/treasury/treasuryRewrite3Acceptance.test.ts
PASS src/runtime/hubPlanner.test.ts
PASS src/roles/index.test.ts
PASS test/treasuryCommitmentInvalidationBoundaries.test.ts
PASS src/runtime/hubProductionIntegration.test.ts
PASS src/runtime/treasury/treasuryRewrite2Acceptance.test.ts
PASS src/runtime/resourceControl.capacityRegression.test.ts
PASS src/runtime/homeDefense.test.ts
PASS src/runtime/treasury/treasuryRewrite3Lifecycle.test.ts
PASS src/movement/routing.segmentCache.test.ts
PASS src/runtime/logistics/resourceTransferTasks.test.ts
PASS src/runtime/marketSaleSession.test.ts
PASS src/runtime/treasury/treasuryKernel.test.ts
PASS src/runtime/synthesisControl.test.ts
PASS src/runtime/marketSalePlanningAuthorization.test.ts
PASS test/warWorkflowLifecycleBoundaries.test.ts
PASS src/runtime/powerBankHarvest.test.ts
PASS src/runtime/bootstrap.test.ts
PASS src/mount/mountCreep.lifecycleCache.test.ts
PASS scripts/lib/redactSecrets.test.ts
PASS src/runtime/treasury/treasuryTypedOwnerMigration.test.ts
PASS src/runtime/consoleCommands.test.ts
PASS src/runtime/resourceControl.test.ts
PASS src/runtime/marketSaleDirectAutomation.test.ts
PASS src/runtime/memoryCleanup.test.ts
PASS src/runtime/marketSaleRuntime.test.ts
PASS src/runtime/treasury/treasuryShadow.test.ts
  ● Console

    console.log
      [treasuryShadow] tick=5000 newMismatches=5 fields=storage_amount,storage_used_capacity,empire_total sample={"checkedAtTick":5000,"field":"storage_amount","roomName":"W1N57","resource":"U","treasuryValue":4000,"otherValue":9999}

      at finishShadow (src/runtime/treasury/shadow.ts:343:13)

    console.log
      [treasuryShadow] tick=5000 newMismatches=5 fields=storage_amount,storage_used_capacity,empire_total sample={"checkedAtTick":5000,"field":"storage_amount","roomName":"W1N57","resource":"U","treasuryValue":4000,"otherValue":9999}

      at finishShadow (src/runtime/treasury/shadow.ts:343:13)

    console.log
      [treasuryShadow] tick=5001 newMismatches=1 fields=stale_epoch sample={"checkedAtTick":5001,"field":"stale_epoch","roomName":"*","treasuryValue":5000,"otherValue":5001}

      at finishShadow (src/runtime/treasury/shadow.ts:343:13)

PASS src/runtime/treasury/treasuryCore.test.ts
PASS src/runtime/taskSystem/snapshot.test.ts
PASS src/runtime/marketDirectContinuousPolicy.test.ts
PASS src/runtime/warControl.test.ts
PASS src/runtime/spawnPlanner.test.ts
PASS src/runtime/memorySizeRegression.test.ts
PASS src/runtime/marketDirectContinuousAutomation.test.ts
PASS src/roles/carrier.test.ts
PASS src/runtime/treasury/treasuryImmutableRegistries.test.ts
PASS src/runtime/powerBankBoost.test.ts
PASS src/runtime/marketDirectContinuousLedger.test.ts
PASS src/runtime/marketSalePlanningGate.test.ts
PASS src/runtime/defenseFocusFire.test.ts
PASS src/runtime/externalTelemetry.test.ts
PASS src/runtime/treasury/treasuryTransactionIdVectors.test.ts
PASS src/runtime/console/operationsCommands.test.ts
PASS src/runtime/nukerControl.test.ts
PASS src/runtime/marketSaleProtectionMemo.test.ts
PASS src/runtime/hubFlag.test.ts
PASS src/runtime/treasury/treasuryActionContract.test.ts
PASS src/runtime/localDispatchOwnership.target.test.ts
PASS src/runtime/empireInventoryIndex.test.ts
PASS src/runtime/synthesisControlStateMachine.test.ts
PASS src/movement/pathing.crossTickCache.test.ts
PASS src/runtime/treasury/treasuryCommitments.test.ts
PASS src/runtime/empireInventoryShadow.test.ts
  ● Console

    console.log
      [inventory-shadow] parity mismatch +5 this check (total 5): tick=10000 room=<empire> resource=energy field=empireTotal index=6200 direct=1200

      at runEmpireInventoryShadowCheck (src/runtime/empireInventoryShadow.ts:1045:13)

    console.log
      [inventory-shadow] parity mismatch +7 this check (total 7): tick=10000 room=<creeps>:cargo resource=- field=oracleStoreTotal index=30 direct=99

      at runEmpireInventoryShadowCheck (src/runtime/empireInventoryShadow.ts:1045:13)

    console.log
      [inventory-shadow] parity mismatch +3 this check (total 3): tick=10040 room=W1N57 resource=- field=factoryUsedCapacity index=40 direct=0

      at runEmpireInventoryShadowCheck (src/runtime/empireInventoryShadow.ts:1045:13)

    console.log
      [inventory-shadow] parity mismatch +3 this check (total 3): tick=10000 room=W1N57 resource=- field=factoryUsedCapacity index=40 direct=0

      at runEmpireInventoryShadowCheck (src/runtime/empireInventoryShadow.ts:1045:13)

    console.log
      [inventory-shadow] parity mismatch +1 this check (total 1): tick=10000 room=W1N57:storage resource=silicon field=oracleResourceAmount index=0 direct=42

      at runEmpireInventoryShadowCheck (src/runtime/empireInventoryShadow.ts:1045:13)

PASS src/runtime/marketWriteArchitecture.test.ts
PASS src/runtime/marketBaseResourcePolicy.test.ts
PASS src/runtime/defenseFrontAware.test.ts
PASS src/mount/mountCreep.test.ts
PASS src/runtime/defenseFocusFireStateful.test.ts
PASS src/runtime/defenseAllActorReservation.test.ts
PASS src/runtime/colonization.travelPath.test.ts
PASS src/runtime/treasury/treasuryCommitmentCompleteness.test.ts
PASS src/runtime/roomWorkforce.test.ts
PASS src/runtime/flagHauling.test.ts
  ● Console

    console.log
      [flag-haul] started: flag=HAUL target=W5N5 source=W1N1

      at upsertFlagHaulTask (src/runtime/flagHauling.ts:322:13)

PASS src/runtime/boostControl.test.ts
  ● Console

    console.log
      [boostControl] buy W1N1: XUH2O=1000 price=5.000 cost=100

      at buyBoostIfNeeded (src/runtime/boostControl.ts:151:13)

PASS src/movement/routing.backoff.test.ts
PASS src/runtime/defenseGlobalRampartFootprints.test.ts
PASS src/runtime/marketSaleConfig.test.ts
PASS src/runtime/defensePreallocationRampartOwnership.test.ts
PASS src/mount/mountSpawn.test.ts
PASS src/main.test.ts
PASS src/runtime/defenseFallbackReallocation.test.ts
PASS src/runtime/marketSaleProtectionAdapter.test.ts
PASS src/runtime/defenseStationaryRampartOwnership.test.ts
PASS src/runtime/workerTaskPool.characterization.test.ts
PASS src/roles/energyTargets.test.ts
PASS src/movement/staticRoomMatrix.test.ts
PASS src/runtime/colonization.test.ts
  ● Console

    console.log
      [colonization] rescout W1N2: pending scout route invalid or interrupted by dangerous room

      at requestScoutRescan (src/runtime/colonization.ts:983:11)

    console.log
      [colonization] abandon W1N2: flag removed by player

      at abandonColonization (src/runtime/colonization.ts:1042:11)

    console.log
      [colonization] abandon W1N2: flag removed by player

      at abandonColonization (src/runtime/colonization.ts:1042:11)

PASS src/roles/homeDefender.test.ts
PASS src/runtime/crossShardColonization.test.ts
PASS src/roles/carrier.bestCandidate.test.ts
PASS src/runtime/towerControl.test.ts
PASS src/movement/routing.cachedPathValidation.test.ts
PASS src/runtime/dispatchOwnership/actorBinding.test.ts
PASS src/runtime/towerControl.scanThrottle.test.ts
PASS src/runtime/marketSaleFeeLedger.test.ts
PASS src/runtime/carrierTaskBoard.test.ts
PASS src/movement/routing.dynamicObstacles.test.ts
PASS src/runtime/treasury/treasuryCanonicalEncoding.test.ts
PASS src/runtime/resourceReservation.test.ts
PASS src/runtime/minerBodyPolicy.test.ts
PASS src/roles/shared.test.ts
PASS src/movement/pathing.test.ts
PASS src/config/spawnProfiles.test.ts
PASS src/runtime/hubUpgradeControl.test.ts
PASS src/roles/powerBankHauler.test.ts
PASS src/runtime/roomPlannerConstruction.test.ts
PASS src/runtime/hubProgress.test.ts
PASS src/runtime/cpuPhaseProfiler.lowOverhead.test.ts
PASS src/roles/remoteCarrier.test.ts
PASS src/runtime/marketSalePricingAdapter.test.ts
PASS src/runtime/console/resourceTransferCommands.test.ts
PASS src/runtime/remoteMining.test.ts
PASS src/runtime/mineralExtraction.test.ts
PASS src/roles/upgrader.test.ts
PASS src/movement/routing.test.ts
PASS src/runtime/treasury/treasuryCapacityViews.test.ts
PASS src/runtime/workerTaskPool.test.ts
PASS src/roles/remoteMiningCarrier.test.ts
PASS src/movement/roomTopologyRevision.test.ts
PASS src/runtime/empireInventoryBenchmark.test.ts
  ● Console

    console.log
      [inventory-bench] rooms=8 legacyPerResourceCalls=1344 newKeyEnumeration=61 legacyScanMs=0.584 indexBuildMs=0.452

      at Object.<anonymous> (src/runtime/empireInventoryBenchmark.test.ts:166:13)

PASS scripts/lib/deployGuard.test.ts
PASS src/runtime/deployAnnounce.test.ts
PASS src/runtime/powerBankObserver.test.ts
PASS src/runtime/marketDirectContinuousPlanner.test.ts
PASS src/runtime/linkControl.test.ts
PASS src/runtime/cpuMonitor.test.ts
PASS src/roles/remoteWorker.test.ts
PASS src/runtime/dispatchOwnership/carrierAmountSlice.test.ts
PASS src/roles/worker.test.ts
PASS src/runtime/taskSystem/adapters/factoryCommand.test.ts
PASS src/runtime/taskSystem/adapters/spawnProduction.test.ts
PASS src/runtime/roomWorkforceIdentity.test.ts
PASS src/runtime/marketSaleDirectShadow.test.ts
PASS src/types/roleCatalog.test.ts
PASS src/roles/mineralHarvester.test.ts
PASS test/tickContext.test.ts
PASS src/runtime/energyPickupReservation.test.ts
PASS test/defenseMode.test.ts
PASS src/runtime/taskSystem/adapters/workflowAdapters.test.ts
PASS src/runtime/taskSystem/registry.test.ts
PASS src/runtime/emergencySpawning.test.ts
PASS src/roles/remoteDefender.test.ts
PASS src/runtime/powerSpawnControl.test.ts
PASS src/runtime/powerCreepControl.test.ts
PASS src/runtime/hubProtectionSnapshot.test.ts
PASS src/runtime/safeZoneHelpers.test.ts
PASS src/roles/powerBankAttacker.test.ts
PASS src/runtime/taskSystem/adapters/resourceTransfer.test.ts
PASS src/runtime/taskSystem/adapters/powerCreepAction.test.ts
PASS src/runtime/taskSystem/adapters/powerBankWorkflow.test.ts
PASS src/runtime/marketActionArbiter.test.ts
PASS src/runtime/factoryControl.test.ts
PASS src/runtime/autoReserveFlag.test.ts
  ● Console

    console.log
      [reserve] W1N1 entered reserve mode at 74999 energy

      at runAutoReserveFlags (src/runtime/autoReserveFlag.ts:38:17)

PASS src/roles/combatBoosts.test.ts
PASS test/harvester.test.ts
PASS src/runtime/dispatchOwnership/workerSlot.test.ts
PASS src/runtime/carrierTaskBoard.revisionCache.test.ts
PASS src/movement/traffic.naturalObstacles.test.ts
PASS src/runtime/powerBankConstants.test.ts
PASS src/movement/metrics.flush.test.ts
PASS src/runtime/taskSystem/adapters/workerWork.test.ts
PASS src/runtime/logistics/capacityHeadroom.test.ts
PASS src/runtime/roomTypes.test.ts
PASS src/roles/scout.test.ts
PASS src/roles/healer.test.ts
PASS src/runtime/logistics/receiverCapacityLedger.test.ts
PASS src/runtime/powerBankViability.test.ts
PASS src/visual/palette.test.ts
PASS src/movement/traffic.test.ts
PASS src/runtime/taskSystem/adapters/warWorkflow.test.ts
PASS src/runtime/taskSystem/catalog.test.ts
PASS src/runtime/terminalBootstrapRecovery.test.ts
PASS src/runtime/roomEnergyPolicy.test.ts
PASS src/runtime/marketSaleExposure.test.ts
PASS src/runtime/localCarrierDestinationCapacity.test.ts
PASS src/runtime/creepAssignmentState.test.ts
PASS src/runtime/actionLog.test.ts
PASS src/roles/colonizerHarvester.test.ts
PASS src/runtime/memoryAudit.test.ts
PASS src/roles/meleeAttacker.test.ts
PASS src/roles/claimer.test.ts
PASS src/runtime/taskSystem/adapters/carrierLogistics.test.ts
PASS src/runtime/dispatchOwnership/ref.test.ts
PASS src/runtime/spawnQueueOwnership.test.ts
PASS src/runtime/productionStateMachine.test.ts
PASS src/runtime/marketSaleLifecycle.test.ts
PASS src/runtime/marketSaleDirectPending.test.ts
PASS src/runtime/marketSaleDiagnostics.test.ts
PASS src/runtime/hostilePriorities.test.ts
PASS src/roles/powerBankScout.test.ts
PASS src/runtime/tickContext.typedIndex.test.ts
PASS src/runtime/powerBankStatus.test.ts
PASS src/runtime/linkNetworkMemory.test.ts
PASS src/runtime/configNormalize.test.ts
PASS src/runtime/carrierBodyPolicy.test.ts
PASS src/visual/panel.test.ts
PASS src/runtime/taskSystem/model.test.ts
PASS src/runtime/terminalActionEnergyOwnership.test.ts
PASS test/miner.test.ts
PASS src/runtime/powerBankDiscovery.test.ts
PASS src/runtime/marketSaleDirectPricing.test.ts
PASS src/roles/remoteMiningReserver.test.ts
PASS src/roles/powerBankHealer.test.ts
PASS src/runtime/upgraderPolicy.test.ts
PASS src/runtime/safeZone.test.ts
PASS src/runtime/marketSaleProtection.test.ts
PASS src/runtime/marketSalePricing.test.ts
PASS src/runtime/pixelGenerator.test.ts
PASS src/runtime/reactionMap.test.ts
PASS src/runtime/marketSaleDirectEngineAssumptions.test.ts
PASS src/movement/common.test.ts

Test Suites: 222 passed, 222 total
Tests:       1260 passed, 1260 total
Snapshots:   0 total
Time:        398.716 s, estimated 404 s
Ran all test suites.
Test results written to: ..\.tmp-iv-evidence\jest-full.json
