TAP version 13
# Subtest: control mode isolates the armed flag: first mismatch stops, two matching ticks confirm
not ok 1 - control mode isolates the armed flag: first mismatch stops, two matching ticks confirm
  ---
  duration_ms: 108.008569
  type: 'test'
  location: '/tmp/screeps-test-sensitivity-3f7xdvby/selected-source/test/lab/terminal-transfer/tools/independent.spec.cjs:117:1'
  failureType: 'testCodeFailure'
  error: |-
    Expected values to be strictly deep-equal:
    + actual - expected
    
    + []
    - [
    -   0
    - ]
    
  code: 'ERR_ASSERTION'
  name: 'AssertionError'
  expected:
    0: 0
  actual:
  operator: 'deepStrictEqual'
  stack: |-
    TestContext.<anonymous> (/tmp/screeps-test-sensitivity-3f7xdvby/selected-source/test/lab/terminal-transfer/tools/independent.spec.cjs:150:12)
    Test.runInAsyncScope (node:async_hooks:214:14)
    Test.run (node:internal/test_runner/test:1047:25)
    Test.start (node:internal/test_runner/test:944:17)
    startSubtestAfterBootstrap (node:internal/test_runner/harness:296:17)
  ...
1..1
# tests 1
# suites 0
# pass 0
# fail 1
# cancelled 0
# skipped 0
# todo 0
# duration_ms 609.429075
