PASS src/runtime/marketBaseResourcePermit.test.ts (64.331 s)
PASS test/treasuryCompatRead.test.ts (26.223 s)
PASS src/runtime/marketBaseResourceAutomation.test.ts (23.769 s)
PASS test/localDispatchPerformanceBaseline.test.ts (22.973 s)
  ● Console

    console.log
      LOCAL_DISPATCH_PERFORMANCE_BASELINE {"schema":"local-dispatch-performance-baseline/v2","implementation":"full-ref-local-dispatch","fixture":{"rooms":20,"tasksPerRoom":20,"totalTasksPerDomain":400,"actors":50},"protocol":{"clock":"process.hrtime.bigint","timingUnit":"milliseconds","warmupBatches":5,"measuredBatches":30,"iterationsPerBatch":100,"p95":"nearest-rank","timingPassFail":"observation-only; deployment CPU gate is the live same-shard window","complexityPassFail":"deterministic public-input/read-DTO counts"},"preChangeEvidence":{"source":"openspec/changes/local-dispatch-ownership/evidence/pre-change-baseline.md","commit":"df2e1af60a035fd99406888d69bba9903e8a7118","observation":{"workerCurrent":{"median":12.083,"p95":12.378},"workerRelease":{"median":39.879,"p95":40.633},"carrierList":{"median":13.476,"p95":14.086},"carrierClaim":{"median":12.937,"p95":13.586},"carrierReplace":{"median":61.892,"p95":66.713}}},"scenarios":{"workerCurrent":{"samples":[261.9684,264.3936,263.3242,262.485,260.7116,260.198,263.7831,259.7781,262.7594,259.3864,261.9881,262.4207,264.9729,258.6388,261.2683,263.0551,260.5601,267.0471,264.6793,265.7402,266.6861,286.272,286.2698,288.1041,289.2698,271.2898,267.0744,263.6823,260.6848,260.0697],"median":263.18965,"p95":288.1041,"min":258.6388,"max":289.2698,"relativeToPreChange":{"median":21.781813,"p95":23.275497}},"workerRelease":{"samples":[209.058,203.0726,201.2359,203.9596,203.674,217.1048,205.5544,210.3698,202.7055,203.9324,205.5967,205.8138,209.1775,202.5184,204.8764,204.5571,202.0784,202.8058,202.1642,205.5698,211.009,204.7084,201.2925,203.8166,200.0449,204.2081,205.3359,207.208,203.8424,203.6757],"median":204.08385,"p95":211.009,"min":200.0449,"max":217.1048,"relativeToPreChange":{"median":5.117577,"p95":5.193045}},"carrierList":{"samples":[6.2147,4.6728,5.0503,4.8633,4.6437,5.8613,4.6506,4.5858,5.3186,6.5555,4.5896,4.7678,5.0634,4.5941,5.4052,4.642,4.6105,4.8873,5.7032,5.3775,4.6558,4.6124,4.6197,4.6408,6.842,4.8535,4.7806,4.9594,5.3542,5.1722],"median":4.8584,"p95":6.5555,"min":4.5858,"max":6.842,"relativeToPreChange":{"median":0.360522,"p95":0.465391}},"carrierClaim":{"samples":[43.5306,42.0833,43.1109,43.69,42.3476,42.5447,42.826,44.562,43.0053,42.719,45.5244,43.3122,43.1348,43.3034,43.1374,44.2762,43.8472,43.4393,42.5986,42.8797,43.3281,41.6731,42.6654,45.8934,43.1946,42.3996,41.848,43.3612,42.3851,42.5519],"median":43.12285,"p95":45.5244,"min":41.6731,"max":45.8934,"relativeToPreChange":{"median":3.333296,"p95":3.350832}},"carrierReplace":{"samples":[113.5405,96.4014,97.8324,100.8118,99.8867,98.5706,101.3525,97.1032,93.7801,98.321,95.6523,95.0953,95.5914,97.143,98.2189,100.3749,101.2305,101.8667,101.1989,104.6639,98.4893,101.1429,98.9803,101.838,97.338,103.478,100.225,99.9181,99.9284,98.1395],"median":99.4335,"p95":104.6639,"min":93.7801,"max":113.5405,"relativeToPreChange":{"median":1.606565,"p95":1.568868}}},"complexityGates":{"workerRelease":{"acquireCalls":5000,"releaseCalls":5000,"exactRoomDescriptorReads":5000,"exactTaskDescriptorReads":5000,"boardEnumerations":0},"workerAcquireReconcile":{"acquireCalls":50,"reconcileCalls":50,"assignedCreepsDescriptorReads":150},"carrier":{"exact":{"exactCalls":400,"exactResults":400,"refDescriptorReads":2400},"list":{"listCalls":20,"listResults":400},"replace":{"replaceCalls":2000,"replaceResults":40000,"draftIndexReads":40000,"stepIndexReads":40000},"claim":{"claimCalls":5000,"successfulClaims":5000,"releasedClaims":5000,"claimStepIndexReads":5000,"actorDescriptorReads":5000,"actorEnumerations":0},"readDto":{"snapshotCalls":1,"snapshotEntries":400,"stepArrayEnumerations":400,"stepEntryDescriptorReads":800}}},"limitations":["Node/Jest wall-clock is not Screeps CPU and old/current samples came from separate processes.","Relative old/current wall-clock ratios are observations, never pass/fail authorization.","Worker current starts bound; Carrier claim is the uncontended immediate-release path.","Carrier complexity probes observe public inputs/read DTOs and never the private Map hierarchy."]}

      at Object.<anonymous> (test/localDispatchPerformanceBaseline.test.ts:761:13)

PASS test/memoryDeclarationBoundaries.test.ts (12.848 s)
PASS test/ambientGlobalAbiBoundaries.test.ts (11.419 s)
PASS scripts/monitor-service.test.ts (8.149 s)
PASS test/typescriptConfigBoundaries.test.ts (6.193 s)
PASS test/localDispatchArchitectureBoundaries.test.ts
PASS test/taskSystemArchitectureBoundaries.test.ts
PASS test/taskSystemCatalogBoundaries.test.ts
PASS test/roleIdentityCatalogBoundaries.test.ts
PASS test/treasuryCompatIndependent.test.ts
PASS src/runtime/marketBaseResourceLedger.test.ts
PASS src/runtime/marketSaleAutomation.test.ts
PASS src/runtime/bootstrapArchitecture.test.ts
PASS src/runtime/linkNetworkMemoryOwnership.test.ts
PASS src/runtime/resourceControl.capacityRegression.test.ts
PASS src/runtime/hubProductionIntegration.test.ts
PASS src/mount/mountCreep.test.ts
PASS src/movement/routing.segmentCache.test.ts
PASS src/runtime/marketSaleSession.test.ts
PASS src/runtime/marketSalePlanningAuthorization.test.ts
PASS src/runtime/logistics/resourceTransferTasks.test.ts
PASS src/runtime/hubPlanner.test.ts
PASS src/runtime/bootstrap.test.ts
PASS src/runtime/powerBankHarvest.test.ts
PASS src/runtime/synthesisControl.test.ts
PASS test/warWorkflowLifecycleBoundaries.test.ts
PASS src/runtime/marketDirectContinuousPolicy.test.ts
PASS src/runtime/marketSaleDirectAutomation.test.ts
PASS src/runtime/taskSystem/snapshot.test.ts
PASS src/runtime/memoryCleanup.test.ts
PASS scripts/lib/redactSecrets.test.ts
PASS src/runtime/consoleCommands.test.ts
PASS src/runtime/resourceControl.test.ts
PASS src/runtime/marketSalePlanningGate.test.ts
PASS src/runtime/marketDirectContinuousLedger.test.ts
PASS src/runtime/warControl.test.ts
PASS src/runtime/marketSaleRuntime.test.ts
PASS src/runtime/console/operationsCommands.test.ts
PASS src/runtime/memorySizeRegression.test.ts
PASS src/runtime/powerBankBoost.test.ts
PASS src/runtime/marketDirectContinuousAutomation.test.ts
PASS src/runtime/marketSaleProtectionMemo.test.ts
PASS src/roles/index.test.ts
PASS src/runtime/marketWriteArchitecture.test.ts
PASS src/mount/mountCreep.lifecycleCache.test.ts
PASS src/runtime/synthesisControlStateMachine.test.ts
PASS src/runtime/empireInventoryShadow.test.ts
  ● Console

    console.log
      [inventory-shadow] parity mismatch +5 this check (total 5): tick=10000 room=<empire> resource=energy field=empireTotal index=6200 direct=1200

      at runEmpireInventoryShadowCheck (src/runtime/empireInventoryShadow.ts:1045:13)

    console.log
      [inventory-shadow] parity mismatch +7 this check (total 7): tick=10000 room=<creeps>:cargo resource=- field=oracleStoreTotal index=30 direct=99

      at runEmpireInventoryShadowCheck (src/runtime/empireInventoryShadow.ts:1045:13)

    console.log
      [inventory-shadow] parity mismatch +3 this check (total 3): tick=10040 room=W1N57 resource=- field=factoryUsedCapacity index=40 direct=0

      at runEmpireInventoryShadowCheck (src/runtime/empireInventoryShadow.ts:1045:13)

    console.log
      [inventory-shadow] parity mismatch +3 this check (total 3): tick=10000 room=W1N57 resource=- field=factoryUsedCapacity index=40 direct=0

      at runEmpireInventoryShadowCheck (src/runtime/empireInventoryShadow.ts:1045:13)

    console.log
      [inventory-shadow] parity mismatch +1 this check (total 1): tick=10000 room=W1N57:storage resource=silicon field=oracleResourceAmount index=0 direct=42

      at runEmpireInventoryShadowCheck (src/runtime/empireInventoryShadow.ts:1045:13)

PASS src/runtime/nukerControl.test.ts
PASS src/runtime/hubFlag.test.ts
PASS src/runtime/externalTelemetry.test.ts
PASS src/main.test.ts
PASS src/runtime/localDispatchOwnership.target.test.ts
PASS src/runtime/spawnPlanner.test.ts
PASS src/runtime/marketSaleProtectionAdapter.test.ts
PASS src/roles/carrier.test.ts
PASS src/movement/pathing.crossTickCache.test.ts
PASS src/runtime/marketSaleConfig.test.ts
PASS src/runtime/empireInventoryIndex.test.ts
PASS src/runtime/marketBaseResourcePolicy.test.ts
PASS src/runtime/colonization.travelPath.test.ts
PASS src/runtime/marketSalePricingAdapter.test.ts
PASS src/runtime/colonization.test.ts
  ● Console

    console.log
      [colonization] rescout W1N2: pending scout route invalid or interrupted by dangerous room

      at requestScoutRescan (src/runtime/colonization.ts:983:11)

    console.log
      [colonization] abandon W1N2: flag removed by player

      at abandonColonization (src/runtime/colonization.ts:1042:11)

    console.log
      [colonization] abandon W1N2: flag removed by player

      at abandonColonization (src/runtime/colonization.ts:1042:11)

PASS src/runtime/marketSaleFeeLedger.test.ts
PASS src/movement/routing.backoff.test.ts
PASS src/runtime/workerTaskPool.characterization.test.ts
PASS src/runtime/boostControl.test.ts
  ● Console

    console.log
      [boostControl] buy W1N1: XUH2O=1000 price=5.000 cost=100

      at buyBoostIfNeeded (src/runtime/boostControl.ts:151:13)

PASS src/roles/energyTargets.test.ts
PASS src/mount/mountSpawn.test.ts
PASS src/roles/worker.test.ts
PASS src/runtime/dispatchOwnership/actorBinding.test.ts
PASS src/runtime/hubUpgradeControl.test.ts
PASS src/runtime/crossShardColonization.test.ts
PASS src/runtime/roomWorkforce.test.ts
PASS src/roles/carrier.bestCandidate.test.ts
PASS src/movement/staticRoomMatrix.test.ts
PASS src/runtime/taskSystem/registry.test.ts
PASS src/runtime/towerControl.scanThrottle.test.ts
PASS src/runtime/marketSaleDirectShadow.test.ts
PASS src/movement/pathing.test.ts
PASS src/config/spawnProfiles.test.ts
PASS src/runtime/homeDefense.test.ts
PASS src/roles/remoteMiningCarrier.test.ts
PASS scripts/lib/deployGuard.test.ts
PASS test/defenseMode.test.ts
PASS src/runtime/workerTaskPool.test.ts
PASS src/runtime/roomWorkforceIdentity.test.ts
PASS src/roles/powerBankHauler.test.ts
PASS src/movement/routing.cachedPathValidation.test.ts
PASS src/runtime/remoteMining.test.ts
PASS src/runtime/hubProtectionSnapshot.test.ts
PASS src/runtime/hubProgress.test.ts
PASS src/runtime/cpuPhaseProfiler.lowOverhead.test.ts
PASS src/runtime/carrierTaskBoard.test.ts
PASS src/movement/routing.dynamicObstacles.test.ts
PASS src/runtime/flagHauling.test.ts
  ● Console

    console.log
      [flag-haul] started: flag=HAUL target=W5N5 source=W1N1

      at upsertFlagHaulTask (src/runtime/flagHauling.ts:322:13)

PASS src/runtime/taskSystem/adapters/factoryCommand.test.ts
PASS src/runtime/dispatchOwnership/workerSlot.test.ts
PASS src/runtime/powerCreepControl.test.ts
PASS src/roles/shared.test.ts
PASS src/runtime/taskSystem/adapters/powerCreepAction.test.ts
PASS src/runtime/taskSystem/adapters/powerBankWorkflow.test.ts
PASS src/runtime/marketSaleDirectPending.test.ts
PASS src/runtime/factoryControl.test.ts
PASS src/roles/powerBankAttacker.test.ts
PASS src/runtime/taskSystem/adapters/workflowAdapters.test.ts
PASS src/runtime/taskSystem/adapters/spawnProduction.test.ts
PASS src/runtime/powerSpawnControl.test.ts
PASS src/runtime/empireInventoryBenchmark.test.ts
  ● Console

    console.log
      [inventory-bench] rooms=8 legacyPerResourceCalls=1344 newKeyEnumeration=61 legacyScanMs=0.512 indexBuildMs=0.406

      at Object.<anonymous> (src/runtime/empireInventoryBenchmark.test.ts:166:13)

PASS src/runtime/cpuMonitor.test.ts
PASS src/roles/upgrader.test.ts
PASS src/movement/traffic.naturalObstacles.test.ts
PASS src/movement/routing.test.ts
PASS src/runtime/terminalBootstrapRecovery.test.ts
PASS src/runtime/minerBodyPolicy.test.ts
PASS src/runtime/marketDirectContinuousPlanner.test.ts
PASS src/roles/remoteWorker.test.ts
PASS src/roles/remoteCarrier.test.ts
PASS src/runtime/taskSystem/adapters/resourceTransfer.test.ts
PASS src/runtime/taskSystem/adapters/carrierLogistics.test.ts
PASS src/runtime/logistics/receiverCapacityLedger.test.ts
PASS src/runtime/dispatchOwnership/carrierAmountSlice.test.ts
PASS src/runtime/powerBankObserver.test.ts
PASS src/runtime/linkControl.test.ts
PASS src/runtime/deployAnnounce.test.ts
PASS src/runtime/autoReserveFlag.test.ts
  ● Console

    console.log
      [reserve] W1N1 entered reserve mode at 74999 energy

      at runAutoReserveFlags (src/runtime/autoReserveFlag.ts:38:17)

PASS src/roles/remoteDefender.test.ts
PASS src/roles/powerBankHealer.test.ts
PASS src/movement/traffic.test.ts
PASS src/runtime/roomPlannerConstruction.test.ts
PASS src/runtime/marketSaleExposure.test.ts
PASS src/runtime/marketSaleDiagnostics.test.ts
PASS src/runtime/emergencySpawning.test.ts
PASS src/roles/colonizerHarvester.test.ts
PASS src/movement/metrics.flush.test.ts
PASS src/runtime/taskSystem/adapters/warWorkflow.test.ts
PASS src/runtime/taskSystem/catalog.test.ts
PASS src/runtime/dispatchOwnership/ref.test.ts
PASS src/runtime/mineralExtraction.test.ts
PASS src/runtime/marketSaleDirectPricing.test.ts
PASS src/roles/scout.test.ts
PASS src/roles/mineralHarvester.test.ts
PASS src/runtime/taskSystem/adapters/workerWork.test.ts
PASS src/runtime/upgraderPolicy.test.ts
PASS src/runtime/towerControl.test.ts
PASS src/runtime/terminalActionEnergyOwnership.test.ts
PASS src/runtime/resourceReservation.test.ts
PASS src/runtime/productionStateMachine.test.ts
PASS src/runtime/powerBankStatus.test.ts
PASS src/runtime/pixelGenerator.test.ts
PASS src/runtime/marketSaleProtection.test.ts
PASS src/runtime/energyPickupReservation.test.ts
PASS src/runtime/creepAssignmentState.test.ts
PASS src/runtime/carrierTaskBoard.revisionCache.test.ts
PASS src/roles/meleeAttacker.test.ts
PASS src/roles/homeDefender.test.ts
PASS src/roles/healer.test.ts
PASS src/movement/roomTopologyRevision.test.ts
PASS test/miner.test.ts
PASS src/runtime/roomTypes.test.ts
PASS src/runtime/powerBankViability.test.ts
PASS src/runtime/hostilePriorities.test.ts
PASS src/runtime/actionLog.test.ts
PASS src/visual/palette.test.ts
PASS src/runtime/spawnQueueOwnership.test.ts
PASS src/runtime/powerBankDiscovery.test.ts
PASS src/runtime/powerBankConstants.test.ts
PASS src/roles/powerBankScout.test.ts
PASS src/runtime/console/resourceTransferCommands.test.ts
PASS src/runtime/tickContext.typedIndex.test.ts
PASS src/runtime/reactionMap.test.ts
PASS src/runtime/marketSalePricing.test.ts
PASS src/types/roleCatalog.test.ts
PASS src/runtime/logistics/capacityHeadroom.test.ts
PASS src/runtime/safeZoneHelpers.test.ts
PASS src/runtime/marketSaleDirectEngineAssumptions.test.ts
PASS src/runtime/marketActionArbiter.test.ts
PASS src/runtime/localCarrierDestinationCapacity.test.ts
PASS src/roles/remoteMiningReserver.test.ts
PASS test/harvester.test.ts
PASS src/runtime/safeZone.test.ts
PASS src/runtime/roomEnergyPolicy.test.ts
PASS src/runtime/memoryAudit.test.ts
PASS src/runtime/configNormalize.test.ts
PASS src/visual/panel.test.ts
PASS src/roles/combatBoosts.test.ts
PASS src/roles/claimer.test.ts
PASS test/tickContext.test.ts
PASS src/runtime/taskSystem/model.test.ts
PASS src/runtime/marketSaleLifecycle.test.ts
PASS src/runtime/linkNetworkMemory.test.ts
PASS src/runtime/carrierBodyPolicy.test.ts
PASS src/movement/common.test.ts

Test Suites: 195 passed, 195 total
Tests:       685 passed, 685 total
Snapshots:   0 total
Time:        218.314 s, estimated 219 s
Ran all test suites.
Test results written to: C:\Users\15027\AppData\Local\Temp\screeps-jest-budget-EtoOrT\results.json
