TAP version 13
# Subtest: IX accounting omits attribution when no boundary or work was recorded
ok 1 - IX accounting omits attribution when no boundary or work was recorded
  ---
  duration_ms: 96.0906
  type: 'test'
  ...
# Subtest: IX accounting records bounded nested intervals and keeps parent elapsed independent
ok 2 - IX accounting records bounded nested intervals and keeps parent elapsed independent
  ---
  duration_ms: 30.9847
  type: 'test'
  ...
# Subtest: IX accounting exposes an active region on a fault snapshot instead of inventing an end
ok 3 - IX accounting exposes an active region on a fault snapshot instead of inventing an end
  ---
  duration_ms: 25.4612
  type: 'test'
  ...
# Subtest: IX accounting accumulates primitive work and freezes snapshots
ok 4 - IX accounting accumulates primitive work and freezes snapshots
  ---
  duration_ms: 19.5271
  type: 'test'
  ...
# Subtest: IX accounting rejects unknown, negative, fractional and overflowing work
ok 5 - IX accounting rejects unknown, negative, fractional and overflowing work
  ---
  duration_ms: 18.2687
  type: 'test'
  ...
# Subtest: IX accounting rejects non-monotonic and unlisted subphase boundaries
ok 6 - IX accounting rejects non-monotonic and unlisted subphase boundaries
  ---
  duration_ms: 18.6065
  type: 'test'
  ...
# Subtest: IX transform exactly restores the committed Build VII core prefix
ok 7 - IX transform exactly restores the committed Build VII core prefix
  ---
  duration_ms: 27.0863
  type: 'test'
  ...
# Subtest: IX transform refuses shifted source instead of approximately instrumenting it
ok 8 - IX transform refuses shifted source instead of approximately instrumenting it
  ---
  duration_ms: 0.9945
  type: 'test'
  ...
# Subtest: IX direct builder callback sequence is coarse and deterministic
ok 9 - IX direct builder callback sequence is coarse and deterministic
  ---
  duration_ms: 182.2603
  type: 'test'
  ...
# Subtest: IX empty direct build reports bounded observation and commitment work
ok 10 - IX empty direct build reports bounded observation and commitment work
  ---
  duration_ms: 120.9371
  type: 'test'
  ...
# Subtest: IX task work counters describe validation, health and route composition
ok 11 - IX task work counters describe validation, health and route composition
  ---
  duration_ms: 91.3605
  type: 'test'
  ...
# Subtest: IX reservation work counters separate invalid events, owner evaluations and active rows
ok 12 - IX reservation work counters separate invalid events, owner evaluations and active rows
  ---
  duration_ms: 86.2683
  type: 'test'
  ...
# Subtest: IX work reports final private index sizes without exposing the maps
ok 13 - IX work reports final private index sizes without exposing the maps
  ---
  duration_ms: 80.1676
  type: 'test'
  ...
# Subtest: IX diagnostics are optional and absent callbacks preserve Build VII direct API bytes
ok 14 - IX diagnostics are optional and absent callbacks preserve Build VII direct API bytes
  ---
  duration_ms: 151.2938
  type: 'test'
  ...
# Subtest: IX real preview emits all nine subphase intervals and closes the active region
ok 15 - IX real preview emits all nine subphase intervals and closes the active region
  ---
  duration_ms: 80.0605
  type: 'test'
  ...
# Subtest: IX real preview reports projection plan, completed rows and exact query count
ok 16 - IX real preview reports projection plan, completed rows and exact query count
  ---
  duration_ms: 75.2446
  type: 'test'
  ...
# Subtest: IX preview attribution remains nested in existing top-level calls and phases
ok 17 - IX preview attribution remains nested in existing top-level calls and phases
  ---
  duration_ms: 70.6286
  type: 'test'
  ...
# Subtest: IX diagnostics-disabled preview emits no cpuProfile and remains byte-identical to Build VII
ok 18 - IX diagnostics-disabled preview emits no cpuProfile and remains byte-identical to Build VII
  ---
  duration_ms: 146.8984
  type: 'test'
  ...
# Subtest: IX CPU-port reads remain bounded rather than scaling with 256 tasks
ok 19 - IX CPU-port reads remain bounded rather than scaling with 256 tasks
  ---
  duration_ms: 139.7512
  type: 'test'
  ...
# Subtest: XII first and later samples retain prefix attribution without duplicating it into completion
ok 20 - XII first and later samples retain prefix attribution without duplicating it into completion
  ---
  duration_ms: 72.8218
  type: 'test'
  ...
# Subtest: IX partial projection reports planned and completed rows without manufacturing completeness
ok 21 - IX partial projection reports planned and completed rows without manufacturing completeness
  ---
  duration_ms: 89.2319
  type: 'test'
  ...
# Subtest: IX invalid work callback faults only the compatibility preview, never old business state
ok 22 - IX invalid work callback faults only the compatibility preview, never old business state
  ---
  duration_ms: 84.943
  type: 'test'
  ...
# Subtest: IX Build VII/IX diagnostics-off byte parity: empty
ok 23 - IX Build VII/IX diagnostics-off byte parity: empty
  ---
  duration_ms: 154.0838
  type: 'test'
  ...
# Subtest: IX Build VII/IX diagnostics-off byte parity: manual
ok 24 - IX Build VII/IX diagnostics-off byte parity: manual
  ---
  duration_ms: 145.9862
  type: 'test'
  ...
# Subtest: IX Build VII/IX diagnostics-off byte parity: sixteen
ok 25 - IX Build VII/IX diagnostics-off byte parity: sixteen
  ---
  duration_ms: 143.1841
  type: 'test'
  ...
# Subtest: IX Build VII/IX diagnostics-off byte parity: bound256
ok 26 - IX Build VII/IX diagnostics-off byte parity: bound256
  ---
  duration_ms: 190.2425
  type: 'test'
  ...
# Subtest: IX Build VII/IX diagnostics-off byte parity: overBound257
ok 27 - IX Build VII/IX diagnostics-off byte parity: overBound257
  ---
  duration_ms: 145.4831
  type: 'test'
  ...
# Subtest: IX Build VII/IX diagnostics-off byte parity: invalidRecord
ok 28 - IX Build VII/IX diagnostics-off byte parity: invalidRecord
  ---
  duration_ms: 138.8629
  type: 'test'
  ...
# Subtest: IX Build VII/IX diagnostics-off byte parity: invalidResource
ok 29 - IX Build VII/IX diagnostics-off byte parity: invalidResource
  ---
  duration_ms: 137.7633
  type: 'test'
  ...
# Subtest: IX Build VII/IX diagnostics-off byte parity: missingTasks
ok 30 - IX Build VII/IX diagnostics-off byte parity: missingTasks
  ---
  duration_ms: 137.7079
  type: 'test'
  ...
# Subtest: IX Build VII/IX diagnostics-off byte parity: invalidReservationContainer
ok 31 - IX Build VII/IX diagnostics-off byte parity: invalidReservationContainer
  ---
  duration_ms: 142.7106
  type: 'test'
  ...
# Subtest: IX Build VII/IX diagnostics-off byte parity: activeReservation
ok 32 - IX Build VII/IX diagnostics-off byte parity: activeReservation
  ---
  duration_ms: 141.9244
  type: 'test'
  ...
# Subtest: IX Build VII/IX diagnostics-off byte parity: expiredReservation
ok 33 - IX Build VII/IX diagnostics-off byte parity: expiredReservation
  ---
  duration_ms: 137.5605
  type: 'test'
  ...
# Subtest: IX Build VII/IX diagnostics-off byte parity: exactExpiry
ok 34 - IX Build VII/IX diagnostics-off byte parity: exactExpiry
  ---
  duration_ms: 137.8365
  type: 'test'
  ...
# Subtest: IX Build VII/IX diagnostics-off byte parity: missingOwner
ok 35 - IX Build VII/IX diagnostics-off byte parity: missingOwner
  ---
  duration_ms: 135.8554
  type: 'test'
  ...
# Subtest: IX Build VII/IX diagnostics-off byte parity: typedOwner
ok 36 - IX Build VII/IX diagnostics-off byte parity: typedOwner
  ---
  duration_ms: 134.7385
  type: 'test'
  ...
# Subtest: IX Build VII/IX diagnostics-off byte parity: capacity8M
ok 37 - IX Build VII/IX diagnostics-off byte parity: capacity8M
  ---
  duration_ms: 137.26
  type: 'test'
  ...
# Subtest: IX Build VII/IX diagnostics-off byte parity: saturatedCapacity
ok 38 - IX Build VII/IX diagnostics-off byte parity: saturatedCapacity
  ---
  duration_ms: 136.6527
  type: 'test'
  ...
# Subtest: IX Build VII/IX diagnostics-off byte parity: missingTerminal
ok 39 - IX Build VII/IX diagnostics-off byte parity: missingTerminal
  ---
  duration_ms: 135.4172
  type: 'test'
  ...
# Subtest: IX Build VII/IX diagnostics-off byte parity: unseenRoom
ok 40 - IX Build VII/IX diagnostics-off byte parity: unseenRoom
  ---
  duration_ms: 133.3166
  type: 'test'
  ...
# Subtest: IX Build VII/IX diagnostics-off byte parity: sparseMismatch
ok 41 - IX Build VII/IX diagnostics-off byte parity: sparseMismatch
  ---
  duration_ms: 136.4411
  type: 'test'
  ...
# Subtest: IX Build VII/IX diagnostics-off byte parity: legacyMismatch
ok 42 - IX Build VII/IX diagnostics-off byte parity: legacyMismatch
  ---
  duration_ms: 130.0289
  type: 'test'
  ...
# Subtest: IX source manifest gate covers every listed output identity
ok 43 - IX source manifest gate covers every listed output identity
  ---
  duration_ms: 0.7472
  type: 'test'
  ...
# Subtest: IX generated-output gate rejects a stale manifest identity
ok 44 - IX generated-output gate rejects a stale manifest identity
  ---
  duration_ms: 138.9796
  type: 'test'
  ...
# Subtest: IX fixed-output gate rejects a byte-changed listed output
ok 45 - IX fixed-output gate rejects a byte-changed listed output
  ---
  duration_ms: 18.9482
  type: 'test'
  ...
# Subtest: IX source manifest gate rejects missing or duplicate output rows
ok 46 - IX source manifest gate rejects missing or duplicate output rows
  ---
  duration_ms: 141.9303
  type: 'test'
  ...
# Subtest: XIII exact reversible transform and public IX-to-live chain
ok 47 - XIII exact reversible transform and public IX-to-live chain
  ---
  duration_ms: 7.779
  type: 'test'
  ...
# Subtest: XIII six marks close parent, call and measured body without subtracting overhead
ok 48 - XIII six marks close parent, call and measured body without subtracting overhead
  ---
  duration_ms: 93.5407
  type: 'test'
  ...
# Subtest: XIII call-not-made is distinct from zero cost
ok 49 - XIII call-not-made is distinct from zero cost
  ---
  duration_ms: 30.1337
  type: 'test'
  ...
# Subtest: XIII missing inner marks are incomplete rather than synthesized
ok 50 - XIII missing inner marks are incomplete rather than synthesized
  ---
  duration_ms: 21.873
  type: 'test'
  ...
# Subtest: XIII duplicate and regressed envelope boundaries fail closed
ok 51 - XIII duplicate and regressed envelope boundaries fail closed
  ---
  duration_ms: 37.7461
  type: 'test'
  ...
# Subtest: XIII non-finite envelope boundary is rejected
ok 52 - XIII non-finite envelope boundary is rejected
  ---
  duration_ms: 46.6162
  type: 'test'
  ...
# Subtest: XIII snapshots are immutable and tail does not repeat envelope
ok 53 - XIII snapshots are immutable and tail does not repeat envelope
  ---
  duration_ms: 33.7895
  type: 'test'
  ...
# Subtest: XIII real full builder has complete trace and 4 projection rows
ok 54 - XIII real full builder has complete trace and 4 projection rows
  ---
  duration_ms: 178.1237
  type: 'test'
  ...
# Subtest: XIII constant added probes with 0 tasks and reservations
ok 55 - XIII constant added probes with 0 tasks and reservations
  ---
  duration_ms: 201.3062
  type: 'test'
  ...
# Subtest: XIII constant added probes with 14 tasks and reservations
ok 56 - XIII constant added probes with 14 tasks and reservations
  ---
  duration_ms: 173.1283
  type: 'test'
  ...
# Subtest: XIII constant added probes with 256 tasks and reservations
ok 57 - XIII constant added probes with 256 tasks and reservations
  ---
  duration_ms: 162.8287
  type: 'test'
  ...
# Subtest: XIII call-entry injection stays outside body, and stops later samples
ok 58 - XIII call-entry injection stays outside body, and stops later samples
  ---
  duration_ms: 74.26
  type: 'test'
  ...
# Subtest: XIII body injection is inside measured body, not relabeled as entry
ok 59 - XIII body injection is inside measured body, not relabeled as entry
  ---
  duration_ms: 77.8479
  type: 'test'
  ...
# Subtest: XIII call-return injection stays outside measured body
ok 60 - XIII call-return injection stays outside measured body
  ---
  duration_ms: 77.5244
  type: 'test'
  ...
# Subtest: XIII tail overrun latches even when emitted prefix was below five
ok 61 - XIII tail overrun latches even when emitted prefix was below five
  ---
  duration_ms: 78.1156
  type: 'test'
  ...
# Subtest: XIII notification exception cannot clear the latch or escape
ok 62 - XIII notification exception cannot clear the latch or escape
  ---
  duration_ms: 79.1106
  type: 'test'
  ...
# Subtest: XIII reset after first due tick cannot re-arm a later sample
ok 63 - XIII reset after first due tick cannot re-arm a later sample
  ---
  duration_ms: 76.0976
  type: 'test'
  ...
# Subtest: XIII first due CPU admission skipped cannot silently shift the window
ok 64 - XIII first due CPU admission skipped cannot silently shift the window
  ---
  duration_ms: 72.5595
  type: 'test'
  ...
# Subtest: XIII OFF does not touch any port
ok 65 - XIII OFF does not touch any port
  ---
  duration_ms: 72.8934
  type: 'test'
  ...
# Subtest: XIII no extra probes when builder never called
ok 66 - XIII no extra probes when builder never called
  ---
  duration_ms: 232.8983
  type: 'test'
  ...
# Subtest: XIII measurement fault disables preview and cannot escape old bot
ok 67 - XIII measurement fault disables preview and cannot escape old bot
  ---
  duration_ms: 77.1676
  type: 'test'
  ...
# Subtest: XIII business parity and no writes: empty
ok 68 - XIII business parity and no writes: empty
  ---
  duration_ms: 172.1654
  type: 'test'
  ...
# Subtest: XIII business parity and no writes: manual
ok 69 - XIII business parity and no writes: manual
  ---
  duration_ms: 165.9759
  type: 'test'
  ...
# Subtest: XIII business parity and no writes: sixteen
ok 70 - XIII business parity and no writes: sixteen
  ---
  duration_ms: 169.226
  type: 'test'
  ...
# Subtest: XIII business parity and no writes: bound256
ok 71 - XIII business parity and no writes: bound256
  ---
  duration_ms: 186.614
  type: 'test'
  ...
# Subtest: XIII business parity and no writes: overBound257
ok 72 - XIII business parity and no writes: overBound257
  ---
  duration_ms: 175.7918
  type: 'test'
  ...
# Subtest: XIII business parity and no writes: invalidRecord
ok 73 - XIII business parity and no writes: invalidRecord
  ---
  duration_ms: 167.432
  type: 'test'
  ...
# Subtest: XIII business parity and no writes: invalidResource
ok 74 - XIII business parity and no writes: invalidResource
  ---
  duration_ms: 161.2522
  type: 'test'
  ...
# Subtest: XIII business parity and no writes: missingTasks
ok 75 - XIII business parity and no writes: missingTasks
  ---
  duration_ms: 166.7467
  type: 'test'
  ...
# Subtest: XIII business parity and no writes: invalidReservationContainer
ok 76 - XIII business parity and no writes: invalidReservationContainer
  ---
  duration_ms: 166.7635
  type: 'test'
  ...
# Subtest: XIII business parity and no writes: activeReservation
ok 77 - XIII business parity and no writes: activeReservation
  ---
  duration_ms: 162.2904
  type: 'test'
  ...
# Subtest: XIII business parity and no writes: expiredReservation
ok 78 - XIII business parity and no writes: expiredReservation
  ---
  duration_ms: 170.8091
  type: 'test'
  ...
# Subtest: XIII business parity and no writes: exactExpiry
ok 79 - XIII business parity and no writes: exactExpiry
  ---
  duration_ms: 168.4574
  type: 'test'
  ...
# Subtest: XIII business parity and no writes: missingOwner
ok 80 - XIII business parity and no writes: missingOwner
  ---
  duration_ms: 165.0949
  type: 'test'
  ...
# Subtest: XIII business parity and no writes: typedOwner
ok 81 - XIII business parity and no writes: typedOwner
  ---
  duration_ms: 189.4995
  type: 'test'
  ...
# Subtest: XIII business parity and no writes: capacity8M
ok 82 - XIII business parity and no writes: capacity8M
  ---
  duration_ms: 169.482
  type: 'test'
  ...
# Subtest: XIII business parity and no writes: saturatedCapacity
ok 83 - XIII business parity and no writes: saturatedCapacity
  ---
  duration_ms: 162.5394
  type: 'test'
  ...
# Subtest: XIII business parity and no writes: missingTerminal
ok 84 - XIII business parity and no writes: missingTerminal
  ---
  duration_ms: 171.4857
  type: 'test'
  ...
# Subtest: XIII business parity and no writes: unseenRoom
ok 85 - XIII business parity and no writes: unseenRoom
  ---
  duration_ms: 158.2758
  type: 'test'
  ...
# Subtest: XIII business parity and no writes: sparseMismatch
ok 86 - XIII business parity and no writes: sparseMismatch
  ---
  duration_ms: 166.2545
  type: 'test'
  ...
# Subtest: XIII business parity and no writes: legacyMismatch
ok 87 - XIII business parity and no writes: legacyMismatch
  ---
  duration_ms: 178.7691
  type: 'test'
  ...
# Subtest: XIII runtime enables trace and local stop without modifying frozen OFF config
ok 88 - XIII runtime enables trace and local stop without modifying frozen OFF config
  ---
  duration_ms: 0.8795
  type: 'test'
  ...
# Subtest: disabled profile never reads Game/Memory/builders/CPU, including module construction
ok 89 - disabled profile never reads Game/Memory/builders/CPU, including module construction
  ---
  duration_ms: 174.9639
  type: 'test'
  ...
# Subtest: invalid profile refuses: rooms=[]
ok 90 - invalid profile refuses: rooms=[]
  ---
  duration_ms: 71.0483
  type: 'test'
  ...
# Subtest: invalid profile refuses: rooms=["W1N1","W1N1"]
ok 91 - invalid profile refuses: rooms=["W1N1","W1N1"]
  ---
  duration_ms: 45.9248
  type: 'test'
  ...
# Subtest: invalid profile refuses: rooms=["W1N1","W2N1","W3N1"]
ok 92 - invalid profile refuses: rooms=["W1N1","W2N1","W3N1"]
  ---
  duration_ms: 40.2447
  type: 'test'
  ...
# Subtest: invalid profile refuses: endTick=99
ok 93 - invalid profile refuses: endTick=99
  ---
  duration_ms: 38.2066
  type: 'test'
  ...
# Subtest: invalid profile refuses: endTick=1301
ok 94 - invalid profile refuses: endTick=1301
  ---
  duration_ms: 41.1284
  type: 'test'
  ...
# Subtest: invalid profile refuses: startTick=null
ok 95 - invalid profile refuses: startTick=null
  ---
  duration_ms: 31.2745
  type: 'test'
  ...
# Subtest: invalid profile refuses: intervalTicks=1
ok 96 - invalid profile refuses: intervalTicks=1
  ---
  duration_ms: 30.8812
  type: 'test'
  ...
# Subtest: invalid profile refuses: resources=[]
ok 97 - invalid profile refuses: resources=[]
  ---
  duration_ms: 27.8642
  type: 'test'
  ...
# Subtest: invalid profile refuses: maxLogBytes=100
ok 98 - invalid profile refuses: maxLogBytes=100
  ---
  duration_ms: 30.2425
  type: 'test'
  ...
# Subtest: invalid profile refuses: maxSampleCpu=null
ok 99 - invalid profile refuses: maxSampleCpu=null
  ---
  duration_ms: 30.437
  type: 'test'
  ...
# Subtest: current fields retain explicit empty state, index values are not balances
ok 100 - current fields retain explicit empty state, index values are not balances
  ---
  duration_ms: 26.198
  type: 'test'
  ...
# Subtest: missing/damaged table remains unavailable: absent m => delete m.data.resourceControl.tasks
ok 101 - missing/damaged table remains unavailable: absent m => delete m.data.resourceControl.tasks
  ---
  duration_ms: 29.9484
  type: 'test'
  ...
# Subtest: missing/damaged table remains unavailable: invalid_container m => m.data.resourceControl.tasks = null
ok 102 - missing/damaged table remains unavailable: invalid_container m => m.data.resourceControl.tasks = null
  ---
  duration_ms: 29.0667
  type: 'test'
  ...
# Subtest: missing/damaged table remains unavailable: invalid_container m => m.data.resourceControl.tasks = []
ok 103 - missing/damaged table remains unavailable: invalid_container m => m.data.resourceControl.tasks = []
  ---
  duration_ms: 23.5093
  type: 'test'
  ...
# Subtest: missing/damaged table remains unavailable: invalid_parent m => m.data = null
ok 104 - missing/damaged table remains unavailable: invalid_parent m => m.data = null
  ---
  duration_ms: 25.1806
  type: 'test'
  ...
# Subtest: missing/damaged table remains unavailable: accessor_unreadable m => Object.defineProperty(m.data.resourceControl,'tasks',{ get(){throw new Error('should not invoke');} })
ok 105 - missing/damaged table remains unavailable: accessor_unreadable m => Object.defineProperty(m.data.resourceControl,'tasks',{ get(){throw new Error('should not invoke');} })
  ---
  duration_ms: 24.6338
  type: 'test'
  ...
# Subtest: over-bound table does not aggregate a prefix; exact bound accepted
ok 106 - over-bound table does not aggregate a prefix; exact bound accepted
  ---
  duration_ms: 26.4932
  type: 'test'
  ...
# Subtest: existing Treasury core is not summarized as zero, even malformed or null
ok 107 - existing Treasury core is not summarized as zero, even malformed or null
  ---
  duration_ms: 55.5668
  type: 'test'
  ...
# Subtest: off-shard, early/late window and non-due tick use zero source reads
ok 108 - off-shard, early/late window and non-due tick use zero source reads
  ---
  duration_ms: 104.8816
  type: 'test'
  ...
# Subtest: low bucket and CPU headroom gate before reading state; legal next sample runs
ok 109 - low bucket and CPU headroom gate before reading state; legal next sample runs
  ---
  duration_ms: 23.209
  type: 'test'
  ...
# Subtest: one attempt per tick and frozen profile scope
ok 110 - one attempt per tick and frozen profile scope
  ---
  duration_ms: 27.0881
  type: 'test'
  ...
# Subtest: new sample creates new reader instance, old writers need not bump new revision
ok 111 - new sample creates new reader instance, old writers need not bump new revision
  ---
  duration_ms: 26.1347
  type: 'test'
  ...
# Subtest: 8M storage comes from getCapacity and compares; no 1M hardcode
ok 112 - 8M storage comes from getCapacity and compares; no 1M hardcode
  ---
  duration_ms: 23.7613
  type: 'test'
  ...
# Subtest: capacity drop with inventory above capacity is visible, no comparable old delta
ok 113 - capacity drop with inventory above capacity is visible, no comparable old delta
  ---
  duration_ms: 25.4103
  type: 'test'
  ...
# Subtest: saturated free zero after shrink accepted without inventing capacity
ok 114 - saturated free zero after shrink accepted without inventing capacity
  ---
  duration_ms: 23.246
  type: 'test'
  ...
# Subtest: missing terminal is absence, not a zero amount
ok 115 - missing terminal is absence, not a zero amount
  ---
  duration_ms: 26.4776
  type: 'test'
  ...
# Subtest: unreadable endpoint is not included in snapshot input; other room is still readable
ok 116 - unreadable endpoint is not included in snapshot input; other room is still readable
  ---
  duration_ms: 27.639
  type: 'test'
  ...
# Subtest: NaN and inconsistent capacity never become normal
ok 117 - NaN and inconsistent capacity never become normal
  ---
  duration_ms: 50.1566
  type: 'test'
  ...
# Subtest: independent sparse-builder mismatch is detected and legal next sample restores match
ok 118 - independent sparse-builder mismatch is detected and legal next sample restores match
  ---
  duration_ms: 24.3566
  type: 'test'
  ...
# Subtest: legacy projection comparison requires same tick, never yesterday as now
ok 119 - legacy projection comparison requires same tick, never yesterday as now
  ---
  duration_ms: 27.443
  type: 'test'
  ...
# Subtest: unknown legacy projection values or future tick are explicitly unreadable/future
ok 120 - unknown legacy projection values or future tick are explicitly unreadable/future
  ---
  duration_ms: 27.8997
  type: 'test'
  ...
# Subtest: Memory immutable and identity preserved, no table normalization
ok 121 - Memory immutable and identity preserved, no table normalization
  ---
  duration_ms: 22.5195
  type: 'test'
  ...
# Subtest: output limit emits valid omission without baseline; later delta cannot use unseen report
ok 122 - output limit emits valid omission without baseline; later delta cannot use unseen report
  ---
  duration_ms: 26.0179
  type: 'test'
  ...
# Subtest: CPU cooperating budget stops further work and exposes partial result
ok 123 - CPU cooperating budget stops further work and exposes partial result
  ---
  duration_ms: 24.6541
  type: 'test'
  ...
# Subtest: cost of serialization/emission is reported in following sample, not a hard cap
ok 124 - cost of serialization/emission is reported in following sample, not a hard cap
  ---
  duration_ms: 21.1718
  type: 'test'
  ...
# Subtest: logger and reader exceptions disable only preview and do not rethrow
ok 125 - logger and reader exceptions disable only preview and do not rethrow
  ---
  duration_ms: 49.4827
  type: 'test'
  ...
# Subtest: long run retains one primitive snapshot; absolute end survives module reset
ok 126 - long run retains one primitive snapshot; absolute end survives module reset
  ---
  duration_ms: 27.4249
  type: 'test'
  ...
# Subtest: primitive deltas are not writer attribution or actual fees
ok 127 - primitive deltas are not writer attribution or actual fees
  ---
  duration_ms: 26.4852
  type: 'test'
  ...
# Subtest: UTF-8 JSON length agrees with Buffer oracle
ok 128 - UTF-8 JSON length agrees with Buffer oracle
  ---
  duration_ms: 21.8251
  type: 'test'
  ...
# Subtest: runtime default is disabled, does not evaluate read capsule
ok 129 - runtime default is disabled, does not evaluate read capsule
  ---
  duration_ms: 41.4521
  type: 'test'
  ...
# Subtest: build VII baseline is exact committed Read V core, not a reconstructed model
ok 130 - build VII baseline is exact committed Read V core, not a reconstructed model
  ---
  duration_ms: 2.0485
  type: 'test'
  ...
# Subtest: build VII reversible authoring restores all Read V bytes before the unchanged loader
ok 131 - build VII reversible authoring restores all Read V bytes before the unchanged loader
  ---
  duration_ms: 31.6336
  type: 'test'
  ...
# Subtest: build VII shifted source is rejected rather than approximately transformed
ok 132 - build VII shifted source is rejected rather than approximately transformed
  ---
  duration_ms: 1.5678
  type: 'test'
  ...
# Subtest: build VII Read V to VII twelve-sample byte parity: empty
ok 133 - build VII Read V to VII twelve-sample byte parity: empty
  ---
  duration_ms: 467.8035
  type: 'test'
  ...
# Subtest: build VII Read V to VII twelve-sample byte parity: manual
ok 134 - build VII Read V to VII twelve-sample byte parity: manual
  ---
  duration_ms: 189.16
  type: 'test'
  ...
# Subtest: build VII Read V to VII twelve-sample byte parity: sixteen
ok 135 - build VII Read V to VII twelve-sample byte parity: sixteen
  ---
  duration_ms: 173.0635
  type: 'test'
  ...
# Subtest: build VII Read V to VII twelve-sample byte parity: bound256
ok 136 - build VII Read V to VII twelve-sample byte parity: bound256
  ---
  duration_ms: 220.3738
  type: 'test'
  ...
# Subtest: build VII Read V to VII twelve-sample byte parity: overBound257
ok 137 - build VII Read V to VII twelve-sample byte parity: overBound257
  ---
  duration_ms: 159.5248
  type: 'test'
  ...
# Subtest: build VII Read V to VII twelve-sample byte parity: invalidRecord
ok 138 - build VII Read V to VII twelve-sample byte parity: invalidRecord
  ---
  duration_ms: 154.9088
  type: 'test'
  ...
# Subtest: build VII Read V to VII twelve-sample byte parity: invalidResource
ok 139 - build VII Read V to VII twelve-sample byte parity: invalidResource
  ---
  duration_ms: 173.9265
  type: 'test'
  ...
# Subtest: build VII Read V to VII twelve-sample byte parity: missingTasks
ok 140 - build VII Read V to VII twelve-sample byte parity: missingTasks
  ---
  duration_ms: 161.891
  type: 'test'
  ...
# Subtest: build VII Read V to VII twelve-sample byte parity: invalidReservationContainer
ok 141 - build VII Read V to VII twelve-sample byte parity: invalidReservationContainer
  ---
  duration_ms: 153.1483
  type: 'test'
  ...
# Subtest: build VII Read V to VII twelve-sample byte parity: activeReservation
ok 142 - build VII Read V to VII twelve-sample byte parity: activeReservation
  ---
  duration_ms: 154.1685
  type: 'test'
  ...
# Subtest: build VII Read V to VII twelve-sample byte parity: expiredReservation
ok 143 - build VII Read V to VII twelve-sample byte parity: expiredReservation
  ---
  duration_ms: 145.1012
  type: 'test'
  ...
# Subtest: build VII Read V to VII twelve-sample byte parity: exactExpiry
ok 144 - build VII Read V to VII twelve-sample byte parity: exactExpiry
  ---
  duration_ms: 146.2358
  type: 'test'
  ...
# Subtest: build VII Read V to VII twelve-sample byte parity: missingOwner
ok 145 - build VII Read V to VII twelve-sample byte parity: missingOwner
  ---
  duration_ms: 154.1064
  type: 'test'
  ...
# Subtest: build VII Read V to VII twelve-sample byte parity: typedOwner
ok 146 - build VII Read V to VII twelve-sample byte parity: typedOwner
  ---
  duration_ms: 148.2653
  type: 'test'
  ...
# Subtest: build VII Read V to VII twelve-sample byte parity: capacity8M
ok 147 - build VII Read V to VII twelve-sample byte parity: capacity8M
  ---
  duration_ms: 146.8331
  type: 'test'
  ...
# Subtest: build VII Read V to VII twelve-sample byte parity: saturatedCapacity
ok 148 - build VII Read V to VII twelve-sample byte parity: saturatedCapacity
  ---
  duration_ms: 151.5394
  type: 'test'
  ...
# Subtest: build VII Read V to VII twelve-sample byte parity: missingTerminal
ok 149 - build VII Read V to VII twelve-sample byte parity: missingTerminal
  ---
  duration_ms: 160.3275
  type: 'test'
  ...
# Subtest: build VII Read V to VII twelve-sample byte parity: unseenRoom
ok 150 - build VII Read V to VII twelve-sample byte parity: unseenRoom
  ---
  duration_ms: 151.0786
  type: 'test'
  ...
# Subtest: build VII Read V to VII twelve-sample byte parity: sparseMismatch
ok 151 - build VII Read V to VII twelve-sample byte parity: sparseMismatch
  ---
  duration_ms: 143.6512
  type: 'test'
  ...
# Subtest: build VII Read V to VII twelve-sample byte parity: legacyMismatch
ok 152 - build VII Read V to VII twelve-sample byte parity: legacyMismatch
  ---
  duration_ms: 150.9904
  type: 'test'
  ...
# Subtest: build VII nonempty full task index reduces map work without skipping eager secondary indexes
ok 153 - build VII nonempty full task index reduces map work without skipping eager secondary indexes
  ---
  duration_ms: 196.342
  type: 'test'
  ...
# Subtest: build VII empty tables avoid six maps but retain all queries and completeness
ok 154 - build VII empty tables avoid six maps but retain all queries and completeness
  ---
  duration_ms: 188.7733
  type: 'test'
  ...
# Subtest: build VII observation removes 136 entry pairs and two room clones without reducing Store enumeration
ok 155 - build VII observation removes 136 entry pairs and two room clones without reducing Store enumeration
  ---
  duration_ms: 199.7082
  type: 'test'
  ...
# Subtest: build VII self routes alias scope buckets without double-counting their different fields
ok 156 - build VII self routes alias scope buckets without double-counting their different fields
  ---
  duration_ms: 141.3741
  type: 'test'
  ...
# Subtest: build VII reciprocal routes reuse buckets while preserving direction and room counts
ok 157 - build VII reciprocal routes reuse buckets while preserving direction and room counts
  ---
  duration_ms: 143.3108
  type: 'test'
  ...
# Subtest: build VII duplicate route keeps the first canonical task id
ok 158 - build VII duplicate route keeps the first canonical task id
  ---
  duration_ms: 141.3211
  type: 'test'
  ...
# Subtest: build VII integer-like table keys keep Object.values route order
ok 159 - build VII integer-like table keys keep Object.values route order
  ---
  duration_ms: 136.6261
  type: 'test'
  ...
# Subtest: build VII safe-integer overflow parity: outgoing
ok 160 - build VII safe-integer overflow parity: outgoing
  ---
  duration_ms: 137.7092
  type: 'test'
  ...
# Subtest: build VII safe-integer overflow parity: pendingIncoming
ok 161 - build VII safe-integer overflow parity: pendingIncoming
  ---
  duration_ms: 148.0608
  type: 'test'
  ...
# Subtest: build VII safe-integer overflow parity: self-route
ok 162 - build VII safe-integer overflow parity: self-route
  ---
  duration_ms: 135.7406
  type: 'test'
  ...
# Subtest: build VII safe-integer overflow parity: different-resource
ok 163 - build VII safe-integer overflow parity: different-resource
  ---
  duration_ms: 136.3158
  type: 'test'
  ...
# Subtest: build VII safe-integer overflow parity: reservations
ok 164 - build VII safe-integer overflow parity: reservations
  ---
  duration_ms: 136.6798
  type: 'test'
  ...
# Subtest: build VII canonical health and status behavior: automatic-stale
ok 165 - build VII canonical health and status behavior: automatic-stale
  ---
  duration_ms: 139.498
  type: 'test'
  ...
# Subtest: build VII canonical health and status behavior: receiver-blocked
ok 166 - build VII canonical health and status behavior: receiver-blocked
  ---
  duration_ms: 133.8134
  type: 'test'
  ...
# Subtest: build VII canonical health and status behavior: source-blocked
ok 167 - build VII canonical health and status behavior: source-blocked
  ---
  duration_ms: 134.317
  type: 'test'
  ...
# Subtest: build VII canonical health and status behavior: nonpending
ok 168 - build VII canonical health and status behavior: nonpending
  ---
  duration_ms: 154.9333
  type: 'test'
  ...
# Subtest: build VII canonical health and status behavior: zero
ok 169 - build VII canonical health and status behavior: zero
  ---
  duration_ms: 157.0307
  type: 'test'
  ...
# Subtest: build VII invalid records retain both scope and global incomplete outcomes
ok 170 - build VII invalid records retain both scope and global incomplete outcomes
  ---
  duration_ms: 139.3184
  type: 'test'
  ...
# Subtest: build VII all task values are still enumerated even outside the diagnostic resource scope
ok 171 - build VII all task values are still enumerated even outside the diagnostic resource scope
  ---
  duration_ms: 140.0838
  type: 'test'
  ...
# Subtest: build VII owner identity, conservative commitment and exact expiry behavior are unchanged
ok 172 - build VII owner identity, conservative commitment and exact expiry behavior are unchanged
  ---
  duration_ms: 138.2505
  type: 'test'
  ...
# Subtest: build VII callback order and receiver identity for reservation diagnostics are unchanged
ok 173 - build VII callback order and receiver identity for reservation diagnostics are unchanged
  ---
  duration_ms: 135.4882
  type: 'test'
  ...
# Subtest: build VII receiver capacity callbacks remain live, ordered and uncached
ok 174 - build VII receiver capacity callbacks remain live, ordered and uncached
  ---
  duration_ms: 133.8809
  type: 'test'
  ...
# Subtest: build VII rebuilding same builder never returns an earlier task or observation snapshot
ok 175 - build VII rebuilding same builder never returns an earlier task or observation snapshot
  ---
  duration_ms: 133.3026
  type: 'test'
  ...
# Subtest: build VII interleaved builders keep separate resource catalogs and task buckets
ok 176 - build VII interleaved builders keep separate resource catalogs and task buckets
  ---
  duration_ms: 142.9356
  type: 'test'
  ...
# Subtest: build VII frozen observation data and cached resource views have unchanged identities
ok 177 - build VII frozen observation data and cached resource views have unchanged identities
  ---
  duration_ms: 137.0354
  type: 'test'
  ...
# Subtest: build VII observation callbacks precede totals as before, and post-scan live changes do not alter snapshots
ok 178 - build VII observation callbacks precede totals as before, and post-scan live changes do not alter snapshots
  ---
  duration_ms: 131.1173
  type: 'test'
  ...
# Subtest: build VII sparse key ordering, nonfinite positives and unusual own names preserve canonical results
ok 179 - build VII sparse key ordering, nonfinite positives and unusual own names preserve canonical results
  ---
  duration_ms: 136.1376
  type: 'test'
  ...
# Subtest: build VII duplicate room names preserve totals, ordinal list and last map entry
ok 180 - build VII duplicate room names preserve totals, ordinal list and last map entry
  ---
  duration_ms: 132.1824
  type: 'test'
  ...
# Subtest: build VII snapshot totals do not reread live Store values or reuse direct output
ok 181 - build VII snapshot totals do not reread live Store values or reuse direct output
  ---
  duration_ms: 134.7181
  type: 'test'
  ...
# Subtest: build VII stable accessor and non-enumerable table entries preserve complete index results
ok 182 - build VII stable accessor and non-enumerable table entries preserve complete index results
  ---
  duration_ms: 133.6909
  type: 'test'
  ...
# Subtest: build VII same-key malformed aliases retain original scope query semantics
ok 183 - build VII same-key malformed aliases retain original scope query semantics
  ---
  duration_ms: 135.2258
  type: 'test'
  ...
# Subtest: build VII seeded differential corpus covers full indexes across 128 independent snapshots
ok 184 - build VII seeded differential corpus covers full indexes across 128 independent snapshots
  ---
  duration_ms: 369.6013
  type: 'test'
  ...
# Subtest: build VII semantic negative control catches lost outgoing aggregation
ok 185 - build VII semantic negative control catches lost outgoing aggregation
  ---
  duration_ms: 138.2992
  type: 'test'
  ...
# Subtest: build VII semantic negative control catches last-route-wins corruption
ok 186 - build VII semantic negative control catches last-route-wins corruption
  ---
  duration_ms: 153.5404
  type: 'test'
  ...
# Subtest: build VII baseline fixture proves no preview or CPU checkpoint source edits accompanied VII
ok 187 - build VII baseline fixture proves no preview or CPU checkpoint source edits accompanied VII
  ---
  duration_ms: 0.6908
  type: 'test'
  ...
# Subtest: XII preview transform is exact and exactly reversible over committed XI bytes
ok 188 - XII preview transform is exact and exactly reversible over committed XI bytes
  ---
  duration_ms: 2.6868
  type: 'test'
  ...
# Subtest: XII preview transform refuses shifted source instead of approximate rewriting
ok 189 - XII preview transform refuses shifted source instead of approximate rewriting
  ---
  duration_ms: 1.0369
  type: 'test'
  ...
# Subtest: XII generator reproduces committed core, preview, provenance and manifest bytes
ok 190 - XII generator reproduces committed core, preview, provenance and manifest bytes
  ---
  duration_ms: 29.1424
  type: 'test'
  ...
# Subtest: XII after-retention profile is a tail-only completion with exact allowed phases
ok 191 - XII after-retention profile is a tail-only completion with exact allowed phases
  ---
  duration_ms: 95.241
  type: 'test'
  ...
# Subtest: XII tail-only completion serializes smaller than the prior full completion
ok 192 - XII tail-only completion serializes smaller than the prior full completion
  ---
  duration_ms: 43.9273
  type: 'test'
  ...
# Subtest: XII diagnostics-off reports remain byte-identical to XI for every fixed scenario
ok 193 - XII diagnostics-off reports remain byte-identical to XI for every fixed scenario
  ---
  duration_ms: 4260.6351
  type: 'test'
  ...
# Subtest: XII prefix keeps full attribution while the successor carries only its tail
ok 194 - XII prefix keeps full attribution while the successor carries only its tail
  ---
  duration_ms: 71.2512
  type: 'test'
  ...
# Subtest: XII preview allocation changes do not add CPU-port probes
ok 195 - XII preview allocation changes do not add CPU-port probes
  ---
  duration_ms: 185.8044
  type: 'test'
  ...
# Subtest: XII root cursors preserve malformed-root and accessor status bytes
ok 196 - XII root cursors preserve malformed-root and accessor status bytes
  ---
  duration_ms: 733.032
  type: 'test'
  ...
# Subtest: XII source manifest retains all output identities and records envelope flags
ok 197 - XII source manifest retains all output identities and records envelope flags
  ---
  duration_ms: 1.0231
  type: 'test'
  ...
# Subtest: hotpath XI baseline fixtures are exact IX source bytes
ok 198 - hotpath XI baseline fixtures are exact IX source bytes
  ---
  duration_ms: 2.2926
  type: 'test'
  ...
# Subtest: hotpath XI core and preview transforms are exactly reversible
ok 199 - hotpath XI core and preview transforms are exactly reversible
  ---
  duration_ms: 8.732
  type: 'test'
  ...
# Subtest: hotpath XI shifted source is rejected rather than approximately optimized
ok 200 - hotpath XI shifted source is rejected rather than approximately optimized
  ---
  duration_ms: 1.8122
  type: 'test'
  ...
# Subtest: hotpath XI diagnostics-off byte parity: empty
ok 201 - hotpath XI diagnostics-off byte parity: empty
  ---
  duration_ms: 473.2766
  type: 'test'
  ...
# Subtest: hotpath XI diagnostics-off byte parity: manual
ok 202 - hotpath XI diagnostics-off byte parity: manual
  ---
  duration_ms: 189.3875
  type: 'test'
  ...
# Subtest: hotpath XI diagnostics-off byte parity: sixteen
ok 203 - hotpath XI diagnostics-off byte parity: sixteen
  ---
  duration_ms: 180.2697
  type: 'test'
  ...
# Subtest: hotpath XI diagnostics-off byte parity: bound256
ok 204 - hotpath XI diagnostics-off byte parity: bound256
  ---
  duration_ms: 207.268
  type: 'test'
  ...
# Subtest: hotpath XI diagnostics-off byte parity: overBound257
ok 205 - hotpath XI diagnostics-off byte parity: overBound257
  ---
  duration_ms: 165.5447
  type: 'test'
  ...
# Subtest: hotpath XI diagnostics-off byte parity: invalidRecord
ok 206 - hotpath XI diagnostics-off byte parity: invalidRecord
  ---
  duration_ms: 156.5692
  type: 'test'
  ...
# Subtest: hotpath XI diagnostics-off byte parity: invalidResource
ok 207 - hotpath XI diagnostics-off byte parity: invalidResource
  ---
  duration_ms: 147.5177
  type: 'test'
  ...
# Subtest: hotpath XI diagnostics-off byte parity: missingTasks
ok 208 - hotpath XI diagnostics-off byte parity: missingTasks
  ---
  duration_ms: 161.924
  type: 'test'
  ...
# Subtest: hotpath XI diagnostics-off byte parity: invalidReservationContainer
ok 209 - hotpath XI diagnostics-off byte parity: invalidReservationContainer
  ---
  duration_ms: 146.9131
  type: 'test'
  ...
# Subtest: hotpath XI diagnostics-off byte parity: activeReservation
ok 210 - hotpath XI diagnostics-off byte parity: activeReservation
  ---
  duration_ms: 150.5604
  type: 'test'
  ...
# Subtest: hotpath XI diagnostics-off byte parity: expiredReservation
ok 211 - hotpath XI diagnostics-off byte parity: expiredReservation
  ---
  duration_ms: 145.5563
  type: 'test'
  ...
# Subtest: hotpath XI diagnostics-off byte parity: exactExpiry
ok 212 - hotpath XI diagnostics-off byte parity: exactExpiry
  ---
  duration_ms: 149.4828
  type: 'test'
  ...
# Subtest: hotpath XI diagnostics-off byte parity: missingOwner
ok 213 - hotpath XI diagnostics-off byte parity: missingOwner
  ---
  duration_ms: 148.4885
  type: 'test'
  ...
# Subtest: hotpath XI diagnostics-off byte parity: typedOwner
ok 214 - hotpath XI diagnostics-off byte parity: typedOwner
  ---
  duration_ms: 152.9302
  type: 'test'
  ...
# Subtest: hotpath XI diagnostics-off byte parity: capacity8M
ok 215 - hotpath XI diagnostics-off byte parity: capacity8M
  ---
  duration_ms: 189.1923
  type: 'test'
  ...
# Subtest: hotpath XI diagnostics-off byte parity: saturatedCapacity
ok 216 - hotpath XI diagnostics-off byte parity: saturatedCapacity
  ---
  duration_ms: 152.2364
  type: 'test'
  ...
# Subtest: hotpath XI diagnostics-off byte parity: missingTerminal
ok 217 - hotpath XI diagnostics-off byte parity: missingTerminal
  ---
  duration_ms: 145.4468
  type: 'test'
  ...
# Subtest: hotpath XI diagnostics-off byte parity: unseenRoom
ok 218 - hotpath XI diagnostics-off byte parity: unseenRoom
  ---
  duration_ms: 143.7921
  type: 'test'
  ...
# Subtest: hotpath XI diagnostics-off byte parity: sparseMismatch
ok 219 - hotpath XI diagnostics-off byte parity: sparseMismatch
  ---
  duration_ms: 141.701
  type: 'test'
  ...
# Subtest: hotpath XI diagnostics-off byte parity: legacyMismatch
ok 220 - hotpath XI diagnostics-off byte parity: legacyMismatch
  ---
  duration_ms: 142.6984
  type: 'test'
  ...
# Subtest: hotpath XI observation reuses sparse keys; XI and XV remove two eager view Maps
ok 221 - hotpath XI observation reuses sparse keys; XI and XV remove two eager view Maps
  ---
  duration_ms: 189.9446
  type: 'test'
  ...
# Subtest: hotpath XI task and reservation tables allocate no Object.values arrays
ok 222 - hotpath XI task and reservation tables allocate no Object.values arrays
  ---
  duration_ms: 195.3937
  type: 'test'
  ...
# Subtest: hotpath XI self routes avoid one duplicate scope lookup per task
ok 223 - hotpath XI self routes avoid one duplicate scope lookup per task
  ---
  duration_ms: 287.3139
  type: 'test'
  ...
# Subtest: hotpath XI preview removes selected-resource Object.values and repeated room arrays
ok 224 - hotpath XI preview removes selected-resource Object.values and repeated room arrays
  ---
  duration_ms: 141.3352
  type: 'test'
  ...
# Subtest: hotpath XI duplicate and prototype-like room names retain last-room-wins lookup
ok 225 - hotpath XI duplicate and prototype-like room names retain last-room-wins lookup
  ---
  duration_ms: 139.1356
  type: 'test'
  ...
# Subtest: hotpath XI callback order still precedes totals and snapshot values are never reread
ok 226 - hotpath XI callback order still precedes totals and snapshot values are never reread
  ---
  duration_ms: 134.7629
  type: 'test'
  ...
# Subtest: hotpath XI integer-like task key order preserves first route winner
ok 227 - hotpath XI integer-like task key order preserves first route winner
  ---
  duration_ms: 136.8844
  type: 'test'
  ...
# Subtest: hotpath XI canonical health behavior stays byte-equivalent for automatic and blocked tasks
ok 228 - hotpath XI canonical health behavior stays byte-equivalent for automatic and blocked tasks
  ---
  duration_ms: 560.9968
  type: 'test'
  ...
# Subtest: hotpath XI seeded differential corpus preserves the full API across 128 snapshots
ok 229 - hotpath XI seeded differential corpus preserves the full API across 128 snapshots
  ---
  duration_ms: 18152.7707
  type: 'test'
  ...
# Subtest: hotpath XI negative control catches a lost amount-key fold
ok 230 - hotpath XI negative control catches a lost amount-key fold
  ---
  duration_ms: 141.4392
  type: 'test'
  ...
# Subtest: hotpath XI generated bytes are the audited current implementation
ok 231 - hotpath XI generated bytes are the audited current implementation
  ---
  duration_ms: 2.2754
  type: 'test'
  ...
# Subtest: 独立1a：两房非空正对照——done/cancelled 不计 outgoing，manual 计入对侧 incoming
ok 232 - 独立1a：两房非空正对照——done/cancelled 不计 outgoing，manual 计入对侧 incoming
  ---
  duration_ms: 264.4429
  type: 'test'
  ...
# Subtest: 独立1b：expiresAt 等于当前 tick 仍占用（严格小于才到期），跨过才排除且原记录保留
ok 233 - 独立1b：expiresAt 等于当前 tick 仍占用（严格小于才到期），跨过才排除且原记录保留
  ---
  duration_ms: 94.45
  type: 'test'
  ...
# Subtest: 独立1c：旧 writer 状态迁移与新增记录（无 revision 通知），下一样本如实反映新值
ok 234 - 独立1c：旧 writer 状态迁移与新增记录（无 revision 通知），下一样本如实反映新值
  ---
  duration_ms: 105.2043
  type: 'test'
  ...
# Subtest: 独立2a：reservations 为数组或 null 不冒充空表
ok 235 - 独立2a：reservations 为数组或 null 不冒充空表
  ---
  duration_ms: 135.4822
  type: 'test'
  ...
# Subtest: 独立2b：单条损坏（remaining>amount）→ read_incomplete 且 scope 级 incomplete，原记录不动
ok 236 - 独立2b：单条损坏（remaining>amount）→ read_incomplete 且 scope 级 incomplete，原记录不动
  ---
  duration_ms: 58.1563
  type: 'test'
  ...
# Subtest: 独立2c：限定资源外（U）损坏记录——索引仍完整定位 scope，选定 H 行保持 complete
ok 237 - 独立2c：限定资源外（U）损坏记录——索引仍完整定位 scope，选定 H 行保持 complete
  ---
  duration_ms: 54.5815
  type: 'test'
  ...
# Subtest: 独立2d：catalog 外资源记录 → 全局 incomplete 传染每个 scope（fail closed）
ok 238 - 独立2d：catalog 外资源记录 → 全局 incomplete 传染每个 scope（fail closed）
  ---
  duration_ms: 54.248
  type: 'test'
  ...
# Subtest: 独立2e：Proxy 守卫真实武装（写尝试被拦截计数），观察全程零写且原型未污染
ok 239 - 独立2e：Proxy 守卫真实武装（写尝试被拦截计数），观察全程零写且原型未污染
  ---
  duration_ms: 58.7361
  type: 'test'
  ...
# Subtest: 独立3a：非 1M/8M 档位的合法容量变化（1M→3M→2.5M）与结构 ID 替换
ok 240 - 独立3a：非 1M/8M 档位的合法容量变化（1M→3M→2.5M）与结构 ID 替换
  ---
  duration_ms: 55.479
  type: 'test'
  ...
# Subtest: 独立3b：单房一端不可读 → 全房退出 observation/commitments（not_read），readers 零调用
ok 241 - 独立3b：单房一端不可读 → 全房退出 observation/commitments（not_read），readers 零调用
  ---
  duration_ms: 52.9029
  type: 'test'
  ...
# Subtest: 独立3c：单资源方法读数超过总量 used → unreadable，不产出半份数据
ok 242 - 独立3c：单资源方法读数超过总量 used → unreadable，不产出半份数据
  ---
  duration_ms: 50.7899
  type: 'test'
  ...
# Subtest: 独立4a：真实 observation 稀疏键枚举与方法读数故意不一致 → mismatch；恢复后 match
ok 243 - 独立4a：真实 observation 稀疏键枚举与方法读数故意不一致 → mismatch；恢复后 match
  ---
  duration_ms: 56.2717
  type: 'test'
  ...
# Subtest: 独立4b：同 tick 投影但行字段为字符串 → unreadable 而非 match（comparisonPerformed=false）
ok 244 - 独立4b：同 tick 投影但行字段为字符串 → unreadable 而非 match（comparisonPerformed=false）
  ---
  duration_ms: 49.6631
  type: 'test'
  ...
# Subtest: 独立4c：候选实际 main.ts——39 阶段、首阶段业务异常 fail-fast 且 compatRead 未执行、compatRead 异常被包裹
ok 245 - 独立4c：候选实际 main.ts——39 阶段、首阶段业务异常 fail-fast 且 compatRead 未执行、compatRead 异常被包裹
  ---
  duration_ms: 117.6644
  type: 'test'
  ...
# Subtest: 独立4d：默认配置非合法启用 profile——enabled 翻转 alone 仍被拒绝
ok 246 - 独立4d：默认配置非合法启用 profile——enabled 翻转 alone 仍被拒绝
  ---
  duration_ms: 29.5954
  type: 'test'
  ...
# Subtest: 独立5a：绝对窗口结束 + heap 重建不重开窗口，零新增读取
ok 247 - 独立5a：绝对窗口结束 + heap 重建不重开窗口，零新增读取
  ---
  duration_ms: 23.545
  type: 'test'
  ...
# Subtest: 独立5b：低 bucket 跳过消耗本 tick 尝试名额；同 tick 恢复也不补采
ok 248 - 独立5b：低 bucket 跳过消耗本 tick 尝试名额；同 tick 恢复也不补采
  ---
  duration_ms: 28.3066
  type: 'test'
  ...
# Subtest: 独立5c：fault 清空保留快照，不再以隐形基线比较
ok 249 - 独立5c：fault 清空保留快照，不再以隐形基线比较
  ---
  duration_ms: 28.1722
  type: 'test'
  ...
# Subtest: 独立5d：输出不含原始任务/预留负载、holder 身份串与凭据形态
ok 250 - 独立5d：输出不含原始任务/预留负载、holder 身份串与凭据形态
  ---
  duration_ms: 53.0521
  type: 'test'
  ...
# Subtest: read V baseline fixture is the exact original Git blob
ok 251 - read V baseline fixture is the exact original Git blob
  ---
  duration_ms: 2.1725
  type: 'test'
  ...
# Subtest: read V context substitutions recover canonical factories after reversing IX and VII transforms
ok 252 - read V context substitutions recover canonical factories after reversing IX and VII transforms
  ---
  duration_ms: 30.5766
  type: 'test'
  ...
# Subtest: read V module import alone performs no Game Memory or catalog read
ok 253 - read V module import alone performs no Game Memory or catalog read
  ---
  duration_ms: 172.9985
  type: 'test'
  ...
# Subtest: read V retains the exact public read-only API
ok 254 - read V retains the exact public read-only API
  ---
  duration_ms: 206.3991
  type: 'test'
  ...
# Subtest: read V twelve fresh builders execute seven definitions instead of thirty
ok 255 - read V twelve fresh builders execute seven definitions instead of thirty
  ---
  duration_ms: 210.872
  type: 'test'
  ...
# Subtest: read V no definition prewarm before sample admission and CPU skip
ok 256 - read V no definition prewarm before sample admission and CPU skip
  ---
  duration_ms: 86.4813
  type: 'test'
  ...
# Subtest: read V disabled preview never loads definitions
ok 257 - read V disabled preview never loads definitions
  ---
  duration_ms: 83.5815
  type: 'test'
  ...
# Subtest: read V initialization cost remains in the admitted readerLoad interval
ok 258 - read V initialization cost remains in the admitted readerLoad interval
  ---
  duration_ms: 82.964
  type: 'test'
  ...
# Subtest: read V real-core A/B byte equivalence: empty
ok 259 - read V real-core A/B byte equivalence: empty
  ---
  duration_ms: 159.798
  type: 'test'
  ...
# Subtest: read V real-core A/B byte equivalence: manual
ok 260 - read V real-core A/B byte equivalence: manual
  ---
  duration_ms: 153.011
  type: 'test'
  ...
# Subtest: read V real-core A/B byte equivalence: sixteen
ok 261 - read V real-core A/B byte equivalence: sixteen
  ---
  duration_ms: 157.1777
  type: 'test'
  ...
# Subtest: read V real-core A/B byte equivalence: bound256
ok 262 - read V real-core A/B byte equivalence: bound256
  ---
  duration_ms: 207.5197
  type: 'test'
  ...
# Subtest: read V real-core A/B byte equivalence: overBound257
ok 263 - read V real-core A/B byte equivalence: overBound257
  ---
  duration_ms: 169.3366
  type: 'test'
  ...
# Subtest: read V real-core A/B byte equivalence: invalidRecord
ok 264 - read V real-core A/B byte equivalence: invalidRecord
  ---
  duration_ms: 152.2596
  type: 'test'
  ...
# Subtest: read V real-core A/B byte equivalence: invalidResource
ok 265 - read V real-core A/B byte equivalence: invalidResource
  ---
  duration_ms: 146.8869
  type: 'test'
  ...
# Subtest: read V real-core A/B byte equivalence: missingTasks
ok 266 - read V real-core A/B byte equivalence: missingTasks
  ---
  duration_ms: 145.2781
  type: 'test'
  ...
# Subtest: read V real-core A/B byte equivalence: invalidReservationContainer
ok 267 - read V real-core A/B byte equivalence: invalidReservationContainer
  ---
  duration_ms: 140.5174
  type: 'test'
  ...
# Subtest: read V real-core A/B byte equivalence: activeReservation
ok 268 - read V real-core A/B byte equivalence: activeReservation
  ---
  duration_ms: 142.0301
  type: 'test'
  ...
# Subtest: read V real-core A/B byte equivalence: expiredReservation
ok 269 - read V real-core A/B byte equivalence: expiredReservation
  ---
  duration_ms: 142.7176
  type: 'test'
  ...
# Subtest: read V real-core A/B byte equivalence: exactExpiry
ok 270 - read V real-core A/B byte equivalence: exactExpiry
  ---
  duration_ms: 137.9553
  type: 'test'
  ...
# Subtest: read V real-core A/B byte equivalence: missingOwner
ok 271 - read V real-core A/B byte equivalence: missingOwner
  ---
  duration_ms: 140.7811
  type: 'test'
  ...
# Subtest: read V real-core A/B byte equivalence: typedOwner
ok 272 - read V real-core A/B byte equivalence: typedOwner
  ---
  duration_ms: 142.529
  type: 'test'
  ...
# Subtest: read V real-core A/B byte equivalence: capacity8M
ok 273 - read V real-core A/B byte equivalence: capacity8M
  ---
  duration_ms: 142.0533
  type: 'test'
  ...
# Subtest: read V real-core A/B byte equivalence: saturatedCapacity
ok 274 - read V real-core A/B byte equivalence: saturatedCapacity
  ---
  duration_ms: 138.2233
  type: 'test'
  ...
# Subtest: read V real-core A/B byte equivalence: missingTerminal
ok 275 - read V real-core A/B byte equivalence: missingTerminal
  ---
  duration_ms: 136.7269
  type: 'test'
  ...
# Subtest: read V real-core A/B byte equivalence: unseenRoom
ok 276 - read V real-core A/B byte equivalence: unseenRoom
  ---
  duration_ms: 135.3456
  type: 'test'
  ...
# Subtest: read V real-core A/B byte equivalence: sparseMismatch
ok 277 - read V real-core A/B byte equivalence: sparseMismatch
  ---
  duration_ms: 138.2733
  type: 'test'
  ...
# Subtest: read V real-core A/B byte equivalence: legacyMismatch
ok 278 - read V real-core A/B byte equivalence: legacyMismatch
  ---
  duration_ms: 137.5842
  type: 'test'
  ...
# Subtest: read V same-tick task mutation without revision changes is visible
ok 279 - read V same-tick task mutation without revision changes is visible
  ---
  duration_ms: 68.7973
  type: 'test'
  ...
# Subtest: read V observation snapshots and resource caches do not cross builds
ok 280 - read V observation snapshots and resource caches do not cross builds
  ---
  duration_ms: 69.003
  type: 'test'
  ...
# Subtest: read V same builder still creates fresh observations and indexes on every call
ok 281 - read V same builder still creates fresh observations and indexes on every call
  ---
  duration_ms: 68.1437
  type: 'test'
  ...
# Subtest: read V whole Game and Memory root replacements are observed dynamically
ok 282 - read V whole Game and Memory root replacements are observed dynamically
  ---
  duration_ms: 70.6586
  type: 'test'
  ...
# Subtest: read V changing health configuration is not cached with definitions
ok 283 - read V changing health configuration is not cached with definitions
  ---
  duration_ms: 71.6831
  type: 'test'
  ...
# Subtest: read V changing resource catalog is captured in every fresh commitment module
ok 284 - read V changing resource catalog is captured in every fresh commitment module
  ---
  duration_ms: 77.1422
  type: 'test'
  ...
# Subtest: read V holder resolver uses current ownership instead of first sample ownership
ok 285 - read V holder resolver uses current ownership instead of first sample ownership
  ---
  duration_ms: 67.5242
  type: 'test'
  ...
# Subtest: read V reservation expiration remains strict and records are not deleted
ok 286 - read V reservation expiration remains strict and records are not deleted
  ---
  duration_ms: 68.6512
  type: 'test'
  ...
# Subtest: read V private revision zero is neither global host state nor an exposed mutation API
ok 287 - read V private revision zero is neither global host state nor an exposed mutation API
  ---
  duration_ms: 133.322
  type: 'test'
  ...
# Subtest: read V failed first initialization does not publish partial shared modules
ok 288 - read V failed first initialization does not publish partial shared modules
  ---
  duration_ms: 68.4257
  type: 'test'
  ...
# Subtest: read V failed later initialization does not poison successful definitions
ok 289 - read V failed later initialization does not poison successful definitions
  ---
  duration_ms: 66.3212
  type: 'test'
  ...
# Subtest: read V build exception does not expose stale index in next sample
ok 290 - read V build exception does not expose stale index in next sample
  ---
  duration_ms: 64.2912
  type: 'test'
  ...
# Subtest: read V global reset repeats initialization and retains no prior snapshot
ok 291 - read V global reset repeats initialization and retains no prior snapshot
  ---
  duration_ms: 137.9667
  type: 'test'
  ...
# Subtest: read V long run initializes only seven definitions with fresh private catalog per builder
ok 292 - read V long run initializes only seven definitions with fresh private catalog per builder
  ---
  duration_ms: 68.118
  type: 'test'
  ...
# Subtest: read V malformed pinned input is rejected before regeneration
ok 293 - read V malformed pinned input is rejected before regeneration
  ---
  duration_ms: 1.0564
  type: 'test'
  ...
# Subtest: read V inherited dependency property never becomes a host import
ok 294 - read V inherited dependency property never becomes a host import
  ---
  duration_ms: 74.1497
  type: 'test'
  ...
# Subtest: read V generator is byte deterministic and idempotent on metadata
ok 295 - read V generator is byte deterministic and idempotent on metadata
  ---
  duration_ms: 17.2359
  type: 'test'
  ...
# Subtest: read V generator provenance keeps all eight canonical source identities
ok 296 - read V generator provenance keeps all eight canonical source identities
  ---
  duration_ms: 1.2164
  type: 'test'
  ...
# Subtest: read V simultaneously live builders retain distinct catalog snapshots in both call orders
ok 297 - read V simultaneously live builders retain distinct catalog snapshots in both call orders
  ---
  duration_ms: 127.4875
  type: 'test'
  ...
# Subtest: read V catalog mutation in place after factory creation cannot change existing context
ok 298 - read V catalog mutation in place after factory creation cannot change existing context
  ---
  duration_ms: 83.0993
  type: 'test'
  ...
# Subtest: read V nested builder creation during outer reservation validation does not swap contexts
ok 299 - read V nested builder creation during outer reservation validation does not swap contexts
  ---
  duration_ms: 137.6897
  type: 'test'
  ...
# Subtest: read V catalog is captured exactly once per builder, including warm calls
ok 300 - read V catalog is captured exactly once per builder, including warm calls
  ---
  duration_ms: 128.1387
  type: 'test'
  ...
# Subtest: read V catalog capture remains inside readerLoad rather than an unaccounted prewarm
ok 301 - read V catalog capture remains inside readerLoad rather than an unaccounted prewarm
  ---
  duration_ms: 68.0249
  type: 'test'
  ...
# Subtest: read V warm catalog exceptions still fail closed with no old business output fallback
ok 302 - read V warm catalog exceptions still fail closed with no old business output fallback
  ---
  duration_ms: 68.8783
  type: 'test'
  ...
# Subtest: read V changing mutable task data during a nested call leaves earlier index snapshot fixed
ok 303 - read V changing mutable task data during a nested call leaves earlier index snapshot fixed
  ---
  duration_ms: 77.91
  type: 'test'
  ...
# Subtest: read V complete index API parity: manual
ok 304 - read V complete index API parity: manual
  ---
  duration_ms: 129.7277
  type: 'test'
  ...
# Subtest: read V complete index API parity: automatic
ok 305 - read V complete index API parity: automatic
  ---
  duration_ms: 128.9312
  type: 'test'
  ...
# Subtest: read V complete index API parity: invalid
ok 306 - read V complete index API parity: invalid
  ---
  duration_ms: 130.9036
  type: 'test'
  ...
# Subtest: read V complete index API parity: overflow
ok 307 - read V complete index API parity: overflow
  ---
  duration_ms: 128.2915
  type: 'test'
  ...
# Subtest: read V complete index API parity: typed
ok 308 - read V complete index API parity: typed
  ---
  duration_ms: 127.479
  type: 'test'
  ...
# Subtest: read V complete index API parity: exactExpiry
ok 309 - read V complete index API parity: exactExpiry
  ---
  duration_ms: 130.1797
  type: 'test'
  ...
# Subtest: read V receiver projections still read per-index dynamic capacity callbacks
ok 310 - read V receiver projections still read per-index dynamic capacity callbacks
  ---
  duration_ms: 63.4208
  type: 'test'
  ...
# Subtest: read V endpoint Store access reuse preserves every method and core read: 1
ok 311 - read V endpoint Store access reuse preserves every method and core read: 1
  ---
  duration_ms: 129.7309
  type: 'test'
  ...
# Subtest: read V endpoint Store access reuse preserves every method and core read: 2
ok 312 - read V endpoint Store access reuse preserves every method and core read: 2
  ---
  duration_ms: 137.8708
  type: 'test'
  ...
# Subtest: read V endpoint Store access reuse preserves every method and core read: 4
ok 313 - read V endpoint Store access reuse preserves every method and core read: 4
  ---
  duration_ms: 132.9235
  type: 'test'
  ...
# Subtest: read V endpoint-local Store reuse never carries a Store into the next sample
ok 314 - read V endpoint-local Store reuse never carries a Store into the next sample
  ---
  duration_ms: 67.8486
  type: 'test'
  ...
# Subtest: read V direct methods still run independently of sparse observation data
ok 315 - read V direct methods still run independently of sparse observation data
  ---
  duration_ms: 68.0646
  type: 'test'
  ...
# Subtest: read V missing or throwing Store remains unreadable and is not replaced with a projection
ok 316 - read V missing or throwing Store remains unreadable and is not replaced with a projection
  ---
  duration_ms: 129.9293
  type: 'test'
  ...
# Subtest: read V native Store method exception preserves fail-closed endpoint behavior
ok 317 - read V native Store method exception preserves fail-closed endpoint behavior
  ---
  duration_ms: 68.2199
  type: 'test'
  ...
# Subtest: read V preview accessor-table guard is unchanged and does not invoke the builder
ok 318 - read V preview accessor-table guard is unchanged and does not invoke the builder
  ---
  duration_ms: 67.0182
  type: 'test'
  ...
# Subtest: read V canonical transform refuses a shifted body rather than approximating a match
ok 319 - read V canonical transform refuses a shifted body rather than approximating a match
  ---
  duration_ms: 0.7994
  type: 'test'
  ...
# Subtest: read V layer only adapts commitment context and its edge after reversing VII layer
ok 320 - read V layer only adapts commitment context and its edge after reversing VII layer
  ---
  duration_ms: 4.076
  type: 'test'
  ...
# Subtest: read V stale observation epoch is still rejected by the preview
ok 321 - read V stale observation epoch is still rejected by the preview
  ---
  duration_ms: 64.4764
  type: 'test'
  ...
# Subtest: read V catalog omission context mutation is detected by a semantic negative control
ok 322 - read V catalog omission context mutation is detected by a semantic negative control
  ---
  duration_ms: 140.1527
  type: 'test'
  ...
# Subtest: XV historical fixtures authenticate exact accepted XIV bytes
ok 323 - XV historical fixtures authenticate exact accepted XIV bytes
  ---
  duration_ms: 2.6163
  type: 'test'
  ...
# Subtest: XV current generation and exact inverses retain every historical stage
ok 324 - XV current generation and exact inverses retain every historical stage
  ---
  duration_ms: 7.5279
  type: 'test'
  ...
# Subtest: XV exact UTF-8 size and historical equality: empty
ok 325 - XV exact UTF-8 size and historical equality: empty
  ---
  duration_ms: 0.2876
  type: 'test'
  ...
# Subtest: XV exact UTF-8 size and historical equality: ascii
ok 326 - XV exact UTF-8 size and historical equality: ascii
  ---
  duration_ms: 0.7155
  type: 'test'
  ...
# Subtest: XV exact UTF-8 size and historical equality: bmp
ok 327 - XV exact UTF-8 size and historical equality: bmp
  ---
  duration_ms: 0.2256
  type: 'test'
  ...
# Subtest: XV exact UTF-8 size and historical equality: astral
ok 328 - XV exact UTF-8 size and historical equality: astral
  ---
  duration_ms: 0.3675
  type: 'test'
  ...
# Subtest: XV exact UTF-8 size and historical equality: loneHigh
ok 329 - XV exact UTF-8 size and historical equality: loneHigh
  ---
  duration_ms: 0.0843
  type: 'test'
  ...
# Subtest: XV exact UTF-8 size and historical equality: loneLow
ok 330 - XV exact UTF-8 size and historical equality: loneLow
  ---
  duration_ms: 0.1055
  type: 'test'
  ...
# Subtest: XV exact UTF-8 size and historical equality: mixed
ok 331 - XV exact UTF-8 size and historical equality: mixed
  ---
  duration_ms: 0.2577
  type: 'test'
  ...
# Subtest: XV exact UTF-8 size and historical equality: json
ok 332 - XV exact UTF-8 size and historical equality: json
  ---
  duration_ms: 0.3818
  type: 'test'
  ...
# Subtest: XV UTF-8 deterministic random UTF-16 differential corpus preserves lone surrogates
ok 333 - XV UTF-8 deterministic random UTF-16 differential corpus preserves lone surrogates
  ---
  duration_ms: 5.4254
  type: 'test'
  ...
# Subtest: XV ASCII path invokes no JS per-character loop; Unicode executes unchanged fallback
ok 334 - XV ASCII path invokes no JS per-character loop; Unicode executes unchanged fallback
  ---
  duration_ms: 171.627
  type: 'test'
  ...
# Subtest: XV all diagnostic fields byte-parity, CPU port calls and no Memory writes: empty
ok 335 - XV all diagnostic fields byte-parity, CPU port calls and no Memory writes: empty
  ---
  duration_ms: 242.2859
  type: 'test'
  ...
# Subtest: XV all diagnostic fields byte-parity, CPU port calls and no Memory writes: manual
ok 336 - XV all diagnostic fields byte-parity, CPU port calls and no Memory writes: manual
  ---
  duration_ms: 192.117
  type: 'test'
  ...
# Subtest: XV all diagnostic fields byte-parity, CPU port calls and no Memory writes: sixteen
ok 337 - XV all diagnostic fields byte-parity, CPU port calls and no Memory writes: sixteen
  ---
  duration_ms: 189.3266
  type: 'test'
  ...
# Subtest: XV all diagnostic fields byte-parity, CPU port calls and no Memory writes: bound256
ok 338 - XV all diagnostic fields byte-parity, CPU port calls and no Memory writes: bound256
  ---
  duration_ms: 194.6443
  type: 'test'
  ...
# Subtest: XV all diagnostic fields byte-parity, CPU port calls and no Memory writes: overBound257
ok 339 - XV all diagnostic fields byte-parity, CPU port calls and no Memory writes: overBound257
  ---
  duration_ms: 178.7367
  type: 'test'
  ...
# Subtest: XV all diagnostic fields byte-parity, CPU port calls and no Memory writes: invalidRecord
ok 340 - XV all diagnostic fields byte-parity, CPU port calls and no Memory writes: invalidRecord
  ---
  duration_ms: 171.3857
  type: 'test'
  ...
# Subtest: XV all diagnostic fields byte-parity, CPU port calls and no Memory writes: invalidResource
ok 341 - XV all diagnostic fields byte-parity, CPU port calls and no Memory writes: invalidResource
  ---
  duration_ms: 202.1742
  type: 'test'
  ...
# Subtest: XV all diagnostic fields byte-parity, CPU port calls and no Memory writes: missingTasks
ok 342 - XV all diagnostic fields byte-parity, CPU port calls and no Memory writes: missingTasks
  ---
  duration_ms: 173.4002
  type: 'test'
  ...
# Subtest: XV all diagnostic fields byte-parity, CPU port calls and no Memory writes: invalidReservationContainer
ok 343 - XV all diagnostic fields byte-parity, CPU port calls and no Memory writes: invalidReservationContainer
  ---
  duration_ms: 169.7308
  type: 'test'
  ...
# Subtest: XV all diagnostic fields byte-parity, CPU port calls and no Memory writes: activeReservation
ok 344 - XV all diagnostic fields byte-parity, CPU port calls and no Memory writes: activeReservation
  ---
  duration_ms: 177.7854
  type: 'test'
  ...
# Subtest: XV all diagnostic fields byte-parity, CPU port calls and no Memory writes: expiredReservation
ok 345 - XV all diagnostic fields byte-parity, CPU port calls and no Memory writes: expiredReservation
  ---
  duration_ms: 169.6081
  type: 'test'
  ...
# Subtest: XV all diagnostic fields byte-parity, CPU port calls and no Memory writes: exactExpiry
ok 346 - XV all diagnostic fields byte-parity, CPU port calls and no Memory writes: exactExpiry
  ---
  duration_ms: 171.4625
  type: 'test'
  ...
# Subtest: XV all diagnostic fields byte-parity, CPU port calls and no Memory writes: missingOwner
ok 347 - XV all diagnostic fields byte-parity, CPU port calls and no Memory writes: missingOwner
  ---
  duration_ms: 170.5158
  type: 'test'
  ...
# Subtest: XV all diagnostic fields byte-parity, CPU port calls and no Memory writes: typedOwner
ok 348 - XV all diagnostic fields byte-parity, CPU port calls and no Memory writes: typedOwner
  ---
  duration_ms: 165.8021
  type: 'test'
  ...
# Subtest: XV all diagnostic fields byte-parity, CPU port calls and no Memory writes: capacity8M
ok 349 - XV all diagnostic fields byte-parity, CPU port calls and no Memory writes: capacity8M
  ---
  duration_ms: 162.9188
  type: 'test'
  ...
# Subtest: XV all diagnostic fields byte-parity, CPU port calls and no Memory writes: saturatedCapacity
ok 350 - XV all diagnostic fields byte-parity, CPU port calls and no Memory writes: saturatedCapacity
  ---
  duration_ms: 169.4898
  type: 'test'
  ...
# Subtest: XV all diagnostic fields byte-parity, CPU port calls and no Memory writes: missingTerminal
ok 351 - XV all diagnostic fields byte-parity, CPU port calls and no Memory writes: missingTerminal
  ---
  duration_ms: 163.5217
  type: 'test'
  ...
# Subtest: XV all diagnostic fields byte-parity, CPU port calls and no Memory writes: unseenRoom
ok 352 - XV all diagnostic fields byte-parity, CPU port calls and no Memory writes: unseenRoom
  ---
  duration_ms: 167.1533
  type: 'test'
  ...
# Subtest: XV all diagnostic fields byte-parity, CPU port calls and no Memory writes: sparseMismatch
ok 353 - XV all diagnostic fields byte-parity, CPU port calls and no Memory writes: sparseMismatch
  ---
  duration_ms: 172.8592
  type: 'test'
  ...
# Subtest: XV all diagnostic fields byte-parity, CPU port calls and no Memory writes: legacyMismatch
ok 354 - XV all diagnostic fields byte-parity, CPU port calls and no Memory writes: legacyMismatch
  ---
  duration_ms: 166.4303
  type: 'test'
  ...
# Subtest: XV full table own-data boundary preserved: inherited-accessor
ok 355 - XV full table own-data boundary preserved: inherited-accessor
  ---
  duration_ms: 169.2334
  type: 'test'
  ...
# Subtest: XV full table own-data boundary preserved: own-accessor
ok 356 - XV full table own-data boundary preserved: own-accessor
  ---
  duration_ms: 165.3112
  type: 'test'
  ...
# Subtest: XV full table own-data boundary preserved: nonenumerable
ok 357 - XV full table own-data boundary preserved: nonenumerable
  ---
  duration_ms: 167.323
  type: 'test'
  ...
# Subtest: XV full table own-data boundary preserved: symbol
ok 358 - XV full table own-data boundary preserved: symbol
  ---
  duration_ms: 162.2628
  type: 'test'
  ...
# Subtest: XV full table own-data boundary preserved: null-prototype
ok 359 - XV full table own-data boundary preserved: null-prototype
  ---
  duration_ms: 159.0734
  type: 'test'
  ...
# Subtest: XV full table own-data boundary preserved: 257-own
ok 360 - XV full table own-data boundary preserved: 257-own
  ---
  duration_ms: 168.2955
  type: 'test'
  ...
# Subtest: XV removes exactly one redundant own-membership dispatch per enumerable table item
ok 361 - XV removes exactly one redundant own-membership dispatch per enumerable table item
  ---
  duration_ms: 192.2822
  type: 'test'
  ...
# Subtest: XV observation query memo allocates only on first query, preserves frozen cache identity and sample isolation
ok 362 - XV observation query memo allocates only on first query, preserves frozen cache identity and sample isolation
  ---
  duration_ms: 221.3694
  type: 'test'
  ...
# Subtest: XV full index API remains equivalent on mixed, overflow and nonempty reservation corpus
ok 363 - XV full index API remains equivalent on mixed, overflow and nonempty reservation corpus
  ---
  duration_ms: 2280.3868
  type: 'test'
  ...
# Subtest: XV accounting membership retains strict unknown-key rejection, prefix partial updates and getter evaluation order
ok 364 - XV accounting membership retains strict unknown-key rejection, prefix partial updates and getter evaluation order
  ---
  duration_ms: 2.4803
  type: 'test'
  ...
# Subtest: XV work snapshots distinguish absent keys from measured zero without allocating a key list
ok 365 - XV work snapshots distinguish absent keys from measured zero without allocating a key list
  ---
  duration_ms: 0.4602
  type: 'test'
  ...
# Subtest: XV CPU start values and runtime null-next compatibility remain identical
ok 366 - XV CPU start values and runtime null-next compatibility remain identical
  ---
  duration_ms: 1.4054
  type: 'test'
  ...
# Subtest: XV snapshot copies and tail-only completion remain immutable and unlinked
ok 367 - XV snapshot copies and tail-only completion remain immutable and unlinked
  ---
  duration_ms: 0.3165
  type: 'test'
  ...
# Subtest: XV CPU observations, full report schema and output-limit decisions are not reduced
ok 368 - XV CPU observations, full report schema and output-limit decisions are not reduced
  ---
  duration_ms: 488.9509
  type: 'test'
  ...
# Subtest: authentic XV Git object and complete source fixture
ok 369 - authentic XV Git object and complete source fixture
  ---
  duration_ms: 1.5429
  type: 'test'
  ...
# Subtest: fixed candidate bytes and complete forward transform
ok 370 - fixed candidate bytes and complete forward transform
  ---
  duration_ms: 0.6555
  type: 'test'
  ...
# Subtest: exact reverse transform preserves all predecessor bytes
ok 371 - exact reverse transform preserves all predecessor bytes
  ---
  duration_ms: 0.4547
  type: 'test'
  ...
# Subtest: double application is rejected
ok 372 - double application is rejected
  ---
  duration_ms: 0.5235
  type: 'test'
  ...
# Subtest: tampered predecessor is rejected rather than patched approximately
ok 373 - tampered predecessor is rejected rather than patched approximately
  ---
  duration_ms: 0.9228
  type: 'test'
  ...
# Subtest: tampered candidate cannot satisfy inverse provenance
ok 374 - tampered candidate cannot satisfy inverse provenance
  ---
  duration_ms: 0.3526
  type: 'test'
  ...
# Subtest: both complete runtime bodies parse and export only two builders
ok 375 - both complete runtime bodies parse and export only two builders
  ---
  duration_ms: 4.1068
  type: 'test'
  ...
# Subtest: zero task and zero reservation retain complete zero indexes
ok 376 - zero task and zero reservation retain complete zero indexes
  ---
  duration_ms: 6.4961
  type: 'test'
  ...
# Subtest: single manual transfer and active owner reservation
ok 377 - single manual transfer and active owner reservation
  ---
  duration_ms: 5.0207
  type: 'test'
  ...
# Subtest: all canonical task statuses still undergo full validation
ok 378 - all canonical task statuses still undergo full validation
  ---
  duration_ms: 3.6297
  type: 'test'
  ...
# Subtest: unknown status fails closed rather than looking non-pending
ok 379 - unknown status fails closed rather than looking non-pending
  ---
  duration_ms: 3.3666
  type: 'test'
  ...
# Subtest: manual and automatic health and receiver predicates retain meaning
ok 380 - manual and automatic health and receiver predicates retain meaning
  ---
  duration_ms: 5.2243
  type: 'test'
  ...
# Subtest: first-route-wins retains an undefined id and does not overwrite it
ok 381 - first-route-wins retains an undefined id and does not overwrite it
  ---
  duration_ms: 3.2713
  type: 'test'
  ...
# Subtest: self-route aliases share the correct eager scope and room buckets
ok 382 - self-route aliases share the correct eager scope and room buckets
  ---
  duration_ms: 3.1127
  type: 'test'
  ...
# Subtest: null-prototype scope and room dictionaries preserve hostile names
ok 383 - null-prototype scope and room dictionaries preserve hostile names
  ---
  duration_ms: 4.0064
  type: 'test'
  ...
# Subtest: safe-integer aggregation overflow retains partial update order
ok 384 - safe-integer aggregation overflow retains partial update order
  ---
  duration_ms: 3.1639
  type: 'test'
  ...
# Subtest: damaged task fields and global/scope incompleteness agree
ok 385 - damaged task fields and global/scope incompleteness agree
  ---
  duration_ms: 3.7592
  type: 'test'
  ...
# Subtest: all non-pending malformed records still cause incompleteness
ok 386 - all non-pending malformed records still cause incompleteness
  ---
  duration_ms: 2.6439
  type: 'test'
  ...
# Subtest: zero-amount pending records remain visible in counts and routes
ok 387 - zero-amount pending records remain visible in counts and routes
  ---
  duration_ms: 2.7219
  type: 'test'
  ...
# Subtest: reservation expiry is strictly earlier than the current tick
ok 388 - reservation expiry is strictly earlier than the current tick
  ---
  duration_ms: 2.6934
  type: 'test'
  ...
# Subtest: unresolved and missing owners remain fully committed
ok 389 - unresolved and missing owners remain fully committed
  ---
  duration_ms: 3.396
  type: 'test'
  ...
# Subtest: typed identity namespace and kind self-exclusion are preserved
ok 390 - typed identity namespace and kind self-exclusion are preserved
  ---
  duration_ms: 3.2045
  type: 'test'
  ...
# Subtest: reservation integer overflow and invalid identity fail closed
ok 391 - reservation integer overflow and invalid identity fail closed
  ---
  duration_ms: 3.4354
  type: 'test'
  ...
# Subtest: nonempty maximum-size task and reservation paths are both tested offline
ok 392 - nonempty maximum-size task and reservation paths are both tested offline
  ---
  duration_ms: 9.142
  type: 'test'
  ...
# Subtest: callbacks retain options receiver, order, and expiration behavior
ok 393 - callbacks retain options receiver, order, and expiration behavior
  ---
  duration_ms: 4.0648
  type: 'test'
  ...
# Subtest: detached and rebound public query methods keep their originating state
ok 394 - detached and rebound public query methods keep their originating state
  ---
  duration_ms: 2.6752
  type: 'test'
  ...
# Subtest: delta callbacks retain unbound strict this and remain dynamic
ok 395 - delta callbacks retain unbound strict this and remain dynamic
  ---
  duration_ms: 2.1826
  type: 'test'
  ...
# Subtest: snapshot indexes do not reread task data after construction
ok 396 - snapshot indexes do not reread task data after construction
  ---
  duration_ms: 2.2511
  type: 'test'
  ...
# Subtest: alternating reader instances capture a fresh resource catalog
ok 397 - alternating reader instances capture a fresh resource catalog
  ---
  duration_ms: 2.4774
  type: 'test'
  ...
# Subtest: nested builders cannot replace the outer input context
ok 398 - nested builders cannot replace the outer input context
  ---
  duration_ms: 2.3576
  type: 'test'
  ...
# Subtest: observation APIs, missing locations, sparse resources, freezing and query order
ok 399 - observation APIs, missing locations, sparse resources, freezing and query order
  ---
  duration_ms: 2.9659
  type: 'test'
  ...
# Subtest: observation memo arrays stay private to each snapshot
ok 400 - observation memo arrays stay private to each snapshot
  ---
  duration_ms: 2.2369
  type: 'test'
  ...
# Subtest: detached observation methods ignore unrelated public receivers
ok 401 - detached observation methods ignore unrelated public receivers
  ---
  duration_ms: 1.8957
  type: 'test'
  ...
# Subtest: observation remains stale by Game.time and never rereads Store on query
ok 402 - observation remains stale by Game.time and never rereads Store on query
  ---
  duration_ms: 2.0267
  type: 'test'
  ...
# Subtest: duplicate room ordering and last-room-wins lookup remain unchanged
ok 403 - duplicate room ordering and last-room-wins lookup remain unchanged
  ---
  duration_ms: 2.0117
  type: 'test'
  ...
# Subtest: over-capacity signed free and absent Store remain physical observations
ok 404 - over-capacity signed free and absent Store remain physical observations
  ---
  duration_ms: 7.7274
  type: 'test'
  ...
# Subtest: Store scanning callback order remains before empire folding
ok 405 - Store scanning callback order remains before empire folding
  ---
  duration_ms: 2.937
  type: 'test'
  ...
# Subtest: complete projection executes all four rows and sixteen index queries
ok 406 - complete projection executes all four rows and sixteen index queries
  ---
  duration_ms: 2.3703
  type: 'test'
  ...
# Subtest: diagnostics disabled retains full business semantics
ok 407 - diagnostics disabled retains full business semantics
  ---
  duration_ms: 2.7967
  type: 'test'
  ...
# Subtest: query views no longer contain build-local method definitions
ok 408 - query views no longer contain build-local method definitions
  ---
  duration_ms: 0.1429
  type: 'test'
  ...
# Subtest: instrumented allocation count removes exactly two Map constructions per empty eager index
ok 409 - instrumented allocation count removes exactly two Map constructions per empty eager index
  ---
  duration_ms: 1.9253
  type: 'test'
  ...
# Subtest: 512 seeded mixed-input differential scenarios across full index APIs
ok 410 - 512 seeded mixed-input differential scenarios across full index APIs
  ---
  duration_ms: 1672.4511
  type: 'test'
  ...
# Subtest: room-count queries preserve native Map key types without implicit string coercion
ok 411 - room-count queries preserve native Map key types without implicit string coercion
  ---
  duration_ms: 2.2543
  type: 'test'
  ...
# Subtest: pinned runtime graph contains only read dependencies and no facade, kernel, Defense or old writer
ok 412 - pinned runtime graph contains only read dependencies and no facade, kernel, Defense or old writer
  ---
  duration_ms: 263.7338
  type: 'test'
  ...
# Subtest: actual observation/index on empty legacy tables, no new Memory keys or writes
ok 413 - actual observation/index on empty legacy tables, no new Memory keys or writes
  ---
  duration_ms: 98.7865
  type: 'test'
  ...
# Subtest: actual canonical readers count nonempty legacy task and unversioned reservation without migration
ok 414 - actual canonical readers count nonempty legacy task and unversioned reservation without migration
  ---
  duration_ms: 95.0469
  type: 'test'
  ...
# Subtest: old writer mutates same reservation/table identity without revision bump, next sample sees it
ok 415 - old writer mutates same reservation/table identity without revision bump, next sample sees it
  ---
  duration_ms: 70.9043
  type: 'test'
  ...
# Subtest: expired reservation excluded by canonical read predicate, original record not deleted
ok 416 - expired reservation excluded by canonical read predicate, original record not deleted
  ---
  duration_ms: 61.2094
  type: 'test'
  ...
# Subtest: unresolved owner remains reserved rather than silently orphan-released
ok 417 - unresolved owner remains reserved rather than silently orphan-released
  ---
  duration_ms: 59.3901
  type: 'test'
  ...
# Subtest: malformed record reaches original completeness logic and is not normalized/deleted
ok 418 - malformed record reaches original completeness logic and is not normalized/deleted
  ---
  duration_ms: 112.0834
  type: 'test'
  ...
# Subtest: explicit foreign kernel state is preserved without lifecycle or interpretation
ok 419 - explicit foreign kernel state is preserved without lifecycle or interpretation
  ---
  duration_ms: 55.5139
  type: 'test'
  ...
# Subtest: 8M and then reduced capacity use actual observation functions and invalidate only diagnostic delta
ok 420 - 8M and then reduced capacity use actual observation functions and invalidate only diagnostic delta
  ---
  duration_ms: 59.9469
  type: 'test'
  ...
# Subtest: missing table is NOT replaced with empty object before invoking canonical index
ok 421 - missing table is NOT replaced with empty object before invoking canonical index
  ---
  duration_ms: 427.808
  type: 'test'
  ...
# Subtest: XIV exact core/preview inverses, including current public H and P chains
ok 422 - XIV exact core/preview inverses, including current public H and P chains
  ---
  duration_ms: 10.7885
  type: 'test'
  ...
# Subtest: XIV authenticates the XIII fixtures instead of inventing historical expected output
ok 423 - XIV authenticates the XIII fixtures instead of inventing historical expected output
  ---
  duration_ms: 1.0915
  type: 'test'
  ...
# Subtest: XIV changed and doubled transform anchors are rejected
ok 424 - XIV changed and doubled transform anchors are rejected
  ---
  duration_ms: 1.4435
  type: 'test'
  ...
# Subtest: XIV complete report parity and no writes: empty
ok 425 - XIV complete report parity and no writes: empty
  ---
  duration_ms: 498.8031
  type: 'test'
  ...
# Subtest: XIV complete report parity and no writes: manual
ok 426 - XIV complete report parity and no writes: manual
  ---
  duration_ms: 193.3308
  type: 'test'
  ...
# Subtest: XIV complete report parity and no writes: sixteen
ok 427 - XIV complete report parity and no writes: sixteen
  ---
  duration_ms: 184.2892
  type: 'test'
  ...
# Subtest: XIV complete report parity and no writes: bound256
ok 428 - XIV complete report parity and no writes: bound256
  ---
  duration_ms: 190.2978
  type: 'test'
  ...
# Subtest: XIV complete report parity and no writes: overBound257
ok 429 - XIV complete report parity and no writes: overBound257
  ---
  duration_ms: 176.6668
  type: 'test'
  ...
# Subtest: XIV complete report parity and no writes: invalidRecord
ok 430 - XIV complete report parity and no writes: invalidRecord
  ---
  duration_ms: 174.1848
  type: 'test'
  ...
# Subtest: XIV complete report parity and no writes: invalidResource
ok 431 - XIV complete report parity and no writes: invalidResource
  ---
  duration_ms: 176.4356
  type: 'test'
  ...
# Subtest: XIV complete report parity and no writes: missingTasks
ok 432 - XIV complete report parity and no writes: missingTasks
  ---
  duration_ms: 164.6565
  type: 'test'
  ...
# Subtest: XIV complete report parity and no writes: invalidReservationContainer
ok 433 - XIV complete report parity and no writes: invalidReservationContainer
  ---
  duration_ms: 167.3423
  type: 'test'
  ...
# Subtest: XIV complete report parity and no writes: activeReservation
ok 434 - XIV complete report parity and no writes: activeReservation
  ---
  duration_ms: 160.9185
  type: 'test'
  ...
# Subtest: XIV complete report parity and no writes: expiredReservation
ok 435 - XIV complete report parity and no writes: expiredReservation
  ---
  duration_ms: 166.2661
  type: 'test'
  ...
# Subtest: XIV complete report parity and no writes: exactExpiry
ok 436 - XIV complete report parity and no writes: exactExpiry
  ---
  duration_ms: 166.2003
  type: 'test'
  ...
# Subtest: XIV complete report parity and no writes: missingOwner
ok 437 - XIV complete report parity and no writes: missingOwner
  ---
  duration_ms: 163.0128
  type: 'test'
  ...
# Subtest: XIV complete report parity and no writes: typedOwner
ok 438 - XIV complete report parity and no writes: typedOwner
  ---
  duration_ms: 160.6117
  type: 'test'
  ...
# Subtest: XIV complete report parity and no writes: capacity8M
ok 439 - XIV complete report parity and no writes: capacity8M
  ---
  duration_ms: 172.8707
  type: 'test'
  ...
# Subtest: XIV complete report parity and no writes: saturatedCapacity
ok 440 - XIV complete report parity and no writes: saturatedCapacity
  ---
  duration_ms: 159.2871
  type: 'test'
  ...
# Subtest: XIV complete report parity and no writes: missingTerminal
ok 441 - XIV complete report parity and no writes: missingTerminal
  ---
  duration_ms: 161.7302
  type: 'test'
  ...
# Subtest: XIV complete report parity and no writes: unseenRoom
ok 442 - XIV complete report parity and no writes: unseenRoom
  ---
  duration_ms: 165.1824
  type: 'test'
  ...
# Subtest: XIV complete report parity and no writes: sparseMismatch
ok 443 - XIV complete report parity and no writes: sparseMismatch
  ---
  duration_ms: 162.6448
  type: 'test'
  ...
# Subtest: XIV complete report parity and no writes: legacyMismatch
ok 444 - XIV complete report parity and no writes: legacyMismatch
  ---
  duration_ms: 157.7767
  type: 'test'
  ...
# Subtest: XIV full index API matches XIII for seeded mixed, damaged and overflowing corpora
ok 445 - XIV full index API matches XIII for seeded mixed, damaged and overflowing corpora
  ---
  duration_ms: 3465.89
  type: 'test'
  ...
# Subtest: XIV zero remaining, self routes, key aliases and first-route id behavior are preserved
ok 446 - XIV zero remaining, self routes, key aliases and first-route id behavior are preserved
  ---
  duration_ms: 136.8338
  type: 'test'
  ...
# Subtest: XIV removes four checked-add helper invocations per ordinary pending task without removing arithmetic guards
ok 447 - XIV removes four checked-add helper invocations per ordinary pending task without removing arithmetic guards
  ---
  duration_ms: 582.8746
  type: 'test'
  ...
# Subtest: XIV projection root descriptor lookups reduce from repeated endpoint reads to one sample cursor
ok 448 - XIV projection root descriptor lookups reduce from repeated endpoint reads to one sample cursor
  ---
  duration_ms: 183.0308
  type: 'test'
  ...
# Subtest: XIV cursor does not survive into the next sample or replace independent Store reads
ok 449 - XIV cursor does not survive into the next sample or replace independent Store reads
  ---
  duration_ms: 70.1426
  type: 'test'
  ...
# Subtest: XIV own-data projection boundary: inherited
ok 450 - XIV own-data projection boundary: inherited
  ---
  duration_ms: 160.5832
  type: 'test'
  ...
# Subtest: XIV own-data projection boundary: accessor
ok 451 - XIV own-data projection boundary: accessor
  ---
  duration_ms: 158.1394
  type: 'test'
  ...
# Subtest: XIV own-data projection boundary: null
ok 452 - XIV own-data projection boundary: null
  ---
  duration_ms: 158.432
  type: 'test'
  ...
# Subtest: XIV own-data projection boundary: array
ok 453 - XIV own-data projection boundary: array
  ---
  duration_ms: 156.5633
  type: 'test'
  ...
# Subtest: XIV own-data projection boundary: nonenumerable
ok 454 - XIV own-data projection boundary: nonenumerable
  ---
  duration_ms: 187.9288
  type: 'test'
  ...
# Subtest: XIV probe count is bounded per table: 0
ok 455 - XIV probe count is bounded per table: 0
  ---
  duration_ms: 158.1659
  type: 'test'
  ...
# Subtest: XIV probe count is bounded per table: 1
ok 456 - XIV probe count is bounded per table: 1
  ---
  duration_ms: 151.3431
  type: 'test'
  ...
# Subtest: XIV probe count is bounded per table: 6
ok 457 - XIV probe count is bounded per table: 6
  ---
  duration_ms: 147.0805
  type: 'test'
  ...
# Subtest: XIV probe count is bounded per table: 256
ok 458 - XIV probe count is bounded per table: 256
  ---
  duration_ms: 148.7632
  type: 'test'
  ...
# Subtest: XIV not-called carries no invented task or task timing
ok 459 - XIV not-called carries no invented task or task timing
  ---
  duration_ms: 69.5728
  type: 'test'
  ...
# Subtest: XIV nonpending/damaged prefix selects first valid pending ordinal, not task zero
ok 460 - XIV nonpending/damaged prefix selects first valid pending ordinal, not task zero
  ---
  duration_ms: 71.4585
  type: 'test'
  ...
# Subtest: XIV later overflow still scans the whole table and cannot drop first-region end
ok 461 - XIV later overflow still scans the whole table and cannot drop first-region end
  ---
  duration_ms: 72.5416
  type: 'test'
  ...
# Subtest: XIV pending processing throw closes first region then disables preview, never skips the fault
ok 462 - XIV pending processing throw closes first region then disables preview, never skips the fault
  ---
  duration_ms: 69.9512
  type: 'test'
  ...
# Subtest: XIV inner latency is assigned to selected first-pending interval and latches subsequent samples
ok 463 - XIV inner latency is assigned to selected first-pending interval and latches subsequent samples
  ---
  duration_ms: 69.835
  type: 'test'
  ...
# Subtest: XIV latency before selected task is not mislabeled as pending aggregation
ok 464 - XIV latency before selected task is not mislabeled as pending aggregation
  ---
  duration_ms: 78.986
  type: 'test'
  ...
# Subtest: XIV task profiles are frozen, fresh per sample and absent from tail-only completion
ok 465 - XIV task profiles are frozen, fresh per sample and absent from tail-only completion
  ---
  duration_ms: 77.4645
  type: 'test'
  ...
# Subtest: XIV task marker rejects regression, duplicate, invalid ordinal and inconsistent ordinal
ok 466 - XIV task marker rejects regression, duplicate, invalid ordinal and inconsistent ordinal
  ---
  duration_ms: 42.9087
  type: 'test'
  ...
# Subtest: XIV marker pair is opt-in: historical XIII probe behavior and schema are retained
ok 467 - XIV marker pair is opt-in: historical XIII probe behavior and schema are retained
  ---
  duration_ms: 71.7915
  type: 'test'
  ...
1..467
# tests 467
# suites 0
# pass 467
# fail 0
# cancelled 0
# skipped 0
# todo 0
# duration_ms 83226.7712
