FAIL src/runtime/treasury/treasuryRemediationIVKernel.test.ts (6.097 s)
  H01 独立 endTick 反向重入
    × onEffect 重入同 kernel beginTick：嵌套零推进、预算 1→1→7 不回退、累计释放 3、后续正常窗口真正处理 C (40 ms)
  H02 跨实例同域互斥
    × kernelB 回调内嵌套 begin/end 零推进；外层返回后顺序 beginTick 处理 C、endTick 预算不下降 (23 ms)
  H03 begin/end 四方向互斥
    × begin→begin / begin→end / end→begin / end→end 均非递归推进；关窗仍执行；已恢复记录不重复推进 (28 ms)
    √ 多条 dispatching 恢复事件逐条推进、事件计数对应 (15 ms)
  H04 异常路径与关窗共存
    × onEffect throw：持久成功写保留、guard 释放、下一正常调用可继续；release throw 不当完成；已推进时 endTick 关窗不覆盖预算 (51 ms)
  H05 共享关窗阻断业务
    × 推进回调内请求 endTick：回调内及外层返回后 authorize/dispatch/rearm 全拒；恢复清理继续；同 tick begin 不重开窗口 (569 ms)
  H06 预扣/确认/关窗/尾部发布故障与硬切点
    × 预扣写失败→端口不调用；确认写失败→份额不退、义务仍在；下一 tick 完成；endTick 尾写失败→不假报关窗成功 (10 ms)
    × 选定硬切点（预扣后调用前）完整 reset：预算与下一位置保留、义务仍在、新 runtime guard 不残留、正常窗口完成 (4 ms)
  H07 G01–G08 核心行为保留抽查
    × 当前成员单步确认、已确认项不再调用、错误真值不释放、记录内外公平推进不退化 (5 ms)
  H18 满载合法混合快照与逐 tick 完整 reset
    √ J05：64 条合法混合（30 closing×3 义务/20 unknown/10 retry_ready/4 pending）被生产 validator 判 healthy；构成/证据/发行/期限一致；active 64、ring 与字符守界 (25 ms)
    × J06（Seal I 全轨迹）：12 tick 观察段逐 tick healthy/份额≤8/释放≤4、非零服务与真实进展、unknown 风险逐字段与独立基线一致；有限收尾在回归测试限值内完成且失败项不提前消失；失败恢复段同上限核验；终态只剩不对账 unknown 且风险事实与基线逐字段一致 (503 ms)
    √ 零推进负向对照：healthy fixture 下生命周期推进为零时，J06 的进度/收尾指标全部零变化——上限与 unknown 保留断言单独绿不构成通过 (21 ms)
  Seal I 敏感性检查（K06）
    √ 轨迹完整性核验：完整轨迹通过；缺失中间窗口/缺失终态/事件计数不符/风险覆盖缺 ID/finalClose 缺失均必须报 problems (6 ms)
    √ unknown 风险字段级比较：同 ID/phase/腿数下的单字段漂移被定位到 attempt 与字段路径；null 与缺失不互相替代 (11 ms)

  ● H01 独立 endTick 反向重入 › onEffect 重入同 kernel beginTick：嵌套零推进、预算 1→1→7 不回退、累计释放 3、后续正常窗口真正处理 C

    expect(received).toBe(expected) // Object.is equality

    Expected: 7
    Received: 8

    [0m [90m 194 |[39m     expect(afterEnd)[33m.[39mtoBeGreaterThanOrEqual(budgetTrace[[35m0[39m] [33m?[39m[33m?[39m [35m0[39m)[33m;[39m [90m// 预算不回退（外层返回不覆盖较新事实）[39m
     [90m 195 |[39m     expect(afterEnd)[33m.[39mtoBe([35m1[39m)[33m;[39m [90m// A 恢复恰耗 1 份[39m
    [31m[1m>[22m[39m[90m 196 |[39m     expect(afterBegin)[33m.[39mtoBe([35m7[39m)[33m;[39m [90m// 正常窗口 3 项成对消耗[39m
     [90m     |[39m                        [31m[1m^[22m[39m
     [90m 197 |[39m     expect(releaseCalls)[33m.[39mtoEqual([[32m"ext:r4:D0"[39m[33m,[39m [32m"ext:r4:D1"[39m[33m,[39m [32m"ext:r4:D2"[39m])[33m;[39m [90m// 累计释放 3（≤4）[39m
     [90m 198 |[39m     expect(activeShape(fx[33m.[39mcId)[33m?[39m[33m.[39mphase)[33m.[39mtoBe([32m"closing"[39m)[33m;[39m [90m// C 未被禁掉全部清理——仍在推进[39m
     [90m 199 |[39m     expect(activeShape(fx[33m.[39mcId)[33m?[39m[33m.[39mcleanup[33m.[39mconsumerKeys[33m.[39mlength)[33m.[39mtoBe([35m5[39m)[33m;[39m [90m// 剩余义务下一 tick 继续[39m[0m

      at Object.<anonymous> (src/runtime/treasury/treasuryRemediationIVKernel.test.ts:196:24)

  ● H02 跨实例同域互斥 › kernelB 回调内嵌套 begin/end 零推进；外层返回后顺序 beginTick 处理 C、endTick 预算不下降

    expect(received).toBe(expected) // Object.is equality

    Expected: 7
    Received: 8

    [0m [90m 251 |[39m     kernelB[33m.[39mendTick()[33m;[39m
     [90m 252 |[39m     [36mconst[39m afterFinalEnd [33m=[39m readBudget()[33m;[39m
    [31m[1m>[22m[39m[90m 253 |[39m     expect(afterBegin)[33m.[39mtoBe([35m7[39m)[33m;[39m
     [90m     |[39m                        [31m[1m^[22m[39m
     [90m 254 |[39m     expect(afterFinalEnd)[33m.[39mtoBe([35m7[39m)[33m;[39m [90m// 成功预算发布不下降[39m
     [90m 255 |[39m     expect(releaseCalls[33m.[39mlength)[33m.[39mtoBe([35m3[39m)[33m;[39m [90m// 累计释放 3 ≤4[39m
     [90m 256 |[39m     expect(readBudget())[33m.[39mtoBeLessThanOrEqual([35m8[39m)[33m;[39m [90m// 累计份额 ≤8[39m[0m

      at Object.<anonymous> (src/runtime/treasury/treasuryRemediationIVKernel.test.ts:253:24)

  ● H03 begin/end 四方向互斥 › begin→begin / begin→end / end→begin / end→end 均非递归推进；关窗仍执行；已恢复记录不重复推进

    expect(received).toEqual(expected) // deep equality

    Expected: {"cancelled": 0, "cleaned": 0, "closed": 0, "recovered": 0}
    Received: undefined

    [0m [90m 319 |[39m     [36mconst[39m kernelBegin [33m=[39m (require([32m"@/runtime/treasury/kernel/kernel"[39m) [36mas[39m [36mtypeof[39m [36mimport[39m([32m"@/runtime/treasury/kernel/kernel"[39m))[33m.[39mcreateTreasuryCoreKernel(portsBegin)[33m;[39m
     [90m 320 |[39m     kernelBegin[33m.[39mbeginTick()[33m;[39m [90m// 处理 C——回调内嵌套 begin/end[39m
    [31m[1m>[22m[39m[90m 321 |[39m     expect(beginNested)[33m.[39mtoEqual({ recovered[33m:[39m [35m0[39m[33m,[39m closed[33m:[39m [35m0[39m[33m,[39m cleaned[33m:[39m [35m0[39m[33m,[39m cancelled[33m:[39m [35m0[39m })[33m;[39m [90m// begin→begin/end 均零推进[39m
     [90m     |[39m                         [31m[1m^[22m[39m
     [90m 322 |[39m     expect(releaseCalls)[33m.[39mtoEqual([[32m"ext:r4:D0"[39m[33m,[39m [32m"ext:r4:D1"[39m[33m,[39m [32m"ext:r4:D2"[39m])[33m;[39m [90m// 外层 beginTick 正常清理（3 项）[39m
     [90m 323 |[39m   })[33m;[39m
     [90m 324 |[39m[0m

      at Object.<anonymous> (src/runtime/treasury/treasuryRemediationIVKernel.test.ts:321:25)

  ● H04 异常路径与关窗共存 › onEffect throw：持久成功写保留、guard 释放、下一正常调用可继续；release throw 不当完成；已推进时 endTick 关窗不覆盖预算

    expect(received).toBe(expected) // Object.is equality

    Expected: 3
    Received: 0

    [0m [90m 379 |[39m     [90m// guard 已释放：下一正常调用可继续（C 清理推进）。[39m
     [90m 380 |[39m     [36mconst[39m stats [33m=[39m kernel1[33m.[39mbeginTick()[33m;[39m
    [31m[1m>[22m[39m[90m 381 |[39m     expect(stats[33m.[39mcleaned)[33m.[39mtoBe([35m3[39m)[33m;[39m [90m// 0+1? 预算——endTick 异常发生在 A 写之后：used 已 1 → 清 3 项（1→7）[39m
     [90m     |[39m                           [31m[1m^[22m[39m
     [90m 382 |[39m     expect(releaseCalls[33m.[39mlength)[33m.[39mtoBe([35m3[39m)[33m;[39m
     [90m 383 |[39m
     [90m 384 |[39m     [90m// 已推进时再请求关窗：endTick 不递归恢复、关窗生效、不覆盖预算/游标。[39m[0m

      at Object.<anonymous> (src/runtime/treasury/treasuryRemediationIVKernel.test.ts:381:27)

  ● H05 共享关窗阻断业务 › 推进回调内请求 endTick：回调内及外层返回后 authorize/dispatch/rearm 全拒；恢复清理继续；同 tick begin 不重开窗口

    expect(received).toBe(expected) // Object.is equality

    Expected: "lifecycle_closed"
    Received: ""

    [0m [90m 452 |[39m
     [90m 453 |[39m     kernelMock[33m.[39mbeginTick()[33m;[39m [90m// 推进：清理回调内请求关窗 + 尝试 authorize[39m
    [31m[1m>[22m[39m[90m 454 |[39m     expect(authorizeInCallback)[33m.[39mtoBe([32m"lifecycle_closed"[39m)[33m;[39m [90m// 回调内业务被共享关窗阻断[39m
     [90m     |[39m                                 [31m[1m^[22m[39m
     [90m 455 |[39m     expect(releaseCalls[33m.[39mlength)[33m.[39mtoBe([35m3[39m)[33m;[39m [90m// 实际动作照常（清理推进不受关窗影响）[39m
     [90m 456 |[39m     [90m// 外层返回后：authorize/rearm 仍拒。[39m
     [90m 457 |[39m     [36mconst[39m builtAfter [33m=[39m actionContractsModule[33m.[39mbuildTreasuryActionContract(service[33m,[39m { actionKind[33m:[39m [32m"test.transfer"[39m[33m,[39m transactionId[33m:[39m [32m"biz:h5:after"[39m[33m,[39m args[33m:[39m { fromRoom[33m:[39m [32m"W1N57"[39m[33m,[39m fromLocation[33m:[39m [32m"storage"[39m[33m,[39m toRoom[33m:[39m [32m"W2N57"[39m[33m,[39m toLocation[33m:[39m [32m"terminal"[39m[33m,[39m resource[33m:[39m [33mRESOURCE_ENERGY[39m[33m,[39m amount[33m:[39m [35m10[39m[33m,[39m outcome[33m:[39m [32m"ok"[39m } })[33m;[39m[0m

      at Object.<anonymous> (src/runtime/treasury/treasuryRemediationIVKernel.test.ts:454:33)

  ● H06 预扣/确认/关窗/尾部发布故障与硬切点 › 预扣写失败→端口不调用；确认写失败→份额不退、义务仍在；下一 tick 完成；endTick 尾写失败→不假报关窗成功

    expect(received).toEqual(expected) // deep equality

    - Expected  - 3
    + Received  + 1

    - Array [
    -   "ext:h6:D0",
    - ]
    + Array []

    [0m [90m 507 |[39m     kernel[33m.[39mbeginTick()[33m;[39m
     [90m 508 |[39m     ic2[33m.[39mrestore()[33m;[39m
    [31m[1m>[22m[39m[90m 509 |[39m     expect(releaseCalls)[33m.[39mtoEqual([[32m"ext:h6:D0"[39m])[33m;[39m [90m// 端口在预扣成功后调用[39m
     [90m     |[39m                          [31m[1m^[22m[39m
     [90m 510 |[39m     expect(readBudget())[33m.[39mtoBe([35m2[39m)[33m;[39m [90m// 预扣两份已持久（不退回）[39m
     [90m 511 |[39m     expect(activeShape(cId)[33m?[39m[33m.[39mcleanup[33m.[39mconsumerKeys[33m.[39mlength)[33m.[39mtoBe([35m2[39m)[33m;[39m [90m// 确认未写——义务仍在[39m
     [90m 512 |[39m     expect(activeShape(cId)[33m?[39m[33m.[39mphase)[33m.[39mtoBe([32m"closing"[39m)[33m;[39m[0m

      at Object.<anonymous> (src/runtime/treasury/treasuryRemediationIVKernel.test.ts:509:26)

  ● H06 预扣/确认/关窗/尾部发布故障与硬切点 › 选定硬切点（预扣后调用前）完整 reset：预算与下一位置保留、义务仍在、新 runtime guard 不残留、正常窗口完成

    expect(received).toBe(expected) // Object.is equality

    Expected: 2
    Received: 8

    [0m [90m 555 |[39m     [36mif[39m (bp [33m===[39m undefined) [36mthrow[39m [36mnew[39m [33mError[39m([32m"硬切点未捕获"[39m)[33m;[39m
     [90m 556 |[39m     expect(callsAtBreakpoint)[33m.[39mtoBe([35m0[39m)[33m;[39m [90m// 断点时刻在端口调用之前（不是 catch 执行后的快照）[39m
    [31m[1m>[22m[39m[90m 557 |[39m     expect(readBudget())[33m.[39mtoBe([35m2[39m)[33m;[39m [90m// 快照内：预扣两份已发布保留[39m
     [90m     |[39m                          [31m[1m^[22m[39m
     [90m 558 |[39m     expect(([33mJSON[39m[33m.[39mparse(bp[33m.[39mmemorySnapshot) [36mas[39m { runtime[33m?[39m[33m:[39m { treasuryCore[33m?[39m[33m:[39m { recovery[33m?[39m[33m:[39m { budgetUsed[33m?[39m[33m:[39m number } } } })[33m.[39mruntime[33m?[39m[33m.[39mtreasuryCore[33m?[39m[33m.[39mrecovery[33m?[39m[33m.[39mbudgetUsed)[33m.[39mtoBe([35m2[39m)[33m;[39m
     [90m 559 |[39m
     [90m 560 |[39m     [90m// 完整 reset（硬切点状态分支）：新 runtime 从持久快照恢复（D0 预扣后[39m[0m

      at Object.<anonymous> (src/runtime/treasury/treasuryRemediationIVKernel.test.ts:557:26)

  ● H07 G01–G08 核心行为保留抽查 › 当前成员单步确认、已确认项不再调用、错误真值不释放、记录内外公平推进不退化

    expect(received).toEqual(expected) // deep equality

    - Expected  - 6
    + Received  + 1

    - Array [
    -   "ext:h7:D0",
    -   "ext:h7:D1",
    -   "ext:h7:D2",
    -   "ext:h7:D3",
    - ]
    + Array []

    [0m [90m 592 |[39m     [33mGame[39m[33m.[39mtime [33m+=[39m [35m1[39m[33m;[39m
     [90m 593 |[39m     kernel[33m.[39mbeginTick()[33m;[39m
    [31m[1m>[22m[39m[90m 594 |[39m     expect(releaseCalls)[33m.[39mtoEqual([[32m"ext:h7:D0"[39m[33m,[39m [32m"ext:h7:D1"[39m[33m,[39m [32m"ext:h7:D2"[39m[33m,[39m [32m"ext:h7:D3"[39m])[33m;[39m [90m// 每项恰一次（成对预算 2×4=8）[39m
     [90m     |[39m                          [31m[1m^[22m[39m
     [90m 595 |[39m     expect(activeShape(cId)[33m?[39m[33m.[39mcleanup[33m.[39mconsumerKeys[33m.[39mlength)[33m.[39mtoBe([35m1[39m)[33m;[39m [90m// 仅 D0 仍在[39m
     [90m 596 |[39m     [33mGame[39m[33m.[39mtime [33m+=[39m [35m1[39m[33m;[39m
     [90m 597 |[39m     kernel[33m.[39mbeginTick()[33m;[39m[0m

      at Object.<anonymous> (src/runtime/treasury/treasuryRemediationIVKernel.test.ts:594:26)

  ● H18 满载合法混合快照与逐 tick 完整 reset › J06（Seal I 全轨迹）：12 tick 观察段逐 tick healthy/份额≤8/释放≤4、非零服务与真实进展、unknown 风险逐字段与独立基线一致；有限收尾在回归测试限值内完成且失败项不提前消失；失败恢复段同上限核验；终态只剩不对账 unknown 且风险事实与基线逐字段一致

    expect(received).toBeGreaterThan(expected)

    Expected: > 0
    Received:   0

    [0m [90m 917 |[39m       [90m// 观察段断言：非零服务 + 真实进展（上限断言单独绿不构成通过）。[39m
     [90m 918 |[39m       [36mconst[39m afterObs [33m=[39m h18StateOf()[33m;[39m
    [31m[1m>[22m[39m[90m 919 |[39m       expect(fx[33m.[39mreleaseEvents[33m.[39mlength)[33m.[39mtoBeGreaterThan([35m0[39m)[33m;[39m [90m// 实际端口事件非零[39m
     [90m     |[39m                                       [31m[1m^[22m[39m
     [90m 920 |[39m       expect(h18HasProgress(initial[33m,[39m afterObs))[33m.[39mtoBe([36mtrue[39m)[33m;[39m
     [90m 921 |[39m       expect(afterObs[33m.[39mphases[33m.[39mpending)[33m.[39mtoBe([35m0[39m)[33m;[39m [90m// pending 经安全取消退出（≤3/tick，2 tick 内完成）[39m
     [90m 922 |[39m       expect(afterObs[33m.[39mremaining)[33m.[39mtoBeLessThan(initial[33m.[39mremaining)[33m;[39m [90m// 合法 remaining 减少[39m[0m

      at Object.<anonymous> (src/runtime/treasury/treasuryRemediationIVKernel.test.ts:919:39)

Test Suites: 1 failed, 1 total
Tests:       9 failed, 5 passed, 14 total
Snapshots:   0 total
Time:        6.283 s
Ran all test suites within paths "src/runtime/treasury/treasuryRemediationIVKernel.test.ts".
