  console.log
    H18-TRACE completed=true observe=12 bounded=13/40 recovery=1/10 checkpoints=54 portEvents=96 finalClose=25 final={"phases":{"closing":0,"outcome_unknown":20,"retry_ready":0,"pending":0,"other":0},"remaining":0,"active":20,"ring":44,"chars":21879,"utf8Bytes":21879,"budgetUsed":2}

      at Object.<anonymous> (src/runtime/treasury/treasuryRemediationIVKernel.test.ts:1077:15)

PASS src/runtime/treasury/treasuryRemediationIVKernel.test.ts (9.324 s)
  H01 独立 endTick 反向重入
    √ onEffect 重入同 kernel beginTick：嵌套零推进、预算 1→1→7 不回退、累计释放 3、后续正常窗口真正处理 C (42 ms)
  H02 跨实例同域互斥
    √ kernelB 回调内嵌套 begin/end 零推进；外层返回后顺序 beginTick 处理 C、endTick 预算不下降 (28 ms)
  H03 begin/end 四方向互斥
    √ begin→begin / begin→end / end→begin / end→end 均非递归推进；关窗仍执行；已恢复记录不重复推进 (24 ms)
    √ 多条 dispatching 恢复事件逐条推进、事件计数对应 (22 ms)
  H04 异常路径与关窗共存
    √ onEffect throw：持久成功写保留、guard 释放、下一正常调用可继续；release throw 不当完成；已推进时 endTick 关窗不覆盖预算 (111 ms)
  H05 共享关窗阻断业务
    √ 推进回调内请求 endTick：回调内及外层返回后 authorize/dispatch/rearm 全拒；恢复清理继续；同 tick begin 不重开窗口 (663 ms)
  H06 预扣/确认/关窗/尾部发布故障与硬切点
    √ 预扣写失败→端口不调用；确认写失败→份额不退、义务仍在；下一 tick 完成；endTick 尾写失败→不假报关窗成功 (13 ms)
    √ 选定硬切点（预扣后调用前）完整 reset：预算与下一位置保留、义务仍在、新 runtime guard 不残留、正常窗口完成 (24 ms)
  H07 G01–G08 核心行为保留抽查
    √ 当前成员单步确认、已确认项不再调用、错误真值不释放、记录内外公平推进不退化 (12 ms)
  H18 满载合法混合快照与逐 tick 完整 reset
    √ J05：64 条合法混合（30 closing×3 义务/20 unknown/10 retry_ready/4 pending）被生产 validator 判 healthy；构成/证据/发行/期限一致；active 64、ring 与字符守界 (25 ms)
    √ J06（Seal I 全轨迹）：12 tick 观察段逐 tick healthy/份额≤8/释放≤4、非零服务与真实进展、unknown 风险逐字段与独立基线一致；有限收尾在回归测试限值内完成且失败项不提前消失；失败恢复段同上限核验；终态只剩不对账 unknown 且风险事实与基线逐字段一致 (4004 ms)
    √ 零推进负向对照：healthy fixture 下生命周期推进为零时，J06 的进度/收尾指标全部零变化——上限与 unknown 保留断言单独绿不构成通过 (24 ms)
  Seal I 敏感性检查（K06）
    √ 轨迹完整性核验：完整轨迹通过；缺失中间窗口/缺失终态/事件计数不符/风险覆盖缺 ID/finalClose 缺失均必须报 problems (6 ms)
    √ unknown 风险字段级比较：同 ID/phase/腿数下的单字段漂移被定位到 attempt 与字段路径；null 与缺失不互相替代 (10 ms)

Test Suites: 1 passed, 1 total
Tests:       14 passed, 14 total
Snapshots:   0 total
Time:        9.52 s
Ran all test suites within paths "src/runtime/treasury/treasuryRemediationIVKernel.test.ts".
