Server version 4.3.0
Starting all processes. Ports: 21025 (game), 21026 (cli)
[storage] process 88588 started
[backend] process 131640 started
[engine_main] process 142692 started
[engine_runner1] process 145796 started
[engine_processor1] process 143972 started
[engine_processor2] process 148420 started
[backend] process 131640 exited with code 0, restarting...
[backend] process 146352 started
[backend] process 146352 exited with code 0, restarting...
[backend] process 147912 started
[backend] process 147912 exited with code 0, restarting...
[backend] process 148180 started
[backend] process 148180 exited with code 0, restarting...
[backend] process 146000 started
[backend] process 146000 exited with code 0, restarting...
[backend] process 133128 started
[backend] process 133128 exited with code 0, restarting...
[backend] process 148428 started
[backend] process 148428 exited with code 0, restarting...
[backend] process 118284 started
[backend] process 118284 exited with code 0, restarting...
[backend] process 143204 started
[backend] process 143204 exited with code 0, restarting...
[backend] process 115460 started
[backend] process 115460 exited with code 0, restarting...
[backend] process 118476 started
[backend] process 118476 exited with code 0, restarting...
[backend] process 147472 started
[backend] process 147472 exited with code 0, restarting...
[backend] process 103236 started
[backend] process 103236 exited with code 0, restarting...
[backend] process 147596 started
[backend] process 147596 exited with code 0, restarting...
[backend] process 137728 started
[backend] process 137728 exited with code 0, restarting...
[backend] process 143540 started
[backend] process 143540 exited with code 0, restarting...
[backend] process 90636 started
[backend] process 90636 exited with code 0, restarting...
[backend] process 143156 started
[backend] process 143156 exited with code 0, restarting...
[backend] process 129556 started
[backend] process 129556 exited with code 0, restarting...
[backend] process 148312 started
[backend] process 148312 exited with code 0, restarting...
[backend] process 147160 started
[backend] process 147160 exited with code 0, restarting...
[backend] process 145728 started
[backend] process 145728 exited with code 0, restarting...
[backend] process 134000 started
[backend] process 134000 exited with code 0, restarting...
[backend] process 122604 started
[backend] process 122604 exited with code 0, restarting...
[backend] process 123784 started
[backend] process 123784 exited with code 0, restarting...
[backend] process 2604 started
[backend] process 2604 exited with code 0, restarting...
[backend] process 142568 started
[backend] process 142568 exited with code 0, restarting...
[backend] process 135360 started
[backend] process 135360 exited with code 0, restarting...
[backend] process 118952 started
[backend] process 118952 exited with code 0, restarting...
[backend] process 100796 started
[backend] process 100796 exited with code 0, restarting...
[backend] process 118476 started
[backend] process 118476 exited with code 0, restarting...
[backend] process 95636 started
[backend] process 95636 exited with code 0, restarting...
[backend] process 115420 started
[backend] process 115420 exited with code 0, restarting...
[backend] process 147464 started
[backend] process 147464 exited with code 0, restarting...
[backend] process 82388 started
[backend] process 82388 exited with code 0, restarting...
[backend] process 143304 started
[backend] process 143304 exited with code 0, restarting...
[backend] process 145788 started
[backend] process 145788 exited with code 0, restarting...
[backend] process 125408 started
[backend] process 125408 exited with code 0, restarting...
[backend] process 144988 started
[backend] process 144988 exited with code 0, restarting...
[backend] process 145128 started
[backend] process 145128 exited with code 0, restarting...
[backend] process 136644 started
[backend] process 136644 exited with code 0, restarting...
[backend] process 118560 started
[backend] process 118560 exited with code 0, restarting...
[backend] process 142568 started
[backend] process 142568 exited with code 0, restarting...
[backend] process 107504 started
[backend] process 107504 exited with code 0, restarting...
[backend] process 133856 started
[backend] process 133856 exited with code 0, restarting...
[backend] process 147636 started
[backend] process 147636 exited with code 0, restarting...
[backend] process 141280 started
[backend] process 141280 exited with code 0, restarting...
[backend] process 119616 started
[backend] process 119616 exited with code 0, restarting...
[backend] process 146996 started
[backend] process 146996 exited with code 0, restarting...
[backend] process 29796 started
[backend] process 29796 exited with code 0, restarting...
[backend] process 132660 started
[backend] process 132660 exited with code 0, restarting...
[backend] process 146464 started
[backend] process 146464 exited with code 0, restarting...
[backend] process 143016 started
[backend] process 143016 exited with code 0, restarting...
[backend] process 139704 started
[backend] process 139704 exited with code 0, restarting...
[backend] process 130276 started
[backend] process 130276 exited with code 0, restarting...
[backend] process 66156 started
[backend] process 66156 exited with code 0, restarting...
[backend] process 130912 started
[backend] process 130912 exited with code 0, restarting...
[backend] process 145140 started
[backend] process 145140 exited with code 0, restarting...
[backend] process 59748 started
[backend] process 59748 exited with code 0, restarting...
[backend] process 124052 started
[backend] process 124052 exited with code 0, restarting...
[backend] process 143180 started
[backend] process 143180 exited with code 0, restarting...
[backend] process 147924 started
[backend] process 147924 exited with code 0, restarting...
[backend] process 137580 started
[backend] process 137580 exited with code 0, restarting...
[backend] process 143240 started
[backend] process 143240 exited with code 0, restarting...
[backend] process 115396 started
[backend] process 115396 exited with code 0, restarting...
[backend] process 147912 started
[backend] process 147912 exited with code 0, restarting...
[backend] process 23788 started
[backend] process 23788 exited with code 0, restarting...
[backend] process 139092 started
[backend] process 139092 exited with code 0, restarting...
[backend] process 145332 started
[backend] process 145332 exited with code 0, restarting...
[backend] process 145112 started
[backend] process 145112 exited with code 0, restarting...
[backend] process 145652 started
[backend] process 145652 exited with code 0, restarting...
[backend] process 137844 started
[backend] process 137844 exited with code 0, restarting...
[backend] process 146720 started
[backend] process 146720 exited with code 0, restarting...
[backend] process 132324 started
[backend] process 132324 exited with code 0, restarting...
[backend] process 144084 started
[backend] process 144084 exited with code 0, restarting...
[backend] process 139312 started
[backend] process 139312 exited with code 0, restarting...
[backend] process 116800 started
[backend] process 116800 exited with code 0, restarting...
[backend] process 135352 started
[backend] process 135352 exited with code 0, restarting...
[backend] process 128876 started
[backend] process 128876 exited with code 0, restarting...
[backend] process 121020 started
[backend] process 121020 exited with code 0, restarting...
[backend] process 142404 started
[backend] process 142404 exited with code 0, restarting...
[backend] process 131592 started
[backend] process 131592 exited with code 0, restarting...
[backend] process 99496 started
[backend] process 99496 exited with code 0, restarting...
[backend] process 100796 started
[backend] process 100796 exited with code 0, restarting...
[backend] process 144772 started
[backend] process 144772 exited with code 0, restarting...
[backend] process 137580 started
[backend] process 137580 exited with code 0, restarting...
[backend] process 146836 started
[backend] process 146836 exited with code 0, restarting...
[backend] process 143984 started
[backend] process 143984 exited with code 0, restarting...
[backend] process 127352 started
[backend] process 127352 exited with code 0, restarting...
[backend] process 145200 started
[backend] process 145200 exited with code 0, restarting...
[backend] process 138876 started
[backend] process 138876 exited with code 0, restarting...
[backend] process 119472 started
[backend] process 119472 exited with code 0, restarting...
[backend] process 89680 started
[backend] process 89680 exited with code 0, restarting...
[backend] process 98656 started
[backend] process 98656 exited with code 0, restarting...
[backend] process 113304 started
[backend] process 113304 exited with code 0, restarting...
[backend] process 132284 started
[backend] process 132284 exited with code 0, restarting...
[backend] process 138180 started
[backend] process 138180 exited with code 0, restarting...
[backend] process 139312 started
[backend] process 139312 exited with code 0, restarting...
[backend] process 126804 started
[backend] process 126804 exited with code 0, restarting...
[backend] process 145728 started
[backend] process 145728 exited with code 0, restarting...
[backend] process 147784 started
[backend] process 147784 exited with code 0, restarting...
[backend] process 125484 started
[backend] process 125484 exited with code 0, restarting...
[backend] process 62612 started
[backend] process 62612 exited with code 0, restarting...
[backend] process 141152 started
[backend] process 141152 exited with code 0, restarting...
[backend] process 135968 started
[backend] process 135968 exited with code 0, restarting...
[backend] process 143240 started
[backend] process 143240 exited with code 0, restarting...
[backend] process 23780 started
[backend] process 23780 exited with code 0, restarting...
[backend] process 135144 started
[backend] process 135144 exited with code 0, restarting...
[backend] process 145064 started
[backend] process 145064 exited with code 0, restarting...
[backend] process 141304 started
[backend] process 141304 exited with code 0, restarting...
[backend] process 146068 started
[backend] process 146068 exited with code 0, restarting...
[backend] process 143456 started
[backend] process 143456 exited with code 0, restarting...
[backend] process 119708 started
[backend] process 119708 exited with code 0, restarting...
[backend] process 63728 started
[backend] process 63728 exited with code 0, restarting...
[backend] process 148180 started
[backend] process 148180 exited with code 0, restarting...
[backend] process 147260 started
[backend] process 147260 exited with code 0, restarting...
[backend] process 127124 started
[backend] process 127124 exited with code 0, restarting...
[backend] process 143352 started
[backend] process 143352 exited with code 0, restarting...
[backend] process 137340 started
[backend] process 137340 exited with code 0, restarting...
[backend] process 144996 started
[backend] process 144996 exited with code 0, restarting...
[backend] process 147480 started
[backend] process 147480 exited with code 0, restarting...
[backend] process 138880 started
[backend] process 138880 exited with code 0, restarting...
[backend] process 134504 started
[backend] process 134504 exited with code 0, restarting...
[backend] process 147248 started
[backend] process 147248 exited with code 0, restarting...
[backend] process 138964 started
[backend] process 138964 exited with code 0, restarting...
[backend] process 146340 started
[backend] process 146340 exited with code 0, restarting...
[backend] process 129648 started
[backend] process 129648 exited with code 0, restarting...
[backend] process 125200 started
[backend] process 125200 exited with code 0, restarting...
[backend] process 135020 started
[backend] process 135020 exited with code 0, restarting...
[backend] process 147060 started
[backend] process 147060 exited with code 0, restarting...
[backend] process 148016 started
[backend] process 148016 exited with code 0, restarting...
[backend] process 144220 started
[backend] process 144220 exited with code 0, restarting...
[backend] process 144336 started
[backend] process 144336 exited with code 0, restarting...
[backend] process 140084 started
[backend] process 140084 exited with code 0, restarting...
[backend] process 99060 started
[backend] process 99060 exited with code 0, restarting...
[backend] process 147716 started
[backend] process 147716 exited with code 0, restarting...
[backend] process 104756 started
[backend] process 104756 exited with code 0, restarting...
[backend] process 148368 started
[backend] process 148368 exited with code 0, restarting...
[backend] process 141152 started
[backend] process 141152 exited with code 0, restarting...
[backend] process 103808 started
[backend] process 103808 exited with code 0, restarting...
[backend] process 147636 started
[backend] process 147636 exited with code 0, restarting...
[backend] process 143756 started
[backend] process 143756 exited with code 0, restarting...
[backend] process 147008 started
[backend] process 147008 exited with code 0, restarting...
[backend] process 146620 started
[backend] process 146620 exited with code 0, restarting...
[backend] process 12500 started
[backend] process 12500 exited with code 0, restarting...
[backend] process 139700 started
[backend] process 139700 exited with code 0, restarting...
[backend] process 123604 started
[backend] process 123604 exited with code 0, restarting...
