TAP version 13
# Subtest: abnormal close retains close code, writes exactly one footer/result, and redacts detail
ok 1 - abnormal close retains close code, writes exactly one footer/result, and redacts detail
  ---
  duration_ms: 208.9511
  type: 'test'
  ...
# Subtest: error without close is classified and preserves bounded private diagnostics
ok 2 - error without close is classified and preserves bounded private diagnostics
  ---
  duration_ms: 2217.8704
  type: 'test'
  ...
# Subtest: cross-platform file request produces a clean probe terminal record
not ok 3 - cross-platform file request produces a clean probe terminal record
  ---
  duration_ms: 115.5417
  type: 'test'
  location: 'D:\\code\\screeps\\compat-observation-0002-toolkit\\tests\\collector-process.spec.cjs:66:1'
  failureType: 'testCodeFailure'
  error: |-
    Expected values to be strictly equal:
    
    1 !== 0
    
  code: 'ERR_ASSERTION'
  name: 'AssertionError'
  expected: 0
  actual: 1
  operator: 'strictEqual'
  stack: |-
    TestContext.<anonymous> (D:\code\screeps\compat-observation-0002-toolkit\tests\collector-process.spec.cjs:68:10)
    process.processTicksAndRejections (node:internal/process/task_queues:105:5)
    async Test.run (node:internal/test_runner/test:1054:7)
    async Test.processPendingSubtests (node:internal/test_runner/test:744:7)
  ...
# Subtest: collector diagnostics redact, bound and hash arbitrary error text without retaining it
ok 4 - collector diagnostics redact, bound and hash arbitrary error text without retaining it
  ---
  duration_ms: 3.7427
  type: 'test'
  ...
# Subtest: close details retain bounded close code and redacted reason
ok 5 - close details retain bounded close code and redacted reason
  ---
  duration_ms: 0.5538
  type: 'test'
  ...
# Subtest: watch exposes transport lifecycle separately from console and cpu freshness
ok 6 - watch exposes transport lifecycle separately from console and cpu freshness
  ---
  duration_ms: 0.566
  type: 'test'
  ...
# Subtest: valid explicit stop requests are narrow and run-bound
ok 7 - valid explicit stop requests are narrow and run-bound
  ---
  duration_ms: 0.1833
  type: 'test'
  ...
# Subtest: probe evidence requires duration, both channels, one footer and no upload attempt
ok 8 - probe evidence requires duration, both channels, one footer and no upload attempt
  ---
  duration_ms: 1.0105
  type: 'test'
  ...
# Subtest: probe rejects upload attempt
ok 9 - probe rejects upload attempt
  ---
  duration_ms: 0.5527
  type: 'test'
  ...
# Subtest: probe rejects short duration
ok 10 - probe rejects short duration
  ---
  duration_ms: 0.1955
  type: 'test'
  ...
# Subtest: probe rejects missing cpu
ok 11 - probe rejects missing cpu
  ---
  duration_ms: 0.1058
  type: 'test'
  ...
# Subtest: probe rejects duplicate footer
ok 12 - probe rejects duplicate footer
  ---
  duration_ms: 0.1355
  type: 'test'
  ...
# Subtest: healthy collector is accepted
ok 13 - healthy collector is accepted
  ---
  duration_ms: 1.1236
  type: 'test'
  ...
# Subtest: collector failure classes remain distinct
ok 14 - collector failure classes remain distinct
  ---
  duration_ms: 0.2224
  type: 'test'
  ...
# Subtest: terminal result wins over a stale heartbeat and keeps its stable reason code
ok 15 - terminal result wins over a stale heartbeat and keeps its stable reason code
  ---
  duration_ms: 0.2961
  type: 'test'
  ...
# Subtest: trigger reason preserves wall, tick and explicit-close safety gates
ok 16 - trigger reason preserves wall, tick and explicit-close safety gates
  ---
  duration_ms: 0.2306
  type: 'test'
  ...
1..16
# tests 16
# suites 0
# pass 15
# fail 1
# cancelled 0
# skipped 0
# todo 0
# duration_ms 2641.1491
