FAIL src/runtime/treasury/treasuryR6V1BaselineReplicator.test.ts
  ● Console

    console.log
      R6-V1-TRACES health=unhealthy reason=active[tk1_h18_00] 阶段 closing 但结果未确定或无证据（结构矛盾）

      at Object.<anonymous> (src/runtime/treasury/treasuryR6V1BaselineReplicator.test.ts:133:13)

    console.log
      R6-V1-TRACES
        health={"status":"unhealthy","reason":"active[tk1_h18_00] 阶段 closing 但结果未确定或无证据（结构矛盾）"}
        per-tick-releases=[0,0,0,0,0,0,0,0,0,0,0,0]
        total-release-calls=0
        phases-after-12-ticks={"closing":30,"outcome_unknown":20,"retry_ready":10,"pending":4}
        chars=54416

      at Object.<anonymous> (src/runtime/treasury/treasuryR6V1BaselineReplicator.test.ts:151:13)

  ● V1 基线：旧 H18 fixture 的健康红灯与零推进空转 › J05 基线反例：旧 H18 满载 fixture 必须被判 healthy（修复后语义；基线红）+ 12 tick 零推进轨迹

    expect(received).toBe(expected) // Object.is equality

    Expected: "healthy"
    Received: "unhealthy"

    [0m [90m 153 |[39m     expect(treasuryCoreSerializedChars([33mMemory[39m[33m.[39mruntime[33m![39m[33m.[39mtreasuryCore [36mas[39m never))[33m.[39mtoBeLessThanOrEqual([33mTREASURY_CORE_TOTAL_CHAR_BUDGET[39m)[33m;[39m
     [90m 154 |[39m     [90m// 修复后语义：fixture 必须健康（基线在此红——"没有工作就全绿"的测试前提无效）。[39m
    [31m[1m>[22m[39m[90m 155 |[39m     expect(health[33m.[39mstatus)[33m.[39mtoBe([32m"healthy"[39m)[33m;[39m
     [90m     |[39m                           [31m[1m^[22m[39m
     [90m 156 |[39m   })[33m;[39m
     [90m 157 |[39m })[33m;[39m
     [90m 158 |[39m[0m

      at Object.<anonymous> (src/runtime/treasury/treasuryR6V1BaselineReplicator.test.ts:155:27)

PASS src/runtime/treasury/treasuryR6R1BaselineReplicator.test.ts
  ● Console

    console.log
      R6-R1-TRACES
        parent-admit={"tick":1,"attemptId":"tk1_1_5431df6a93ea92cc"}
        parent-phase={"tick":2,"phase":"retry_ready"}
        end-tick={"tick":2,"recoveredToUnknown":0,"closurePersisted":true}
        persistent-closure={"tick":2,"lastEndTick":2}
        after-reset={"tick":2,"heapVetoActive":false,"lastEndTick":2,"frontier":1,"activeCount":1}
        post-reset-admit={"status":"rejected","reason":"本 tick 授权窗口已关闭（endTick 后不得接纳/执行/rearm；恢复与安全清理继续）","reasonCode":"lifecycle_closed","frontierDelta":0,"activeDelta":0}
        post-reset-rearm-capability={"status":"ok"}
        post-reset-execute-rearm={"status":"rejected","reasonCode":"lifecycle_closed","activeDelta":0,"parentPhaseAfter":"retry_ready"}

      at Object.<anonymous> (src/runtime/treasury/treasuryR6R1BaselineReplicator.test.ts:148:13)


Test Suites: 1 failed, 1 passed, 2 total
Tests:       1 failed, 3 passed, 4 total
Snapshots:   0 total
Time:        4.442 s, estimated 5 s
Ran all test suites matching /src\\runtime\\treasury\\treasuryR6R1BaselineReplicator.test.ts|src\\runtime\\treasury\\treasuryR6V1BaselineReplicator.test.ts/i.
