  console.log
    R6-V1-TRACES health=unhealthy reason=active[tk1_h18_00] 阶段 closing 但结果未确定或无证据（结构矛盾）

      at Object.<anonymous> (src/runtime/treasury/treasuryR6V1BaselineReplicator.test.ts:133:13)

  console.log
    R6-V1-TRACES
      health={"status":"unhealthy","reason":"active[tk1_h18_00] 阶段 closing 但结果未确定或无证据（结构矛盾）"}
      per-tick-releases=[0,0,0,0,0,0,0,0,0,0,0,0]
      total-release-calls=0
      phases-after-12-ticks={"closing":30,"outcome_unknown":20,"retry_ready":10,"pending":4}
      chars=54416

      at Object.<anonymous> (src/runtime/treasury/treasuryR6V1BaselineReplicator.test.ts:151:13)

FAIL src/runtime/treasury/treasuryR6V1BaselineReplicator.test.ts
  V1 基线：旧 H18 fixture 的健康红灯与零推进空转
    × J05 基线反例：旧 H18 满载 fixture 必须被判 healthy（修复后语义；基线红）+ 12 tick 零推进轨迹 (261 ms)

  ● V1 基线：旧 H18 fixture 的健康红灯与零推进空转 › J05 基线反例：旧 H18 满载 fixture 必须被判 healthy（修复后语义；基线红）+ 12 tick 零推进轨迹

    expect(received).toBe(expected) // Object.is equality

    Expected: "healthy"
    Received: "unhealthy"

    [0m [90m 153 |[39m     expect(treasuryCoreSerializedChars([33mMemory[39m[33m.[39mruntime[33m![39m[33m.[39mtreasuryCore [36mas[39m never))[33m.[39mtoBeLessThanOrEqual([33mTREASURY_CORE_TOTAL_CHAR_BUDGET[39m)[33m;[39m
     [90m 154 |[39m     [90m// 修复后语义：fixture 必须健康（基线在此红——"没有工作就全绿"的测试前提无效）。[39m
    [31m[1m>[22m[39m[90m 155 |[39m     expect(health[33m.[39mstatus)[33m.[39mtoBe([32m"healthy"[39m)[33m;[39m
     [90m     |[39m                           [31m[1m^[22m[39m
     [90m 156 |[39m   })[33m;[39m
     [90m 157 |[39m })[33m;[39m
     [90m 158 |[39m[0m

      at Object.<anonymous> (src/runtime/treasury/treasuryR6V1BaselineReplicator.test.ts:155:27)

Test Suites: 1 failed, 1 total
Tests:       1 failed, 1 total
Snapshots:   0 total
Time:        4.272 s
Ran all test suites matching /src\\runtime\\treasury\\treasuryR6V1BaselineReplicator.test.ts/i.
