PASS src/runtime/treasury/treasuryRemediationIVKernel.test.ts (5.503 s)
  ● Console

    console.log
      H18-TRACE completed=true observe=12 bounded=13/40 recovery=1/10 checkpoints=54 portEvents=96 finalClose=25 final={"phases":{"closing":0,"outcome_unknown":20,"retry_ready":0,"pending":0,"other":0},"remaining":0,"active":20,"ring":44,"chars":21879,"utf8Bytes":21879,"budgetUsed":2}

      at Object.<anonymous> (src/runtime/treasury/treasuryRemediationIVKernel.test.ts:1095:15)

PASS test/lab/terminal-transfer/probe.test.ts
  ● Console

    console.log
      {"kind":"lab-send-attempt","phase":"pre-call","experimentId":"lab-prep1-example-0001","tick":12345,"fee":26,"sample":{"kind":"lab-sample","experimentId":"lab-prep1-example-0001","mode":"single-shot","tick":12345,"configTargetTick":12345,"source":{"roomName":"W1N57","readStatus":"ok","terminalId":"lab-term-source-synthetic","ownerUsername":"lab-synthetic-user","resourceAmount":1000,"energy":10000,"freeCapacity":50000,"cooldown":0},"target":{"roomName":"W10N57","readStatus":"ok","terminalId":"lab-term-target-synthetic","ownerUsername":"lab-synthetic-user","resourceAmount":0,"energy":2000,"freeCapacity":100000,"cooldown":0},"feeQuote":{"status":"ok","energyCost":26},"transactions":{"incoming":{"status":"ok","count":0,"records":[]},"outgoing":{"status":"ok","count":0,"records":[]}}}}

      at Object.loop (C:/Users/15027/AppData/Local/Temp/labprep1-probe-kjBgkz/single-shot/single-shot.js:360:17)

    console.log
      {"kind":"lab-send-attempt","phase":"boundary","experimentId":"lab-prep1-example-0001","tick":12345}

      at Object.loop (C:/Users/15027/AppData/Local/Temp/labprep1-probe-kjBgkz/single-shot/single-shot.js:368:17)

    console.log
      {"kind":"lab-send-attempt","phase":"sync-return","experimentId":"lab-prep1-example-0001","tick":12345,"result":{"ok":true,"code":0}}

      at Object.loop (C:/Users/15027/AppData/Local/Temp/labprep1-probe-kjBgkz/single-shot/single-shot.js:387:17)

    console.log
      {"kind":"lab-precondition-rejection","experimentId":"lab-prep1-example-0001","mode":"single-shot","tick":12345,"reason":"already_stopped","note":"探针前置拒绝——不是已实测游戏 API 的 ERR 返回"}

      at Object.loop (C:/Users/15027/AppData/Local/Temp/labprep1-probe-kjBgkz/single-shot/single-shot.js:343:21)

    console.log
      {"kind":"lab-precondition-rejection","experimentId":"lab-prep1-example-0001","mode":"single-shot","tick":12346,"reason":"already_stopped","note":"探针前置拒绝——不是已实测游戏 API 的 ERR 返回"}

      at Object.loop (C:/Users/15027/AppData/Local/Temp/labprep1-probe-kjBgkz/single-shot/single-shot.js:343:21)

    console.log
      {"kind":"lab-send-attempt","phase":"pre-call","experimentId":"lab-prep1-example-0001","tick":12345,"fee":26,"sample":{"kind":"lab-sample","experimentId":"lab-prep1-example-0001","mode":"single-shot","tick":12345,"configTargetTick":12345,"source":{"roomName":"W1N57","readStatus":"ok","terminalId":"lab-term-source-synthetic","ownerUsername":"lab-synthetic-user","resourceAmount":1000,"energy":10000,"freeCapacity":50000,"cooldown":0},"target":{"roomName":"W10N57","readStatus":"ok","terminalId":"lab-term-target-synthetic","ownerUsername":"lab-synthetic-user","resourceAmount":0,"energy":2000,"freeCapacity":100000,"cooldown":0},"feeQuote":{"status":"ok","energyCost":26},"transactions":{"incoming":{"status":"ok","count":0,"records":[]},"outgoing":{"status":"ok","count":0,"records":[]}}}}

      at Object.loop (C:/Users/15027/AppData/Local/Temp/labprep1-probe-kjBgkz/single-shot/single-shot.js:360:17)

    console.log
      {"kind":"lab-send-attempt","phase":"boundary","experimentId":"lab-prep1-example-0001","tick":12345}

      at Object.loop (C:/Users/15027/AppData/Local/Temp/labprep1-probe-kjBgkz/single-shot/single-shot.js:368:17)

    console.log
      {"kind":"lab-send-attempt","phase":"sync-return","experimentId":"lab-prep1-example-0001","tick":12345,"result":{"ok":true,"code":0}}

      at Object.loop (C:/Users/15027/AppData/Local/Temp/labprep1-probe-kjBgkz/single-shot/single-shot.js:387:17)

PASS src/runtime/treasury/treasuryRemediationVKernel.test.ts
  ● Console

    console.log
      I13-COST {"fixture1":{"fixture":"empty-endTick","reads":7,"writeAttempts":1,"writesAllowed":1,"writesDropped":0,"logicalSharesUsed":0,"closurePersisted":true},"fixture2":{"fixture":"recover-A-then-clean-8C","phaseEndTick":{"recoveredToUnknown":1,"closurePersisted":true},"tick1":{"reads":41,"writeAttempts":7,"writesAllowed":7,"cleaned":2,"sharesUsed":7,"releaseCalls":2},"completion":{"ticks":2,"reads":77,"writeAttempts":14,"writesAllowed":14,"totalReleaseCalls":8,"perTickReleases":[4,2],"phaseAfter":"retry_ready"},"awaitingServiceAfterTick1":6}}

      at Object.<anonymous> (src/runtime/treasury/treasuryRemediationVKernel.test.ts:653:13)

    console.log
      I13-COST {"fixture3":{"fixture":"closure-publish-failure","writeAttempts":2,"writesAllowed":0,"writesDropped":2,"reads":12,"closurePersisted":false},"fixture4":{"fixture":"64-active-mixed-advance","activeCount":64,"beginTick":{"recovered":2,"cleaned":6,"closed":0,"cancelled":0},"endTick":{"recoveredToUnknown":0,"closurePersisted":true},"reads":53,"writeAttempts":10,"writesAllowed":10,"sharesUsed":8}}

      at Object.<anonymous> (src/runtime/treasury/treasuryRemediationVKernel.test.ts:748:13)

PASS src/runtime/treasury/treasuryRemediationIVService.test.ts
PASS src/runtime/treasury/treasuryRemediationVService.test.ts
PASS src/runtime/treasury/treasuryTerminalTransferSlice0.test.ts
PASS src/runtime/treasury/treasuryTerminalTransferSlice0RemediationI.test.ts
PASS src/runtime/treasury/treasuryTerminalTransferSlice0RemediationII.test.ts
  ● Console

    console.log
      P01-ORDER {"permutation":"100-then-60","order":"txn-0001:100,txn-inj-60:60","spyCalls":2}

      at settleWithPermutedView (src/runtime/treasury/treasuryTerminalTransferSlice0RemediationII.test.ts:547:13)

    console.log
      P01-ORDER {"permutation":"60-then-100","order":"txn-inj-60:60,txn-0001:100","spyCalls":2}

      at settleWithPermutedView (src/runtime/treasury/treasuryTerminalTransferSlice0RemediationII.test.ts:547:13)

    console.log
      P01-ACCOUNTS {"sourceH":{"observed":900,"committed":0,"spendable":900},"sourceEnergy":{"observed":9974,"committed":0,"spendable":9974},"targetRiskAdjustedFreeCapacity":99900}

      at Object.<anonymous> (src/runtime/treasury/treasuryTerminalTransferSlice0RemediationII.test.ts:579:15)

PASS src/runtime/treasury/treasuryRemediationVIKernel.test.ts

Test Suites: 9 passed, 9 total
Tests:       91 passed, 91 total
Snapshots:   0 total
Time:        9.718 s
Ran all test suites within paths "src/runtime/treasury/treasuryTerminalTransferSlice0.test.ts", "src/runtime/treasury/treasuryTerminalTransferSlice0RemediationI.test.ts", "src/runtime/treasury/treasuryTerminalTransferSlice0RemediationII.test.ts", "test/lab/terminal-transfer/probe.test.ts", "src/runtime/treasury/treasuryRemediationIVKernel.test.ts", "src/runtime/treasury/treasuryRemediationVIKernel.test.ts", "src/runtime/treasury/treasuryRemediationIVService.test.ts", "src/runtime/treasury/treasuryRemediationVKernel.test.ts", "src/runtime/treasury/treasuryRemediationVService.test.ts".
Test results written to: C:\Users\15027\AppData\Local\Temp\labprep1-mainval\jest-key.json
