PASS src/runtime/treasury/treasuryKernelStress.test.ts (183.026 s)
PASS src/runtime/marketBaseResourcePermit.test.ts (62.535 s)
PASS test/localDispatchPerformanceBaseline.test.ts (25.112 s)
  ● Console

    console.log
      LOCAL_DISPATCH_PERFORMANCE_BASELINE {"schema":"local-dispatch-performance-baseline/v2","implementation":"full-ref-local-dispatch","fixture":{"rooms":20,"tasksPerRoom":20,"totalTasksPerDomain":400,"actors":50},"protocol":{"clock":"process.hrtime.bigint","timingUnit":"milliseconds","warmupBatches":5,"measuredBatches":30,"iterationsPerBatch":100,"p95":"nearest-rank","timingPassFail":"observation-only; deployment CPU gate is the live same-shard window","complexityPassFail":"deterministic public-input/read-DTO counts"},"preChangeEvidence":{"source":"openspec/changes/local-dispatch-ownership/evidence/pre-change-baseline.md","commit":"df2e1af60a035fd99406888d69bba9903e8a7118","observation":{"workerCurrent":{"median":12.083,"p95":12.378},"workerRelease":{"median":39.879,"p95":40.633},"carrierList":{"median":13.476,"p95":14.086},"carrierClaim":{"median":12.937,"p95":13.586},"carrierReplace":{"median":61.892,"p95":66.713}}},"scenarios":{"workerCurrent":{"samples":[294.396,320.0584,352.6137,425.4555,495.5265,360.7782,347.2773,316.2555,318.0967,305.0334,309.4644,286.757,317.1095,300.0458,282.3967,288.6507,278.1563,276.5539,273.3703,276.8184,276.6644,300.0783,272.5326,278.2282,288.209,295.2185,279.5727,282.2666,273.8009,279.4828],"median":291.52335,"p95":425.4555,"min":272.5326,"max":495.5265,"relativeToPreChange":{"median":24.126736,"p95":34.37191}},"workerRelease":{"samples":[221.5707,213.8678,209.7235,211.2358,231.9942,215.2339,214.2052,207.7532,212.073,211.3465,212.3482,214.334,209.0706,217.7025,214.9216,214.7642,212.1798,212.2777,219.419,232.9512,223.2306,215.0584,216.2134,209.8936,217.1171,207.7546,208.9259,215.707,211.7771,208.529],"median":214.0365,"p95":231.9942,"min":207.7532,"max":232.9512,"relativeToPreChange":{"median":5.367148,"p95":5.709502}},"carrierList":{"samples":[5.1634,5.0682,6.1718,4.9034,5.072,4.8055,6.1042,5.049,4.7766,5.4427,4.9656,5.9723,4.8663,4.8541,4.7328,4.9043,5.6138,5.1072,4.9043,4.8281,4.7696,5.9303,4.7608,5.0213,5.0697,4.8401,5.6825,5.5218,5.0163,5.1144],"median":5.03515,"p95":6.1042,"min":4.7328,"max":6.1718,"relativeToPreChange":{"median":0.373638,"p95":0.433352}},"carrierClaim":{"samples":[43.6853,56.0827,45.0318,43.9553,43.6075,44.8821,44.4687,43.286,45.597,44.6498,43.8694,46.1359,55.5553,46.0172,46.1079,50.1434,43.6887,51,48.9866,46.2903,43.4711,45.4161,44.7584,45.6433,44.5752,44.6764,43.4284,43.0352,45.282,48.5587],"median":44.95695,"p95":55.5553,"min":43.0352,"max":56.0827,"relativeToPreChange":{"median":3.475068,"p95":4.089158}},"carrierReplace":{"samples":[127.2733,111.2055,101.5606,101.6394,102.2468,101.7817,101.5381,99.0955,112.6328,99.605,107.4735,98.9891,105.5503,102.1696,104.8564,102.585,102.5224,101.5617,106.5759,101.8071,107.8288,118.307,113.5481,101.6086,105.3954,107.4994,106.7717,102.859,103.0607,105.7403],"median":102.95985,"p95":118.307,"min":98.9891,"max":127.2733,"relativeToPreChange":{"median":1.663541,"p95":1.773373}}},"complexityGates":{"workerRelease":{"acquireCalls":5000,"releaseCalls":5000,"exactRoomDescriptorReads":5000,"exactTaskDescriptorReads":5000,"boardEnumerations":0},"workerAcquireReconcile":{"acquireCalls":50,"reconcileCalls":50,"assignedCreepsDescriptorReads":150},"carrier":{"exact":{"exactCalls":400,"exactResults":400,"refDescriptorReads":2400},"list":{"listCalls":20,"listResults":400},"replace":{"replaceCalls":2000,"replaceResults":40000,"draftIndexReads":40000,"stepIndexReads":40000},"claim":{"claimCalls":5000,"successfulClaims":5000,"releasedClaims":5000,"claimStepIndexReads":5000,"actorDescriptorReads":5000,"actorEnumerations":0},"readDto":{"snapshotCalls":1,"snapshotEntries":400,"stepArrayEnumerations":400,"stepEntryDescriptorReads":800}}},"limitations":["Node/Jest wall-clock is not Screeps CPU and old/current samples came from separate processes.","Relative old/current wall-clock ratios are observations, never pass/fail authorization.","Worker current starts bound; Carrier claim is the uncontended immediate-release path.","Carrier complexity probes observe public inputs/read DTOs and never the private Map hierarchy."]}

      at Object.<anonymous> (test/localDispatchPerformanceBaseline.test.ts:761:13)

PASS src/runtime/marketBaseResourceAutomation.test.ts (23.334 s)
PASS test/memoryDeclarationBoundaries.test.ts (16.315 s)
PASS test/ambientGlobalAbiBoundaries.test.ts (13.037 s)
PASS scripts/monitor-service.test.ts (11.626 s)
PASS src/runtime/treasury/treasuryRewrite4Lifecycle.test.ts (8 s)
PASS test/typescriptConfigBoundaries.test.ts (9.108 s)
PASS test/localDispatchArchitectureBoundaries.test.ts (6.099 s)
PASS src/runtime/treasury/treasuryRewrite2Lifecycle.test.ts
PASS test/taskSystemArchitectureBoundaries.test.ts
PASS src/runtime/treasury/treasuryRemediationIVKernel.test.ts
  ● Console

    console.log
      H18-TRACE completed=true observe=12 bounded=13/40 recovery=1/10 checkpoints=54 portEvents=96 finalClose=25 final={"phases":{"closing":0,"outcome_unknown":20,"retry_ready":0,"pending":0,"other":0},"remaining":0,"active":20,"ring":44,"chars":21879,"utf8Bytes":21879,"budgetUsed":2}

      at Object.<anonymous> (src/runtime/treasury/treasuryRemediationIVKernel.test.ts:1095:15)

PASS test/taskSystemCatalogBoundaries.test.ts
PASS test/roleIdentityCatalogBoundaries.test.ts
PASS test/lab/terminal-transfer/probe.test.ts
  ● Console

    console.log
      {"kind":"lab-send-attempt","phase":"pre-call","experimentId":"lab-prep1-example-0001","tick":12345,"fee":26,"sample":{"kind":"lab-sample","experimentId":"lab-prep1-example-0001","mode":"single-shot","tick":12345,"configTargetTick":12345,"source":{"roomName":"W1N57","readStatus":"ok","terminalId":"lab-term-source-synthetic","ownerUsername":"lab-synthetic-user","resourceAmount":1000,"energy":10000,"freeCapacity":50000,"cooldown":0},"target":{"roomName":"W10N57","readStatus":"ok","terminalId":"lab-term-target-synthetic","ownerUsername":"lab-synthetic-user","resourceAmount":0,"energy":2000,"freeCapacity":100000,"cooldown":0},"feeQuote":{"status":"ok","energyCost":26},"transactions":{"incoming":{"status":"ok","count":0,"records":[]},"outgoing":{"status":"ok","count":0,"records":[]}}}}

      at Object.loop (C:/Users/15027/AppData/Local/Temp/labprep1-probe-ZaYdx8/single-shot/single-shot.js:360:17)

    console.log
      {"kind":"lab-send-attempt","phase":"boundary","experimentId":"lab-prep1-example-0001","tick":12345}

      at Object.loop (C:/Users/15027/AppData/Local/Temp/labprep1-probe-ZaYdx8/single-shot/single-shot.js:368:17)

    console.log
      {"kind":"lab-send-attempt","phase":"sync-return","experimentId":"lab-prep1-example-0001","tick":12345,"result":{"ok":true,"code":0}}

      at Object.loop (C:/Users/15027/AppData/Local/Temp/labprep1-probe-ZaYdx8/single-shot/single-shot.js:387:17)

    console.log
      {"kind":"lab-precondition-rejection","experimentId":"lab-prep1-example-0001","mode":"single-shot","tick":12345,"reason":"already_stopped","note":"探针前置拒绝——不是已实测游戏 API 的 ERR 返回"}

      at Object.loop (C:/Users/15027/AppData/Local/Temp/labprep1-probe-ZaYdx8/single-shot/single-shot.js:343:21)

    console.log
      {"kind":"lab-precondition-rejection","experimentId":"lab-prep1-example-0001","mode":"single-shot","tick":12346,"reason":"already_stopped","note":"探针前置拒绝——不是已实测游戏 API 的 ERR 返回"}

      at Object.loop (C:/Users/15027/AppData/Local/Temp/labprep1-probe-ZaYdx8/single-shot/single-shot.js:343:21)

    console.log
      {"kind":"lab-send-attempt","phase":"pre-call","experimentId":"lab-prep1-example-0001","tick":12345,"fee":26,"sample":{"kind":"lab-sample","experimentId":"lab-prep1-example-0001","mode":"single-shot","tick":12345,"configTargetTick":12345,"source":{"roomName":"W1N57","readStatus":"ok","terminalId":"lab-term-source-synthetic","ownerUsername":"lab-synthetic-user","resourceAmount":1000,"energy":10000,"freeCapacity":50000,"cooldown":0},"target":{"roomName":"W10N57","readStatus":"ok","terminalId":"lab-term-target-synthetic","ownerUsername":"lab-synthetic-user","resourceAmount":0,"energy":2000,"freeCapacity":100000,"cooldown":0},"feeQuote":{"status":"ok","energyCost":26},"transactions":{"incoming":{"status":"ok","count":0,"records":[]},"outgoing":{"status":"ok","count":0,"records":[]}}}}

      at Object.loop (C:/Users/15027/AppData/Local/Temp/labprep1-probe-ZaYdx8/single-shot/single-shot.js:360:17)

    console.log
      {"kind":"lab-send-attempt","phase":"boundary","experimentId":"lab-prep1-example-0001","tick":12345}

      at Object.loop (C:/Users/15027/AppData/Local/Temp/labprep1-probe-ZaYdx8/single-shot/single-shot.js:368:17)

    console.log
      {"kind":"lab-send-attempt","phase":"sync-return","experimentId":"lab-prep1-example-0001","tick":12345,"result":{"ok":true,"code":0}}

      at Object.loop (C:/Users/15027/AppData/Local/Temp/labprep1-probe-ZaYdx8/single-shot/single-shot.js:387:17)

PASS src/runtime/bootstrapArchitecture.test.ts
PASS src/runtime/marketBaseResourceLedger.test.ts
PASS src/runtime/marketSaleAutomation.test.ts
PASS src/runtime/treasury/treasuryKernelAcceptance.test.ts
PASS src/runtime/treasury/treasuryRemediationIIIKernel.test.ts
PASS src/runtime/linkNetworkMemoryOwnership.test.ts
PASS test/treasuryCommitmentInvalidationBoundaries.test.ts
PASS src/runtime/treasury/treasuryRewrite3Acceptance.test.ts
PASS src/runtime/treasury/treasuryRemediationIKernel.test.ts
PASS src/runtime/treasury/treasuryKernelArchitecture.test.ts
PASS src/runtime/treasury/treasuryRewrite4Acceptance.test.ts
PASS src/runtime/treasury/treasuryRemediationVKernel.test.ts
  ● Console

    console.log
      I13-COST {"fixture1":{"fixture":"empty-endTick","reads":7,"writeAttempts":1,"writesAllowed":1,"writesDropped":0,"logicalSharesUsed":0,"closurePersisted":true},"fixture2":{"fixture":"recover-A-then-clean-8C","phaseEndTick":{"recoveredToUnknown":1,"closurePersisted":true},"tick1":{"reads":41,"writeAttempts":7,"writesAllowed":7,"cleaned":2,"sharesUsed":7,"releaseCalls":2},"completion":{"ticks":2,"reads":77,"writeAttempts":14,"writesAllowed":14,"totalReleaseCalls":8,"perTickReleases":[4,2],"phaseAfter":"retry_ready"},"awaitingServiceAfterTick1":6}}

      at Object.<anonymous> (src/runtime/treasury/treasuryRemediationVKernel.test.ts:653:13)

    console.log
      I13-COST {"fixture3":{"fixture":"closure-publish-failure","writeAttempts":2,"writesAllowed":0,"writesDropped":2,"reads":12,"closurePersisted":false},"fixture4":{"fixture":"64-active-mixed-advance","activeCount":64,"beginTick":{"recovered":2,"cleaned":6,"closed":0,"cancelled":0},"endTick":{"recoveredToUnknown":0,"closurePersisted":true},"reads":53,"writeAttempts":10,"writesAllowed":10,"sharesUsed":8}}

      at Object.<anonymous> (src/runtime/treasury/treasuryRemediationVKernel.test.ts:748:13)

PASS src/runtime/treasury/treasuryRemediationIIIService.test.ts
PASS src/runtime/treasury/treasuryRemediationIVService.test.ts
PASS src/runtime/treasury/treasuryRemediationIIService.test.ts
PASS src/runtime/hubProductionIntegration.test.ts
PASS src/runtime/resourceControl.capacityRegression.test.ts
PASS src/mount/mountCreep.test.ts
PASS src/runtime/treasury/treasuryRemediationIService.test.ts
PASS src/runtime/treasury/treasuryRemediationVService.test.ts
PASS src/runtime/defenseFocusFire.test.ts
PASS src/runtime/treasury/treasuryRewrite2Acceptance.test.ts
PASS src/runtime/treasury/treasuryRewrite3Lifecycle.test.ts
PASS src/runtime/treasury/treasuryRemediationIIKernel.test.ts
PASS src/runtime/logistics/resourceTransferTasks.test.ts
PASS src/runtime/treasury/treasuryTerminalTransferSlice0.test.ts
PASS src/runtime/treasury/treasuryKernel.test.ts
PASS src/runtime/marketSaleSession.test.ts
PASS src/movement/routing.segmentCache.test.ts
PASS src/runtime/marketSalePlanningAuthorization.test.ts
PASS src/runtime/bootstrap.test.ts
PASS src/runtime/powerBankHarvest.test.ts
PASS src/runtime/hubPlanner.test.ts
PASS test/warWorkflowLifecycleBoundaries.test.ts
PASS src/runtime/treasury/treasuryTerminalTransferSlice0RemediationI.test.ts
PASS src/runtime/synthesisControl.test.ts
PASS src/runtime/treasury/treasuryRemediationVIKernel.test.ts
PASS src/runtime/treasury/treasuryTerminalTransferSlice0RemediationII.test.ts
  ● Console

    console.log
      P01-ORDER {"permutation":"100-then-60","order":"txn-0001:100,txn-inj-60:60","spyCalls":2}

      at settleWithPermutedView (src/runtime/treasury/treasuryTerminalTransferSlice0RemediationII.test.ts:547:13)

    console.log
      P01-ORDER {"permutation":"60-then-100","order":"txn-inj-60:60,txn-0001:100","spyCalls":2}

      at settleWithPermutedView (src/runtime/treasury/treasuryTerminalTransferSlice0RemediationII.test.ts:547:13)

    console.log
      P01-ACCOUNTS {"sourceH":{"observed":900,"committed":0,"spendable":900},"sourceEnergy":{"observed":9974,"committed":0,"spendable":9974},"targetRiskAdjustedFreeCapacity":99900}

      at Object.<anonymous> (src/runtime/treasury/treasuryTerminalTransferSlice0RemediationII.test.ts:579:15)

PASS scripts/lib/redactSecrets.test.ts
PASS src/runtime/colonization.travelPath.test.ts
PASS src/runtime/marketDirectContinuousPolicy.test.ts
PASS src/runtime/treasury/treasuryTypedOwnerMigration.test.ts
PASS test/baseline/treasuryRemediationIIBaseline.test.ts
PASS src/runtime/memoryCleanup.test.ts
PASS src/runtime/taskSystem/snapshot.test.ts
PASS src/roles/powerBankHealer.test.ts
PASS src/runtime/marketSaleDirectAutomation.test.ts
PASS src/runtime/consoleCommands.test.ts
PASS src/runtime/resourceControl.test.ts
PASS test/baseline/treasuryRemediationIBaseline.test.ts
PASS src/runtime/treasury/treasuryCore.test.ts
PASS src/runtime/powerBankObserver.test.ts
PASS src/runtime/marketDirectContinuousAutomation.test.ts
PASS src/runtime/cpuPhaseProfiler.lowOverhead.test.ts
PASS src/runtime/memorySizeRegression.test.ts
PASS src/runtime/marketSaleRuntime.test.ts
PASS src/runtime/defenseGlobalRampartFootprints.test.ts
PASS src/runtime/roomWorkforce.test.ts
PASS src/runtime/empireInventoryShadow.test.ts
  ● Console

    console.log
      [inventory-shadow] parity mismatch +5 this check (total 5): tick=10000 room=<empire> resource=energy field=empireTotal index=6200 direct=1200

      at runEmpireInventoryShadowCheck (src/runtime/empireInventoryShadow.ts:1045:13)

    console.log
      [inventory-shadow] parity mismatch +7 this check (total 7): tick=10000 room=<creeps>:cargo resource=- field=oracleStoreTotal index=30 direct=99

      at runEmpireInventoryShadowCheck (src/runtime/empireInventoryShadow.ts:1045:13)

    console.log
      [inventory-shadow] parity mismatch +3 this check (total 3): tick=10040 room=W1N57 resource=- field=factoryUsedCapacity index=40 direct=0

      at runEmpireInventoryShadowCheck (src/runtime/empireInventoryShadow.ts:1045:13)

    console.log
      [inventory-shadow] parity mismatch +3 this check (total 3): tick=10000 room=W1N57 resource=- field=factoryUsedCapacity index=40 direct=0

      at runEmpireInventoryShadowCheck (src/runtime/empireInventoryShadow.ts:1045:13)

    console.log
      [inventory-shadow] parity mismatch +1 this check (total 1): tick=10000 room=W1N57:storage resource=silicon field=oracleResourceAmount index=0 direct=42

      at runEmpireInventoryShadowCheck (src/runtime/empireInventoryShadow.ts:1045:13)

PASS src/runtime/warControl.test.ts
PASS src/runtime/marketWriteArchitecture.test.ts
PASS src/main.test.ts
PASS src/runtime/treasury/treasuryR4BaselineReplicators.test.ts
  ● Console

    console.log
      R1-TRACE {"budgetTrace":[{"at":"after-nested-beginTick","budgetUsed":1},{"at":"after-endTick","budgetUsed":1},{"at":"after-beginTick","budgetUsed":7}],"releaseCalls":["ext:r1:D0","ext:r1:D1","ext:r1:D2"],"nestedStats":{"recovered":0,"closed":0,"cleaned":0,"cancelled":0},"remaining":5}

      at Object.<anonymous> (src/runtime/treasury/treasuryR4BaselineReplicators.test.ts:197:13)

PASS src/roles/remoteWorker.test.ts
PASS src/roles/index.test.ts
PASS src/movement/routing.backoff.test.ts
PASS src/mount/mountCreep.lifecycleCache.test.ts
PASS src/runtime/hubFlag.test.ts
PASS scripts/lib/deployGuard.test.ts
PASS src/runtime/console/operationsCommands.test.ts
PASS src/runtime/marketSalePlanningGate.test.ts
PASS src/runtime/synthesisControlStateMachine.test.ts
PASS src/roles/shared.test.ts
PASS test/harvester.test.ts
PASS src/runtime/taskSystem/adapters/powerCreepAction.test.ts
PASS src/runtime/treasury/treasuryImmutableRegistries.test.ts
PASS src/runtime/homeDefense.test.ts
PASS src/runtime/taskSystem/adapters/factoryCommand.test.ts
PASS src/runtime/powerBankBoost.test.ts
PASS src/runtime/nukerControl.test.ts
PASS src/runtime/marketDirectContinuousLedger.test.ts
PASS src/config/spawnProfiles.test.ts
PASS src/runtime/marketSaleProtectionMemo.test.ts
PASS src/movement/staticRoomMatrix.test.ts
PASS src/runtime/treasury/treasuryActionContract.test.ts
PASS src/roles/carrier.bestCandidate.test.ts
PASS src/runtime/console/resourceTransferCommands.test.ts
PASS src/runtime/externalTelemetry.test.ts
PASS src/runtime/defenseFocusFireStateful.test.ts
PASS src/runtime/dispatchOwnership/workerSlot.test.ts
PASS src/runtime/spawnPlanner.test.ts
PASS src/visual/panel.test.ts
PASS src/movement/pathing.crossTickCache.test.ts
PASS src/runtime/towerControl.test.ts
PASS src/runtime/localDispatchOwnership.target.test.ts
PASS src/runtime/defenseAllActorReservation.test.ts
PASS src/runtime/cpuMonitor.test.ts
PASS src/movement/roomTopologyRevision.test.ts
PASS src/runtime/treasury/treasuryTransactionIdVectors.test.ts
PASS src/runtime/resourceReservation.test.ts
PASS src/runtime/hubProtectionSnapshot.test.ts
PASS src/roles/carrier.test.ts
PASS src/runtime/marketSalePricingAdapter.test.ts
PASS src/runtime/empireInventoryIndex.test.ts
PASS src/runtime/dispatchOwnership/actorBinding.test.ts
PASS src/runtime/safeZoneHelpers.test.ts
PASS src/runtime/hubProgress.test.ts
PASS src/runtime/emergencySpawning.test.ts
PASS src/roles/powerBankHauler.test.ts
PASS src/movement/routing.test.ts
PASS src/runtime/marketBaseResourcePolicy.test.ts
PASS src/movement/pathing.test.ts
PASS src/runtime/mineralExtraction.test.ts
PASS src/runtime/defenseFallbackReallocation.test.ts
PASS src/runtime/treasury/treasuryCommitments.test.ts
PASS src/runtime/defenseStationaryRampartOwnership.test.ts
PASS src/runtime/defenseFrontAware.test.ts
PASS src/runtime/linkControl.test.ts
PASS src/runtime/treasury/treasuryShadow.test.ts
  ● Console

    console.log
      [treasuryShadow] tick=5000 newMismatches=5 fields=storage_amount,storage_used_capacity,empire_total sample={"checkedAtTick":5000,"field":"storage_amount","roomName":"W1N57","resource":"U","treasuryValue":4000,"otherValue":9999}

      at finishShadow (src/runtime/treasury/shadow.ts:343:13)

    console.log
      [treasuryShadow] tick=5000 newMismatches=5 fields=storage_amount,storage_used_capacity,empire_total sample={"checkedAtTick":5000,"field":"storage_amount","roomName":"W1N57","resource":"U","treasuryValue":4000,"otherValue":9999}

      at finishShadow (src/runtime/treasury/shadow.ts:343:13)

    console.log
      [treasuryShadow] tick=5001 newMismatches=1 fields=stale_epoch sample={"checkedAtTick":5001,"field":"stale_epoch","roomName":"*","treasuryValue":5000,"otherValue":5001}

      at finishShadow (src/runtime/treasury/shadow.ts:343:13)

PASS src/runtime/taskSystem/registry.test.ts
PASS src/runtime/roomPlannerConstruction.test.ts
PASS src/roles/energyTargets.test.ts
PASS src/movement/routing.cachedPathValidation.test.ts
PASS src/runtime/taskSystem/adapters/workflowAdapters.test.ts
PASS src/runtime/taskSystem/adapters/resourceTransfer.test.ts
PASS src/runtime/treasury/treasuryCommitmentCompleteness.test.ts
PASS src/runtime/powerSpawnControl.test.ts
PASS src/runtime/taskSystem/catalog.test.ts
PASS src/roles/remoteMiningCarrier.test.ts
PASS src/runtime/towerControl.scanThrottle.test.ts
PASS src/runtime/marketSaleConfig.test.ts
PASS src/runtime/boostControl.test.ts
  ● Console

    console.log
      [boostControl] buy W1N1: XUH2O=1000 price=5.000 cost=100

      at buyBoostIfNeeded (src/runtime/boostControl.ts:151:13)

PASS src/runtime/marketSaleProtectionAdapter.test.ts
PASS src/runtime/carrierTaskBoard.revisionCache.test.ts
PASS src/runtime/autoReserveFlag.test.ts
  ● Console

    console.log
      [reserve] W1N1 entered reserve mode at 74999 energy

      at runAutoReserveFlags (src/runtime/autoReserveFlag.ts:38:17)

PASS src/roles/remoteCarrier.test.ts
PASS src/roles/meleeAttacker.test.ts
PASS src/runtime/taskSystem/adapters/spawnProduction.test.ts
PASS src/runtime/roomWorkforceIdentity.test.ts
PASS src/runtime/marketDirectContinuousPlanner.test.ts
PASS src/runtime/hubUpgradeControl.test.ts
PASS src/roles/homeDefender.test.ts
PASS src/mount/mountSpawn.test.ts
PASS src/runtime/workerTaskPool.test.ts
PASS src/runtime/factoryControl.test.ts
PASS src/runtime/deployAnnounce.test.ts
PASS src/movement/routing.dynamicObstacles.test.ts
PASS src/runtime/colonization.test.ts
  ● Console

    console.log
      [colonization] rescout W1N2: pending scout route invalid or interrupted by dangerous room

      at requestScoutRescan (src/runtime/colonization.ts:983:11)

    console.log
      [colonization] abandon W1N2: flag removed by player

      at abandonColonization (src/runtime/colonization.ts:1042:11)

    console.log
      [colonization] abandon W1N2: flag removed by player

      at abandonColonization (src/runtime/colonization.ts:1042:11)

PASS src/runtime/carrierTaskBoard.test.ts
PASS src/roles/worker.test.ts
PASS src/movement/traffic.naturalObstacles.test.ts
PASS test/defenseMode.test.ts
PASS src/runtime/powerCreepControl.test.ts
PASS src/runtime/defensePreallocationRampartOwnership.test.ts
PASS src/runtime/minerBodyPolicy.test.ts
PASS src/runtime/marketSaleDirectShadow.test.ts
PASS src/runtime/empireInventoryBenchmark.test.ts
  ● Console

    console.log
      [inventory-bench] rooms=8 legacyPerResourceCalls=1344 newKeyEnumeration=61 legacyScanMs=0.489 indexBuildMs=0.438

      at Object.<anonymous> (src/runtime/empireInventoryBenchmark.test.ts:166:13)

PASS src/movement/metrics.flush.test.ts
PASS src/runtime/workerTaskPool.characterization.test.ts
PASS src/types/roleCatalog.test.ts
PASS src/runtime/taskSystem/adapters/warWorkflow.test.ts
PASS src/runtime/marketSaleFeeLedger.test.ts
PASS src/runtime/crossShardColonization.test.ts
PASS src/roles/mineralHarvester.test.ts
PASS src/roles/upgrader.test.ts
PASS src/roles/powerBankAttacker.test.ts
PASS src/runtime/terminalBootstrapRecovery.test.ts
PASS src/runtime/configNormalize.test.ts
PASS src/runtime/tickContext.typedIndex.test.ts
PASS src/runtime/taskSystem/adapters/carrierLogistics.test.ts
PASS src/runtime/remoteMining.test.ts
PASS src/runtime/creepAssignmentState.test.ts
PASS src/roles/remoteDefender.test.ts
PASS test/miner.test.ts
PASS src/visual/palette.test.ts
PASS src/runtime/roomTypes.test.ts
PASS src/runtime/pixelGenerator.test.ts
PASS src/runtime/flagHauling.test.ts
  ● Console

    console.log
      [flag-haul] started: flag=HAUL target=W5N5 source=W1N1

      at upsertFlagHaulTask (src/runtime/flagHauling.ts:322:13)

PASS src/runtime/powerBankStatus.test.ts
PASS src/runtime/marketSaleExposure.test.ts
PASS src/runtime/taskSystem/adapters/workerWork.test.ts
PASS src/runtime/treasury/treasuryCapacityViews.test.ts
PASS src/runtime/dispatchOwnership/carrierAmountSlice.test.ts
PASS src/roles/colonizerHarvester.test.ts
PASS src/roles/claimer.test.ts
PASS test/tickContext.test.ts
PASS src/runtime/taskSystem/adapters/powerBankWorkflow.test.ts
PASS src/runtime/taskSystem/model.test.ts
PASS src/runtime/marketSalePricing.test.ts
PASS src/runtime/marketSaleDiagnostics.test.ts
PASS src/runtime/treasury/treasuryCanonicalEncoding.test.ts
PASS src/runtime/roomEnergyPolicy.test.ts
PASS src/runtime/marketSaleDirectEngineAssumptions.test.ts
PASS src/runtime/spawnQueueOwnership.test.ts
PASS src/roles/powerBankScout.test.ts
PASS src/roles/healer.test.ts
PASS src/roles/combatBoosts.test.ts
PASS src/runtime/reactionMap.test.ts
PASS src/runtime/powerBankViability.test.ts
PASS src/runtime/marketActionArbiter.test.ts
PASS src/runtime/localCarrierDestinationCapacity.test.ts
PASS src/movement/common.test.ts
PASS src/runtime/powerBankConstants.test.ts
PASS src/runtime/memoryAudit.test.ts
PASS src/roles/remoteMiningReserver.test.ts
PASS src/runtime/marketSaleDirectPending.test.ts
PASS src/runtime/carrierBodyPolicy.test.ts
PASS src/runtime/marketSaleDirectPricing.test.ts
PASS src/runtime/dispatchOwnership/ref.test.ts
PASS src/runtime/upgraderPolicy.test.ts
PASS src/roles/scout.test.ts
PASS src/runtime/marketSaleProtection.test.ts
PASS src/runtime/marketSaleLifecycle.test.ts
PASS src/runtime/energyPickupReservation.test.ts
PASS src/movement/traffic.test.ts
PASS src/runtime/logistics/receiverCapacityLedger.test.ts
PASS src/runtime/logistics/capacityHeadroom.test.ts
PASS src/runtime/powerBankDiscovery.test.ts
PASS src/runtime/terminalActionEnergyOwnership.test.ts
PASS src/runtime/linkNetworkMemory.test.ts
PASS src/runtime/safeZone.test.ts
PASS src/runtime/actionLog.test.ts
PASS src/runtime/productionStateMachine.test.ts
PASS src/runtime/hostilePriorities.test.ts

Test Suites: 240 passed, 240 total
Tests:       1454 passed, 1454 total
Snapshots:   0 total
Time:        418.709 s
Ran all test suites.
Test results written to: C:\Users\15027\AppData\Local\Temp\labprep1-mainval\jest-full.json
