PASS src/runtime/marketBaseResourcePermit.test.ts (69.854 s)
PASS test/treasuryCompatRead.test.ts (27.13 s)
PASS src/runtime/marketBaseResourceAutomation.test.ts (25.851 s)
PASS test/localDispatchPerformanceBaseline.test.ts (22.983 s)
  ● Console

    console.log
      LOCAL_DISPATCH_PERFORMANCE_BASELINE {"schema":"local-dispatch-performance-baseline/v2","implementation":"full-ref-local-dispatch","fixture":{"rooms":20,"tasksPerRoom":20,"totalTasksPerDomain":400,"actors":50},"protocol":{"clock":"process.hrtime.bigint","timingUnit":"milliseconds","warmupBatches":5,"measuredBatches":30,"iterationsPerBatch":100,"p95":"nearest-rank","timingPassFail":"observation-only; deployment CPU gate is the live same-shard window","complexityPassFail":"deterministic public-input/read-DTO counts"},"preChangeEvidence":{"source":"openspec/changes/local-dispatch-ownership/evidence/pre-change-baseline.md","commit":"df2e1af60a035fd99406888d69bba9903e8a7118","observation":{"workerCurrent":{"median":12.083,"p95":12.378},"workerRelease":{"median":39.879,"p95":40.633},"carrierList":{"median":13.476,"p95":14.086},"carrierClaim":{"median":12.937,"p95":13.586},"carrierReplace":{"median":61.892,"p95":66.713}}},"scenarios":{"workerCurrent":{"samples":[269.5198,269.8843,270.6388,267.3744,270.7256,270.0183,271.3766,267.8417,271.5305,270.2979,273.8518,267.0096,269.7301,266.1386,269.1538,270.5095,270.2489,265.3816,271.5269,271.37,264.3889,266.7744,265.8496,268.3934,267.8482,267.9818,273.3482,270.3282,269.7023,267.7329],"median":269.7162,"p95":273.3482,"min":264.3889,"max":273.8518,"relativeToPreChange":{"median":22.321956,"p95":22.08339}},"workerRelease":{"samples":[208.195,208.7511,205.4503,210.0818,207.4938,208.6505,208.9104,208.2051,207.817,210.4195,207.8085,206.0773,206.4354,207.5457,206.9368,213.2845,207.4198,210.4816,209.0235,212.0919,210.5846,207.559,208.4817,208.1486,207.6766,204.2999,209.039,214.095,206.0509,208.4766],"median":208.20005,"p95":213.2845,"min":204.2999,"max":214.095,"relativeToPreChange":{"median":5.220794,"p95":5.249046}},"carrierList":{"samples":[4.9751,4.8834,5.2113,4.9923,5.5368,5.2855,4.7417,4.771,4.8981,5.9797,4.6932,5.7482,4.7392,4.6798,6.009,4.7708,4.7707,4.9486,4.7969,5.4979,5.1243,4.9213,4.7758,6.1654,4.9012,4.9519,5.4571,4.8154,5.9737,5.026],"median":4.95025,"p95":6.009,"min":4.6798,"max":6.1654,"relativeToPreChange":{"median":0.367338,"p95":0.426594}},"carrierClaim":{"samples":[44.2225,43.5553,45.9198,44.0388,44.8909,43.9631,44.271,42.4992,43.6214,43.8823,44.5051,42.4624,43.8713,46.5325,43.8092,42.7208,45.2094,43.803,44.575,44.2982,43.8672,43.469,44.716,44.5277,43.0693,43.4071,45.9809,43.5193,42.4943,43.8145],"median":43.8768,"p95":45.9809,"min":42.4624,"max":46.5325,"relativeToPreChange":{"median":3.391575,"p95":3.384433}},"carrierReplace":{"samples":[114.7624,97.2542,102.6687,98.7773,97.3352,97.8839,99.1005,97.4653,99.7539,96.4419,99.1605,100.6119,98.7501,98.4584,102.6289,99.2379,100.6247,102.1489,98.5692,97.1281,104.547,104.0821,103.167,98.8564,100.0615,97.3497,99.1386,96.9284,99.307,100.6413],"median":99.14955,"p95":104.547,"min":96.4419,"max":114.7624,"relativeToPreChange":{"median":1.601977,"p95":1.567116}}},"complexityGates":{"workerRelease":{"acquireCalls":5000,"releaseCalls":5000,"exactRoomDescriptorReads":5000,"exactTaskDescriptorReads":5000,"boardEnumerations":0},"workerAcquireReconcile":{"acquireCalls":50,"reconcileCalls":50,"assignedCreepsDescriptorReads":150},"carrier":{"exact":{"exactCalls":400,"exactResults":400,"refDescriptorReads":2400},"list":{"listCalls":20,"listResults":400},"replace":{"replaceCalls":2000,"replaceResults":40000,"draftIndexReads":40000,"stepIndexReads":40000},"claim":{"claimCalls":5000,"successfulClaims":5000,"releasedClaims":5000,"claimStepIndexReads":5000,"actorDescriptorReads":5000,"actorEnumerations":0},"readDto":{"snapshotCalls":1,"snapshotEntries":400,"stepArrayEnumerations":400,"stepEntryDescriptorReads":800}}},"limitations":["Node/Jest wall-clock is not Screeps CPU and old/current samples came from separate processes.","Relative old/current wall-clock ratios are observations, never pass/fail authorization.","Worker current starts bound; Carrier claim is the uncontended immediate-release path.","Carrier complexity probes observe public inputs/read DTOs and never the private Map hierarchy."]}

      at Object.<anonymous> (test/localDispatchPerformanceBaseline.test.ts:761:13)

PASS test/memoryDeclarationBoundaries.test.ts (12.497 s)
PASS test/ambientGlobalAbiBoundaries.test.ts (11.034 s)
PASS test/typescriptConfigBoundaries.test.ts (5.831 s)
PASS scripts/monitor-service.test.ts (7.892 s)
PASS test/localDispatchArchitectureBoundaries.test.ts
PASS test/taskSystemCatalogBoundaries.test.ts
PASS test/taskSystemArchitectureBoundaries.test.ts
PASS test/roleIdentityCatalogBoundaries.test.ts
PASS src/runtime/marketSaleAutomation.test.ts
PASS src/runtime/marketBaseResourceLedger.test.ts
PASS src/runtime/bootstrapArchitecture.test.ts
PASS src/runtime/linkNetworkMemoryOwnership.test.ts
PASS test/treasuryCompatIndependent.test.ts
PASS src/runtime/hubProductionIntegration.test.ts
PASS src/mount/mountCreep.test.ts
PASS src/runtime/taskSystem/snapshot.test.ts
PASS src/movement/routing.segmentCache.test.ts
PASS src/runtime/resourceControl.capacityRegression.test.ts
PASS src/runtime/bootstrap.test.ts
PASS src/runtime/marketSalePlanningAuthorization.test.ts
PASS src/runtime/powerBankHarvest.test.ts
PASS src/runtime/logistics/resourceTransferTasks.test.ts
PASS src/runtime/marketSaleSession.test.ts
PASS src/runtime/hubPlanner.test.ts
PASS src/runtime/synthesisControl.test.ts
PASS test/warWorkflowLifecycleBoundaries.test.ts
PASS src/runtime/marketDirectContinuousPolicy.test.ts
PASS src/runtime/memoryCleanup.test.ts
PASS src/runtime/marketSaleDirectAutomation.test.ts
PASS src/runtime/empireInventoryShadow.test.ts
  ● Console

    console.log
      [inventory-shadow] parity mismatch +5 this check (total 5): tick=10000 room=<empire> resource=energy field=empireTotal index=6200 direct=1200

      at runEmpireInventoryShadowCheck (src/runtime/empireInventoryShadow.ts:1045:13)

    console.log
      [inventory-shadow] parity mismatch +7 this check (total 7): tick=10000 room=<creeps>:cargo resource=- field=oracleStoreTotal index=30 direct=99

      at runEmpireInventoryShadowCheck (src/runtime/empireInventoryShadow.ts:1045:13)

    console.log
      [inventory-shadow] parity mismatch +3 this check (total 3): tick=10040 room=W1N57 resource=- field=factoryUsedCapacity index=40 direct=0

      at runEmpireInventoryShadowCheck (src/runtime/empireInventoryShadow.ts:1045:13)

    console.log
      [inventory-shadow] parity mismatch +3 this check (total 3): tick=10000 room=W1N57 resource=- field=factoryUsedCapacity index=40 direct=0

      at runEmpireInventoryShadowCheck (src/runtime/empireInventoryShadow.ts:1045:13)

    console.log
      [inventory-shadow] parity mismatch +1 this check (total 1): tick=10000 room=W1N57:storage resource=silicon field=oracleResourceAmount index=0 direct=42

      at runEmpireInventoryShadowCheck (src/runtime/empireInventoryShadow.ts:1045:13)

PASS src/runtime/boostControl.test.ts
  ● Console

    console.log
      [boostControl] buy W1N1: XUH2O=1000 price=5.000 cost=100

      at buyBoostIfNeeded (src/runtime/boostControl.ts:151:13)

PASS src/runtime/marketDirectContinuousLedger.test.ts
PASS src/roles/index.test.ts
PASS src/mount/mountCreep.lifecycleCache.test.ts
PASS src/runtime/spawnPlanner.test.ts
PASS src/runtime/externalTelemetry.test.ts
PASS src/runtime/memorySizeRegression.test.ts
PASS src/runtime/consoleCommands.test.ts
PASS src/runtime/marketSaleRuntime.test.ts
PASS src/runtime/resourceControl.test.ts
PASS src/runtime/marketWriteArchitecture.test.ts
PASS src/runtime/marketSalePlanningGate.test.ts
PASS src/movement/pathing.crossTickCache.test.ts
PASS src/runtime/marketDirectContinuousAutomation.test.ts
PASS src/runtime/warControl.test.ts
PASS src/runtime/hubFlag.test.ts
PASS scripts/lib/redactSecrets.test.ts
PASS src/runtime/marketSaleFeeLedger.test.ts
PASS src/runtime/synthesisControlStateMachine.test.ts
PASS src/runtime/console/operationsCommands.test.ts
PASS src/runtime/powerBankBoost.test.ts
PASS src/runtime/marketSaleProtectionMemo.test.ts
PASS src/runtime/localDispatchOwnership.target.test.ts
PASS src/runtime/empireInventoryIndex.test.ts
PASS src/roles/carrier.test.ts
PASS src/runtime/nukerControl.test.ts
PASS src/runtime/marketSaleProtectionAdapter.test.ts
PASS src/runtime/flagHauling.test.ts
  ● Console

    console.log
      [flag-haul] started: flag=HAUL target=W5N5 source=W1N1

      at upsertFlagHaulTask (src/runtime/flagHauling.ts:322:13)

PASS src/runtime/homeDefense.test.ts
PASS src/runtime/colonization.test.ts
  ● Console

    console.log
      [colonization] rescout W1N2: pending scout route invalid or interrupted by dangerous room

      at requestScoutRescan (src/runtime/colonization.ts:983:11)

    console.log
      [colonization] abandon W1N2: flag removed by player

      at abandonColonization (src/runtime/colonization.ts:1042:11)

    console.log
      [colonization] abandon W1N2: flag removed by player

      at abandonColonization (src/runtime/colonization.ts:1042:11)

PASS src/mount/mountSpawn.test.ts
PASS src/runtime/marketSaleConfig.test.ts
PASS src/runtime/crossShardColonization.test.ts
PASS src/main.test.ts
PASS src/runtime/marketSalePricingAdapter.test.ts
PASS src/runtime/marketBaseResourcePolicy.test.ts
PASS src/runtime/roomWorkforceIdentity.test.ts
PASS src/runtime/autoReserveFlag.test.ts
  ● Console

    console.log
      [reserve] W1N1 entered reserve mode at 74999 energy

      at runAutoReserveFlags (src/runtime/autoReserveFlag.ts:38:17)

PASS src/runtime/workerTaskPool.characterization.test.ts
PASS test/defenseMode.test.ts
PASS scripts/lib/deployGuard.test.ts
PASS src/runtime/carrierTaskBoard.test.ts
PASS src/roles/worker.test.ts
PASS src/roles/shared.test.ts
PASS src/runtime/taskSystem/adapters/powerCreepAction.test.ts
PASS src/runtime/taskSystem/adapters/factoryCommand.test.ts
PASS src/runtime/factoryControl.test.ts
PASS src/runtime/colonization.travelPath.test.ts
PASS src/runtime/dispatchOwnership/actorBinding.test.ts
PASS src/runtime/roomWorkforce.test.ts
PASS src/runtime/mineralExtraction.test.ts
PASS src/movement/routing.test.ts
PASS src/movement/routing.backoff.test.ts
PASS src/runtime/taskSystem/adapters/workflowAdapters.test.ts
PASS src/movement/routing.dynamicObstacles.test.ts
PASS src/runtime/deployAnnounce.test.ts
PASS src/roles/powerBankHauler.test.ts
PASS src/roles/energyTargets.test.ts
PASS src/movement/pathing.test.ts
PASS src/runtime/taskSystem/adapters/powerBankWorkflow.test.ts
PASS src/runtime/terminalBootstrapRecovery.test.ts
PASS src/runtime/hubProgress.test.ts
PASS src/runtime/cpuPhaseProfiler.lowOverhead.test.ts
PASS src/movement/metrics.flush.test.ts
PASS src/config/spawnProfiles.test.ts
PASS src/runtime/taskSystem/registry.test.ts
PASS src/runtime/powerCreepControl.test.ts
PASS src/roles/remoteCarrier.test.ts
PASS src/roles/powerBankScout.test.ts
PASS src/runtime/taskSystem/adapters/workerWork.test.ts
PASS src/runtime/hubUpgradeControl.test.ts
PASS src/roles/scout.test.ts
PASS src/runtime/taskSystem/adapters/carrierLogistics.test.ts
PASS src/runtime/workerTaskPool.test.ts
PASS src/runtime/marketSaleDirectShadow.test.ts
PASS src/runtime/hubProtectionSnapshot.test.ts
PASS src/roles/remoteMiningCarrier.test.ts
PASS src/roles/remoteDefender.test.ts
PASS src/runtime/remoteMining.test.ts
PASS src/runtime/linkControl.test.ts
PASS src/roles/homeDefender.test.ts
PASS src/movement/routing.cachedPathValidation.test.ts
PASS src/runtime/marketDirectContinuousPlanner.test.ts
PASS src/roles/powerBankHealer.test.ts
PASS src/runtime/powerSpawnControl.test.ts
PASS src/runtime/marketSaleExposure.test.ts
PASS src/runtime/empireInventoryBenchmark.test.ts
  ● Console

    console.log
      [inventory-bench] rooms=8 legacyPerResourceCalls=1344 newKeyEnumeration=61 legacyScanMs=0.508 indexBuildMs=0.386

      at Object.<anonymous> (src/runtime/empireInventoryBenchmark.test.ts:166:13)

PASS src/roles/carrier.bestCandidate.test.ts
PASS test/tickContext.test.ts
PASS src/runtime/roomPlannerConstruction.test.ts
PASS src/roles/upgrader.test.ts
PASS src/movement/staticRoomMatrix.test.ts
PASS src/runtime/dispatchOwnership/carrierAmountSlice.test.ts
PASS src/runtime/towerControl.scanThrottle.test.ts
PASS src/runtime/marketSaleDiagnostics.test.ts
PASS src/runtime/safeZoneHelpers.test.ts
PASS src/runtime/minerBodyPolicy.test.ts
PASS src/movement/roomTopologyRevision.test.ts
PASS src/roles/powerBankAttacker.test.ts
PASS src/roles/colonizerHarvester.test.ts
PASS src/movement/traffic.naturalObstacles.test.ts
PASS src/runtime/emergencySpawning.test.ts
PASS src/runtime/carrierTaskBoard.revisionCache.test.ts
PASS src/visual/panel.test.ts
PASS src/runtime/taskSystem/adapters/spawnProduction.test.ts
PASS src/runtime/energyPickupReservation.test.ts
PASS test/harvester.test.ts
PASS src/runtime/spawnQueueOwnership.test.ts
PASS test/miner.test.ts
PASS src/runtime/taskSystem/adapters/warWorkflow.test.ts
PASS src/runtime/pixelGenerator.test.ts
PASS src/runtime/configNormalize.test.ts
PASS src/roles/meleeAttacker.test.ts
PASS src/runtime/dispatchOwnership/workerSlot.test.ts
PASS src/runtime/powerBankObserver.test.ts
PASS src/runtime/marketSaleDirectPending.test.ts
PASS src/roles/healer.test.ts
PASS src/roles/combatBoosts.test.ts
PASS src/runtime/powerBankStatus.test.ts
PASS src/movement/traffic.test.ts
PASS src/runtime/roomEnergyPolicy.test.ts
PASS src/runtime/powerBankViability.test.ts
PASS src/runtime/powerBankDiscovery.test.ts
PASS src/runtime/cpuMonitor.test.ts
PASS src/runtime/taskSystem/adapters/resourceTransfer.test.ts
PASS src/runtime/logistics/receiverCapacityLedger.test.ts
PASS src/runtime/towerControl.test.ts
PASS src/runtime/marketSalePricing.test.ts
PASS src/runtime/upgraderPolicy.test.ts
PASS src/runtime/marketSaleDirectPricing.test.ts
PASS src/runtime/localCarrierDestinationCapacity.test.ts
PASS src/types/roleCatalog.test.ts
PASS src/runtime/tickContext.typedIndex.test.ts
PASS src/roles/mineralHarvester.test.ts
PASS src/runtime/actionLog.test.ts
PASS src/runtime/taskSystem/model.test.ts
PASS src/runtime/console/resourceTransferCommands.test.ts
PASS src/runtime/marketSaleProtection.test.ts
PASS src/runtime/dispatchOwnership/ref.test.ts
PASS src/roles/remoteMiningReserver.test.ts
PASS src/runtime/memoryAudit.test.ts
PASS src/roles/remoteWorker.test.ts
PASS src/runtime/resourceReservation.test.ts
PASS src/runtime/marketActionArbiter.test.ts
PASS src/runtime/linkNetworkMemory.test.ts
PASS src/runtime/creepAssignmentState.test.ts
PASS src/runtime/taskSystem/catalog.test.ts
PASS src/runtime/hostilePriorities.test.ts
PASS src/runtime/marketSaleLifecycle.test.ts
PASS src/runtime/carrierBodyPolicy.test.ts
PASS src/runtime/terminalActionEnergyOwnership.test.ts
PASS src/runtime/roomTypes.test.ts
PASS src/runtime/logistics/capacityHeadroom.test.ts
PASS src/runtime/safeZone.test.ts
PASS src/runtime/productionStateMachine.test.ts
PASS src/visual/palette.test.ts
PASS src/runtime/marketSaleDirectEngineAssumptions.test.ts
PASS src/roles/claimer.test.ts
PASS src/runtime/reactionMap.test.ts
PASS src/runtime/powerBankConstants.test.ts
PASS src/movement/common.test.ts

Test Suites: 195 passed, 195 total
Tests:       685 passed, 685 total
Snapshots:   0 total
Time:        219.444 s, estimated 352 s
Ran all test suites.
Test results written to: C:\Users\15027\AppData\Local\Temp\screeps-jest-budget-qIfvw4\results.json
