FAIL src/runtime/treasury/treasuryRewrite2Acceptance.test.ts
  B01 许可内容封闭（R01）
    ○ skipped 授权 500 后替换 permit.canonicalArgs 引用为 5000：修改无效或抛错，实际动作不得收到 5000
    ○ skipped 授权 500 后修改嵌套 args.amount 为 5000：实际动作不得收到 5000
    ○ skipped 修改 permit 身份字段（attemptId/digest/actionKind/issuedAtTick）：修改无效或抛错，不换目标执行
    ○ skipped 合法未修改对照：正常执行一次 500
  B02 rearm 许可封闭（R01）
    ○ skipped 修改 rearm 的前代指向另一 retry_ready：不得在错目标上建立 child
    ○ skipped 克隆/伪造 rearm 许可与延寿字段（issuedAtTick/runtime）：不可用
  B04 dispatching 发布被丢弃但读回合法旧 pending（R02）
    ○ skipped 写被丢弃：publish 失败、实际调用 0、不报告写入完成
  B05 读回另一份合法状态 / 单安全字段回退（R02）
    ○ skipped 读回为另一份合法 memory（少了本 attempt）：拒绝陈旧发布、零调用
    ○ skipped 读回仅 phase 字段被回退为 pending（其余为 draft）：拒绝陈旧发布、零调用
  B06 动作已进入后结果写失败（R02）
    ○ skipped 结果持久被丢弃：真调用总计 1，不返回 committed，不回退 pending，风险保留
  B07 接收容量竞争（R03）
    ○ skipped 接收容量 100：A 流入 80 unknown 后（dispatch），同 tick B 流入 80 拒绝
    ○ skipped 下一 tick：A 仍 unknown，B 流入 80 仍拒绝（unknown 占接收容量跨 tick）
    ○ skipped 对照：无 unknown 占用时 B 流入 80（容量 100）获准
  B08 业务预留参与接纳（R03）
    ○ skipped 物理 1000、他人生产预留 900：流出 200 的接纳与严格查询都拒绝
    ○ skipped 对照：物理 1000 无预留：流出 200 获准（不是一律封死）
  B09 双扣对照（R03）
    ○ skipped A pending 流出 200 后 B 流出 700 获准（不因 tentative+active 双扣误拒）
    ○ skipped A committed 流出 200 后（同 tick）B 流出 700 获准（效果单次表达）
    ○ skipped A 完成并退出、下一 tick 观察刷新后：B 流出 700 获准且不二次扣减 A
  B10 同键聚合与对冲腿（5.2）
    ○ skipped 同一候选两条同资源流出 60、余额 100：按合计拒绝
    ○ skipped 同一接收位置两种资源流入各 60、容量 100：按合计拒绝
  B11 rearm 使用当前授权口径（R03）
    ○ skipped retry_ready 后收紧 policy：相同动作的新代被当前 policy 拒绝
  B14 缺释放端口不得默认成功（R05）
    ○ skipped 无释放端口时接纳非空 externalConsumers：拒绝
    ○ skipped 已持久化义务 + 端口缺失：duty 保留、不退出、不报 released
  B15 释放失败/抛错/幂等重试（R05）
    √ 端口返回 false：duty 保留、不退出、不建立 retry 权利 (7 ms)
    × 端口抛错：beginTick 不崩、duty 保留 (3 ms)
    √ 释放成功但确认写失败：duty 保留，之后同一 (key, attemptId) 幂等重试 (2 ms)
  B16 前 8 条永久失败的公平性（R08）
    ○ skipped 前 8 条释放永久失败：第 9 条在有限轮次内真正完成（游标轮转，风险不被删除）
  B17 每 tick 释放端口调用预算（R08）
    ○ skipped 单条大量 consumer 全失败：一次 beginTick 的端口调用次数受预算约束
  B18 consumerKeys 数量上限（R09）
    ○ skipped 已持久化记录携带 1000 个 consumer key：有界拒绝（unhealthy），不无限遍历
    ○ skipped 接纳时 externalConsumers 超上限（端口可用）：有界拒绝，不截断一半义务
  B20 ring 故障隔离（R10）
    ○ skipped ring 超限/损坏：不阻断安全恢复与收尾，查询报告 degraded
    ○ skipped ring 声称 attempt 已关闭但 active 仍在：历史 degraded，不阻断核心、不凭 ring 决定关闭
  B21 真实安全矛盾仍 fail-closed（对照）
    ○ skipped closing 但无结论证据：unhealthy 阻断（不因 ring 可丢弃而放过安全矛盾）
    ○ skipped 发行元信息不自洽：unhealthy 阻断
  B22 查询视图只读（R06）
    ○ skipped kernelJournal().health 修改不回写 Memory（health 不泄漏 memory 引用）
    ○ skipped ring 元素与 counters 修改不回写 Memory
    ○ skipped 修改 metrics/active 深层嵌套后原始 Memory 与后续判定不受影响
  B23 自报 external receipt 关闭（R07）
    ○ skipped external_settlement_receipt 自报 not_executed：入口已删除，自报字段不生效、unknown 不变
    ○ skipped 运行时强制转换传入 external 结论：结论未被使用（与不传自报字段的受控调用等价）
  B24 受控对账边界（对照+强化）
    ○ skipped still_uncertain / 缺 adapter / reconciler 抛错 / 语义变化：不释放风险
    ○ skipped 受控 reconciler 给出的可信结论可推进（正常对照）
  B28 元信息与旧数据（对照）
    ○ skipped frontier 溢出拒绝分配不回绕；legacy store 阻断且不擦除

  ● B15 释放失败/抛错/幂等重试（R05） › 端口抛错：beginTick 不崩、duty 保留

    expect(received).toBeDefined()

    Received: undefined

    [0m [90m 662 |[39m     expect(() [33m=>[39m kernel[33m.[39mbeginTick())[33m.[39mnot[33m.[39mtoThrow()[33m;[39m
     [90m 663 |[39m     [36mconst[39m store [33m=[39m ([33mMemory[39m[33m.[39mruntime [36mas[39m unknown [36mas[39m { treasuryCore[33m:[39m { active[33m:[39m [33mRecord[39m[33m<[39m[33mstring[39m[33m,[39m unknown[33m>[39m } })[33m.[39mtreasuryCore[33m;[39m
    [31m[1m>[22m[39m[90m 664 |[39m     expect(store[33m.[39mactive[attemptId])[33m.[39mtoBeDefined()[33m;[39m
     [90m     |[39m                                     [31m[1m^[22m[39m
     [90m 665 |[39m   })[33m;[39m
     [90m 666 |[39m
     [90m 667 |[39m   it([32m"释放成功但确认写失败：duty 保留，之后同一 (key, attemptId) 幂等重试"[39m[33m,[39m () [33m=>[39m {[0m

      at Object.<anonymous> (src/runtime/treasury/treasuryRewrite2Acceptance.test.ts:664:37)

Test Suites: 1 failed, 1 total
Tests:       1 failed, 39 skipped, 2 passed, 42 total
Snapshots:   0 total
Time:        3.758 s, estimated 4 s
Ran all test suites matching /src\\runtime\\treasury\\treasuryRewrite2Acceptance.test.ts/i with tests matching "B15".
