FAIL src/runtime/treasury/treasuryRemediationIVService.test.ts
  H08 同参数 A/B 错身份封闭
    ○ skipped 错误聚合/许可配对在执行前拒绝；正常包装执行事件只归实际许可 A；B 不借 A 效果
  H09 同参数 A/B 正序/逆序/单笔/双笔归属
    ○ skipped 正序 A→B 与逆序 B→A：每笔 entered/effect 与实际提交许可对应，世界变化按真实调用累计
    ○ skipped 逆序 B→A 与只执行其中一笔：未执行 B 不借 A 效果，世界只一笔变化
  H10 包装不赋予执行权
    ○ skipped 克隆/过期/旧runtime/已消费许可被原门禁拒绝；被拒请求不计 adapter-entered/effect；健康真许可仍可执行
  H11 reset 后新调用无旧上下文
    ○ skipped 完整 reset 后新模块工厂经恢复宿主执行新许可：事件归新 attempt，旧栈事实不追加
  H12 断点事件来源错配拒绝
    × J1 产生效果、B0 误配 J2 marker、恢复继续用 J1 adapter——对账前拒绝且不留半恢复状态 (38 ms)
  H13 正确来源分支链与重复恢复
    ○ skipped B0 恢复后执行 C→B2；B0/B1/B2 分支隔离一致；重复恢复同一断点互不污染；executed 分支能关闭
  H14 来源完整性与快照不可变
    ○ skipped 缺来源 marker/裸 adapter 被拒；同世界序不同 journal 被拒；查询对象修改不污染捕获快照
  H15 完全同参数父子恢复闭环
    ○ skipped 父无效果→真实 capability→rearm child（canonical args 全等）→child 效果后结果前断点→完整 reset→exact committed→观察接管退出
  H16 同参数父子负向
    ○ skipped 无可信证据不解除 unknown；父/子事件独立；旧父/child 许可不能再次执行；正确来源恢复后仍能完成
  H17 已执行结果前恢复与 closing 占用对照
    ○ skipped 效果后断点恢复→unknown 保守占用：200 纳/201 拒；committed closing 未退出时同口径；A 未提前删除
    ○ skipped 流入对照：结果前恢复后空位 100、unknown 占用下 20 纳/21 拒；仅坏 ring 不阻断（健康对照）

  ● H12 断点事件来源错配拒绝 › J1 产生效果、B0 误配 J2 marker、恢复继续用 J1 adapter——对账前拒绝且不留半恢复状态

    expect(received).toThrow(expected)

    Expected pattern: /事件来源/

    Received function did not throw

    [0m [90m 302 |[39m     expect(() [33m=>[39m
     [90m 303 |[39m       performTreasuryFullReset({ roomSpecs[33m:[39m [33mROOMS[39m[33m,[39m adapter[33m:[39m makeTreasuryExactOracleAdapter(j1)[33m,[39m breakpoint[33m:[39m b0 })[33m,[39m
    [31m[1m>[22m[39m[90m 304 |[39m     )[33m.[39mtoThrow([35m/事件来源/[39m)[33m;[39m
     [90m     |[39m       [31m[1m^[22m[39m
     [90m 305 |[39m
     [90m 306 |[39m     [90m// 拒绝不留下半恢复混合状态：Memory/世界/事件均未被恢复流程触碰。[39m
     [90m 307 |[39m     expect(roomEnergy([33mGame[39m[33m.[39mrooms [36mas[39m unknown [36mas[39m [33mRecord[39m[33m<[39m[33mstring[39m[33m,[39m [33mRoom[39m[33m>[39m[33m,[39m [32m"W1N57"[39m[33m,[39m [32m"storage"[39m))[33m.[39mtoBe([35m900[39m)[33m;[39m [90m// 旧分支效果仍在（未被回滚）[39m[0m

      at Object.<anonymous> (src/runtime/treasury/treasuryRemediationIVService.test.ts:304:7)

Test Suites: 1 failed, 1 total
Tests:       1 failed, 11 skipped, 12 total
Snapshots:   0 total
Time:        4.82 s
Ran all test suites within paths "src/runtime/treasury/treasuryRemediationIVService.test.ts".
