PASS src/runtime/marketBaseResourcePermit.test.ts (26.199 s)
PASS test/treasuryCompatRead.test.ts (13.097 s)
PASS src/runtime/marketBaseResourceAutomation.test.ts (9.919 s)
PASS test/localDispatchPerformanceBaseline.test.ts (10.504 s)
  ● Console

    console.log
      LOCAL_DISPATCH_PERFORMANCE_BASELINE {"schema":"local-dispatch-performance-baseline/v2","implementation":"full-ref-local-dispatch","fixture":{"rooms":20,"tasksPerRoom":20,"totalTasksPerDomain":400,"actors":50},"protocol":{"clock":"process.hrtime.bigint","timingUnit":"milliseconds","warmupBatches":5,"measuredBatches":30,"iterationsPerBatch":100,"p95":"nearest-rank","timingPassFail":"observation-only; deployment CPU gate is the live same-shard window","complexityPassFail":"deterministic public-input/read-DTO counts"},"preChangeEvidence":{"source":"openspec/changes/local-dispatch-ownership/evidence/pre-change-baseline.md","commit":"df2e1af60a035fd99406888d69bba9903e8a7118","observation":{"workerCurrent":{"median":12.083,"p95":12.378},"workerRelease":{"median":39.879,"p95":40.633},"carrierList":{"median":13.476,"p95":14.086},"carrierClaim":{"median":12.937,"p95":13.586},"carrierReplace":{"median":61.892,"p95":66.713}}},"scenarios":{"workerCurrent":{"samples":[139.99225,140.613417,139.882042,138.634625,139.634375,137.694917,137.3065,134.729625,136.386917,123.673875,116.641167,115.513459,114.590125,119.937417,112.338541,114.564208,112.6845,113.414208,112.1785,111.978625,112.825708,115.318791,114.548041,112.229333,113.716292,114.941458,112.2075,113.527291,112.609542,113.297875],"median":114.765792,"p95":139.99225,"min":111.978625,"max":140.613417,"relativeToPreChange":{"median":9.498121,"p95":11.309763}},"workerRelease":{"samples":[86.8365,87.906417,87.197583,87.192875,86.677292,87.037792,88.687209,87.593916,88.069584,90.092583,99.6795,102.333791,108.3245,105.43875,102.992792,104.359666,108.230291,104.008375,104.941333,109.852542,105.640208,113.006208,110.282875,109.425125,114.03675,105.349584,109.073291,109.974083,108.140583,106.738166],"median":104.650499,"p95":113.006208,"min":86.677292,"max":114.03675,"relativeToPreChange":{"median":2.624201,"p95":2.781144}},"carrierList":{"samples":[2.442208,2.567792,2.462583,3.488916,2.510416,2.8935,2.162625,2.241416,4.137333,2.664792,2.383417,2.710583,2.521375,2.954,2.354959,2.694916,2.779333,3.255625,2.385,2.474375,2.569,2.794792,3.126667,2.911458,2.188167,2.23225,2.810333,3.406917,2.127833,2.128667],"median":2.568396,"p95":3.488916,"min":2.127833,"max":4.137333,"relativeToPreChange":{"median":0.19059,"p95":0.247687}},"carrierClaim":{"samples":[21.009458,20.62225,22.843208,20.253167,20.561208,19.357042,19.474042,18.993834,19.654875,19.5675,18.903083,19.300959,19.146333,18.484125,19.55675,21.102458,19.259209,20.611917,18.52775,18.224833,20.472333,18.420375,18.918375,17.884458,17.844291,18.699041,18.35225,18.473334,18.327417,19.902875],"median":19.280084,"p95":21.102458,"min":17.844291,"max":22.843208,"relativeToPreChange":{"median":1.490306,"p95":1.55325}},"carrierReplace":{"samples":[51.378125,43.197959,42.061416,43.769916,42.918625,40.647125,42.125666,41.038209,41.747167,40.40375,42.14375,42.808625,42.50125,41.322459,42.846958,41.321584,43.04425,41.273,42.757625,43.327458,46.336458,43.300417,42.905666,41.588791,42.925209,43.611167,43.611125,41.516875,44.004333,41.152583],"median":42.783125,"p95":46.336458,"min":40.40375,"max":51.378125,"relativeToPreChange":{"median":0.691255,"p95":0.694564}}},"complexityGates":{"workerRelease":{"acquireCalls":5000,"releaseCalls":5000,"exactRoomDescriptorReads":5000,"exactTaskDescriptorReads":5000,"boardEnumerations":0},"workerAcquireReconcile":{"acquireCalls":50,"reconcileCalls":50,"assignedCreepsDescriptorReads":150},"carrier":{"exact":{"exactCalls":400,"exactResults":400,"refDescriptorReads":2400},"list":{"listCalls":20,"listResults":400},"replace":{"replaceCalls":2000,"replaceResults":40000,"draftIndexReads":40000,"stepIndexReads":40000},"claim":{"claimCalls":5000,"successfulClaims":5000,"releasedClaims":5000,"claimStepIndexReads":5000,"actorDescriptorReads":5000,"actorEnumerations":0},"readDto":{"snapshotCalls":1,"snapshotEntries":400,"stepArrayEnumerations":400,"stepEntryDescriptorReads":800}}},"limitations":["Node/Jest wall-clock is not Screeps CPU and old/current samples came from separate processes.","Relative old/current wall-clock ratios are observations, never pass/fail authorization.","Worker current starts bound; Carrier claim is the uncontended immediate-release path.","Carrier complexity probes observe public inputs/read DTOs and never the private Map hierarchy."]}

      at Object.<anonymous> (test/localDispatchPerformanceBaseline.test.ts:761:13)

PASS scripts/monitor-service.test.ts
PASS test/memoryDeclarationBoundaries.test.ts
PASS test/ambientGlobalAbiBoundaries.test.ts
PASS test/typescriptConfigBoundaries.test.ts
PASS test/localDispatchArchitectureBoundaries.test.ts
PASS test/treasuryCompatIndependent.test.ts
PASS src/runtime/marketBaseResourceLedger.test.ts
PASS src/runtime/logistics/resourceTransferTasks.test.ts
PASS src/runtime/marketSaleAutomation.test.ts
PASS test/roleIdentityCatalogBoundaries.test.ts
PASS test/taskSystemCatalogBoundaries.test.ts
PASS test/taskSystemArchitectureBoundaries.test.ts
PASS src/runtime/bootstrapArchitecture.test.ts
PASS src/mount/mountCreep.test.ts
PASS src/runtime/linkNetworkMemoryOwnership.test.ts
PASS src/runtime/hubPlanner.test.ts
PASS src/runtime/powerBankHarvest.test.ts
PASS src/runtime/taskSystem/snapshot.test.ts
PASS src/runtime/resourceControl.capacityRegression.test.ts
PASS src/runtime/marketSalePlanningAuthorization.test.ts
PASS src/runtime/hubProductionIntegration.test.ts
PASS src/movement/routing.segmentCache.test.ts
PASS src/runtime/empireInventoryIndex.test.ts
PASS src/runtime/synthesisControl.test.ts
PASS src/runtime/spawnPlanner.test.ts
PASS src/runtime/marketSaleProtection.test.ts
PASS src/runtime/colonization.travelPath.test.ts
PASS src/runtime/empireInventoryShadow.test.ts
  ● Console

    console.log
      [inventory-shadow] parity mismatch +5 this check (total 5): tick=10000 room=<empire> resource=energy field=empireTotal index=6200 direct=1200

      at runEmpireInventoryShadowCheck (src/runtime/empireInventoryShadow.ts:1045:13)

    console.log
      [inventory-shadow] parity mismatch +7 this check (total 7): tick=10000 room=<creeps>:cargo resource=- field=oracleStoreTotal index=30 direct=99

      at runEmpireInventoryShadowCheck (src/runtime/empireInventoryShadow.ts:1045:13)

    console.log
      [inventory-shadow] parity mismatch +3 this check (total 3): tick=10040 room=W1N57 resource=- field=factoryUsedCapacity index=40 direct=0

      at runEmpireInventoryShadowCheck (src/runtime/empireInventoryShadow.ts:1045:13)

    console.log
      [inventory-shadow] parity mismatch +3 this check (total 3): tick=10000 room=W1N57 resource=- field=factoryUsedCapacity index=40 direct=0

      at runEmpireInventoryShadowCheck (src/runtime/empireInventoryShadow.ts:1045:13)

    console.log
      [inventory-shadow] parity mismatch +1 this check (total 1): tick=10000 room=W1N57:storage resource=silicon field=oracleResourceAmount index=0 direct=42

      at runEmpireInventoryShadowCheck (src/runtime/empireInventoryShadow.ts:1045:13)

PASS src/runtime/marketSaleSession.test.ts
PASS src/runtime/bootstrap.test.ts
PASS src/runtime/externalTelemetry.test.ts
PASS src/roles/carrier.test.ts
PASS src/runtime/resourceControl.test.ts
PASS src/runtime/memoryCleanup.test.ts
PASS src/runtime/marketSaleDirectAutomation.test.ts
PASS src/roles/index.test.ts
PASS src/runtime/warControl.test.ts
PASS src/runtime/towerControl.scanThrottle.test.ts
PASS src/runtime/marketDirectContinuousPolicy.test.ts
PASS src/runtime/roomWorkforceIdentity.test.ts
PASS src/mount/mountSpawn.test.ts
PASS src/main.test.ts
PASS src/runtime/nukerControl.test.ts
PASS src/runtime/powerBankBoost.test.ts
PASS src/movement/pathing.crossTickCache.test.ts
PASS src/mount/mountCreep.lifecycleCache.test.ts
PASS src/runtime/marketSalePlanningGate.test.ts
PASS src/runtime/flagHauling.test.ts
  ● Console

    console.log
      [flag-haul] started: flag=HAUL target=W5N5 source=W1N1

      at upsertFlagHaulTask (src/runtime/flagHauling.ts:322:13)

PASS src/runtime/localDispatchOwnership.target.test.ts
PASS src/runtime/crossShardColonization.test.ts
PASS scripts/lib/redactSecrets.test.ts
PASS src/runtime/marketDirectContinuousLedger.test.ts
PASS test/warWorkflowLifecycleBoundaries.test.ts
PASS src/runtime/synthesisControlStateMachine.test.ts
PASS src/runtime/safeZoneHelpers.test.ts
PASS src/runtime/marketSaleRuntime.test.ts
PASS src/runtime/consoleCommands.test.ts
PASS src/roles/remoteMiningCarrier.test.ts
PASS src/runtime/dispatchOwnership/actorBinding.test.ts
PASS src/runtime/marketSaleProtectionAdapter.test.ts
PASS src/runtime/marketSaleConfig.test.ts
PASS src/runtime/carrierTaskBoard.test.ts
PASS src/runtime/memorySizeRegression.test.ts
PASS src/runtime/homeDefense.test.ts
PASS src/runtime/marketSalePricingAdapter.test.ts
PASS src/runtime/marketDirectContinuousAutomation.test.ts
PASS src/runtime/boostControl.test.ts
  ● Console

    console.log
      [boostControl] buy W1N1: XUH2O=1000 price=5.000 cost=100

      at buyBoostIfNeeded (src/runtime/boostControl.ts:151:13)

PASS src/movement/staticRoomMatrix.test.ts
PASS src/roles/carrier.bestCandidate.test.ts
PASS src/runtime/marketBaseResourcePolicy.test.ts
PASS src/roles/shared.test.ts
PASS src/runtime/taskSystem/registry.test.ts
PASS src/runtime/console/operationsCommands.test.ts
PASS src/runtime/workerTaskPool.characterization.test.ts
PASS src/runtime/roomWorkforce.test.ts
PASS src/runtime/remoteMining.test.ts
PASS src/runtime/powerCreepControl.test.ts
PASS src/movement/routing.backoff.test.ts
PASS src/runtime/taskSystem/adapters/powerCreepAction.test.ts
PASS src/runtime/mineralExtraction.test.ts
PASS src/runtime/colonization.test.ts
  ● Console

    console.log
      [colonization] rescout W1N2: pending scout route invalid or interrupted by dangerous room

      at requestScoutRescan (src/runtime/colonization.ts:983:11)

    console.log
      [colonization] abandon W1N2: flag removed by player

      at abandonColonization (src/runtime/colonization.ts:1042:11)

    console.log
      [colonization] abandon W1N2: flag removed by player

      at abandonColonization (src/runtime/colonization.ts:1042:11)

PASS src/roles/meleeAttacker.test.ts
PASS src/runtime/taskSystem/adapters/powerBankWorkflow.test.ts
PASS src/runtime/taskSystem/adapters/factoryCommand.test.ts
PASS src/runtime/roomPlannerConstruction.test.ts
PASS src/runtime/marketSaleProtectionMemo.test.ts
PASS src/runtime/marketSaleFeeLedger.test.ts
PASS src/runtime/marketDirectContinuousPlanner.test.ts
PASS src/roles/energyTargets.test.ts
PASS src/config/spawnProfiles.test.ts
PASS src/runtime/workerTaskPool.test.ts
PASS src/runtime/hubUpgradeControl.test.ts
PASS src/runtime/hubFlag.test.ts
PASS src/movement/traffic.naturalObstacles.test.ts
PASS src/movement/metrics.flush.test.ts
PASS src/roles/worker.test.ts
PASS src/roles/remoteCarrier.test.ts
PASS src/runtime/taskSystem/adapters/spawnProduction.test.ts
PASS src/runtime/hubProgress.test.ts
PASS src/movement/routing.cachedPathValidation.test.ts
PASS src/roles/remoteWorker.test.ts
PASS test/miner.test.ts
PASS src/runtime/powerSpawnControl.test.ts
PASS src/runtime/marketWriteArchitecture.test.ts
PASS src/runtime/marketSaleDirectShadow.test.ts
PASS src/runtime/linkNetworkMemory.test.ts
PASS src/runtime/factoryControl.test.ts
PASS src/runtime/creepAssignmentState.test.ts
PASS src/runtime/cpuPhaseProfiler.lowOverhead.test.ts
PASS src/movement/routing.dynamicObstacles.test.ts
PASS src/roles/powerBankHauler.test.ts
PASS test/harvester.test.ts
PASS src/runtime/taskSystem/model.test.ts
PASS src/runtime/towerControl.test.ts
PASS src/runtime/powerBankViability.test.ts
PASS src/runtime/autoReserveFlag.test.ts
  ● Console

    console.log
      [reserve] W1N1 entered reserve mode at 74999 energy

      at runAutoReserveFlags (src/runtime/autoReserveFlag.ts:38:17)

PASS src/roles/powerBankAttacker.test.ts
PASS src/roles/colonizerHarvester.test.ts
PASS src/types/roleCatalog.test.ts
PASS scripts/lib/deployGuard.test.ts
PASS test/defenseMode.test.ts
PASS src/runtime/taskSystem/adapters/workflowAdapters.test.ts
PASS src/runtime/dispatchOwnership/workerSlot.test.ts
PASS src/runtime/dispatchOwnership/carrierAmountSlice.test.ts
PASS src/runtime/terminalBootstrapRecovery.test.ts
PASS src/runtime/marketSaleLifecycle.test.ts
PASS src/runtime/marketSaleDirectPending.test.ts
PASS src/runtime/empireInventoryBenchmark.test.ts
  ● Console

    console.log
      [inventory-bench] rooms=8 legacyPerResourceCalls=1344 newKeyEnumeration=61 legacyScanMs=0.216 indexBuildMs=0.218

      at Object.<anonymous> (src/runtime/empireInventoryBenchmark.test.ts:166:13)

PASS src/runtime/carrierTaskBoard.revisionCache.test.ts
PASS src/movement/pathing.test.ts
PASS src/roles/powerBankHealer.test.ts
PASS src/roles/combatBoosts.test.ts
PASS src/runtime/taskSystem/adapters/workerWork.test.ts
PASS src/runtime/taskSystem/adapters/warWorkflow.test.ts
PASS src/runtime/powerBankStatus.test.ts
PASS src/runtime/powerBankDiscovery.test.ts
PASS src/runtime/marketSaleExposure.test.ts
PASS src/runtime/marketSaleDiagnostics.test.ts
PASS src/runtime/deployAnnounce.test.ts
PASS src/runtime/cpuMonitor.test.ts
PASS src/roles/remoteDefender.test.ts
PASS src/roles/healer.test.ts
PASS src/runtime/taskSystem/adapters/resourceTransfer.test.ts
PASS src/runtime/spawnQueueOwnership.test.ts
PASS src/runtime/marketActionArbiter.test.ts
PASS src/runtime/hubProtectionSnapshot.test.ts
PASS src/movement/traffic.test.ts
PASS src/movement/routing.test.ts
PASS src/roles/upgrader.test.ts
PASS src/roles/mineralHarvester.test.ts
PASS src/roles/homeDefender.test.ts
PASS src/roles/claimer.test.ts
PASS src/runtime/taskSystem/adapters/carrierLogistics.test.ts
PASS src/runtime/taskSystem/catalog.test.ts
PASS src/runtime/tickContext.typedIndex.test.ts
PASS src/runtime/powerBankObserver.test.ts
PASS src/runtime/memoryAudit.test.ts
PASS src/runtime/linkControl.test.ts
PASS src/movement/roomTopologyRevision.test.ts
PASS src/runtime/console/resourceTransferCommands.test.ts
PASS src/runtime/upgraderPolicy.test.ts
PASS src/runtime/roomEnergyPolicy.test.ts
PASS src/runtime/pixelGenerator.test.ts
PASS src/runtime/minerBodyPolicy.test.ts
PASS src/runtime/energyPickupReservation.test.ts
PASS src/runtime/emergencySpawning.test.ts
PASS src/roles/remoteMiningReserver.test.ts
PASS src/runtime/logistics/receiverCapacityLedger.test.ts
PASS src/runtime/productionStateMachine.test.ts
PASS src/runtime/marketSalePricing.test.ts
PASS src/runtime/marketSaleDirectPricing.test.ts
PASS src/runtime/localCarrierDestinationCapacity.test.ts
PASS src/roles/scout.test.ts
PASS src/runtime/logistics/capacityHeadroom.test.ts
PASS src/runtime/dispatchOwnership/ref.test.ts
PASS src/runtime/resourceReservation.test.ts
PASS src/runtime/hostilePriorities.test.ts
PASS src/roles/powerBankScout.test.ts
PASS src/runtime/configNormalize.test.ts
PASS src/runtime/carrierBodyPolicy.test.ts
PASS src/runtime/terminalActionEnergyOwnership.test.ts
PASS src/runtime/safeZone.test.ts
PASS src/runtime/roomTypes.test.ts
PASS src/runtime/reactionMap.test.ts
PASS src/runtime/marketSaleDirectEngineAssumptions.test.ts
PASS src/visual/panel.test.ts
PASS src/visual/palette.test.ts
PASS test/tickContext.test.ts
PASS src/runtime/actionLog.test.ts
PASS src/movement/common.test.ts
PASS src/runtime/powerBankConstants.test.ts

Test Suites: 195 passed, 195 total
Tests:       688 passed, 688 total
Snapshots:   0 total
Time:        85.444 s
Ran all test suites.
Test results written to: ../../../../../../var/folders/k0/l1vlcbps5gv99pckw10ngqwr0000gn/T/screeps-jest-budget-bwdoIF/results.json
