PASS src/runtime/treasury/treasuryRemediationIVKernel.test.ts (5.809 s)
  ● Console

    console.log
      H18-TRACE completed=true observe=12 bounded=13/40 recovery=1/10 checkpoints=54 portEvents=96 finalClose=25 final={"phases":{"closing":0,"outcome_unknown":20,"retry_ready":0,"pending":0,"other":0},"remaining":0,"active":20,"ring":44,"chars":21879,"utf8Bytes":21879,"budgetUsed":2}

      at Object.<anonymous> (src/runtime/treasury/treasuryRemediationIVKernel.test.ts:1095:15)

PASS src/runtime/treasury/treasuryRemediationVKernel.test.ts
  ● Console

    console.log
      I13-COST {"fixture1":{"fixture":"empty-endTick","reads":7,"writeAttempts":1,"writesAllowed":1,"writesDropped":0,"logicalSharesUsed":0,"closurePersisted":true},"fixture2":{"fixture":"recover-A-then-clean-8C","phaseEndTick":{"recoveredToUnknown":1,"closurePersisted":true},"tick1":{"reads":41,"writeAttempts":7,"writesAllowed":7,"cleaned":2,"sharesUsed":7,"releaseCalls":2},"completion":{"ticks":2,"reads":77,"writeAttempts":14,"writesAllowed":14,"totalReleaseCalls":8,"perTickReleases":[4,2],"phaseAfter":"retry_ready"},"awaitingServiceAfterTick1":6}}

      at Object.<anonymous> (src/runtime/treasury/treasuryRemediationVKernel.test.ts:653:13)

    console.log
      I13-COST {"fixture3":{"fixture":"closure-publish-failure","writeAttempts":2,"writesAllowed":0,"writesDropped":2,"reads":12,"closurePersisted":false},"fixture4":{"fixture":"64-active-mixed-advance","activeCount":64,"beginTick":{"recovered":2,"cleaned":6,"closed":0,"cancelled":0},"endTick":{"recoveredToUnknown":0,"closurePersisted":true},"reads":53,"writeAttempts":10,"writesAllowed":10,"sharesUsed":8}}

      at Object.<anonymous> (src/runtime/treasury/treasuryRemediationVKernel.test.ts:748:13)

PASS src/runtime/treasury/treasuryRemediationIVService.test.ts
PASS src/runtime/treasury/treasuryRemediationVService.test.ts
PASS src/runtime/treasury/treasuryTerminalTransferSlice0.test.ts
PASS src/runtime/treasury/treasuryRemediationVIKernel.test.ts

Test Suites: 6 passed, 6 total
Tests:       65 passed, 65 total
Snapshots:   0 total
Time:        7.851 s
Ran all test suites within paths "src/runtime/treasury/treasuryTerminalTransferSlice0.test.ts", "src/runtime/treasury/treasuryRemediationIVKernel.test.ts", "src/runtime/treasury/treasuryRemediationVIKernel.test.ts", "src/runtime/treasury/treasuryRemediationIVService.test.ts", "src/runtime/treasury/treasuryRemediationVKernel.test.ts", "src/runtime/treasury/treasuryRemediationVService.test.ts".
Test results written to: C:\Users\15027\AppData\Local\Temp\slice0-mainval-run-iyby\jest-key.json
