Storage connection lost Error: read ECONNRESET
    at TCP.onStreamRead (node:internal/stream_base_commons:216:20) {
  errno: -4077,
  code: 'ECONNRESET',
  syscall: 'read'
}
Storage connection lost Error: connect ECONNREFUSED ::1:21027
    at TCPConnectWrap.afterConnect [as oncomplete] (node:net:1637:16) {
  errno: -4078,
  code: 'ECONNREFUSED',
  syscall: 'connect',
  address: '::1',
  port: 21027
}
Storage connection lost Error: connect ECONNREFUSED ::1:21027
    at TCPConnectWrap.afterConnect [as oncomplete] (node:net:1637:16) {
  errno: -4078,
  code: 'ECONNREFUSED',
  syscall: 'connect',
  address: '::1',
  port: 21027
}
Storage connection lost Error: connect ECONNREFUSED ::1:21027
    at TCPConnectWrap.afterConnect [as oncomplete] (node:net:1637:16) {
  errno: -4078,
  code: 'ECONNREFUSED',
  syscall: 'connect',
  address: '::1',
  port: 21027
}
Storage connection lost Error: connect ECONNREFUSED ::1:21027
    at TCPConnectWrap.afterConnect [as oncomplete] (node:net:1637:16) {
  errno: -4078,
  code: 'ECONNREFUSED',
  syscall: 'connect',
  address: '::1',
  port: 21027
}
Storage connection lost Error: connect ECONNREFUSED ::1:21027
    at TCPConnectWrap.afterConnect [as oncomplete] (node:net:1637:16) {
  errno: -4078,
  code: 'ECONNREFUSED',
  syscall: 'connect',
  address: '::1',
  port: 21027
}
Storage connection lost Error: connect ECONNREFUSED ::1:21027
    at TCPConnectWrap.afterConnect [as oncomplete] (node:net:1637:16) {
  errno: -4078,
  code: 'ECONNREFUSED',
  syscall: 'connect',
  address: '::1',
  port: 21027
}
Storage connection lost Error: connect ECONNREFUSED ::1:21027
    at TCPConnectWrap.afterConnect [as oncomplete] (node:net:1637:16) {
  errno: -4078,
  code: 'ECONNREFUSED',
  syscall: 'connect',
  address: '::1',
  port: 21027
}
Error: Error: final process-tree stop timeout; PROCESS_STOP_UNCONFIRMED: Error: failure process stop timeout
