TAP version 13
# Subtest: HTTP 200 API错误和缺失数据不会变成无责任
ok 1 - HTTP 200 API错误和缺失数据不会变成无责任
  ---
  duration_ms: 1.340833
  type: 'test'
  ...
# Subtest: 完整压缩 Memory 成功读回与主镜像门禁
ok 2 - 完整压缩 Memory 成功读回与主镜像门禁
  ---
  duration_ms: 2.287209
  type: 'test'
  ...
# Subtest: 坏 resourceControl 根与全部旧责任字段拒绝发布
ok 3 - 坏 resourceControl 根与全部旧责任字段拒绝发布
  ---
  duration_ms: 0.101125
  type: 'test'
  ...
# Subtest: 冻结身份、追加前摘要、工具摘要不允许误配
ok 4 - 冻结身份、追加前摘要、工具摘要不允许误配
  ---
  duration_ms: 23.832583
  type: 'test'
  ...
1..4
# tests 4
# suites 0
# pass 4
# fail 0
# cancelled 0
# skipped 0
# todo 0
# duration_ms 77.322792
