PASS src/runtime/treasury/treasuryKernelStress.test.ts (185.801 s)
PASS src/runtime/marketBaseResourcePermit.test.ts (66.301 s)
PASS test/localDispatchPerformanceBaseline.test.ts (25.428 s)
  ● Console

    console.log
      LOCAL_DISPATCH_PERFORMANCE_BASELINE {"schema":"local-dispatch-performance-baseline/v2","implementation":"full-ref-local-dispatch","fixture":{"rooms":20,"tasksPerRoom":20,"totalTasksPerDomain":400,"actors":50},"protocol":{"clock":"process.hrtime.bigint","timingUnit":"milliseconds","warmupBatches":5,"measuredBatches":30,"iterationsPerBatch":100,"p95":"nearest-rank","timingPassFail":"observation-only; deployment CPU gate is the live same-shard window","complexityPassFail":"deterministic public-input/read-DTO counts"},"preChangeEvidence":{"source":"openspec/changes/local-dispatch-ownership/evidence/pre-change-baseline.md","commit":"df2e1af60a035fd99406888d69bba9903e8a7118","observation":{"workerCurrent":{"median":12.083,"p95":12.378},"workerRelease":{"median":39.879,"p95":40.633},"carrierList":{"median":13.476,"p95":14.086},"carrierClaim":{"median":12.937,"p95":13.586},"carrierReplace":{"median":61.892,"p95":66.713}}},"scenarios":{"workerCurrent":{"samples":[276.6223,303.5442,293.0471,286.1093,296.8383,295.2577,291.5828,309.744,282.9774,279.2954,289.0453,311.3047,324.3197,311.821,305.4092,274.6806,348.2707,273.0256,270.0042,322.6099,309.91,272.285,275.8068,276.6791,332.5534,278.3671,266.8329,270.6188,275.8279,301.231],"median":290.31405,"p95":332.5534,"min":266.8329,"max":348.2707,"relativeToPreChange":{"median":24.026653,"p95":26.866489}},"workerRelease":{"samples":[235.8292,252.0772,238.511,244.3943,224.5247,243.0816,230.1201,223.4302,224.0087,258.1515,229.4271,225.6673,217.7388,234.2207,219.61,225.9897,221.9631,248.8324,239.0908,229.4898,224.1331,242.8384,265.6195,221.2073,217.9115,218.5893,215.9364,261.192,229.1675,222.2343],"median":229.2973,"p95":261.192,"min":215.9364,"max":265.6195,"relativeToPreChange":{"median":5.749826,"p95":6.428076}},"carrierList":{"samples":[4.9214,6.7502,4.7446,4.7828,4.7996,4.8169,5.8213,4.8168,4.8393,4.9408,4.8432,5.7872,4.782,4.9468,4.7726,5.5617,5.4188,4.8913,5.3981,5.5459,5.5806,5.7237,4.8886,4.8294,5.1049,5.8817,4.8316,6.9787,7.8912,6.4367],"median":4.9438,"p95":6.9787,"min":4.7446,"max":7.8912,"relativeToPreChange":{"median":0.36686,"p95":0.495435}},"carrierClaim":{"samples":[52.3262,47.6555,44.5146,43.5256,54.4914,66.6737,49.4955,52.059,45.2965,45.4829,51.2164,47.5659,42.7098,45.4099,44.5117,50.6122,46.0696,44.5248,46.3396,43.9139,50.1283,51.3953,42.793,43.1648,44.1408,53.8577,45.9918,43.7721,43.1595,44.3276],"median":45.73735,"p95":54.4914,"min":42.7098,"max":66.6737,"relativeToPreChange":{"median":3.535391,"p95":4.010849}},"carrierReplace":{"samples":[114.2648,116.2926,104.5083,105.3763,106.4302,102.4106,106.3394,117.9779,137.3789,107.2411,108.0331,109.3542,115.6245,141.8756,131.2485,111.2371,128.1033,112.3054,114.3176,107.0597,134.2708,114.8111,106.3105,102.0525,107.0128,111.4622,114.2692,101.018,107.0425,154.8574],"median":111.34965,"p95":141.8756,"min":101.018,"max":154.8574,"relativeToPreChange":{"median":1.799096,"p95":2.126656}}},"complexityGates":{"workerRelease":{"acquireCalls":5000,"releaseCalls":5000,"exactRoomDescriptorReads":5000,"exactTaskDescriptorReads":5000,"boardEnumerations":0},"workerAcquireReconcile":{"acquireCalls":50,"reconcileCalls":50,"assignedCreepsDescriptorReads":150},"carrier":{"exact":{"exactCalls":400,"exactResults":400,"refDescriptorReads":2400},"list":{"listCalls":20,"listResults":400},"replace":{"replaceCalls":2000,"replaceResults":40000,"draftIndexReads":40000,"stepIndexReads":40000},"claim":{"claimCalls":5000,"successfulClaims":5000,"releasedClaims":5000,"claimStepIndexReads":5000,"actorDescriptorReads":5000,"actorEnumerations":0},"readDto":{"snapshotCalls":1,"snapshotEntries":400,"stepArrayEnumerations":400,"stepEntryDescriptorReads":800}}},"limitations":["Node/Jest wall-clock is not Screeps CPU and old/current samples came from separate processes.","Relative old/current wall-clock ratios are observations, never pass/fail authorization.","Worker current starts bound; Carrier claim is the uncontended immediate-release path.","Carrier complexity probes observe public inputs/read DTOs and never the private Map hierarchy."]}

      at Object.<anonymous> (test/localDispatchPerformanceBaseline.test.ts:761:13)

PASS src/runtime/marketBaseResourceAutomation.test.ts (25.112 s)
PASS test/memoryDeclarationBoundaries.test.ts (16.778 s)
PASS test/ambientGlobalAbiBoundaries.test.ts (13.553 s)
PASS scripts/monitor-service.test.ts (10.137 s)
PASS test/typescriptConfigBoundaries.test.ts (7.526 s)
PASS src/runtime/treasury/treasuryRewrite4Lifecycle.test.ts (7.505 s)
PASS test/localDispatchArchitectureBoundaries.test.ts (6.072 s)
PASS src/runtime/treasury/treasuryRewrite2Lifecycle.test.ts
PASS test/taskSystemArchitectureBoundaries.test.ts
PASS test/roleIdentityCatalogBoundaries.test.ts
PASS test/taskSystemCatalogBoundaries.test.ts
PASS src/runtime/bootstrapArchitecture.test.ts
PASS src/runtime/marketBaseResourceLedger.test.ts
PASS src/runtime/logistics/resourceTransferTasks.test.ts
PASS src/runtime/marketSaleAutomation.test.ts
PASS src/runtime/treasury/treasuryKernelAcceptance.test.ts
PASS src/runtime/treasury/treasuryRemediationIIIKernel.test.ts
PASS src/mount/mountCreep.test.ts
PASS src/runtime/linkNetworkMemoryOwnership.test.ts
PASS src/runtime/hubPlanner.test.ts
PASS src/runtime/treasury/treasuryRewrite4Acceptance.test.ts
PASS src/runtime/treasury/treasuryRemediationIKernel.test.ts
PASS src/runtime/treasury/treasuryRewrite3Acceptance.test.ts
PASS src/runtime/powerBankHarvest.test.ts
PASS src/runtime/bootstrap.test.ts
PASS src/runtime/hubProductionIntegration.test.ts
PASS src/runtime/treasury/treasuryRemediationVKernel.test.ts
  ● Console

    console.log
      I13-COST {"fixture1":{"fixture":"empty-endTick","reads":7,"writeAttempts":1,"writesAllowed":1,"writesDropped":0,"logicalSharesUsed":0,"closurePersisted":true},"fixture2":{"fixture":"recover-A-then-clean-8C","phaseEndTick":{"recoveredToUnknown":1,"closurePersisted":true},"tick1":{"reads":41,"writeAttempts":7,"writesAllowed":7,"cleaned":2,"sharesUsed":7,"releaseCalls":2},"completion":{"ticks":2,"reads":77,"writeAttempts":14,"writesAllowed":14,"totalReleaseCalls":8,"perTickReleases":[4,2],"phaseAfter":"retry_ready"},"awaitingServiceAfterTick1":6}}

      at Object.<anonymous> (src/runtime/treasury/treasuryRemediationVKernel.test.ts:653:13)

    console.log
      I13-COST {"fixture3":{"fixture":"closure-publish-failure","writeAttempts":2,"writesAllowed":0,"writesDropped":2,"reads":12,"closurePersisted":false},"fixture4":{"fixture":"64-active-mixed-advance","activeCount":64,"beginTick":{"recovered":2,"cleaned":6,"closed":0,"cancelled":0},"endTick":{"recoveredToUnknown":0,"closurePersisted":true},"reads":53,"writeAttempts":10,"writesAllowed":10,"sharesUsed":8}}

      at Object.<anonymous> (src/runtime/treasury/treasuryRemediationVKernel.test.ts:748:13)

PASS src/runtime/taskSystem/snapshot.test.ts
PASS src/runtime/treasury/treasuryRemediationIIIService.test.ts
PASS src/runtime/treasury/treasuryRemediationIVService.test.ts
PASS src/runtime/treasury/treasuryRemediationIIService.test.ts
PASS src/runtime/treasury/treasuryKernelArchitecture.test.ts
PASS src/runtime/treasury/treasuryRemediationIVKernel.test.ts
PASS test/treasuryCommitmentInvalidationBoundaries.test.ts
PASS src/runtime/treasury/treasuryRemediationIService.test.ts
PASS src/runtime/treasury/treasuryRemediationVService.test.ts
PASS src/runtime/resourceControl.capacityRegression.test.ts
PASS src/runtime/marketSalePlanningAuthorization.test.ts
PASS src/runtime/treasury/treasuryRewrite2Acceptance.test.ts
PASS src/roles/carrier.test.ts
PASS src/movement/routing.segmentCache.test.ts
PASS src/roles/index.test.ts
PASS src/runtime/treasury/treasuryRewrite3Lifecycle.test.ts
PASS src/runtime/spawnPlanner.test.ts
PASS src/runtime/flagHauling.test.ts
  ● Console

    console.log
      [flag-haul] started: flag=HAUL target=W5N5 source=W1N1

      at upsertFlagHaulTask (src/runtime/flagHauling.ts:322:13)

PASS src/runtime/marketSaleSession.test.ts
PASS src/runtime/synthesisControl.test.ts
PASS src/mount/mountCreep.lifecycleCache.test.ts
PASS src/runtime/treasury/treasuryRemediationIIKernel.test.ts
PASS src/runtime/externalTelemetry.test.ts
PASS src/runtime/treasury/treasuryKernel.test.ts
PASS src/runtime/workerTaskPool.characterization.test.ts
PASS test/warWorkflowLifecycleBoundaries.test.ts
PASS scripts/lib/redactSecrets.test.ts
PASS src/runtime/marketDirectContinuousPolicy.test.ts
PASS src/runtime/memoryCleanup.test.ts
PASS src/runtime/empireInventoryShadow.test.ts
  ● Console

    console.log
      [inventory-shadow] parity mismatch +5 this check (total 5): tick=10000 room=<empire> resource=energy field=empireTotal index=6200 direct=1200

      at runEmpireInventoryShadowCheck (src/runtime/empireInventoryShadow.ts:1045:13)

    console.log
      [inventory-shadow] parity mismatch +7 this check (total 7): tick=10000 room=<creeps>:cargo resource=- field=oracleStoreTotal index=30 direct=99

      at runEmpireInventoryShadowCheck (src/runtime/empireInventoryShadow.ts:1045:13)

    console.log
      [inventory-shadow] parity mismatch +3 this check (total 3): tick=10040 room=W1N57 resource=- field=factoryUsedCapacity index=40 direct=0

      at runEmpireInventoryShadowCheck (src/runtime/empireInventoryShadow.ts:1045:13)

    console.log
      [inventory-shadow] parity mismatch +3 this check (total 3): tick=10000 room=W1N57 resource=- field=factoryUsedCapacity index=40 direct=0

      at runEmpireInventoryShadowCheck (src/runtime/empireInventoryShadow.ts:1045:13)

    console.log
      [inventory-shadow] parity mismatch +1 this check (total 1): tick=10000 room=W1N57:storage resource=silicon field=oracleResourceAmount index=0 direct=42

      at runEmpireInventoryShadowCheck (src/runtime/empireInventoryShadow.ts:1045:13)

PASS src/runtime/crossShardColonization.test.ts
PASS src/runtime/boostControl.test.ts
  ● Console

    console.log
      [boostControl] buy W1N1: XUH2O=1000 price=5.000 cost=100

      at buyBoostIfNeeded (src/runtime/boostControl.ts:151:13)

PASS src/runtime/remoteMining.test.ts
PASS src/runtime/hubProgress.test.ts
PASS src/runtime/colonization.test.ts
  ● Console

    console.log
      [colonization] rescout W1N2: pending scout route invalid or interrupted by dangerous room

      at requestScoutRescan (src/runtime/colonization.ts:983:11)

    console.log
      [colonization] abandon W1N2: flag removed by player

      at abandonColonization (src/runtime/colonization.ts:1042:11)

    console.log
      [colonization] abandon W1N2: flag removed by player

      at abandonColonization (src/runtime/colonization.ts:1042:11)

PASS src/mount/mountSpawn.test.ts
PASS src/runtime/consoleCommands.test.ts
PASS src/runtime/warControl.test.ts
PASS src/runtime/marketSaleDirectAutomation.test.ts
PASS test/defenseMode.test.ts
PASS src/runtime/marketSaleRuntime.test.ts
PASS test/baseline/treasuryRemediationIIBaseline.test.ts
PASS src/runtime/resourceControl.test.ts
PASS src/movement/traffic.test.ts
PASS src/runtime/powerBankBoost.test.ts
PASS src/runtime/powerBankObserver.test.ts
PASS src/runtime/treasury/treasuryTypedOwnerMigration.test.ts
PASS src/runtime/memorySizeRegression.test.ts
PASS src/runtime/hubFlag.test.ts
PASS src/runtime/marketDirectContinuousAutomation.test.ts
PASS src/runtime/console/operationsCommands.test.ts
PASS src/runtime/deployAnnounce.test.ts
PASS src/runtime/defenseFocusFire.test.ts
PASS src/runtime/synthesisControlStateMachine.test.ts
PASS src/runtime/marketWriteArchitecture.test.ts
PASS src/movement/traffic.naturalObstacles.test.ts
PASS src/runtime/marketSalePlanningGate.test.ts
PASS src/runtime/cpuMonitor.test.ts
PASS src/runtime/marketSaleProtectionMemo.test.ts
PASS src/runtime/marketSaleFeeLedger.test.ts
PASS src/runtime/nukerControl.test.ts
PASS src/runtime/marketDirectContinuousLedger.test.ts
PASS src/runtime/localDispatchOwnership.target.test.ts
PASS src/movement/pathing.crossTickCache.test.ts
PASS src/runtime/console/resourceTransferCommands.test.ts
PASS test/baseline/treasuryRemediationIBaseline.test.ts
PASS src/runtime/mineralExtraction.test.ts
PASS src/runtime/autoReserveFlag.test.ts
  ● Console

    console.log
      [reserve] W1N1 entered reserve mode at 74999 energy

      at runAutoReserveFlags (src/runtime/autoReserveFlag.ts:38:17)

PASS src/runtime/empireInventoryIndex.test.ts
PASS src/roles/carrier.bestCandidate.test.ts
PASS src/runtime/treasury/treasuryImmutableRegistries.test.ts
PASS src/main.test.ts
PASS src/runtime/treasury/treasuryR4BaselineReplicators.test.ts
  ● Console

    console.log
      R1-TRACE {"budgetTrace":[{"at":"after-nested-beginTick","budgetUsed":1},{"at":"after-endTick","budgetUsed":1},{"at":"after-beginTick","budgetUsed":7}],"releaseCalls":["ext:r1:D0","ext:r1:D1","ext:r1:D2"],"nestedStats":{"recovered":0,"closed":0,"cleaned":0,"cancelled":0},"remaining":5}

      at Object.<anonymous> (src/runtime/treasury/treasuryR4BaselineReplicators.test.ts:197:13)

PASS src/runtime/treasury/treasuryActionContract.test.ts
PASS src/runtime/marketBaseResourcePolicy.test.ts
PASS src/runtime/roomWorkforce.test.ts
PASS src/runtime/roomPlannerConstruction.test.ts
PASS src/runtime/marketSaleConfig.test.ts
PASS src/runtime/defenseFrontAware.test.ts
PASS src/runtime/treasury/treasuryCore.test.ts
PASS src/runtime/terminalActionEnergyOwnership.test.ts
PASS src/runtime/marketSaleProtectionAdapter.test.ts
PASS src/movement/routing.dynamicObstacles.test.ts
PASS src/runtime/towerControl.test.ts
PASS src/runtime/treasury/treasuryTransactionIdVectors.test.ts
PASS src/runtime/carrierTaskBoard.test.ts
PASS src/roles/energyTargets.test.ts
PASS src/movement/routing.backoff.test.ts
PASS src/runtime/cpuPhaseProfiler.lowOverhead.test.ts
PASS src/runtime/roomWorkforceIdentity.test.ts
PASS src/runtime/colonization.travelPath.test.ts
PASS src/config/spawnProfiles.test.ts
PASS src/runtime/treasury/treasuryCommitments.test.ts
PASS src/runtime/workerTaskPool.test.ts
PASS src/runtime/marketSalePricingAdapter.test.ts
PASS src/movement/pathing.test.ts
PASS src/movement/staticRoomMatrix.test.ts
PASS src/runtime/hubUpgradeControl.test.ts
PASS src/runtime/defenseFallbackReallocation.test.ts
PASS src/runtime/minerBodyPolicy.test.ts
PASS src/roles/shared.test.ts
PASS src/runtime/treasury/treasuryShadow.test.ts
  ● Console

    console.log
      [treasuryShadow] tick=5000 newMismatches=5 fields=storage_amount,storage_used_capacity,empire_total sample={"checkedAtTick":5000,"field":"storage_amount","roomName":"W1N57","resource":"U","treasuryValue":4000,"otherValue":9999}

      at finishShadow (src/runtime/treasury/shadow.ts:343:13)

    console.log
      [treasuryShadow] tick=5000 newMismatches=5 fields=storage_amount,storage_used_capacity,empire_total sample={"checkedAtTick":5000,"field":"storage_amount","roomName":"W1N57","resource":"U","treasuryValue":4000,"otherValue":9999}

      at finishShadow (src/runtime/treasury/shadow.ts:343:13)

    console.log
      [treasuryShadow] tick=5001 newMismatches=1 fields=stale_epoch sample={"checkedAtTick":5001,"field":"stale_epoch","roomName":"*","treasuryValue":5000,"otherValue":5001}

      at finishShadow (src/runtime/treasury/shadow.ts:343:13)

PASS src/runtime/dispatchOwnership/actorBinding.test.ts
PASS src/runtime/empireInventoryBenchmark.test.ts
  ● Console

    console.log
      [inventory-bench] rooms=8 legacyPerResourceCalls=1344 newKeyEnumeration=61 legacyScanMs=0.509 indexBuildMs=0.452

      at Object.<anonymous> (src/runtime/empireInventoryBenchmark.test.ts:166:13)

PASS src/roles/remoteMiningCarrier.test.ts
PASS src/roles/remoteCarrier.test.ts
PASS src/runtime/taskSystem/adapters/workflowAdapters.test.ts
PASS src/runtime/defenseFocusFireStateful.test.ts
PASS src/roles/worker.test.ts
PASS src/roles/powerBankHauler.test.ts
PASS src/movement/roomTopologyRevision.test.ts
PASS scripts/lib/deployGuard.test.ts
PASS src/runtime/marketSaleDirectShadow.test.ts
PASS src/runtime/towerControl.scanThrottle.test.ts
PASS src/runtime/marketSaleDiagnostics.test.ts
PASS src/runtime/homeDefense.test.ts
PASS src/roles/upgrader.test.ts
PASS src/movement/routing.cachedPathValidation.test.ts
PASS src/runtime/treasury/treasuryCommitmentCompleteness.test.ts
PASS src/runtime/defenseAllActorReservation.test.ts
PASS src/runtime/resourceReservation.test.ts
PASS src/runtime/marketDirectContinuousPlanner.test.ts
PASS src/runtime/powerCreepControl.test.ts
PASS src/movement/routing.test.ts
PASS src/runtime/logistics/capacityHeadroom.test.ts
PASS src/runtime/hubProtectionSnapshot.test.ts
PASS src/runtime/defenseGlobalRampartFootprints.test.ts
PASS src/runtime/carrierTaskBoard.revisionCache.test.ts
PASS src/roles/mineralHarvester.test.ts
PASS src/runtime/taskSystem/adapters/powerBankWorkflow.test.ts
PASS src/runtime/powerSpawnControl.test.ts
PASS src/runtime/taskSystem/adapters/workerWork.test.ts
PASS src/runtime/taskSystem/adapters/resourceTransfer.test.ts
PASS src/runtime/taskSystem/adapters/factoryCommand.test.ts
PASS src/runtime/dispatchOwnership/workerSlot.test.ts
PASS src/runtime/pixelGenerator.test.ts
PASS src/runtime/defenseStationaryRampartOwnership.test.ts
PASS src/runtime/taskSystem/registry.test.ts
PASS src/runtime/linkControl.test.ts
PASS src/runtime/factoryControl.test.ts
PASS src/runtime/defensePreallocationRampartOwnership.test.ts
PASS src/roles/homeDefender.test.ts
PASS src/roles/remoteDefender.test.ts
PASS src/runtime/logistics/receiverCapacityLedger.test.ts
PASS src/runtime/marketSaleDirectPending.test.ts
PASS src/runtime/emergencySpawning.test.ts
PASS src/roles/powerBankHealer.test.ts
PASS src/roles/meleeAttacker.test.ts
PASS src/runtime/tickContext.typedIndex.test.ts
PASS src/runtime/marketActionArbiter.test.ts
PASS src/roles/powerBankAttacker.test.ts
PASS src/runtime/safeZoneHelpers.test.ts
PASS src/runtime/treasury/treasuryCanonicalEncoding.test.ts
PASS src/runtime/powerBankViability.test.ts
PASS src/runtime/marketSaleLifecycle.test.ts
PASS src/types/roleCatalog.test.ts
PASS src/runtime/terminalBootstrapRecovery.test.ts
PASS src/runtime/marketSaleDirectEngineAssumptions.test.ts
PASS src/runtime/linkNetworkMemory.test.ts
PASS src/movement/metrics.flush.test.ts
PASS src/runtime/powerBankStatus.test.ts
PASS src/roles/scout.test.ts
PASS src/roles/healer.test.ts
PASS src/runtime/taskSystem/adapters/warWorkflow.test.ts
PASS src/runtime/taskSystem/adapters/spawnProduction.test.ts
PASS src/runtime/taskSystem/adapters/powerCreepAction.test.ts
PASS src/runtime/reactionMap.test.ts
PASS src/roles/remoteWorker.test.ts
PASS src/roles/powerBankScout.test.ts
PASS src/runtime/treasury/treasuryCapacityViews.test.ts
PASS src/runtime/spawnQueueOwnership.test.ts
PASS src/runtime/roomTypes.test.ts
PASS src/runtime/marketSaleDirectPricing.test.ts
PASS src/visual/palette.test.ts
PASS src/runtime/taskSystem/adapters/carrierLogistics.test.ts
PASS src/runtime/taskSystem/model.test.ts
PASS src/runtime/dispatchOwnership/ref.test.ts
PASS src/runtime/marketSaleExposure.test.ts
PASS src/roles/claimer.test.ts
PASS src/runtime/powerBankDiscovery.test.ts
PASS src/runtime/marketSaleProtection.test.ts
PASS src/runtime/energyPickupReservation.test.ts
PASS src/movement/common.test.ts
PASS test/tickContext.test.ts
PASS test/harvester.test.ts
PASS src/runtime/dispatchOwnership/carrierAmountSlice.test.ts
PASS src/runtime/productionStateMachine.test.ts
PASS src/runtime/hostilePriorities.test.ts
PASS src/runtime/creepAssignmentState.test.ts
PASS src/runtime/configNormalize.test.ts
PASS src/roles/combatBoosts.test.ts
PASS src/roles/colonizerHarvester.test.ts
PASS src/runtime/taskSystem/catalog.test.ts
PASS src/runtime/safeZone.test.ts
PASS src/runtime/roomEnergyPolicy.test.ts
PASS src/runtime/memoryAudit.test.ts
PASS src/runtime/marketSalePricing.test.ts
PASS src/runtime/localCarrierDestinationCapacity.test.ts
PASS src/runtime/carrierBodyPolicy.test.ts
PASS test/miner.test.ts
PASS src/runtime/upgraderPolicy.test.ts
PASS src/runtime/actionLog.test.ts
PASS src/visual/panel.test.ts
PASS src/roles/remoteMiningReserver.test.ts
PASS src/runtime/powerBankConstants.test.ts

Test Suites: 235 passed, 235 total
Tests:       1404 passed, 1404 total
Snapshots:   0 total
Time:        420.91 s, estimated 429 s
Ran all test suites.
Test results written to: C:\Users\15027\AppData\Local\Temp\screeps-jest-budget-DCCZC3\results.json
{"status":"JEST_TEST_BUDGET=PASSED","suites":235,"tests":1404,"manifest":"test/test-suite-budget.json"}
