PASS src/runtime/marketBaseResourcePermit.test.ts (68.95 s)
PASS test/treasuryCompatRead.test.ts (33.396 s)
PASS src/runtime/marketBaseResourceAutomation.test.ts (35.806 s)
PASS test/localDispatchPerformanceBaseline.test.ts (36.875 s)
  ● Console

    console.log
      LOCAL_DISPATCH_PERFORMANCE_BASELINE {"schema":"local-dispatch-performance-baseline/v2","implementation":"full-ref-local-dispatch","fixture":{"rooms":20,"tasksPerRoom":20,"totalTasksPerDomain":400,"actors":50},"protocol":{"clock":"process.hrtime.bigint","timingUnit":"milliseconds","warmupBatches":5,"measuredBatches":30,"iterationsPerBatch":100,"p95":"nearest-rank","timingPassFail":"observation-only; deployment CPU gate is the live same-shard window","complexityPassFail":"deterministic public-input/read-DTO counts"},"preChangeEvidence":{"source":"openspec/changes/local-dispatch-ownership/evidence/pre-change-baseline.md","commit":"df2e1af60a035fd99406888d69bba9903e8a7118","observation":{"workerCurrent":{"median":12.083,"p95":12.378},"workerRelease":{"median":39.879,"p95":40.633},"carrierList":{"median":13.476,"p95":14.086},"carrierClaim":{"median":12.937,"p95":13.586},"carrierReplace":{"median":61.892,"p95":66.713}}},"scenarios":{"workerCurrent":{"samples":[406.3162,409.9832,412.0287,414.5518,409.6561,410.1479,408.5653,407.9973,413.9415,414.1579,401.8864,372.1796,417.7107,418.1209,398.1379,408.5992,387.2544,420.4783,385.1098,411.875,372.0617,413.1281,413.8867,388.1703,430.3329,798.1295,1005.059,733.7905,585.4731,434.0417],"median":411.95185,"p95":798.1295,"min":372.0617,"max":1005.059,"relativeToPreChange":{"median":34.093507,"p95":64.479682}},"workerRelease":{"samples":[307.7919,315.8179,349.2346,309.2866,303.2816,298.5213,333.3062,274.5636,317.6802,292.715,291.7269,328.6977,312.3517,324.6191,318.9879,320.0186,319.0881,331.7307,322.2986,306.4509,327.565,350.1428,331.3915,330.0801,316.1569,345.1658,329.6807,334.3458,321.9649,320.6838],"median":320.3512,"p95":349.2346,"min":274.5636,"max":350.1428,"relativeToPreChange":{"median":8.03308,"p95":8.594851}},"carrierList":{"samples":[7.5963,9.8449,6.8989,8.7838,7.2642,9.3891,10.463,8.4096,5.388,5.0057,4.7946,5.6218,7.548,5.652,5.483,8.0874,8.7466,7.4623,8.815,7.9741,8.8889,7.0481,7.3498,5.5228,8.029,6.1046,4.8461,9.0766,8.0445,5.5338],"median":7.50515,"p95":9.8449,"min":4.7946,"max":10.463,"relativeToPreChange":{"median":0.556927,"p95":0.698914}},"carrierClaim":{"samples":[62.4858,68.6191,67.1591,61.4623,65.3382,63.3651,72.7295,66.8323,63.3792,65.4871,66.1814,68.2362,65.7947,66.0337,68.2713,70.5454,61.2945,62.1301,60.5108,70.1807,53.8126,59.7761,54.9716,61.3172,67.5837,48.3998,62.9101,63.5584,71.3536,63.7249],"median":64.53155,"p95":71.3536,"min":48.3998,"max":72.7295,"relativeToPreChange":{"median":4.988139,"p95":5.251995}},"carrierReplace":{"samples":[162.8308,166.1413,128.2153,160.4108,174.2393,169.0673,171.4446,182.3011,159.2142,151.6932,164.5338,163.1467,151.2102,161.4188,166.9785,149.0755,148.4431,162.643,150.6958,159.5254,169.9145,150.9343,159.7102,158.6105,156.4263,138.1212,144.2437,147.2618,164.0157,138.0623],"median":159.6178,"p95":174.2393,"min":128.2153,"max":182.3011,"relativeToPreChange":{"median":2.578973,"p95":2.611774}}},"complexityGates":{"workerRelease":{"acquireCalls":5000,"releaseCalls":5000,"exactRoomDescriptorReads":5000,"exactTaskDescriptorReads":5000,"boardEnumerations":0},"workerAcquireReconcile":{"acquireCalls":50,"reconcileCalls":50,"assignedCreepsDescriptorReads":150},"carrier":{"exact":{"exactCalls":400,"exactResults":400,"refDescriptorReads":2400},"list":{"listCalls":20,"listResults":400},"replace":{"replaceCalls":2000,"replaceResults":40000,"draftIndexReads":40000,"stepIndexReads":40000},"claim":{"claimCalls":5000,"successfulClaims":5000,"releasedClaims":5000,"claimStepIndexReads":5000,"actorDescriptorReads":5000,"actorEnumerations":0},"readDto":{"snapshotCalls":1,"snapshotEntries":400,"stepArrayEnumerations":400,"stepEntryDescriptorReads":800}}},"limitations":["Node/Jest wall-clock is not Screeps CPU and old/current samples came from separate processes.","Relative old/current wall-clock ratios are observations, never pass/fail authorization.","Worker current starts bound; Carrier claim is the uncontended immediate-release path.","Carrier complexity probes observe public inputs/read DTOs and never the private Map hierarchy."]}

      at Object.<anonymous> (test/localDispatchPerformanceBaseline.test.ts:761:13)

PASS test/memoryDeclarationBoundaries.test.ts (19.093 s)
PASS test/ambientGlobalAbiBoundaries.test.ts (16.812 s)
PASS scripts/monitor-service.test.ts (9.206 s)
PASS test/typescriptConfigBoundaries.test.ts (8.294 s)
PASS test/localDispatchArchitectureBoundaries.test.ts (6.883 s)
PASS test/taskSystemArchitectureBoundaries.test.ts
PASS test/roleIdentityCatalogBoundaries.test.ts
PASS test/taskSystemCatalogBoundaries.test.ts
PASS test/treasuryCompatIndependent.test.ts
PASS src/runtime/marketBaseResourceLedger.test.ts
PASS src/runtime/marketSaleAutomation.test.ts
PASS src/runtime/bootstrapArchitecture.test.ts
PASS src/runtime/linkNetworkMemoryOwnership.test.ts
PASS src/runtime/hubProductionIntegration.test.ts
PASS src/mount/mountCreep.test.ts
PASS src/runtime/taskSystem/snapshot.test.ts
PASS src/runtime/resourceControl.capacityRegression.test.ts
PASS src/movement/routing.segmentCache.test.ts
PASS src/runtime/bootstrap.test.ts
PASS src/runtime/logistics/resourceTransferTasks.test.ts
PASS src/runtime/powerBankHarvest.test.ts
PASS src/runtime/marketSalePlanningAuthorization.test.ts
PASS src/runtime/hubPlanner.test.ts
PASS src/runtime/synthesisControl.test.ts
PASS src/runtime/marketSaleSession.test.ts
PASS src/runtime/resourceControl.test.ts
PASS src/runtime/marketDirectContinuousPolicy.test.ts
PASS src/runtime/boostControl.test.ts
  ● Console

    console.log
      [boostControl] buy W1N1: XUH2O=1000 price=5.000 cost=100

      at buyBoostIfNeeded (src/runtime/boostControl.ts:151:13)

PASS src/runtime/empireInventoryShadow.test.ts
  ● Console

    console.log
      [inventory-shadow] parity mismatch +5 this check (total 5): tick=10000 room=<empire> resource=energy field=empireTotal index=6200 direct=1200

      at runEmpireInventoryShadowCheck (src/runtime/empireInventoryShadow.ts:1045:13)

    console.log
      [inventory-shadow] parity mismatch +7 this check (total 7): tick=10000 room=<creeps>:cargo resource=- field=oracleStoreTotal index=30 direct=99

      at runEmpireInventoryShadowCheck (src/runtime/empireInventoryShadow.ts:1045:13)

    console.log
      [inventory-shadow] parity mismatch +3 this check (total 3): tick=10040 room=W1N57 resource=- field=factoryUsedCapacity index=40 direct=0

      at runEmpireInventoryShadowCheck (src/runtime/empireInventoryShadow.ts:1045:13)

    console.log
      [inventory-shadow] parity mismatch +3 this check (total 3): tick=10000 room=W1N57 resource=- field=factoryUsedCapacity index=40 direct=0

      at runEmpireInventoryShadowCheck (src/runtime/empireInventoryShadow.ts:1045:13)

    console.log
      [inventory-shadow] parity mismatch +1 this check (total 1): tick=10000 room=W1N57:storage resource=silicon field=oracleResourceAmount index=0 direct=42

      at runEmpireInventoryShadowCheck (src/runtime/empireInventoryShadow.ts:1045:13)

PASS test/warWorkflowLifecycleBoundaries.test.ts
PASS scripts/lib/redactSecrets.test.ts
PASS src/runtime/marketSaleDirectAutomation.test.ts
PASS src/runtime/spawnPlanner.test.ts
PASS src/runtime/memoryCleanup.test.ts
PASS src/roles/index.test.ts
PASS src/mount/mountCreep.lifecycleCache.test.ts
PASS src/runtime/consoleCommands.test.ts
PASS src/runtime/externalTelemetry.test.ts
PASS src/runtime/marketSalePlanningGate.test.ts
PASS src/runtime/marketDirectContinuousLedger.test.ts
PASS src/runtime/warControl.test.ts
PASS src/runtime/marketDirectContinuousAutomation.test.ts
PASS src/runtime/marketSaleRuntime.test.ts
PASS src/runtime/memorySizeRegression.test.ts
PASS src/runtime/powerBankBoost.test.ts
PASS src/runtime/hubFlag.test.ts
PASS src/runtime/flagHauling.test.ts
  ● Console

    console.log
      [flag-haul] started: flag=HAUL target=W5N5 source=W1N1

      at upsertFlagHaulTask (src/runtime/flagHauling.ts:322:13)

PASS src/runtime/console/operationsCommands.test.ts
PASS src/runtime/marketWriteArchitecture.test.ts
PASS src/runtime/homeDefense.test.ts
PASS src/runtime/crossShardColonization.test.ts
PASS src/runtime/marketSaleFeeLedger.test.ts
PASS src/runtime/synthesisControlStateMachine.test.ts
PASS src/runtime/nukerControl.test.ts
PASS src/runtime/marketSaleProtectionMemo.test.ts
PASS src/runtime/colonization.test.ts
  ● Console

    console.log
      [colonization] rescout W1N2: pending scout route invalid or interrupted by dangerous room

      at requestScoutRescan (src/runtime/colonization.ts:983:11)

    console.log
      [colonization] abandon W1N2: flag removed by player

      at abandonColonization (src/runtime/colonization.ts:1042:11)

    console.log
      [colonization] abandon W1N2: flag removed by player

      at abandonColonization (src/runtime/colonization.ts:1042:11)

PASS src/roles/carrier.test.ts
PASS src/runtime/marketSaleProtectionAdapter.test.ts
PASS src/runtime/localDispatchOwnership.target.test.ts
PASS src/movement/pathing.crossTickCache.test.ts
PASS src/runtime/empireInventoryIndex.test.ts
PASS src/main.test.ts
PASS src/runtime/marketSaleConfig.test.ts
PASS src/runtime/autoReserveFlag.test.ts
  ● Console

    console.log
      [reserve] W1N1 entered reserve mode at 74999 energy

      at runAutoReserveFlags (src/runtime/autoReserveFlag.ts:38:17)

PASS src/mount/mountSpawn.test.ts
PASS test/defenseMode.test.ts
PASS src/runtime/roomWorkforceIdentity.test.ts
PASS src/runtime/marketBaseResourcePolicy.test.ts
PASS src/runtime/marketSalePricingAdapter.test.ts
PASS src/runtime/workerTaskPool.characterization.test.ts
PASS src/runtime/colonization.travelPath.test.ts
PASS scripts/lib/deployGuard.test.ts
PASS src/runtime/deployAnnounce.test.ts
PASS src/roles/carrier.bestCandidate.test.ts
PASS src/runtime/dispatchOwnership/actorBinding.test.ts
PASS src/runtime/roomWorkforce.test.ts
PASS src/runtime/workerTaskPool.test.ts
PASS src/runtime/mineralExtraction.test.ts
PASS src/runtime/cpuPhaseProfiler.lowOverhead.test.ts
PASS src/roles/remoteMiningCarrier.test.ts
PASS src/runtime/marketSaleDirectShadow.test.ts
PASS src/roles/powerBankHauler.test.ts
PASS src/roles/energyTargets.test.ts
PASS src/runtime/taskSystem/registry.test.ts
PASS src/movement/routing.dynamicObstacles.test.ts
PASS src/movement/routing.backoff.test.ts
PASS src/roles/worker.test.ts
PASS src/roles/shared.test.ts
PASS src/config/spawnProfiles.test.ts
PASS src/runtime/powerCreepControl.test.ts
PASS src/runtime/logistics/receiverCapacityLedger.test.ts
PASS src/runtime/minerBodyPolicy.test.ts
PASS src/runtime/marketDirectContinuousPlanner.test.ts
PASS src/runtime/hubProtectionSnapshot.test.ts
PASS src/movement/pathing.test.ts
PASS src/runtime/taskSystem/adapters/workflowAdapters.test.ts
PASS src/runtime/carrierTaskBoard.test.ts
PASS src/roles/powerBankHealer.test.ts
PASS src/roles/powerBankAttacker.test.ts
PASS src/runtime/empireInventoryBenchmark.test.ts
  ● Console

    console.log
      [inventory-bench] rooms=8 legacyPerResourceCalls=1344 newKeyEnumeration=61 legacyScanMs=0.647 indexBuildMs=0.544

      at Object.<anonymous> (src/runtime/empireInventoryBenchmark.test.ts:166:13)

PASS src/runtime/powerBankObserver.test.ts
PASS src/movement/staticRoomMatrix.test.ts
PASS src/movement/routing.test.ts
PASS src/movement/routing.cachedPathValidation.test.ts
PASS src/runtime/taskSystem/adapters/spawnProduction.test.ts
PASS src/runtime/taskSystem/adapters/powerCreepAction.test.ts
PASS src/runtime/towerControl.scanThrottle.test.ts
PASS src/runtime/powerBankDiscovery.test.ts
PASS src/runtime/taskSystem/adapters/powerBankWorkflow.test.ts
PASS src/runtime/dispatchOwnership/workerSlot.test.ts
PASS src/runtime/remoteMining.test.ts
PASS src/runtime/marketActionArbiter.test.ts
PASS src/runtime/hubUpgradeControl.test.ts
PASS src/movement/roomTopologyRevision.test.ts
PASS src/roles/upgrader.test.ts
PASS src/roles/colonizerHarvester.test.ts
PASS src/runtime/spawnQueueOwnership.test.ts
PASS src/runtime/roomPlannerConstruction.test.ts
PASS src/runtime/memoryAudit.test.ts
PASS src/runtime/hubProgress.test.ts
PASS src/roles/remoteMiningReserver.test.ts
PASS src/runtime/pixelGenerator.test.ts
PASS src/runtime/marketSaleExposure.test.ts
PASS src/runtime/carrierTaskBoard.revisionCache.test.ts
PASS src/roles/remoteWorker.test.ts
PASS src/roles/meleeAttacker.test.ts
PASS src/roles/homeDefender.test.ts
PASS src/runtime/taskSystem/adapters/factoryCommand.test.ts
PASS src/runtime/localCarrierDestinationCapacity.test.ts
PASS src/runtime/factoryControl.test.ts
PASS src/roles/mineralHarvester.test.ts
PASS src/runtime/taskSystem/adapters/workerWork.test.ts
PASS src/runtime/taskSystem/adapters/resourceTransfer.test.ts
PASS src/runtime/taskSystem/adapters/carrierLogistics.test.ts
PASS src/runtime/terminalBootstrapRecovery.test.ts
PASS src/runtime/powerSpawnControl.test.ts
PASS src/runtime/marketSaleLifecycle.test.ts
PASS src/runtime/marketSaleDirectPending.test.ts
PASS src/movement/metrics.flush.test.ts
PASS test/miner.test.ts
PASS src/runtime/towerControl.test.ts
PASS src/movement/traffic.test.ts
PASS src/runtime/powerBankViability.test.ts
PASS src/runtime/energyPickupReservation.test.ts
PASS src/roles/scout.test.ts
PASS src/roles/remoteDefender.test.ts
PASS src/roles/healer.test.ts
PASS src/runtime/marketSaleDirectPricing.test.ts
PASS test/tickContext.test.ts
PASS src/visual/panel.test.ts
PASS src/runtime/marketSaleDiagnostics.test.ts
PASS src/runtime/linkNetworkMemory.test.ts
PASS src/runtime/linkControl.test.ts
PASS src/runtime/cpuMonitor.test.ts
PASS src/roles/remoteCarrier.test.ts
PASS test/harvester.test.ts
PASS src/runtime/taskSystem/adapters/warWorkflow.test.ts
PASS src/runtime/dispatchOwnership/carrierAmountSlice.test.ts
PASS src/runtime/console/resourceTransferCommands.test.ts
PASS src/runtime/tickContext.typedIndex.test.ts
PASS src/runtime/safeZoneHelpers.test.ts
PASS src/runtime/reactionMap.test.ts
PASS src/runtime/powerBankStatus.test.ts
PASS src/runtime/powerBankConstants.test.ts
PASS src/runtime/marketSaleProtection.test.ts
PASS src/types/roleCatalog.test.ts
PASS src/movement/traffic.naturalObstacles.test.ts
PASS src/runtime/hostilePriorities.test.ts
PASS src/runtime/carrierBodyPolicy.test.ts
PASS src/runtime/taskSystem/model.test.ts
PASS src/runtime/roomEnergyPolicy.test.ts
PASS src/runtime/marketSaleDirectEngineAssumptions.test.ts
PASS src/runtime/emergencySpawning.test.ts
PASS src/runtime/creepAssignmentState.test.ts
PASS src/runtime/taskSystem/catalog.test.ts
PASS src/runtime/terminalActionEnergyOwnership.test.ts
PASS src/runtime/marketSalePricing.test.ts
PASS src/runtime/configNormalize.test.ts
PASS src/runtime/actionLog.test.ts
PASS src/roles/claimer.test.ts
PASS src/runtime/upgraderPolicy.test.ts
PASS src/runtime/roomTypes.test.ts
PASS src/runtime/productionStateMachine.test.ts
PASS src/movement/common.test.ts
PASS src/roles/powerBankScout.test.ts
PASS src/runtime/dispatchOwnership/ref.test.ts
PASS src/runtime/logistics/capacityHeadroom.test.ts
PASS src/visual/palette.test.ts
PASS src/roles/combatBoosts.test.ts
PASS src/runtime/safeZone.test.ts
PASS src/runtime/resourceReservation.test.ts

Test Suites: 195 passed, 195 total
Tests:       685 passed, 685 total
Snapshots:   0 total
Time:        287.816 s
Ran all test suites.
Test results written to: C:\Users\15027\AppData\Local\Temp\screeps-jest-budget-DwG6JA\results.json
