FAIL src/runtime/treasury/treasuryRemediationIVKernel.test.ts
  H01 独立 endTick 反向重入
    ○ skipped onEffect 重入同 kernel beginTick：嵌套零推进、预算 1→1→7 不回退、累计释放 3、后续正常窗口真正处理 C
  H02 跨实例同域互斥
    ○ skipped kernelB 回调内嵌套 begin/end 零推进；外层返回后顺序 beginTick 处理 C、endTick 预算不下降
  H03 begin/end 四方向互斥
    ○ skipped begin→begin / begin→end / end→begin / end→end 均非递归推进；关窗仍执行；已恢复记录不重复推进
    ○ skipped 多条 dispatching 恢复事件逐条推进、事件计数对应
  H04 异常路径与关窗共存
    ○ skipped onEffect throw：持久成功写保留、guard 释放、下一正常调用可继续；release throw 不当完成；已推进时 endTick 关窗不覆盖预算
  H05 共享关窗阻断业务
    ○ skipped 推进回调内请求 endTick：回调内及外层返回后 authorize/dispatch/rearm 全拒；恢复清理继续；同 tick begin 不重开窗口
  H06 预扣/确认/关窗/尾部发布故障与硬切点
    ○ skipped 预扣写失败→端口不调用；确认写失败→份额不退、义务仍在；下一 tick 完成；endTick 尾写失败→不假报关窗成功
    ○ skipped 选定硬切点（预扣后调用前）完整 reset：预算与下一位置保留、义务仍在、新 runtime guard 不残留、正常窗口完成
  H07 G01–G08 核心行为保留抽查
    ○ skipped 当前成员单步确认、已确认项不再调用、错误真值不释放、记录内外公平推进不退化
  H18 满载合法混合快照与逐 tick 完整 reset
    ○ skipped J05：64 条合法混合（30 closing×3 义务/20 unknown/10 retry_ready/4 pending）被生产 validator 判 healthy；构成/证据/发行/期限一致；active 64、ring 与字符守界
    ○ skipped J06（Seal I 全轨迹）：12 tick 观察段逐 tick healthy/份额≤8/释放≤4、非零服务与真实进展、unknown 风险逐字段与独立基线一致；有限收尾在回归测试限值内完成且失败项不提前消失；失败恢复段同上限核验；终态只剩不对账 unknown 且风险事实与基线逐字段一致
    ○ skipped 零推进负向对照：healthy fixture 下生命周期推进为零时，J06 的进度/收尾指标全部零变化——上限与 unknown 保留断言单独绿不构成通过
  Seal I／Evidence Remediation I 敏感性检查（K06/L01–L04）
    × 轨迹完整性核验：真实轨迹通过；缺失中间窗口/缺失终态/事件计数不符/覆盖标签缺 ID/finalClose 缺失均必须报 problems (4 ms)
    × 逐检查点实证核验（L02/L03）：风险证据整项缺失、实际漂移标签仍一致、中间差异被正确终态掩盖、快照缺 ID、终态标签与 post-close 矛盾均必须失败；无证据合成轨迹被拒；核验不修改输入 (3 ms)
    √ 原始记录入口的无损风险提取（L01）：原始记录上 delete 基线 null 字段经提取+JSON 往返+比较仍定位存在性差异；合法 null 与未变记录通过；基线不随副本改变且拒绝不完整事实 (43 ms)
    × 落盘写读往返核验（L04）：合法真实轨迹写文件再 JSON 读取后完整性核验仍通过、存在性区分保留；被破坏副本落盘读回仍报差异 (1 ms)
    √ unknown 风险字段级比较（已提取快照上的比较器单测；入口路径由 L01 it 承担）：同 ID/phase/腿数下的单字段漂移被定位到 attempt 与字段路径；null 与缺失不互相替代 (5 ms)

  ● Seal I／Evidence Remediation I 敏感性检查（K06/L01–L04） › 轨迹完整性核验：真实轨迹通过；缺失中间窗口/缺失终态/事件计数不符/覆盖标签缺 ID/finalClose 缺失均必须报 problems

    前置 J06 未成功完成——无真实轨迹底版可用

    [0m [90m 818 |[39m
     [90m 819 |[39m [36mfunction[39m h18SealTraceOf()[33m:[39m [33mSealTraceDoc[39m {
    [31m[1m>[22m[39m[90m 820 |[39m   [36mif[39m (h18SealTraceArchive [33m===[39m undefined) [36mthrow[39m [36mnew[39m [33mError[39m([32m"前置 J06 未成功完成——无真实轨迹底版可用"[39m)[33m;[39m
     [90m     |[39m                                                [31m[1m^[22m[39m
     [90m 821 |[39m   [36mreturn[39m h18SealTraceArchive[33m;[39m
     [90m 822 |[39m }
     [90m 823 |[39m[0m

      at h18SealTraceOf (src/runtime/treasury/treasuryRemediationIVKernel.test.ts:820:48)
      at Object.<anonymous> (src/runtime/treasury/treasuryRemediationIVKernel.test.ts:1229:18)

  ● Seal I／Evidence Remediation I 敏感性检查（K06/L01–L04） › 逐检查点实证核验（L02/L03）：风险证据整项缺失、实际漂移标签仍一致、中间差异被正确终态掩盖、快照缺 ID、终态标签与 post-close 矛盾均必须失败；无证据合成轨迹被拒；核验不修改输入

    前置 J06 未成功完成——无真实轨迹底版可用

    [0m [90m 818 |[39m
     [90m 819 |[39m [36mfunction[39m h18SealTraceOf()[33m:[39m [33mSealTraceDoc[39m {
    [31m[1m>[22m[39m[90m 820 |[39m   [36mif[39m (h18SealTraceArchive [33m===[39m undefined) [36mthrow[39m [36mnew[39m [33mError[39m([32m"前置 J06 未成功完成——无真实轨迹底版可用"[39m)[33m;[39m
     [90m     |[39m                                                [31m[1m^[22m[39m
     [90m 821 |[39m   [36mreturn[39m h18SealTraceArchive[33m;[39m
     [90m 822 |[39m }
     [90m 823 |[39m[0m

      at h18SealTraceOf (src/runtime/treasury/treasuryRemediationIVKernel.test.ts:820:48)
      at realExpected (src/runtime/treasury/treasuryRemediationIVKernel.test.ts:1224:18)
      at Object.<anonymous> (src/runtime/treasury/treasuryRemediationIVKernel.test.ts:1278:22)

  ● Seal I／Evidence Remediation I 敏感性检查（K06/L01–L04） › 落盘写读往返核验（L04）：合法真实轨迹写文件再 JSON 读取后完整性核验仍通过、存在性区分保留；被破坏副本落盘读回仍报差异

    前置 J06 未成功完成——无真实轨迹底版可用

    [0m [90m 818 |[39m
     [90m 819 |[39m [36mfunction[39m h18SealTraceOf()[33m:[39m [33mSealTraceDoc[39m {
    [31m[1m>[22m[39m[90m 820 |[39m   [36mif[39m (h18SealTraceArchive [33m===[39m undefined) [36mthrow[39m [36mnew[39m [33mError[39m([32m"前置 J06 未成功完成——无真实轨迹底版可用"[39m)[33m;[39m
     [90m     |[39m                                                [31m[1m^[22m[39m
     [90m 821 |[39m   [36mreturn[39m h18SealTraceArchive[33m;[39m
     [90m 822 |[39m }
     [90m 823 |[39m[0m

      at h18SealTraceOf (src/runtime/treasury/treasuryRemediationIVKernel.test.ts:820:48)
      at realExpected (src/runtime/treasury/treasuryRemediationIVKernel.test.ts:1224:18)
      at Object.<anonymous> (src/runtime/treasury/treasuryRemediationIVKernel.test.ts:1416:22)

Test Suites: 1 failed, 1 total
Tests:       3 failed, 12 skipped, 2 passed, 17 total
Snapshots:   0 total
Time:        4.167 s, estimated 5 s
Ran all test suites within paths "src/runtime/treasury/treasuryRemediationIVKernel.test.ts".
