TAP version 13
# Subtest: accounting is additive and attributes the interval before each boundary
ok 1 - accounting is additive and attributes the interval before each boundary
  ---
  duration_ms: 1.045418
  type: 'test'
  ...
# Subtest: accounting rejects clock regression and nonfinite values
ok 2 - accounting rejects clock regression and nonfinite values
  ---
  duration_ms: 0.301393
  type: 'test'
  ...
# Subtest: accounting validates identifiers and duplicate calls
ok 3 - accounting validates identifiers and duplicate calls
  ---
  duration_ms: 0.186885
  type: 'test'
  ...
# Subtest: accounting snapshots are bounded immutable independent values
ok 4 - accounting snapshots are bounded immutable independent values
  ---
  duration_ms: 0.161868
  type: 'test'
  ...
# Subtest: diagnostics preserve default-disabled zero-port execution
ok 5 - diagnostics preserve default-disabled zero-port execution
  ---
  duration_ms: 75.581925
  type: 'test'
  ...
# Subtest: non-sampling gate not-due does not load readers
ok 6 - non-sampling gate not-due does not load readers
  ---
  duration_ms: 127.12392
  type: 'test'
  ...
# Subtest: non-sampling gate outside does not load readers
ok 7 - non-sampling gate outside does not load readers
  ---
  duration_ms: 58.74743
  type: 'test'
  ...
# Subtest: non-sampling gate shard does not load readers
ok 8 - non-sampling gate shard does not load readers
  ---
  duration_ms: 58.996646
  type: 'test'
  ...
# Subtest: non-sampling gate low-bucket does not load readers
ok 9 - non-sampling gate low-bucket does not load readers
  ---
  duration_ms: 44.189945
  type: 'test'
  ...
# Subtest: non-sampling gate low-headroom does not load readers
ok 10 - non-sampling gate low-headroom does not load readers
  ---
  duration_ms: 38.9958
  type: 'test'
  ...
# Subtest: loader, observation, commitment, projection and emit costs are separately observed
ok 11 - loader, observation, commitment, projection and emit costs are separately observed
  ---
  duration_ms: 33.963364
  type: 'test'
  ...
# Subtest: probe overhead is charged to cumulative budget, not subtracted
ok 12 - probe overhead is charged to cumulative budget, not subtracted
  ---
  duration_ms: 46.991428
  type: 'test'
  ...
# Subtest: reader loading exceeding budget prevents observation and commitment calls
ok 13 - reader loading exceeding budget prevents observation and commitment calls
  ---
  duration_ms: 61.811218
  type: 'test'
  ...
# Subtest: observed-budget-shaped overrun is partial and never repaired by diagnostics
ok 14 - observed-budget-shaped overrun is partial and never repaired by diagnostics
  ---
  duration_ms: 66.157985
  type: 'test'
  ...
# Subtest: commitment overrun remains partial instead of publishing complete rows
ok 15 - commitment overrun remains partial instead of publishing complete rows
  ---
  duration_ms: 33.914583
  type: 'test'
  ...
# Subtest: diagnostic admission cannot start a builder after budget has failed
ok 16 - diagnostic admission cannot start a builder after budget has failed
  ---
  duration_ms: 24.457334
  type: 'test'
  ...
# Subtest: next sample carries previous full profile without self-referential history
ok 17 - next sample carries previous full profile without self-referential history
  ---
  duration_ms: 41.994383
  type: 'test'
  ...
# Subtest: last sample full profile is heap-only until there is a following report
ok 18 - last sample full profile is heap-only until there is a following report
  ---
  duration_ms: 31.387073
  type: 'test'
  ...
# Subtest: fault handling remains fail-closed: memoryThrow
ok 19 - fault handling remains fail-closed: memoryThrow
  ---
  duration_ms: 17.706439
  type: 'test'
  ...
# Subtest: fault handling remains fail-closed: loadThrow
ok 20 - fault handling remains fail-closed: loadThrow
  ---
  duration_ms: 42.109924
  type: 'test'
  ...
# Subtest: fault handling remains fail-closed: obsThrow
ok 21 - fault handling remains fail-closed: obsThrow
  ---
  duration_ms: 23.868197
  type: 'test'
  ...
# Subtest: fault handling remains fail-closed: commitThrow
ok 22 - fault handling remains fail-closed: commitThrow
  ---
  duration_ms: 17.776001
  type: 'test'
  ...
# Subtest: fault handling remains fail-closed: emitThrow
ok 23 - fault handling remains fail-closed: emitThrow
  ---
  duration_ms: 30.330968
  type: 'test'
  ...
# Subtest: fault handling remains fail-closed: stale
ok 24 - fault handling remains fail-closed: stale
  ---
  duration_ms: 39.776339
  type: 'test'
  ...
# Subtest: fault handling remains fail-closed: invalidNumber
ok 25 - fault handling remains fail-closed: invalidNumber
  ---
  duration_ms: 15.930896
  type: 'test'
  ...
# Subtest: invalid ending CPU remains a fault, never a completed profile
ok 26 - invalid ending CPU remains a fault, never a completed profile
  ---
  duration_ms: 18.811224
  type: 'test'
  ...
# Subtest: stats cannot mutate subsequent report diagnostics
ok 27 - stats cannot mutate subsequent report diagnostics
  ---
  duration_ms: 22.318496
  type: 'test'
  ...
# Subtest: reader caches remain per sample even when same-tick revision is not bumped
ok 28 - reader caches remain per sample even when same-tick revision is not bumped
  ---
  duration_ms: 23.522459
  type: 'test'
  ...
# Subtest: same tick invocation is not a second sample or profile
ok 29 - same tick invocation is not a second sample or profile
  ---
  duration_ms: 19.539757
  type: 'test'
  ...
# Subtest: unchanged authority flags and bounded diagnostic field set
ok 30 - unchanged authority flags and bounded diagnostic field set
  ---
  duration_ms: 15.160512
  type: 'test'
  ...
# Subtest: repository helper and unmodified bridge spec match pinned Git blobs
ok 31 - repository helper and unmodified bridge spec match pinned Git blobs
  ---
  duration_ms: 1.351859
  type: 'test'
  ...
# Subtest: old real repository sandbox reproduces unexpected CPU runtime import
ok 32 - old real repository sandbox reproduces unexpected CPU runtime import
  ---
  duration_ms: 269.833247
  type: 'test'
  ...
# Subtest: new exact sandbox mapping runs the unchanged real repository bridge suite
ok 33 - new exact sandbox mapping runs the unchanged real repository bridge suite
  ---
  duration_ms: 1628.476058
  type: 'test'
  ...
# Subtest: repository scene uses real CPU dependency without host require fallback
ok 34 - repository scene uses real CPU dependency without host require fallback
  ---
  duration_ms: 109.34939
  type: 'test'
  ...
# Subtest: disabled repository runtime stays inert without Game or Memory globals
ok 35 - disabled repository runtime stays inert without Game or Memory globals
  ---
  duration_ms: 60.899566
  type: 'test'
  ...
# Subtest: sandbox explicit own imports retain priority
ok 36 - sandbox explicit own imports retain priority
  ---
  duration_ms: 5.648713
  type: 'test'
  ...
# Subtest: CPU mapping is scoped to treasuryCompatRead and cannot be requested by another parent
ok 37 - CPU mapping is scoped to treasuryCompatRead and cannot be requested by another parent
  ---
  duration_ms: 7.553927
  type: 'test'
  ...
# Subtest: sandbox rejects host modules traversal and inherited import properties
ok 38 - sandbox rejects host modules traversal and inherited import properties
  ---
  duration_ms: 18.102502
  type: 'test'
  ...
# Subtest: CPU module is cached within one sandbox load and not across scene loads
ok 39 - CPU module is cached within one sandbox load and not across scene loads
  ---
  duration_ms: 18.793088
  type: 'test'
  ...
# Subtest: CPU dependency missing from real tree is not replaced with a mock
ok 40 - CPU dependency missing from real tree is not replaced with a mock
  ---
  duration_ms: 25.522622
  type: 'test'
  ...
# Subtest: v2 runtime source bytes equal all three locked v1 implementation files
ok 41 - v2 runtime source bytes equal all three locked v1 implementation files
  ---
  duration_ms: 0.479806
  type: 'test'
  ...
# Subtest: A/B with diagnostics OFF is byte-identical: empty tables
ok 42 - A/B with diagnostics OFF is byte-identical: empty tables
  ---
  duration_ms: 448.018705
  type: 'test'
  ...
# Subtest: A/B with diagnostics OFF is byte-identical: missing tasks
ok 43 - A/B with diagnostics OFF is byte-identical: missing tasks
  ---
  duration_ms: 92.356792
  type: 'test'
  ...
# Subtest: A/B with diagnostics OFF is byte-identical: missing reservations
ok 44 - A/B with diagnostics OFF is byte-identical: missing reservations
  ---
  duration_ms: 114.359194
  type: 'test'
  ...
# Subtest: A/B with diagnostics OFF is byte-identical: invalid tasks array
ok 45 - A/B with diagnostics OFF is byte-identical: invalid tasks array
  ---
  duration_ms: 168.913667
  type: 'test'
  ...
# Subtest: A/B with diagnostics OFF is byte-identical: oversized table
ok 46 - A/B with diagnostics OFF is byte-identical: oversized table
  ---
  duration_ms: 119.21513
  type: 'test'
  ...
# Subtest: A/B with diagnostics OFF is byte-identical: exact table bound
ok 47 - A/B with diagnostics OFF is byte-identical: exact table bound
  ---
  duration_ms: 88.304949
  type: 'test'
  ...
# Subtest: A/B with diagnostics OFF is byte-identical: table accessor must not execute
ok 48 - A/B with diagnostics OFF is byte-identical: table accessor must not execute
  ---
  duration_ms: 104.539532
  type: 'test'
  ...
# Subtest: A/B with diagnostics OFF is byte-identical: inherited tasks ignored
ok 49 - A/B with diagnostics OFF is byte-identical: inherited tasks ignored
  ---
  duration_ms: 67.546589
  type: 'test'
  ...
# Subtest: A/B with diagnostics OFF is byte-identical: invisible room
ok 50 - A/B with diagnostics OFF is byte-identical: invisible room
  ---
  duration_ms: 76.490051
  type: 'test'
  ...
# Subtest: A/B with diagnostics OFF is byte-identical: unowned room
ok 51 - A/B with diagnostics OFF is byte-identical: unowned room
  ---
  duration_ms: 42.705781
  type: 'test'
  ...
# Subtest: A/B with diagnostics OFF is byte-identical: absent terminal
ok 52 - A/B with diagnostics OFF is byte-identical: absent terminal
  ---
  duration_ms: 28.224358
  type: 'test'
  ...
# Subtest: A/B with diagnostics OFF is byte-identical: overcapacity store
ok 53 - A/B with diagnostics OFF is byte-identical: overcapacity store
  ---
  duration_ms: 36.502542
  type: 'test'
  ...
# Subtest: A/B with diagnostics OFF is byte-identical: core mismatch
ok 54 - A/B with diagnostics OFF is byte-identical: core mismatch
  ---
  duration_ms: 32.73064
  type: 'test'
  ...
# Subtest: A/B with diagnostics OFF is byte-identical: incomplete commitment index
ok 55 - A/B with diagnostics OFF is byte-identical: incomplete commitment index
  ---
  duration_ms: 36.659412
  type: 'test'
  ...
# Subtest: A/B with diagnostics OFF is byte-identical: same-tick legacy projection
ok 56 - A/B with diagnostics OFF is byte-identical: same-tick legacy projection
  ---
  duration_ms: 34.695241
  type: 'test'
  ...
# Subtest: A/B with diagnostics OFF is byte-identical: stale legacy projection
ok 57 - A/B with diagnostics OFF is byte-identical: stale legacy projection
  ---
  duration_ms: 37.027614
  type: 'test'
  ...
# Subtest: A/B with diagnostics OFF is byte-identical: throwing reader
ok 58 - A/B with diagnostics OFF is byte-identical: throwing reader
  ---
  duration_ms: 39.374668
  type: 'test'
  ...
# Subtest: A/B with diagnostics OFF is byte-identical: throwing observation
ok 59 - A/B with diagnostics OFF is byte-identical: throwing observation
  ---
  duration_ms: 36.068252
  type: 'test'
  ...
# Subtest: A/B with diagnostics OFF is byte-identical: throwing commitment
ok 60 - A/B with diagnostics OFF is byte-identical: throwing commitment
  ---
  duration_ms: 37.078039
  type: 'test'
  ...
# Subtest: A/B with diagnostics OFF is byte-identical: overbudget loading
ok 61 - A/B with diagnostics OFF is byte-identical: overbudget loading
  ---
  duration_ms: 38.62845
  type: 'test'
  ...
# Subtest: A/B with diagnostics OFF is byte-identical: overbudget observation
ok 62 - A/B with diagnostics OFF is byte-identical: overbudget observation
  ---
  duration_ms: 43.259365
  type: 'test'
  ...
# Subtest: normal output UTF-8 scan count decreases from two to one
ok 63 - normal output UTF-8 scan count decreases from two to one
  ---
  duration_ms: 39.707788
  type: 'test'
  ...
# Subtest: output-limited fallback sizes the distinct fallback string correctly
ok 64 - output-limited fallback sizes the distinct fallback string correctly
  ---
  duration_ms: 39.747657
  type: 'test'
  ...
# Subtest: UTF-8 sizing matches Buffer for ASCII CJK astral and unpaired surrogates
ok 65 - UTF-8 sizing matches Buffer for ASCII CJK astral and unpaired surrogates
  ---
  duration_ms: 17.863039
  type: 'test'
  ...
# Subtest: diagnostics ON preserve semantic results with known injected costs
ok 66 - diagnostics ON preserve semantic results with known injected costs
  ---
  duration_ms: 45.877438
  type: 'test'
  ...
# Subtest: output limiting cannot leak recursive diagnostic history after 12 samples
ok 67 - output limiting cannot leak recursive diagnostic history after 12 samples
  ---
  duration_ms: 27.637975
  type: 'test'
  ...
# Subtest: actual runtime composition stays OFF and never invokes sampling ports
ok 68 - actual runtime composition stays OFF and never invokes sampling ports
  ---
  duration_ms: 52.314107
  type: 'test'
  ...
# Subtest: both builders still receive independent actual Room objects and original tables
ok 69 - both builders still receive independent actual Room objects and original tables
  ---
  duration_ms: 24.547186
  type: 'test'
  ...
# Subtest: resume inspector accepts a clean exact Git fixture base
ok 70 - resume inspector accepts a clean exact Git fixture base
  ---
  duration_ms: 101.165196
  type: 'test'
  ...
# Subtest: resume inspector accepts exact v1 dirty three-file state and selects helper only
ok 71 - resume inspector accepts exact v1 dirty three-file state and selects helper only
  ---
  duration_ms: 64.84347
  type: 'test'
  ...
# Subtest: resume snapshots original bytes before helper adaptation and preserves the three sources
ok 72 - resume snapshots original bytes before helper adaptation and preserves the three sources
  ---
  duration_ms: 119.986315
  type: 'test'
  ...
# Subtest: resume rejects v1 source edits even if changed path set matches
ok 73 - resume rejects v1 source edits even if changed path set matches
  ---
  duration_ms: 81.673459
  type: 'test'
  ...
# Subtest: resume rejects extra untracked or modified paths
ok 74 - resume rejects extra untracked or modified paths
  ---
  duration_ms: 87.657186
  type: 'test'
  ...
# Subtest: resume rejects staged changes and does not unstage them
ok 75 - resume rejects staged changes and does not unstage them
  ---
  duration_ms: 70.361422
  type: 'test'
  ...
# Subtest: resume rejects partially applied input rather than guessing how to complete it
ok 76 - resume rejects partially applied input rather than guessing how to complete it
  ---
  duration_ms: 67.593939
  type: 'test'
  ...
# Subtest: resume rejects helper edits even when original sources are the exact v1 payload
ok 77 - resume rejects helper edits even when original sources are the exact v1 payload
  ---
  duration_ms: 75.817221
  type: 'test'
  ...
# Subtest: snapshot refuses existing or repository-contained destinations
ok 78 - snapshot refuses existing or repository-contained destinations
  ---
  duration_ms: 81.776597
  type: 'test'
  ...
# Subtest: helper write validation failure rolls back CRLF bytes without reverting the v1 sources
ok 79 - helper write validation failure rolls back CRLF bytes without reverting the v1 sources
  ---
  duration_ms: 42.071046
  type: 'test'
  ...
# Subtest: exact v2 input is checkable without selecting any source writes
ok 80 - exact v2 input is checkable without selecting any source writes
  ---
  duration_ms: 74.71515
  type: 'test'
  ...
# Subtest: pinned baseline files match independently retrieved Git blob identities
ok 81 - pinned baseline files match independently retrieved Git blob identities
  ---
  duration_ms: 1.566215
  type: 'test'
  ...
# Subtest: implementation changes the three source files and exact repository sandbox helper
ok 82 - implementation changes the three source files and exact repository sandbox helper
  ---
  duration_ms: 1.356206
  type: 'test'
  ...
# Subtest: fixed byte application succeeds against the exact baseline and is not rerunnable
ok 83 - fixed byte application succeeds against the exact baseline and is not rerunnable
  ---
  duration_ms: 8.25547
  type: 'test'
  ...
# Subtest: write failure rolls back original CRLF bytes and the newly created file
ok 84 - write failure rolls back original CRLF bytes and the newly created file
  ---
  duration_ms: 3.929844
  type: 'test'
  ...
# Subtest: paths with parent traversal or absolute paths are refused
ok 85 - paths with parent traversal or absolute paths are refused
  ---
  duration_ms: 0.318709
  type: 'test'
  ...
# Subtest: package inventory is locale-order independent but exact in case and bytes
ok 86 - package inventory is locale-order independent but exact in case and bytes
  ---
  duration_ms: 1.083775
  type: 'test'
  ...
# Subtest: package verifier rejects extra and missing files
ok 87 - package verifier rejects extra and missing files
  ---
  duration_ms: 0.633973
  type: 'test'
  ...
# Subtest: build environment clears deployment targets and node injection
ok 88 - build environment clears deployment targets and node injection
  ---
  duration_ms: 0.47577
  type: 'test'
  ...
# Subtest: local patches apply and match the full replacement payloads
ok 89 - local patches apply and match the full replacement payloads
  ---
  duration_ms: 19.510048
  type: 'test'
  ...
# Subtest: offline execution surface contains no Screeps transport or write clients
ok 90 - offline execution surface contains no Screeps transport or write clients
  ---
  duration_ms: 0.779668
  type: 'test'
  ...
# Subtest: archive assembler and staged verifier agree on a real temporary Git index with autocrlf
ok 91 - archive assembler and staged verifier agree on a real temporary Git index with autocrlf
  ---
  duration_ms: 260.925868
  type: 'test'
  ...
1..91
# tests 91
# suites 0
# pass 91
# fail 0
# cancelled 0
# skipped 0
# todo 0
# duration_ms 2421.343887
