FAIL scripts/baseline-red/treasury3-boundaries.baseline.ts
  R1 policy 累计（池 1000 / 保留 900）
    × A pending 流出 80 后，B 流出 80 必须拒绝（累计 160 > 可支配 100） (18 ms)
    √ 对照：B 流出 20 获准；A 安全取消后 B 流出 80 恢复获准 (6 ms)
    × A committed（效果未入观察）流出 80 后，B 流出 80 必须拒绝 (5 ms)
  R2 own-reservation 全链一致（R03/R2）
    × exact owner 自己的预留 300：owner 流出 950 必须获准（上层排除后 1000 ≥ 950） (5 ms)
    √ 对照：同一场景不声明 owner 时流出 950 拒绝（预留对他人有效） (2 ms)
  R3 执行门禁复验
    × 授权后同 tick policy 收紧（reserve 0→950）：旧许可实际调用必须为 0 (3 ms)
    √ 对照：policy 不变时同一许可调用恰 1 次 (2 ms)
    × endTick 后同 tick 再 dispatch / 第二实例重开授权：实际调用必须为 0 (3 ms)
  R4 独立发布目标
    × 写入端原地把 dispatching 改回 pending：发布必须失败、实际调用 0 (3 ms)
  R5 观察接管前责任保持（两实例 / 余额 1000）
    × A 执行 800 后（同 tick，观察未含效果）：第二实例 B 申请 800 必须拒绝、200 获准 (3 ms)
    √ 对照：世界更新进入下一 tick 观察后（storage 800），B 流出 750 获准且不双扣 A (4 ms)
  R6 释放端口重入共享预算
    × 两条 closing × 8 消费者、端口单次重入 beginTick：本 tick 实际释放调用总计 ≤ 8 (4 ms)
  R7 ring 非数组全路径隔离
    × ring=null：kernelJournal/kernelMetrics 首次查询零写且不崩溃 (37 ms)
    × ring=null + 跨 tick pending sweep：beginTick 不崩溃且取消完成 (20 ms)
  R8 有界值校验
    × 超长 parentAttemptId（10,000 字符）必须判 unhealthy (1 ms)
    × durableFacts 夹带未知巨字段必须判 unhealthy (1 ms)
    × invocation.atTick 字符串 / external.accepted 字符串必须判 unhealthy (1 ms)

  ● R1 policy 累计（池 1000 / 保留 900） › A pending 流出 80 后，B 流出 80 必须拒绝（累计 160 > 可支配 100）

    expect(received).toBe(expected) // Object.is equality

    Expected: "rejected"
    Received: "admitted"

    [0m [90m 101 |[39m       { workKey[33m:[39m [32m"biz:r1:b"[39m }[33m,[39m
     [90m 102 |[39m     )[33m;[39m
    [31m[1m>[22m[39m[90m 103 |[39m     expect(b[33m.[39mstatus)[33m.[39mtoBe([32m"rejected"[39m)[33m;[39m
     [90m     |[39m                      [31m[1m^[22m[39m
     [90m 104 |[39m   })[33m;[39m
     [90m 105 |[39m
     [90m 106 |[39m   it([32m"对照：B 流出 20 获准；A 安全取消后 B 流出 80 恢复获准"[39m[33m,[39m () [33m=>[39m {[0m

      at Object.<anonymous> (scripts/baseline-red/treasury3-boundaries.baseline.ts:103:22)

  ● R1 policy 累计（池 1000 / 保留 900） › A committed（效果未入观察）流出 80 后，B 流出 80 必须拒绝

    expect(received).toBe(expected) // Object.is equality

    Expected: "rejected"
    Received: "admitted"

    [0m [90m 128 |[39m       { workKey[33m:[39m [32m"biz:r1:b3"[39m }[33m,[39m
     [90m 129 |[39m     )[33m;[39m
    [31m[1m>[22m[39m[90m 130 |[39m     expect(b[33m.[39mstatus)[33m.[39mtoBe([32m"rejected"[39m)[33m;[39m
     [90m     |[39m                      [31m[1m^[22m[39m
     [90m 131 |[39m   })[33m;[39m
     [90m 132 |[39m })[33m;[39m
     [90m 133 |[39m[0m

      at Object.<anonymous> (scripts/baseline-red/treasury3-boundaries.baseline.ts:130:22)

  ● R2 own-reservation 全链一致（R03/R2） › exact owner 自己的预留 300：owner 流出 950 必须获准（上层排除后 1000 ≥ 950）

    expect(received).toBe(expected) // Object.is equality

    Expected: "admitted"
    Received: "rejected"

    [0m [90m 166 |[39m       }[33m,[39m
     [90m 167 |[39m     )[33m;[39m
    [31m[1m>[22m[39m[90m 168 |[39m     expect(admission[33m.[39mstatus)[33m.[39mtoBe([32m"admitted"[39m)[33m;[39m
     [90m     |[39m                              [31m[1m^[22m[39m
     [90m 169 |[39m   })[33m;[39m
     [90m 170 |[39m
     [90m 171 |[39m   it([32m"对照：同一场景不声明 owner 时流出 950 拒绝（预留对他人有效）"[39m[33m,[39m () [33m=>[39m {[0m

      at Object.<anonymous> (scripts/baseline-red/treasury3-boundaries.baseline.ts:168:30)

  ● R3 执行门禁复验 › 授权后同 tick policy 收紧（reserve 0→950）：旧许可实际调用必须为 0

    expect(received).toBe(expected) // Object.is equality

    Expected: 0
    Received: 1

    [0m [90m 196 |[39m     registerTreasuryPolicyResolver(makeFixedReserveTreasuryPolicy([35m475[39m))[33m;[39m
     [90m 197 |[39m     [36mconst[39m outcome [33m=[39m service[33m.[39mexecuteAuthorizedDispatch(a[33m.[39mdispatch)[33m;[39m
    [31m[1m>[22m[39m[90m 198 |[39m     expect(readTreasuryTestAdapterSideEffects()[33m.[39mexecutions)[33m.[39mtoBe([35m0[39m)[33m;[39m
     [90m     |[39m                                                             [31m[1m^[22m[39m
     [90m 199 |[39m     expect(outcome[33m.[39mstatus)[33m.[39mnot[33m.[39mtoBe([32m"committed"[39m)[33m;[39m
     [90m 200 |[39m   })[33m;[39m
     [90m 201 |[39m[0m

      at Object.<anonymous> (scripts/baseline-red/treasury3-boundaries.baseline.ts:198:61)

  ● R3 执行门禁复验 › endTick 后同 tick 再 dispatch / 第二实例重开授权：实际调用必须为 0

    expect(received).toBe(expected) // Object.is equality

    Expected: 0
    Received: 1

    [0m [90m 216 |[39m     [90m// 同实例：许可对象有效（同 generation），但授权窗口已关闭。[39m
     [90m 217 |[39m     [36mconst[39m outcome [33m=[39m serviceA[33m.[39mexecuteAuthorizedDispatch(a[33m.[39mdispatch)[33m;[39m
    [31m[1m>[22m[39m[90m 218 |[39m     expect(readTreasuryTestAdapterSideEffects()[33m.[39mexecutions)[33m.[39mtoBe([35m0[39m)[33m;[39m
     [90m     |[39m                                                             [31m[1m^[22m[39m
     [90m 219 |[39m     expect(outcome[33m.[39mstatus)[33m.[39mnot[33m.[39mtoBe([32m"committed"[39m)[33m;[39m
     [90m 220 |[39m     [90m// 第二实例：不得重开已关闭的授权窗口（新接纳也拒绝）。[39m
     [90m 221 |[39m     [36mconst[39m serviceB [33m=[39m createTreasuryService({ getRooms[33m:[39m () [33m=>[39m [33mObject[39m[33m.[39mvalues(installed) })[33m;[39m[0m

      at Object.<anonymous> (scripts/baseline-red/treasury3-boundaries.baseline.ts:218:61)

  ● R4 独立发布目标 › 写入端原地把 dispatching 改回 pending：发布必须失败、实际调用 0

    expect(received).toBe(expected) // Object.is equality

    Expected: 0
    Received: 1

    [0m [90m 258 |[39m     installInPlacePayloadCorruption()[33m;[39m
     [90m 259 |[39m     [36mconst[39m outcome [33m=[39m service[33m.[39mexecuteAuthorizedDispatch(a[33m.[39mdispatch)[33m;[39m
    [31m[1m>[22m[39m[90m 260 |[39m     expect(readTreasuryTestAdapterSideEffects()[33m.[39mexecutions)[33m.[39mtoBe([35m0[39m)[33m;[39m
     [90m     |[39m                                                             [31m[1m^[22m[39m
     [90m 261 |[39m     expect(outcome[33m.[39mstatus)[33m.[39mtoBe([32m"publish_failed"[39m)[33m;[39m
     [90m 262 |[39m   })[33m;[39m
     [90m 263 |[39m })[33m;[39m[0m

      at Object.<anonymous> (scripts/baseline-red/treasury3-boundaries.baseline.ts:260:61)

  ● R5 观察接管前责任保持（两实例 / 余额 1000） › A 执行 800 后（同 tick，观察未含效果）：第二实例 B 申请 800 必须拒绝、200 获准

    expect(received).toBe(expected) // Object.is equality

    Expected: "rejected"
    Received: "admitted"

    [0m [90m 278 |[39m       { workKey[33m:[39m [32m"biz:r5:b800"[39m }[33m,[39m
     [90m 279 |[39m     )[33m;[39m
    [31m[1m>[22m[39m[90m 280 |[39m     expect(b800[33m.[39mstatus)[33m.[39mtoBe([32m"rejected"[39m)[33m;[39m
     [90m     |[39m                         [31m[1m^[22m[39m
     [90m 281 |[39m     [36mconst[39m b200 [33m=[39m serviceB[33m.[39mauthorizeTreasuryActionContract(
     [90m 282 |[39m       buildContract(serviceB[33m,[39m [32m"biz:r5:b200"[39m[33m,[39m transferArgs({ amount[33m:[39m [35m200[39m }))[33m,[39m
     [90m 283 |[39m       { workKey[33m:[39m [32m"biz:r5:b200"[39m }[33m,[39m[0m

      at Object.<anonymous> (scripts/baseline-red/treasury3-boundaries.baseline.ts:280:25)

  ● R6 释放端口重入共享预算 › 两条 closing × 8 消费者、端口单次重入 beginTick：本 tick 实际释放调用总计 ≤ 8

    expect(received).toBeLessThanOrEqual(expected)

    Expected: <= 8
    Received:    16

    [0m [90m 376 |[39m     kernel[33m.[39mbeginTick()[33m;[39m
     [90m 377 |[39m     expect(releaseCalls)[33m.[39mtoBeGreaterThan([35m0[39m)[33m;[39m
    [31m[1m>[22m[39m[90m 378 |[39m     expect(releaseCalls)[33m.[39mtoBeLessThanOrEqual([35m8[39m)[33m;[39m
     [90m     |[39m                          [31m[1m^[22m[39m
     [90m 379 |[39m   })[33m;[39m
     [90m 380 |[39m })[33m;[39m
     [90m 381 |[39m[0m

      at Object.<anonymous> (scripts/baseline-red/treasury3-boundaries.baseline.ts:378:26)

  ● R7 ring 非数组全路径隔离 › ring=null：kernelJournal/kernelMetrics 首次查询零写且不崩溃

    expect(received).not.toThrow()

    Error name:    "TypeError"
    Error message: "Cannot read properties of null (reading 'map')"

        [0m [90m 1114 |[39m       [36mconst[39m ring[33m:[39m readonly [33mTreasuryCoreRingEntry[39m[] [33m=[39m
         [90m 1115 |[39m         health[33m.[39mstatus [33m===[39m [32m"healthy"[39m
        [31m[1m>[22m[39m[90m 1116 |[39m           [33m?[39m health[33m.[39mmemory[33m.[39mring[33m.[39mmap((entry) [33m=>[39m treasuryBoundedDeepFreezeSnapshot(entry) [36mas[39m [33mTreasuryCoreRingEntry[39m)
         [90m      |[39m                                [31m[1m^[22m[39m
         [90m 1117 |[39m           [33m:[39m [][33m;[39m
         [90m 1118 |[39m       [36mreturn[39m {
         [90m 1119 |[39m         health[33m:[39m [33mObject[39m[33m.[39mfreeze(publicHealth)[33m,[39m[0m

      at Object.kernelJournal (src/runtime/treasury/facade.ts:1116:32)
      at scripts/baseline-red/treasury3-boundaries.baseline.ts:390:26
      at Object.<anonymous> (../screeps-bot/node_modules/expect/build/toThrowMatchers.js:74:11)
      at Object.throwingMatcher [as toThrow] (../screeps-bot/node_modules/expect/build/index.js:320:21)
      at Object.<anonymous> (scripts/baseline-red/treasury3-boundaries.baseline.ts:390:47)
      at Object.<anonymous> (scripts/baseline-red/treasury3-boundaries.baseline.ts:390:47)

  ● R7 ring 非数组全路径隔离 › ring=null + 跨 tick pending sweep：beginTick 不崩溃且取消完成

    expect(received).not.toThrow()

    Error name:    "TypeError"
    Error message: "Cannot read properties of null (reading 'length')"

        [0m [90m 541 |[39m [90m/** 追加近期明细环（满覆盖最旧；ring 故障不阻断安全完成）。 */[39m
         [90m 542 |[39m [36mexport[39m [36mfunction[39m appendTreasuryCoreRingEntry(memory[33m:[39m [33mTreasuryCoreMemory[39m[33m,[39m entry[33m:[39m [33mTreasuryCoreRingEntry[39m)[33m:[39m [36mvoid[39m {
        [31m[1m>[22m[39m[90m 543 |[39m   [36mif[39m (memory[33m.[39mring[33m.[39mlength [33m<[39m [33mTREASURY_CORE_RING_LIMIT[39m) {
         [90m     |[39m                   [31m[1m^[22m[39m
         [90m 544 |[39m     memory[33m.[39mring[33m.[39mpush(entry)[33m;[39m
         [90m 545 |[39m     memory[33m.[39mringCursor [33m=[39m memory[33m.[39mring[33m.[39mlength [33m%[39m [33mTREASURY_CORE_RING_LIMIT[39m[33m;[39m
         [90m 546 |[39m     [36mreturn[39m[33m;[39m[0m

      at appendTreasuryCoreRingEntry (src/runtime/treasury/kernel/store.ts:543:19)
      at cancelPendingCommand (src/runtime/treasury/kernel/commands.ts:616:30)
      at applyTreasuryCoreStateCommand (src/runtime/treasury/kernel/commands.ts:221:14)
      at applyBudgetedCommand (src/runtime/treasury/kernel/kernel.ts:576:49)
      at Object.beginTick (src/runtime/treasury/kernel/kernel.ts:623:24)
      at Object.beginTick (src/runtime/treasury/facade.ts:696:28)
      at scripts/baseline-red/treasury3-boundaries.baseline.ts:403:26
      at Object.<anonymous> (../screeps-bot/node_modules/expect/build/toThrowMatchers.js:74:11)
      at Object.throwingMatcher [as toThrow] (../screeps-bot/node_modules/expect/build/index.js:320:21)
      at Object.<anonymous> (scripts/baseline-red/treasury3-boundaries.baseline.ts:403:43)
      at Object.<anonymous> (scripts/baseline-red/treasury3-boundaries.baseline.ts:403:43)

  ● R8 有界值校验 › 超长 parentAttemptId（10,000 字符）必须判 unhealthy

    expect(received).toBe(expected) // Object.is equality

    Expected: "unhealthy"
    Received: "healthy"

    [0m [90m 469 |[39m     [36mconst[39m service [33m=[39m makeService()[33m;[39m
     [90m 470 |[39m     [36mconst[39m journal [33m=[39m service[33m.[39mkernelJournal()[33m;[39m
    [31m[1m>[22m[39m[90m 471 |[39m     expect(journal[33m.[39mhealth[33m.[39mstatus)[33m.[39mtoBe([32m"unhealthy"[39m)[33m;[39m
     [90m     |[39m                                   [31m[1m^[22m[39m
     [90m 472 |[39m   })[33m;[39m
     [90m 473 |[39m
     [90m 474 |[39m   it([32m"durableFacts 夹带未知巨字段必须判 unhealthy"[39m[33m,[39m () [33m=>[39m {[0m

      at Object.<anonymous> (scripts/baseline-red/treasury3-boundaries.baseline.ts:471:35)

  ● R8 有界值校验 › durableFacts 夹带未知巨字段必须判 unhealthy

    expect(received).toBe(expected) // Object.is equality

    Expected: "unhealthy"
    Received: "healthy"

    [0m [90m 492 |[39m     [36mconst[39m service [33m=[39m makeService()[33m;[39m
     [90m 493 |[39m     [36mconst[39m journal [33m=[39m service[33m.[39mkernelJournal()[33m;[39m
    [31m[1m>[22m[39m[90m 494 |[39m     expect(journal[33m.[39mhealth[33m.[39mstatus)[33m.[39mtoBe([32m"unhealthy"[39m)[33m;[39m
     [90m     |[39m                                   [31m[1m^[22m[39m
     [90m 495 |[39m   })[33m;[39m
     [90m 496 |[39m
     [90m 497 |[39m   it([32m"invocation.atTick 字符串 / external.accepted 字符串必须判 unhealthy"[39m[33m,[39m () [33m=>[39m {[0m

      at Object.<anonymous> (scripts/baseline-red/treasury3-boundaries.baseline.ts:494:35)

  ● R8 有界值校验 › invocation.atTick 字符串 / external.accepted 字符串必须判 unhealthy

    expect(received).toBe(expected) // Object.is equality

    Expected: "unhealthy"
    Received: "healthy"

    [0m [90m 501 |[39m     ([33mMemory[39m[33m.[39mruntime [36mas[39m [33mRecord[39m[33m<[39m[33mstring[39m[33m,[39m unknown[33m>[39m)[33m.[39mtreasuryCore [33m=[39m base1[33m;[39m
     [90m 502 |[39m     [36mlet[39m service [33m=[39m makeService()[33m;[39m
    [31m[1m>[22m[39m[90m 503 |[39m     expect(service[33m.[39mkernelJournal()[33m.[39mhealth[33m.[39mstatus)[33m.[39mtoBe([32m"unhealthy"[39m)[33m;[39m
     [90m     |[39m                                                   [31m[1m^[22m[39m
     [90m 504 |[39m
     [90m 505 |[39m     [36mconst[39m base2 [33m=[39m healthyBase()[33m;[39m
     [90m 506 |[39m     base2[33m.[39mactive [33m=[39m {[0m

      at Object.<anonymous> (scripts/baseline-red/treasury3-boundaries.baseline.ts:503:51)

Test Suites: 1 failed, 1 total
Tests:       13 failed, 4 passed, 17 total
Snapshots:   0 total
Time:        4.134 s
Ran all test suites within paths "scripts/baseline-red/treasury3-boundaries.baseline.ts".
