TAP version 13
# Subtest: kernel-verified exit succeeds with seven PIDs, each OS operation 10ms
ok 1 - kernel-verified exit succeeds with seven PIDs, each OS operation 10ms
  ---
  duration_ms: 3.1637
  type: 'test'
  ...
# Subtest: kernel-verified exit succeeds with seven PIDs, each OS operation 700ms
ok 2 - kernel-verified exit succeeds with seven PIDs, each OS operation 700ms
  ---
  duration_ms: 0.5713
  type: 'test'
  ...
# Subtest: 100 PID identity verification still uses one batched exit query when probes stay inconclusive
ok 3 - 100 PID identity verification still uses one batched exit query when probes stay inconclusive
  ---
  duration_ms: 1.3267
  type: 'test'
  ...
# Subtest: vanished launcher before captured tree is not successful cleanup
ok 4 - vanished launcher before captured tree is not successful cleanup
  ---
  duration_ms: 0.6312
  type: 'test'
  ...
# Subtest: reused launcher PID is refused without any kill
ok 5 - reused launcher PID is refused without any kill
  ---
  duration_ms: 0.3162
  type: 'test'
  ...
# Subtest: surviving worker after launcher exit prevents confirmation until deadline
ok 6 - surviving worker after launcher exit prevents confirmation until deadline
  ---
  duration_ms: 1.8785
  type: 'test'
  ...
# Subtest: remaining timeout is shared across all stages, not reset per PID
not ok 7 - remaining timeout is shared across all stages, not reset per PID
  ---
  duration_ms: 1.0981
  type: 'test'
  location: 'D:\\code\\screeps\\screeps-bot\\test\\lab\\treasury-integration\\process.spec.cjs:47:1'
  failureType: 'testCodeFailure'
  error: |-
    The input did not match the regular expression /OS timeout/. Input:
    
    'Error: process-tree termination deadline exhausted'
    
  code: 'ERR_ASSERTION'
  name: 'AssertionError'
  expected:
  actual:
  error: 'process-tree termination deadline exhausted'
  stack: |-
    remaining (D:\code\screeps\screeps-bot\test\lab\terminal-transfer\tools\process-scope.cjs:118:24)
    terminateWithPorts (D:\code\screeps\screeps-bot\test\lab\terminal-transfer\tools\process-scope.cjs:171:5)
    async waitForActual (node:assert:644:5)
    async Function.rejects (node:assert:767:25)
    async TestContext.<anonymous> (D:\code\screeps\screeps-bot\test\lab\treasury-integration\process.spec.cjs:50:3)
    async Test.run (node:internal/test_runner/test:1054:7)
    async Test.processPendingSubtests (node:internal/test_runner/test:744:7)
  operator: 'rejects'
  stack: |-
    async TestContext.<anonymous> (D:\code\screeps\screeps-bot\test\lab\treasury-integration\process.spec.cjs:50:3)
    async Test.run (node:internal/test_runner/test:1054:7)
    async Test.processPendingSubtests (node:internal/test_runner/test:744:7)
  ...
# Subtest: unreadable exit identity is not interpreted as a reused or exited process
ok 8 - unreadable exit identity is not interpreted as a reused or exited process
  ---
  duration_ms: 0.3031
  type: 'test'
  ...
# Subtest: reused worker identity after kill is recorded, never killed again
ok 9 - reused worker identity after kill is recorded, never killed again
  ---
  duration_ms: 0.5396
  type: 'test'
  ...
# Subtest: kill command failure does not become a success or automatic retry
ok 10 - kill command failure does not become a success or automatic retry
  ---
  duration_ms: 0.5407
  type: 'test'
  ...
# Subtest: audit failure does not prevent kill but is retained in the result
ok 11 - audit failure does not prevent kill but is retained in the result
  ---
  duration_ms: 0.3243
  type: 'test'
  ...
# Subtest: final audit latency cannot disguise exceeding the whole termination deadline
ok 12 - final audit latency cannot disguise exceeding the whole termination deadline
  ---
  duration_ms: 0.2376
  type: 'test'
  ...
1..12
# tests 12
# suites 0
# pass 11
# fail 1
# cancelled 0
# skipped 0
# todo 0
# duration_ms 132.2846
