PASS src/runtime/treasury/treasuryKernelStress.test.ts (170.075 s)
PASS src/runtime/marketBaseResourcePermit.test.ts (63.19 s)
PASS src/runtime/marketBaseResourceAutomation.test.ts (24.522 s)
PASS test/localDispatchPerformanceBaseline.test.ts (23.468 s)
  ● Console

    console.log
      LOCAL_DISPATCH_PERFORMANCE_BASELINE {"schema":"local-dispatch-performance-baseline/v2","implementation":"full-ref-local-dispatch","fixture":{"rooms":20,"tasksPerRoom":20,"totalTasksPerDomain":400,"actors":50},"protocol":{"clock":"process.hrtime.bigint","timingUnit":"milliseconds","warmupBatches":5,"measuredBatches":30,"iterationsPerBatch":100,"p95":"nearest-rank","timingPassFail":"observation-only; deployment CPU gate is the live same-shard window","complexityPassFail":"deterministic public-input/read-DTO counts"},"preChangeEvidence":{"source":"openspec/changes/local-dispatch-ownership/evidence/pre-change-baseline.md","commit":"df2e1af60a035fd99406888d69bba9903e8a7118","observation":{"workerCurrent":{"median":12.083,"p95":12.378},"workerRelease":{"median":39.879,"p95":40.633},"carrierList":{"median":13.476,"p95":14.086},"carrierClaim":{"median":12.937,"p95":13.586},"carrierReplace":{"median":61.892,"p95":66.713}}},"scenarios":{"workerCurrent":{"samples":[266.5568,279.4757,275.6968,262.8241,264.2247,268.1029,270.5525,264.5136,269.4475,285.8204,266.9981,266.9491,271.3252,268.4909,272.1038,265.4084,269.6086,265.6488,267.7773,266.1305,267.417,272.1136,263.4662,263.5766,267.8342,262.5763,264.9554,260.8334,270.5107,266.0066],"median":267.20755,"p95":279.4757,"min":260.8334,"max":285.8204,"relativeToPreChange":{"median":22.114338,"p95":22.578421}},"workerRelease":{"samples":[210.6013,205.6547,207.2985,216.7843,207.9306,216.2175,212.8021,214.6516,206.2343,235.1203,221.4949,211.6342,208.6487,206.2989,211.9589,215.7885,225.8114,224.3309,215.8168,209.6954,234.0721,213.8554,214.6467,214.6451,212.6444,217.1416,218.7332,218.4894,226.8232,218.0863],"median":214.64915,"p95":234.0721,"min":205.6547,"max":235.1203,"relativeToPreChange":{"median":5.382511,"p95":5.76064}},"carrierList":{"samples":[6.267,4.8904,4.8377,5.4841,5.1048,6.0719,4.9252,4.964,4.8573,5.0958,5.7836,5.0026,5.006,4.7891,4.7895,5.8404,4.868,4.7494,5.3809,5.7465,4.7833,5.0615,4.7711,4.8683,5.9347,4.9398,4.6626,5.2851,5.1953,5.6344],"median":5.0043,"p95":6.0719,"min":4.6626,"max":6.267,"relativeToPreChange":{"median":0.371349,"p95":0.431059}},"carrierClaim":{"samples":[47.3556,44.2941,44.8743,44.557,44.6787,44.609,44.1997,45.1792,44.8908,44.205,46.7159,45.2572,47.3295,45.9429,44.3492,44.3529,43.9905,44.5905,43.384,50.0645,44.6152,43.5462,45.9668,45.1386,46.6954,43.2211,43.4937,45.5632,43.0992,43.333],"median":44.6121,"p95":47.3556,"min":43.0992,"max":50.0645,"relativeToPreChange":{"median":3.448412,"p95":3.485618}},"carrierReplace":{"samples":[98.6345,103.5884,103.0413,105.9183,99.4799,101.3128,103.3594,101.6145,99.4766,103.1067,98.2192,102.058,100.3994,105.931,98.9355,103.5921,99.69,117.0728,101.4169,103.3833,99.2036,109.8621,101.3805,105.7689,99.2298,104.6742,102.8739,102.484,103.2848,104.0639],"median":102.67895,"p95":109.8621,"min":98.2192,"max":117.0728,"relativeToPreChange":{"median":1.659002,"p95":1.646787}}},"complexityGates":{"workerRelease":{"acquireCalls":5000,"releaseCalls":5000,"exactRoomDescriptorReads":5000,"exactTaskDescriptorReads":5000,"boardEnumerations":0},"workerAcquireReconcile":{"acquireCalls":50,"reconcileCalls":50,"assignedCreepsDescriptorReads":150},"carrier":{"exact":{"exactCalls":400,"exactResults":400,"refDescriptorReads":2400},"list":{"listCalls":20,"listResults":400},"replace":{"replaceCalls":2000,"replaceResults":40000,"draftIndexReads":40000,"stepIndexReads":40000},"claim":{"claimCalls":5000,"successfulClaims":5000,"releasedClaims":5000,"claimStepIndexReads":5000,"actorDescriptorReads":5000,"actorEnumerations":0},"readDto":{"snapshotCalls":1,"snapshotEntries":400,"stepArrayEnumerations":400,"stepEntryDescriptorReads":800}}},"limitations":["Node/Jest wall-clock is not Screeps CPU and old/current samples came from separate processes.","Relative old/current wall-clock ratios are observations, never pass/fail authorization.","Worker current starts bound; Carrier claim is the uncontended immediate-release path.","Carrier complexity probes observe public inputs/read DTOs and never the private Map hierarchy."]}

      at Object.<anonymous> (test/localDispatchPerformanceBaseline.test.ts:761:13)

PASS test/memoryDeclarationBoundaries.test.ts (15.642 s)
PASS test/ambientGlobalAbiBoundaries.test.ts (13.064 s)
PASS scripts/monitor-service.test.ts (9.719 s)
PASS src/runtime/treasury/treasuryRewrite4Lifecycle.test.ts (6.951 s)
PASS test/typescriptConfigBoundaries.test.ts (6.983 s)
PASS test/localDispatchArchitectureBoundaries.test.ts (5.501 s)
PASS src/runtime/treasury/treasuryRewrite2Lifecycle.test.ts
PASS test/taskSystemArchitectureBoundaries.test.ts
PASS test/roleIdentityCatalogBoundaries.test.ts
PASS test/taskSystemCatalogBoundaries.test.ts
PASS src/runtime/bootstrapArchitecture.test.ts
PASS src/runtime/marketBaseResourceLedger.test.ts
PASS src/runtime/marketSaleAutomation.test.ts
PASS src/runtime/treasury/treasuryKernelAcceptance.test.ts
PASS src/runtime/linkNetworkMemoryOwnership.test.ts
PASS src/runtime/treasury/treasuryRewrite3Acceptance.test.ts
PASS src/runtime/treasury/treasuryKernelArchitecture.test.ts
PASS src/runtime/treasury/treasuryRewrite4Acceptance.test.ts
PASS src/runtime/treasury/treasuryRemediationIKernel.test.ts
PASS src/roles/index.test.ts
PASS test/treasuryCommitmentInvalidationBoundaries.test.ts
PASS src/runtime/treasury/treasuryRewrite2Acceptance.test.ts
PASS src/runtime/defenseFocusFire.test.ts
PASS src/runtime/hubProductionIntegration.test.ts
PASS src/runtime/treasury/treasuryRemediationIService.test.ts
PASS src/runtime/resourceControl.capacityRegression.test.ts
PASS src/runtime/treasury/treasuryRewrite3Lifecycle.test.ts
PASS src/runtime/treasury/treasuryKernel.test.ts
PASS src/runtime/logistics/resourceTransferTasks.test.ts
PASS src/movement/routing.segmentCache.test.ts
PASS src/runtime/marketSaleSession.test.ts
PASS src/runtime/marketSalePlanningAuthorization.test.ts
PASS src/runtime/hubPlanner.test.ts
PASS test/warWorkflowLifecycleBoundaries.test.ts
PASS src/runtime/powerBankHarvest.test.ts
PASS src/runtime/bootstrap.test.ts
PASS src/runtime/synthesisControl.test.ts
PASS src/runtime/treasury/treasuryTypedOwnerMigration.test.ts
PASS src/runtime/treasury/treasuryShadow.test.ts
  ● Console

    console.log
      [treasuryShadow] tick=5000 newMismatches=5 fields=storage_amount,storage_used_capacity,empire_total sample={"checkedAtTick":5000,"field":"storage_amount","roomName":"W1N57","resource":"U","treasuryValue":4000,"otherValue":9999}

      at finishShadow (src/runtime/treasury/shadow.ts:343:13)

    console.log
      [treasuryShadow] tick=5000 newMismatches=5 fields=storage_amount,storage_used_capacity,empire_total sample={"checkedAtTick":5000,"field":"storage_amount","roomName":"W1N57","resource":"U","treasuryValue":4000,"otherValue":9999}

      at finishShadow (src/runtime/treasury/shadow.ts:343:13)

    console.log
      [treasuryShadow] tick=5001 newMismatches=1 fields=stale_epoch sample={"checkedAtTick":5001,"field":"stale_epoch","roomName":"*","treasuryValue":5000,"otherValue":5001}

      at finishShadow (src/runtime/treasury/shadow.ts:343:13)

PASS scripts/lib/redactSecrets.test.ts
PASS src/runtime/memoryCleanup.test.ts
PASS src/runtime/treasury/treasuryCore.test.ts
PASS src/runtime/taskSystem/snapshot.test.ts
PASS src/runtime/marketSaleDirectAutomation.test.ts
PASS src/runtime/consoleCommands.test.ts
PASS src/mount/mountCreep.lifecycleCache.test.ts
PASS src/runtime/warControl.test.ts
PASS src/runtime/homeDefense.test.ts
PASS src/runtime/defenseFocusFireStateful.test.ts
PASS src/runtime/resourceControl.test.ts
PASS src/runtime/defenseStationaryRampartOwnership.test.ts
PASS src/runtime/marketDirectContinuousPolicy.test.ts
PASS src/runtime/marketDirectContinuousAutomation.test.ts
PASS src/runtime/treasury/treasuryImmutableRegistries.test.ts
PASS src/runtime/marketSaleRuntime.test.ts
PASS src/runtime/memorySizeRegression.test.ts
PASS src/runtime/treasury/treasuryActionContract.test.ts
PASS src/runtime/console/operationsCommands.test.ts
PASS test/baseline/treasuryRemediationIBaseline.test.ts
PASS src/runtime/powerBankBoost.test.ts
PASS src/runtime/marketWriteArchitecture.test.ts
PASS src/runtime/hubFlag.test.ts
PASS src/runtime/empireInventoryShadow.test.ts
  ● Console

    console.log
      [inventory-shadow] parity mismatch +5 this check (total 5): tick=10000 room=<empire> resource=energy field=empireTotal index=6200 direct=1200

      at runEmpireInventoryShadowCheck (src/runtime/empireInventoryShadow.ts:1045:13)

    console.log
      [inventory-shadow] parity mismatch +7 this check (total 7): tick=10000 room=<creeps>:cargo resource=- field=oracleStoreTotal index=30 direct=99

      at runEmpireInventoryShadowCheck (src/runtime/empireInventoryShadow.ts:1045:13)

    console.log
      [inventory-shadow] parity mismatch +3 this check (total 3): tick=10040 room=W1N57 resource=- field=factoryUsedCapacity index=40 direct=0

      at runEmpireInventoryShadowCheck (src/runtime/empireInventoryShadow.ts:1045:13)

    console.log
      [inventory-shadow] parity mismatch +3 this check (total 3): tick=10000 room=W1N57 resource=- field=factoryUsedCapacity index=40 direct=0

      at runEmpireInventoryShadowCheck (src/runtime/empireInventoryShadow.ts:1045:13)

    console.log
      [inventory-shadow] parity mismatch +1 this check (total 1): tick=10000 room=W1N57:storage resource=silicon field=oracleResourceAmount index=0 direct=42

      at runEmpireInventoryShadowCheck (src/runtime/empireInventoryShadow.ts:1045:13)

PASS src/runtime/treasury/treasuryCommitments.test.ts
PASS src/runtime/marketSaleProtectionMemo.test.ts
PASS src/runtime/marketSalePlanningGate.test.ts
PASS src/runtime/treasury/treasuryTransactionIdVectors.test.ts
PASS src/runtime/empireInventoryIndex.test.ts
PASS src/runtime/defenseFallbackReallocation.test.ts
PASS src/runtime/towerControl.test.ts
PASS src/runtime/marketDirectContinuousLedger.test.ts
PASS src/runtime/synthesisControlStateMachine.test.ts
PASS src/runtime/nukerControl.test.ts
PASS src/runtime/localDispatchOwnership.target.test.ts
PASS src/runtime/externalTelemetry.test.ts
PASS src/mount/mountCreep.test.ts
PASS src/runtime/spawnPlanner.test.ts
PASS src/movement/pathing.crossTickCache.test.ts
PASS src/runtime/defenseFrontAware.test.ts
PASS src/runtime/defensePreallocationRampartOwnership.test.ts
PASS src/runtime/defenseGlobalRampartFootprints.test.ts
PASS src/roles/carrier.test.ts
PASS src/runtime/defenseAllActorReservation.test.ts
PASS src/runtime/colonization.travelPath.test.ts
PASS src/runtime/treasury/treasuryCommitmentCompleteness.test.ts
PASS src/mount/mountSpawn.test.ts
PASS src/runtime/remoteMining.test.ts
PASS src/runtime/boostControl.test.ts
  ● Console

    console.log
      [boostControl] buy W1N1: XUH2O=1000 price=5.000 cost=100

      at buyBoostIfNeeded (src/runtime/boostControl.ts:151:13)

PASS src/roles/homeDefender.test.ts
PASS src/main.test.ts
PASS src/runtime/marketSaleProtectionAdapter.test.ts
PASS src/runtime/resourceReservation.test.ts
PASS src/runtime/colonization.test.ts
  ● Console

    console.log
      [colonization] rescout W1N2: pending scout route invalid or interrupted by dangerous room

      at requestScoutRescan (src/runtime/colonization.ts:983:11)

    console.log
      [colonization] abandon W1N2: flag removed by player

      at abandonColonization (src/runtime/colonization.ts:1042:11)

    console.log
      [colonization] abandon W1N2: flag removed by player

      at abandonColonization (src/runtime/colonization.ts:1042:11)

PASS src/runtime/marketSaleConfig.test.ts
PASS src/runtime/towerControl.scanThrottle.test.ts
PASS src/runtime/roomWorkforce.test.ts
PASS src/movement/routing.backoff.test.ts
PASS src/runtime/marketSaleFeeLedger.test.ts
PASS src/roles/carrier.bestCandidate.test.ts
PASS src/config/spawnProfiles.test.ts
PASS src/runtime/crossShardColonization.test.ts
PASS src/movement/staticRoomMatrix.test.ts
PASS src/movement/pathing.test.ts
PASS src/runtime/treasury/treasuryCanonicalEncoding.test.ts
PASS src/runtime/workerTaskPool.characterization.test.ts
PASS src/runtime/workerTaskPool.test.ts
PASS src/runtime/hubProgress.test.ts
PASS src/runtime/flagHauling.test.ts
  ● Console

    console.log
      [flag-haul] started: flag=HAUL target=W5N5 source=W1N1

      at upsertFlagHaulTask (src/runtime/flagHauling.ts:322:13)

PASS src/movement/routing.cachedPathValidation.test.ts
PASS src/runtime/hubUpgradeControl.test.ts
PASS src/roles/energyTargets.test.ts
PASS src/movement/routing.dynamicObstacles.test.ts
PASS src/runtime/marketSalePricingAdapter.test.ts
PASS src/roles/shared.test.ts
PASS src/runtime/minerBodyPolicy.test.ts
PASS src/runtime/treasury/treasuryCapacityViews.test.ts
PASS src/runtime/cpuPhaseProfiler.lowOverhead.test.ts
PASS src/runtime/marketBaseResourcePolicy.test.ts
PASS src/movement/routing.test.ts
PASS src/runtime/mineralExtraction.test.ts
PASS src/roles/mineralHarvester.test.ts
PASS src/roles/worker.test.ts
PASS src/roles/remoteMiningCarrier.test.ts
PASS src/runtime/dispatchOwnership/actorBinding.test.ts
PASS src/runtime/empireInventoryBenchmark.test.ts
  ● Console

    console.log
      [inventory-bench] rooms=8 legacyPerResourceCalls=1344 newKeyEnumeration=61 legacyScanMs=0.479 indexBuildMs=0.416

      at Object.<anonymous> (src/runtime/empireInventoryBenchmark.test.ts:166:13)

PASS src/runtime/deployAnnounce.test.ts
PASS src/runtime/roomPlannerConstruction.test.ts
PASS scripts/lib/deployGuard.test.ts
PASS src/runtime/hubProtectionSnapshot.test.ts
PASS src/runtime/cpuMonitor.test.ts
PASS src/roles/upgrader.test.ts
PASS src/roles/powerBankHauler.test.ts
PASS src/runtime/powerBankObserver.test.ts
PASS src/runtime/marketSaleDirectShadow.test.ts
PASS src/runtime/linkControl.test.ts
PASS src/runtime/emergencySpawning.test.ts
PASS src/movement/roomTopologyRevision.test.ts
PASS src/roles/remoteCarrier.test.ts
PASS src/runtime/taskSystem/registry.test.ts
PASS src/runtime/console/resourceTransferCommands.test.ts
PASS src/runtime/roomWorkforceIdentity.test.ts
PASS src/runtime/terminalBootstrapRecovery.test.ts
PASS src/runtime/powerCreepControl.test.ts
PASS src/runtime/factoryControl.test.ts
PASS src/movement/traffic.naturalObstacles.test.ts
PASS src/runtime/safeZoneHelpers.test.ts
PASS test/defenseMode.test.ts
PASS src/runtime/taskSystem/adapters/powerCreepAction.test.ts
PASS src/runtime/dispatchOwnership/carrierAmountSlice.test.ts
PASS src/runtime/powerBankViability.test.ts
PASS src/runtime/marketDirectContinuousPlanner.test.ts
PASS src/runtime/carrierTaskBoard.revisionCache.test.ts
PASS src/roles/healer.test.ts
PASS src/runtime/taskSystem/adapters/workflowAdapters.test.ts
PASS src/runtime/taskSystem/adapters/factoryCommand.test.ts
PASS src/runtime/taskSystem/adapters/carrierLogistics.test.ts
PASS src/runtime/dispatchOwnership/workerSlot.test.ts
PASS src/runtime/taskSystem/adapters/workerWork.test.ts
PASS src/runtime/taskSystem/adapters/spawnProduction.test.ts
PASS src/runtime/powerSpawnControl.test.ts
PASS src/roles/powerBankHealer.test.ts
PASS src/runtime/logistics/receiverCapacityLedger.test.ts
PASS src/runtime/tickContext.typedIndex.test.ts
PASS src/runtime/marketActionArbiter.test.ts
PASS src/roles/remoteDefender.test.ts
PASS src/roles/powerBankAttacker.test.ts
PASS src/runtime/taskSystem/catalog.test.ts
PASS src/runtime/marketSaleDirectPricing.test.ts
PASS src/runtime/localCarrierDestinationCapacity.test.ts
PASS src/runtime/carrierTaskBoard.test.ts
PASS src/movement/traffic.test.ts
PASS src/runtime/taskSystem/adapters/powerBankWorkflow.test.ts
PASS src/runtime/marketSaleExposure.test.ts
PASS src/movement/metrics.flush.test.ts
PASS test/miner.test.ts
PASS test/harvester.test.ts
PASS src/runtime/roomEnergyPolicy.test.ts
PASS src/runtime/marketSalePricing.test.ts
PASS src/runtime/marketSaleLifecycle.test.ts
PASS src/visual/panel.test.ts
PASS src/roles/scout.test.ts
PASS src/runtime/taskSystem/adapters/warWorkflow.test.ts
PASS src/runtime/dispatchOwnership/ref.test.ts
PASS src/runtime/upgraderPolicy.test.ts
PASS src/runtime/powerBankConstants.test.ts
PASS src/runtime/linkNetworkMemory.test.ts
PASS src/runtime/hostilePriorities.test.ts
PASS src/visual/palette.test.ts
PASS src/roles/remoteMiningReserver.test.ts
PASS src/roles/combatBoosts.test.ts
PASS src/roles/claimer.test.ts
PASS src/runtime/taskSystem/adapters/resourceTransfer.test.ts
PASS src/runtime/taskSystem/model.test.ts
PASS src/runtime/logistics/capacityHeadroom.test.ts
PASS src/runtime/spawnQueueOwnership.test.ts
PASS src/runtime/roomTypes.test.ts
PASS src/runtime/reactionMap.test.ts
PASS src/runtime/powerBankDiscovery.test.ts
PASS src/runtime/marketSaleDirectPending.test.ts
PASS src/runtime/creepAssignmentState.test.ts
PASS src/runtime/configNormalize.test.ts
PASS src/types/roleCatalog.test.ts
PASS src/roles/meleeAttacker.test.ts
PASS src/runtime/terminalActionEnergyOwnership.test.ts
PASS src/runtime/productionStateMachine.test.ts
PASS src/runtime/pixelGenerator.test.ts
PASS src/runtime/marketSaleProtection.test.ts
PASS src/runtime/energyPickupReservation.test.ts
PASS src/roles/powerBankScout.test.ts
PASS src/roles/colonizerHarvester.test.ts
PASS src/runtime/marketSaleDiagnostics.test.ts
PASS src/runtime/carrierBodyPolicy.test.ts
PASS src/runtime/autoReserveFlag.test.ts
  ● Console

    console.log
      [reserve] W1N1 entered reserve mode at 74999 energy

      at runAutoReserveFlags (src/runtime/autoReserveFlag.ts:38:17)

PASS src/roles/remoteWorker.test.ts
PASS test/tickContext.test.ts
PASS src/runtime/powerBankStatus.test.ts
PASS src/runtime/memoryAudit.test.ts
PASS src/runtime/marketSaleDirectEngineAssumptions.test.ts
PASS src/movement/common.test.ts
PASS src/runtime/safeZone.test.ts
PASS src/runtime/actionLog.test.ts

Test Suites: 225 passed, 225 total
Tests:       1289 passed, 1289 total
Snapshots:   0 total
Time:        388.407 s, estimated 398 s
Ran all test suites.
Test results written to: C:\Users\15027\AppData\Local\Temp\tmp.k6zWYa4Yzk\jest-full.json
