PASS src/runtime/treasury/treasuryKernelStress.test.ts (187.276 s)
PASS src/runtime/marketBaseResourcePermit.test.ts (64.965 s)
PASS test/localDispatchPerformanceBaseline.test.ts (24.702 s)
  ● Console

    console.log
      LOCAL_DISPATCH_PERFORMANCE_BASELINE {"schema":"local-dispatch-performance-baseline/v2","implementation":"full-ref-local-dispatch","fixture":{"rooms":20,"tasksPerRoom":20,"totalTasksPerDomain":400,"actors":50},"protocol":{"clock":"process.hrtime.bigint","timingUnit":"milliseconds","warmupBatches":5,"measuredBatches":30,"iterationsPerBatch":100,"p95":"nearest-rank","timingPassFail":"observation-only; deployment CPU gate is the live same-shard window","complexityPassFail":"deterministic public-input/read-DTO counts"},"preChangeEvidence":{"source":"openspec/changes/local-dispatch-ownership/evidence/pre-change-baseline.md","commit":"df2e1af60a035fd99406888d69bba9903e8a7118","observation":{"workerCurrent":{"median":12.083,"p95":12.378},"workerRelease":{"median":39.879,"p95":40.633},"carrierList":{"median":13.476,"p95":14.086},"carrierClaim":{"median":12.937,"p95":13.586},"carrierReplace":{"median":61.892,"p95":66.713}}},"scenarios":{"workerCurrent":{"samples":[287.821,283.2458,290.3908,303.4401,288.1265,286.2606,293.296,311.2123,288.1038,316.3443,283.0938,285.0788,288.8826,298.9596,324.5854,285.625,312.6444,300.7203,290.2217,287.4613,277.6448,287.3447,282.0941,287.3067,285.5572,297.6544,298.2591,283.559,280.5673,282.7879],"median":287.9624,"p95":316.3443,"min":277.6448,"max":324.5854,"relativeToPreChange":{"median":23.832028,"p95":25.55698}},"workerRelease":{"samples":[212.3237,217.0803,222.0696,225.4002,217.8903,218.0056,213.4438,214.7168,254.6068,225.532,223.6096,230.2921,224.2872,221.3239,224.4135,218.3311,226.9579,226.1411,225.398,216.3856,235.3018,220.4656,219.8946,218.7962,213.3105,234.5785,221.3062,222.5121,211.3774,213.8598],"median":221.31505,"p95":235.3018,"min":211.3774,"max":254.6068,"relativeToPreChange":{"median":5.549664,"p95":5.790904}},"carrierList":{"samples":[4.9984,5.1678,4.9865,5.4881,6.2735,5.3234,4.9237,4.8436,5.4486,6.2535,4.835,4.933,4.9082,5.6519,5.3063,4.8056,5.0147,4.7949,6.0927,4.7479,4.902,5.4017,5.6708,6.1147,5.2571,5.5767,5.6641,4.7971,6.2738,4.9429],"median":5.21245,"p95":6.2735,"min":4.7479,"max":6.2738,"relativeToPreChange":{"median":0.386795,"p95":0.445371}},"carrierClaim":{"samples":[45.4363,45.3226,44.0744,44.1069,43.5054,43.0343,45.0581,44.296,44.7595,45.3379,44.7569,44.6639,43.7989,47.4753,45.3146,44.7713,45.9564,44.5873,44.1028,44.4754,45.6914,45.7534,45.6064,48.8189,45.8936,43.7816,45.3424,48.1415,43.1093,44.4466],"median":44.7654,"p95":48.1415,"min":43.0343,"max":48.8189,"relativeToPreChange":{"median":3.460261,"p95":3.543464}},"carrierReplace":{"samples":[110.3761,106.0851,97.2156,100.9953,106.6027,103.5202,103.1885,107.7811,102.773,106.0134,103.3376,106.6919,104.9777,106.4733,101.1025,112.4626,104.724,105.5182,100.8988,104.0128,110.4588,115.0425,99.8945,105.29,101.4186,103.5038,103.9575,124.4635,100.0526,103.7443],"median":104.3684,"p95":115.0425,"min":97.2156,"max":124.4635,"relativeToPreChange":{"median":1.686299,"p95":1.724439}}},"complexityGates":{"workerRelease":{"acquireCalls":5000,"releaseCalls":5000,"exactRoomDescriptorReads":5000,"exactTaskDescriptorReads":5000,"boardEnumerations":0},"workerAcquireReconcile":{"acquireCalls":50,"reconcileCalls":50,"assignedCreepsDescriptorReads":150},"carrier":{"exact":{"exactCalls":400,"exactResults":400,"refDescriptorReads":2400},"list":{"listCalls":20,"listResults":400},"replace":{"replaceCalls":2000,"replaceResults":40000,"draftIndexReads":40000,"stepIndexReads":40000},"claim":{"claimCalls":5000,"successfulClaims":5000,"releasedClaims":5000,"claimStepIndexReads":5000,"actorDescriptorReads":5000,"actorEnumerations":0},"readDto":{"snapshotCalls":1,"snapshotEntries":400,"stepArrayEnumerations":400,"stepEntryDescriptorReads":800}}},"limitations":["Node/Jest wall-clock is not Screeps CPU and old/current samples came from separate processes.","Relative old/current wall-clock ratios are observations, never pass/fail authorization.","Worker current starts bound; Carrier claim is the uncontended immediate-release path.","Carrier complexity probes observe public inputs/read DTOs and never the private Map hierarchy."]}

      at Object.<anonymous> (test/localDispatchPerformanceBaseline.test.ts:761:13)

PASS src/runtime/marketBaseResourceAutomation.test.ts (24.024 s)
PASS test/memoryDeclarationBoundaries.test.ts (16.326 s)
PASS test/ambientGlobalAbiBoundaries.test.ts (13.806 s)
PASS scripts/monitor-service.test.ts (11.378 s)
PASS test/typescriptConfigBoundaries.test.ts (7.816 s)
PASS src/runtime/treasury/treasuryRewrite4Lifecycle.test.ts (7.479 s)
PASS test/localDispatchArchitectureBoundaries.test.ts (5.952 s)
PASS src/runtime/treasury/treasuryRewrite2Lifecycle.test.ts
PASS test/taskSystemArchitectureBoundaries.test.ts
PASS test/taskSystemCatalogBoundaries.test.ts
PASS test/roleIdentityCatalogBoundaries.test.ts
PASS src/runtime/linkNetworkMemoryOwnership.test.ts
PASS src/runtime/bootstrapArchitecture.test.ts
PASS src/runtime/marketBaseResourceLedger.test.ts
PASS src/runtime/marketSaleAutomation.test.ts
PASS src/runtime/treasury/treasuryKernelAcceptance.test.ts
PASS src/runtime/treasury/treasuryRemediationIIIKernel.test.ts
PASS src/runtime/treasury/treasuryRemediationIKernel.test.ts
PASS src/runtime/treasury/treasuryRewrite4Acceptance.test.ts
PASS src/runtime/treasury/treasuryRewrite3Acceptance.test.ts
PASS src/runtime/treasury/treasuryRemediationIIIService.test.ts
PASS src/runtime/treasury/treasuryKernelArchitecture.test.ts
PASS src/runtime/treasury/treasuryRemediationIIService.test.ts
PASS src/runtime/treasury/treasuryRemediationIVService.test.ts
PASS src/runtime/treasury/treasuryRemediationIVKernel.test.ts
PASS test/treasuryCommitmentInvalidationBoundaries.test.ts
PASS src/runtime/logistics/resourceTransferTasks.test.ts
PASS src/runtime/treasury/treasuryRemediationIService.test.ts
PASS src/runtime/resourceControl.capacityRegression.test.ts
PASS src/runtime/treasury/treasuryRewrite2Acceptance.test.ts
PASS src/mount/mountCreep.test.ts
PASS src/runtime/treasury/treasuryRewrite3Lifecycle.test.ts
PASS src/runtime/hubPlanner.test.ts
PASS src/runtime/treasury/treasuryRemediationIIKernel.test.ts
PASS src/runtime/treasury/treasuryKernel.test.ts
PASS src/movement/routing.segmentCache.test.ts
PASS src/runtime/marketSaleSession.test.ts
PASS src/runtime/powerBankHarvest.test.ts
PASS src/runtime/memoryCleanup.test.ts
PASS src/runtime/hubProductionIntegration.test.ts
PASS src/runtime/marketSalePlanningAuthorization.test.ts
PASS src/runtime/synthesisControl.test.ts
PASS test/warWorkflowLifecycleBoundaries.test.ts
PASS src/runtime/warControl.test.ts
PASS src/runtime/bootstrap.test.ts
PASS src/runtime/treasury/treasuryTypedOwnerMigration.test.ts
PASS test/baseline/treasuryRemediationIIBaseline.test.ts
PASS src/runtime/marketSaleDirectAutomation.test.ts
PASS scripts/lib/redactSecrets.test.ts
PASS src/runtime/marketSaleRuntime.test.ts
PASS src/runtime/resourceControl.test.ts
PASS src/runtime/treasury/treasuryR4BaselineReplicators.test.ts
  ● Console

    console.log
      R1-TRACE {"budgetTrace":[{"at":"after-nested-beginTick","budgetUsed":1},{"at":"after-endTick","budgetUsed":1},{"at":"after-beginTick","budgetUsed":7}],"releaseCalls":["ext:r1:D0","ext:r1:D1","ext:r1:D2"],"nestedStats":{"recovered":0,"closed":0,"cleaned":0,"cancelled":0},"remaining":5}

      at Object.<anonymous> (src/runtime/treasury/treasuryR4BaselineReplicators.test.ts:197:13)

PASS src/runtime/memorySizeRegression.test.ts
PASS src/runtime/taskSystem/snapshot.test.ts
PASS src/runtime/marketDirectContinuousPolicy.test.ts
PASS src/runtime/consoleCommands.test.ts
PASS src/runtime/empireInventoryShadow.test.ts
  ● Console

    console.log
      [inventory-shadow] parity mismatch +5 this check (total 5): tick=10000 room=<empire> resource=energy field=empireTotal index=6200 direct=1200

      at runEmpireInventoryShadowCheck (src/runtime/empireInventoryShadow.ts:1045:13)

    console.log
      [inventory-shadow] parity mismatch +7 this check (total 7): tick=10000 room=<creeps>:cargo resource=- field=oracleStoreTotal index=30 direct=99

      at runEmpireInventoryShadowCheck (src/runtime/empireInventoryShadow.ts:1045:13)

    console.log
      [inventory-shadow] parity mismatch +3 this check (total 3): tick=10040 room=W1N57 resource=- field=factoryUsedCapacity index=40 direct=0

      at runEmpireInventoryShadowCheck (src/runtime/empireInventoryShadow.ts:1045:13)

    console.log
      [inventory-shadow] parity mismatch +3 this check (total 3): tick=10000 room=W1N57 resource=- field=factoryUsedCapacity index=40 direct=0

      at runEmpireInventoryShadowCheck (src/runtime/empireInventoryShadow.ts:1045:13)

    console.log
      [inventory-shadow] parity mismatch +1 this check (total 1): tick=10000 room=W1N57:storage resource=silicon field=oracleResourceAmount index=0 direct=42

      at runEmpireInventoryShadowCheck (src/runtime/empireInventoryShadow.ts:1045:13)

PASS src/runtime/marketSalePlanningGate.test.ts
PASS src/runtime/marketDirectContinuousAutomation.test.ts
PASS src/mount/mountCreep.lifecycleCache.test.ts
PASS src/runtime/defenseFocusFire.test.ts
PASS src/runtime/powerBankBoost.test.ts
PASS src/runtime/treasury/treasuryCore.test.ts
PASS src/runtime/console/operationsCommands.test.ts
PASS src/runtime/marketDirectContinuousLedger.test.ts
PASS test/baseline/treasuryRemediationIBaseline.test.ts
PASS src/runtime/treasury/treasuryImmutableRegistries.test.ts
PASS src/roles/carrier.test.ts
PASS src/movement/pathing.crossTickCache.test.ts
PASS src/runtime/hubFlag.test.ts
PASS src/runtime/nukerControl.test.ts
PASS src/runtime/localDispatchOwnership.target.test.ts
PASS src/runtime/treasury/treasuryTransactionIdVectors.test.ts
PASS src/runtime/marketWriteArchitecture.test.ts
PASS src/runtime/empireInventoryIndex.test.ts
PASS src/runtime/synthesisControlStateMachine.test.ts
PASS src/runtime/marketSaleProtectionMemo.test.ts
PASS src/runtime/externalTelemetry.test.ts
PASS src/runtime/colonization.travelPath.test.ts
PASS src/runtime/treasury/treasuryActionContract.test.ts
PASS src/runtime/defenseFallbackReallocation.test.ts
PASS src/runtime/spawnPlanner.test.ts
PASS src/runtime/colonization.test.ts
  ● Console

    console.log
      [colonization] rescout W1N2: pending scout route invalid or interrupted by dangerous room

      at requestScoutRescan (src/runtime/colonization.ts:983:11)

    console.log
      [colonization] abandon W1N2: flag removed by player

      at abandonColonization (src/runtime/colonization.ts:1042:11)

    console.log
      [colonization] abandon W1N2: flag removed by player

      at abandonColonization (src/runtime/colonization.ts:1042:11)

PASS src/runtime/towerControl.test.ts
PASS src/roles/index.test.ts
PASS src/runtime/treasury/treasuryCommitments.test.ts
PASS src/runtime/defenseFrontAware.test.ts
PASS src/main.test.ts
PASS src/runtime/treasury/treasuryCommitmentCompleteness.test.ts
PASS src/runtime/defenseFocusFireStateful.test.ts
PASS src/roles/energyTargets.test.ts
PASS src/runtime/homeDefense.test.ts
PASS src/runtime/flagHauling.test.ts
  ● Console

    console.log
      [flag-haul] started: flag=HAUL target=W5N5 source=W1N1

      at upsertFlagHaulTask (src/runtime/flagHauling.ts:322:13)

PASS src/runtime/marketSaleProtectionAdapter.test.ts
PASS src/runtime/defenseStationaryRampartOwnership.test.ts
PASS src/mount/mountSpawn.test.ts
PASS src/runtime/marketSaleConfig.test.ts
PASS src/runtime/treasury/treasuryShadow.test.ts
  ● Console

    console.log
      [treasuryShadow] tick=5000 newMismatches=5 fields=storage_amount,storage_used_capacity,empire_total sample={"checkedAtTick":5000,"field":"storage_amount","roomName":"W1N57","resource":"U","treasuryValue":4000,"otherValue":9999}

      at finishShadow (src/runtime/treasury/shadow.ts:343:13)

    console.log
      [treasuryShadow] tick=5000 newMismatches=5 fields=storage_amount,storage_used_capacity,empire_total sample={"checkedAtTick":5000,"field":"storage_amount","roomName":"W1N57","resource":"U","treasuryValue":4000,"otherValue":9999}

      at finishShadow (src/runtime/treasury/shadow.ts:343:13)

    console.log
      [treasuryShadow] tick=5001 newMismatches=1 fields=stale_epoch sample={"checkedAtTick":5001,"field":"stale_epoch","roomName":"*","treasuryValue":5000,"otherValue":5001}

      at finishShadow (src/runtime/treasury/shadow.ts:343:13)

PASS src/runtime/hubUpgradeControl.test.ts
PASS src/movement/routing.backoff.test.ts
PASS src/runtime/crossShardColonization.test.ts
PASS src/movement/routing.cachedPathValidation.test.ts
PASS src/runtime/towerControl.scanThrottle.test.ts
PASS src/runtime/defenseAllActorReservation.test.ts
PASS src/config/spawnProfiles.test.ts
PASS src/runtime/workerTaskPool.characterization.test.ts
PASS src/runtime/defenseGlobalRampartFootprints.test.ts
PASS src/roles/carrier.bestCandidate.test.ts
PASS src/runtime/roomWorkforce.test.ts
PASS src/runtime/boostControl.test.ts
  ● Console

    console.log
      [boostControl] buy W1N1: XUH2O=1000 price=5.000 cost=100

      at buyBoostIfNeeded (src/runtime/boostControl.ts:151:13)

PASS src/runtime/dispatchOwnership/actorBinding.test.ts
PASS src/movement/routing.dynamicObstacles.test.ts
PASS src/runtime/hubProgress.test.ts
PASS src/runtime/defensePreallocationRampartOwnership.test.ts
PASS src/roles/remoteMiningCarrier.test.ts
PASS src/runtime/resourceReservation.test.ts
PASS src/runtime/marketSaleDirectShadow.test.ts
PASS src/movement/staticRoomMatrix.test.ts
PASS src/runtime/marketSaleFeeLedger.test.ts
PASS src/roles/shared.test.ts
PASS src/movement/pathing.test.ts
PASS src/runtime/workerTaskPool.test.ts
PASS src/runtime/minerBodyPolicy.test.ts
PASS src/runtime/cpuPhaseProfiler.lowOverhead.test.ts
PASS src/runtime/remoteMining.test.ts
PASS src/runtime/marketBaseResourcePolicy.test.ts
PASS src/roles/homeDefender.test.ts
PASS src/roles/worker.test.ts
PASS src/runtime/treasury/treasuryCapacityViews.test.ts
PASS src/runtime/marketSalePricingAdapter.test.ts
PASS src/roles/powerBankHauler.test.ts
PASS src/runtime/deployAnnounce.test.ts
PASS src/movement/routing.test.ts
PASS src/runtime/roomPlannerConstruction.test.ts
PASS src/movement/roomTopologyRevision.test.ts
PASS src/runtime/empireInventoryBenchmark.test.ts
  ● Console

    console.log
      [inventory-bench] rooms=8 legacyPerResourceCalls=1344 newKeyEnumeration=61 legacyScanMs=0.695 indexBuildMs=0.747

      at Object.<anonymous> (src/runtime/empireInventoryBenchmark.test.ts:166:13)

PASS src/roles/upgrader.test.ts
PASS src/runtime/safeZoneHelpers.test.ts
PASS src/runtime/mineralExtraction.test.ts
PASS src/runtime/linkControl.test.ts
PASS src/runtime/taskSystem/registry.test.ts
PASS src/runtime/powerBankObserver.test.ts
PASS src/runtime/cpuMonitor.test.ts
PASS src/roles/mineralHarvester.test.ts
PASS src/runtime/treasury/treasuryCanonicalEncoding.test.ts
PASS src/runtime/emergencySpawning.test.ts
PASS test/defenseMode.test.ts
PASS src/runtime/taskSystem/adapters/workerWork.test.ts
PASS src/runtime/dispatchOwnership/workerSlot.test.ts
PASS src/runtime/hubProtectionSnapshot.test.ts
PASS src/roles/remoteCarrier.test.ts
PASS scripts/lib/deployGuard.test.ts
PASS src/runtime/taskSystem/adapters/powerBankWorkflow.test.ts
PASS src/runtime/console/resourceTransferCommands.test.ts
PASS src/runtime/roomWorkforceIdentity.test.ts
PASS src/runtime/taskSystem/adapters/powerCreepAction.test.ts
PASS src/runtime/taskSystem/adapters/carrierLogistics.test.ts
PASS src/runtime/carrierTaskBoard.test.ts
PASS src/runtime/autoReserveFlag.test.ts
  ● Console

    console.log
      [reserve] W1N1 entered reserve mode at 74999 energy

      at runAutoReserveFlags (src/runtime/autoReserveFlag.ts:38:17)

PASS src/roles/powerBankAttacker.test.ts
PASS src/runtime/powerBankViability.test.ts
PASS src/runtime/factoryControl.test.ts
PASS src/roles/meleeAttacker.test.ts
PASS src/roles/colonizerHarvester.test.ts
PASS src/runtime/taskSystem/adapters/workflowAdapters.test.ts
PASS src/roles/remoteDefender.test.ts
PASS src/runtime/dispatchOwnership/carrierAmountSlice.test.ts
PASS src/runtime/powerCreepControl.test.ts
PASS src/runtime/marketDirectContinuousPlanner.test.ts
PASS src/runtime/actionLog.test.ts
PASS src/types/roleCatalog.test.ts
PASS src/movement/traffic.naturalObstacles.test.ts
PASS src/runtime/taskSystem/catalog.test.ts
PASS src/runtime/powerSpawnControl.test.ts
PASS src/runtime/taskSystem/adapters/resourceTransfer.test.ts
PASS src/runtime/taskSystem/adapters/factoryCommand.test.ts
PASS src/roles/remoteMiningReserver.test.ts
PASS test/miner.test.ts
PASS src/runtime/localCarrierDestinationCapacity.test.ts
PASS src/runtime/creepAssignmentState.test.ts
PASS src/runtime/configNormalize.test.ts
PASS src/roles/healer.test.ts
PASS src/roles/combatBoosts.test.ts
PASS src/runtime/tickContext.typedIndex.test.ts
PASS src/runtime/marketSaleDirectPending.test.ts
PASS src/runtime/carrierTaskBoard.revisionCache.test.ts
PASS src/movement/metrics.flush.test.ts
PASS test/harvester.test.ts
PASS src/runtime/logistics/capacityHeadroom.test.ts
PASS src/runtime/powerBankConstants.test.ts
PASS src/runtime/taskSystem/adapters/spawnProduction.test.ts
PASS src/runtime/terminalBootstrapRecovery.test.ts
PASS src/runtime/spawnQueueOwnership.test.ts
PASS src/runtime/safeZone.test.ts
PASS src/runtime/reactionMap.test.ts
PASS src/runtime/pixelGenerator.test.ts
PASS src/runtime/marketActionArbiter.test.ts
PASS src/runtime/energyPickupReservation.test.ts
PASS src/runtime/carrierBodyPolicy.test.ts
PASS src/roles/remoteWorker.test.ts
PASS src/roles/powerBankHealer.test.ts
PASS src/roles/claimer.test.ts
PASS src/runtime/taskSystem/adapters/warWorkflow.test.ts
PASS src/runtime/taskSystem/model.test.ts
PASS src/runtime/roomEnergyPolicy.test.ts
PASS src/runtime/marketSaleDirectPricing.test.ts
PASS src/runtime/linkNetworkMemory.test.ts
PASS src/visual/panel.test.ts
PASS src/movement/traffic.test.ts
PASS src/runtime/logistics/receiverCapacityLedger.test.ts
PASS src/runtime/marketSaleDiagnostics.test.ts
PASS src/runtime/dispatchOwnership/ref.test.ts
PASS src/runtime/upgraderPolicy.test.ts
PASS src/runtime/roomTypes.test.ts
PASS src/runtime/powerBankDiscovery.test.ts
PASS src/runtime/marketSaleExposure.test.ts
PASS src/runtime/hostilePriorities.test.ts
PASS src/visual/palette.test.ts
PASS src/roles/scout.test.ts
PASS test/tickContext.test.ts
PASS src/runtime/terminalActionEnergyOwnership.test.ts
PASS src/runtime/productionStateMachine.test.ts
PASS src/runtime/powerBankStatus.test.ts
PASS src/runtime/marketSaleDirectEngineAssumptions.test.ts
PASS src/runtime/memoryAudit.test.ts
PASS src/runtime/marketSalePricing.test.ts
PASS src/runtime/marketSaleLifecycle.test.ts
PASS src/roles/powerBankScout.test.ts
PASS src/runtime/marketSaleProtection.test.ts
PASS src/movement/common.test.ts

Test Suites: 233 passed, 233 total
Tests:       1385 passed, 1385 total
Snapshots:   0 total
Time:        417.804 s, estimated 418 s
Ran all test suites.
Test results written to: C:\Users\15027\AppData\Local\Temp\screeps-jest-budget-Hie9lb\results.json
{"status":"JEST_TEST_BUDGET=PASSED","suites":233,"tests":1385,"manifest":"test/test-suite-budget.json"}
