PASS test/typescriptConfigBoundaries.test.ts (10.878 s)
PASS src/runtime/treasury/treasuryKernelStress.test.ts (181.96 s)
PASS src/runtime/marketBaseResourcePermit.test.ts (69.271 s)
PASS test/localDispatchPerformanceBaseline.test.ts (24.095 s)
  ● Console

    console.log
      LOCAL_DISPATCH_PERFORMANCE_BASELINE {"schema":"local-dispatch-performance-baseline/v2","implementation":"full-ref-local-dispatch","fixture":{"rooms":20,"tasksPerRoom":20,"totalTasksPerDomain":400,"actors":50},"protocol":{"clock":"process.hrtime.bigint","timingUnit":"milliseconds","warmupBatches":5,"measuredBatches":30,"iterationsPerBatch":100,"p95":"nearest-rank","timingPassFail":"observation-only; deployment CPU gate is the live same-shard window","complexityPassFail":"deterministic public-input/read-DTO counts"},"preChangeEvidence":{"source":"openspec/changes/local-dispatch-ownership/evidence/pre-change-baseline.md","commit":"df2e1af60a035fd99406888d69bba9903e8a7118","observation":{"workerCurrent":{"median":12.083,"p95":12.378},"workerRelease":{"median":39.879,"p95":40.633},"carrierList":{"median":13.476,"p95":14.086},"carrierClaim":{"median":12.937,"p95":13.586},"carrierReplace":{"median":61.892,"p95":66.713}}},"scenarios":{"workerCurrent":{"samples":[289.7552,271.6691,281.2381,281.6071,272.5287,277.0568,280.8507,269.8289,269.7491,275.3395,270.6994,269.6236,301.7342,283.009,272.8668,273.4686,270.8983,271.8822,270.5755,267.6133,279.4644,266.5867,273.3125,266.0319,276.3707,275.0095,290.9691,277.4953,273.7242,275.121],"median":273.5964,"p95":290.9691,"min":266.0319,"max":301.7342,"relativeToPreChange":{"median":22.643085,"p95":23.506956}},"workerRelease":{"samples":[233.9022,249.2044,242.6731,235.6185,234.7308,239.727,227.6662,224.3829,225.0632,223.7055,223.3434,216.07,225.0085,227.0622,228.7911,212.983,215.2026,213.8058,224.219,220.8883,211.3294,210.3628,210.6351,221.6241,210.4369,213.3486,222.7844,210.3468,215.4466,210.8668],"median":223.0639,"p95":242.6731,"min":210.3468,"max":249.2044,"relativeToPreChange":{"median":5.593518,"p95":5.972316}},"carrierList":{"samples":[5.2413,4.8556,4.9399,5.0774,6.263,4.9225,4.9291,4.8958,5.9517,5.2104,4.7743,4.7496,4.8336,5.8674,4.7555,4.894,5.1316,4.9179,6.4894,5.6621,4.901,4.9931,4.9334,5.9467,4.8062,5.0202,4.7988,4.9034,5.8082,4.8584],"median":4.93125,"p95":6.263,"min":4.7496,"max":6.4894,"relativeToPreChange":{"median":0.365928,"p95":0.444626}},"carrierClaim":{"samples":[43.4353,48.2886,47.0158,48.9151,46.1795,46.1203,45.2943,44.4923,43.5056,45.8746,43.8509,46.3503,44.2502,45.7639,43.1738,44.3523,47.0149,44.2487,44.4605,45.4243,44.6547,44.8444,44.4241,44.4481,45.7925,44.5417,46.9391,44.9629,43.9919,46.8842],"median":44.90365,"p95":48.2886,"min":43.1738,"max":48.9151,"relativeToPreChange":{"median":3.470948,"p95":3.554291}},"carrierReplace":{"samples":[101.3365,110.2915,101.8924,125.9054,103.7293,107.4351,100.5937,103.7244,100.4062,105.3019,102.5518,108.2227,103.8287,107.8298,103.0479,104.8741,97.957,101.7896,103.2234,106.3736,102.5913,109.6559,104.3983,110.2693,101.0461,103.4677,100.7595,106.7207,101.3524,105.7207],"median":103.72685,"p95":110.2915,"min":97.957,"max":125.9054,"relativeToPreChange":{"median":1.675933,"p95":1.653224}}},"complexityGates":{"workerRelease":{"acquireCalls":5000,"releaseCalls":5000,"exactRoomDescriptorReads":5000,"exactTaskDescriptorReads":5000,"boardEnumerations":0},"workerAcquireReconcile":{"acquireCalls":50,"reconcileCalls":50,"assignedCreepsDescriptorReads":150},"carrier":{"exact":{"exactCalls":400,"exactResults":400,"refDescriptorReads":2400},"list":{"listCalls":20,"listResults":400},"replace":{"replaceCalls":2000,"replaceResults":40000,"draftIndexReads":40000,"stepIndexReads":40000},"claim":{"claimCalls":5000,"successfulClaims":5000,"releasedClaims":5000,"claimStepIndexReads":5000,"actorDescriptorReads":5000,"actorEnumerations":0},"readDto":{"snapshotCalls":1,"snapshotEntries":400,"stepArrayEnumerations":400,"stepEntryDescriptorReads":800}}},"limitations":["Node/Jest wall-clock is not Screeps CPU and old/current samples came from separate processes.","Relative old/current wall-clock ratios are observations, never pass/fail authorization.","Worker current starts bound; Carrier claim is the uncontended immediate-release path.","Carrier complexity probes observe public inputs/read DTOs and never the private Map hierarchy."]}

      at Object.<anonymous> (test/localDispatchPerformanceBaseline.test.ts:761:13)

PASS src/runtime/marketBaseResourceAutomation.test.ts (23.313 s)
PASS test/memoryDeclarationBoundaries.test.ts (15.204 s)
PASS test/ambientGlobalAbiBoundaries.test.ts (13.824 s)
PASS scripts/monitor-service.test.ts (11.299 s)
PASS src/runtime/treasury/treasuryRewrite4Lifecycle.test.ts (8.384 s)
PASS test/localDispatchArchitectureBoundaries.test.ts (6.269 s)
PASS src/runtime/treasury/treasuryRewrite2Lifecycle.test.ts
PASS test/taskSystemArchitectureBoundaries.test.ts
PASS src/runtime/resourceControl.capacityRegression.test.ts
PASS test/roleIdentityCatalogBoundaries.test.ts
PASS test/taskSystemCatalogBoundaries.test.ts
PASS src/runtime/bootstrapArchitecture.test.ts
PASS src/runtime/marketBaseResourceLedger.test.ts
PASS src/runtime/marketSaleAutomation.test.ts
PASS src/runtime/treasury/treasuryKernelAcceptance.test.ts
PASS src/runtime/linkNetworkMemoryOwnership.test.ts
PASS src/runtime/treasury/treasuryRemediationIIIKernel.test.ts
PASS src/runtime/treasury/treasuryRewrite3Acceptance.test.ts
PASS src/runtime/treasury/treasuryRemediationIKernel.test.ts
PASS src/runtime/treasury/treasuryRewrite4Acceptance.test.ts
PASS src/runtime/treasury/treasuryKernelArchitecture.test.ts
PASS test/treasuryCommitmentInvalidationBoundaries.test.ts
PASS test/baseline/treasuryRemediationIIBaseline.test.ts
PASS src/runtime/treasury/treasuryRemediationIIIService.test.ts
PASS src/runtime/treasury/treasuryRemediationIVService.test.ts
PASS src/runtime/logistics/resourceTransferTasks.test.ts
PASS src/runtime/treasury/treasuryRemediationIIService.test.ts
PASS src/runtime/treasury/treasuryRemediationIVKernel.test.ts
PASS src/runtime/treasury/treasuryRemediationIService.test.ts
PASS src/runtime/treasury/treasuryRewrite2Acceptance.test.ts
PASS test/baseline/treasuryRemediationIBaseline.test.ts
PASS src/runtime/marketSalePlanningAuthorization.test.ts
PASS src/runtime/defenseFocusFire.test.ts
PASS src/runtime/hubPlanner.test.ts
PASS src/movement/routing.segmentCache.test.ts
PASS src/runtime/powerBankHarvest.test.ts
PASS src/runtime/treasury/treasuryRewrite3Lifecycle.test.ts
PASS src/mount/mountCreep.test.ts
PASS src/runtime/marketSaleSession.test.ts
PASS src/runtime/treasury/treasuryRemediationIIKernel.test.ts
PASS src/runtime/treasury/treasuryKernel.test.ts
PASS scripts/lib/redactSecrets.test.ts
PASS src/runtime/hubProductionIntegration.test.ts
PASS test/warWorkflowLifecycleBoundaries.test.ts
PASS src/runtime/synthesisControl.test.ts
PASS src/runtime/memoryCleanup.test.ts
PASS src/runtime/warControl.test.ts
PASS src/runtime/bootstrap.test.ts
PASS src/runtime/consoleCommands.test.ts
PASS src/runtime/treasury/treasuryR4BaselineReplicators.test.ts
  ● Console

    console.log
      R1-TRACE {"budgetTrace":[{"at":"after-nested-beginTick","budgetUsed":1},{"at":"after-endTick","budgetUsed":1},{"at":"after-beginTick","budgetUsed":7}],"releaseCalls":["ext:r1:D0","ext:r1:D1","ext:r1:D2"],"nestedStats":{"recovered":0,"closed":0,"cleaned":0,"cancelled":0},"remaining":5}

      at Object.<anonymous> (src/runtime/treasury/treasuryR4BaselineReplicators.test.ts:197:13)

PASS src/runtime/treasury/treasuryTypedOwnerMigration.test.ts
PASS src/runtime/marketDirectContinuousAutomation.test.ts
PASS src/mount/mountCreep.lifecycleCache.test.ts
PASS src/runtime/marketSaleDirectAutomation.test.ts
PASS src/runtime/marketDirectContinuousPolicy.test.ts
PASS src/roles/carrier.test.ts
PASS src/runtime/marketSaleRuntime.test.ts
PASS src/runtime/empireInventoryShadow.test.ts
  ● Console

    console.log
      [inventory-shadow] parity mismatch +5 this check (total 5): tick=10000 room=<empire> resource=energy field=empireTotal index=6200 direct=1200

      at runEmpireInventoryShadowCheck (src/runtime/empireInventoryShadow.ts:1045:13)

    console.log
      [inventory-shadow] parity mismatch +7 this check (total 7): tick=10000 room=<creeps>:cargo resource=- field=oracleStoreTotal index=30 direct=99

      at runEmpireInventoryShadowCheck (src/runtime/empireInventoryShadow.ts:1045:13)

    console.log
      [inventory-shadow] parity mismatch +3 this check (total 3): tick=10040 room=W1N57 resource=- field=factoryUsedCapacity index=40 direct=0

      at runEmpireInventoryShadowCheck (src/runtime/empireInventoryShadow.ts:1045:13)

    console.log
      [inventory-shadow] parity mismatch +3 this check (total 3): tick=10000 room=W1N57 resource=- field=factoryUsedCapacity index=40 direct=0

      at runEmpireInventoryShadowCheck (src/runtime/empireInventoryShadow.ts:1045:13)

    console.log
      [inventory-shadow] parity mismatch +1 this check (total 1): tick=10000 room=W1N57:storage resource=silicon field=oracleResourceAmount index=0 direct=42

      at runEmpireInventoryShadowCheck (src/runtime/empireInventoryShadow.ts:1045:13)

PASS src/runtime/marketSalePlanningGate.test.ts
PASS src/runtime/resourceControl.test.ts
PASS src/runtime/memorySizeRegression.test.ts
PASS src/runtime/defenseFrontAware.test.ts
PASS src/runtime/colonization.travelPath.test.ts
PASS src/runtime/hubFlag.test.ts
PASS src/runtime/empireInventoryIndex.test.ts
PASS src/runtime/externalTelemetry.test.ts
PASS src/runtime/taskSystem/snapshot.test.ts
PASS src/runtime/nukerControl.test.ts
PASS src/runtime/marketDirectContinuousLedger.test.ts
PASS src/runtime/powerBankBoost.test.ts
PASS src/movement/pathing.crossTickCache.test.ts
PASS src/runtime/treasury/treasuryImmutableRegistries.test.ts
PASS src/runtime/marketWriteArchitecture.test.ts
PASS src/runtime/localDispatchOwnership.target.test.ts
PASS src/runtime/marketSaleProtectionMemo.test.ts
PASS src/runtime/treasury/treasuryCore.test.ts
PASS src/runtime/console/operationsCommands.test.ts
PASS src/runtime/treasury/treasuryCommitments.test.ts
PASS src/runtime/treasury/treasuryTransactionIdVectors.test.ts
PASS src/runtime/synthesisControlStateMachine.test.ts
PASS src/runtime/spawnPlanner.test.ts
PASS src/runtime/treasury/treasuryActionContract.test.ts
PASS src/roles/energyTargets.test.ts
PASS src/runtime/treasury/treasuryShadow.test.ts
  ● Console

    console.log
      [treasuryShadow] tick=5000 newMismatches=5 fields=storage_amount,storage_used_capacity,empire_total sample={"checkedAtTick":5000,"field":"storage_amount","roomName":"W1N57","resource":"U","treasuryValue":4000,"otherValue":9999}

      at finishShadow (src/runtime/treasury/shadow.ts:343:13)

    console.log
      [treasuryShadow] tick=5000 newMismatches=5 fields=storage_amount,storage_used_capacity,empire_total sample={"checkedAtTick":5000,"field":"storage_amount","roomName":"W1N57","resource":"U","treasuryValue":4000,"otherValue":9999}

      at finishShadow (src/runtime/treasury/shadow.ts:343:13)

    console.log
      [treasuryShadow] tick=5001 newMismatches=1 fields=stale_epoch sample={"checkedAtTick":5001,"field":"stale_epoch","roomName":"*","treasuryValue":5000,"otherValue":5001}

      at finishShadow (src/runtime/treasury/shadow.ts:343:13)

PASS src/runtime/homeDefense.test.ts
PASS src/runtime/defenseFocusFireStateful.test.ts
PASS src/roles/index.test.ts
PASS src/runtime/marketSaleFeeLedger.test.ts
PASS src/runtime/roomWorkforce.test.ts
PASS src/runtime/defenseAllActorReservation.test.ts
PASS src/runtime/towerControl.scanThrottle.test.ts
PASS src/runtime/marketSaleProtectionAdapter.test.ts
PASS src/runtime/workerTaskPool.characterization.test.ts
PASS src/runtime/treasury/treasuryCommitmentCompleteness.test.ts
PASS src/runtime/colonization.test.ts
  ● Console

    console.log
      [colonization] rescout W1N2: pending scout route invalid or interrupted by dangerous room

      at requestScoutRescan (src/runtime/colonization.ts:983:11)

    console.log
      [colonization] abandon W1N2: flag removed by player

      at abandonColonization (src/runtime/colonization.ts:1042:11)

    console.log
      [colonization] abandon W1N2: flag removed by player

      at abandonColonization (src/runtime/colonization.ts:1042:11)

PASS src/roles/remoteMiningCarrier.test.ts
PASS src/main.test.ts
PASS src/runtime/defenseFallbackReallocation.test.ts
PASS src/mount/mountSpawn.test.ts
PASS src/runtime/hubUpgradeControl.test.ts
PASS src/movement/staticRoomMatrix.test.ts
PASS src/runtime/defenseStationaryRampartOwnership.test.ts
PASS src/runtime/marketSaleConfig.test.ts
PASS src/runtime/marketBaseResourcePolicy.test.ts
PASS src/roles/powerBankHauler.test.ts
PASS src/roles/shared.test.ts
PASS src/runtime/hubProgress.test.ts
PASS src/runtime/cpuPhaseProfiler.lowOverhead.test.ts
PASS src/movement/routing.backoff.test.ts
PASS src/runtime/treasury/treasuryCapacityViews.test.ts
PASS src/runtime/resourceReservation.test.ts
PASS src/runtime/crossShardColonization.test.ts
PASS src/roles/carrier.bestCandidate.test.ts
PASS src/movement/routing.cachedPathValidation.test.ts
PASS src/runtime/towerControl.test.ts
PASS src/runtime/remoteMining.test.ts
PASS src/runtime/boostControl.test.ts
  ● Console

    console.log
      [boostControl] buy W1N1: XUH2O=1000 price=5.000 cost=100

      at buyBoostIfNeeded (src/runtime/boostControl.ts:151:13)

PASS src/roles/worker.test.ts
PASS src/runtime/defensePreallocationRampartOwnership.test.ts
PASS src/runtime/defenseGlobalRampartFootprints.test.ts
PASS src/runtime/workerTaskPool.test.ts
PASS src/runtime/minerBodyPolicy.test.ts
PASS src/runtime/taskSystem/adapters/powerBankWorkflow.test.ts
PASS src/runtime/roomPlannerConstruction.test.ts
PASS src/movement/routing.dynamicObstacles.test.ts
PASS src/movement/pathing.test.ts
PASS src/runtime/dispatchOwnership/actorBinding.test.ts
PASS src/runtime/mineralExtraction.test.ts
PASS src/roles/mineralHarvester.test.ts
PASS src/runtime/treasury/treasuryCanonicalEncoding.test.ts
PASS src/runtime/flagHauling.test.ts
  ● Console

    console.log
      [flag-haul] started: flag=HAUL target=W5N5 source=W1N1

      at upsertFlagHaulTask (src/runtime/flagHauling.ts:322:13)

PASS src/config/spawnProfiles.test.ts
PASS src/roles/homeDefender.test.ts
PASS scripts/lib/deployGuard.test.ts
PASS src/movement/routing.test.ts
PASS src/movement/roomTopologyRevision.test.ts
PASS src/runtime/marketSalePricingAdapter.test.ts
PASS src/runtime/roomWorkforceIdentity.test.ts
PASS src/runtime/powerBankViability.test.ts
PASS src/runtime/hubProtectionSnapshot.test.ts
PASS src/runtime/empireInventoryBenchmark.test.ts
  ● Console

    console.log
      [inventory-bench] rooms=8 legacyPerResourceCalls=1344 newKeyEnumeration=61 legacyScanMs=0.539 indexBuildMs=0.433

      at Object.<anonymous> (src/runtime/empireInventoryBenchmark.test.ts:166:13)

PASS src/runtime/taskSystem/registry.test.ts
PASS src/runtime/console/resourceTransferCommands.test.ts
PASS src/runtime/powerBankObserver.test.ts
PASS src/runtime/marketDirectContinuousPlanner.test.ts
PASS src/runtime/powerCreepControl.test.ts
PASS src/runtime/marketSaleDirectPending.test.ts
PASS src/runtime/carrierTaskBoard.test.ts
PASS test/defenseMode.test.ts
PASS src/runtime/taskSystem/adapters/workflowAdapters.test.ts
PASS src/runtime/safeZoneHelpers.test.ts
PASS src/runtime/deployAnnounce.test.ts
PASS src/roles/remoteDefender.test.ts
PASS src/roles/remoteCarrier.test.ts
PASS src/runtime/taskSystem/adapters/carrierLogistics.test.ts
PASS src/runtime/marketSaleDirectShadow.test.ts
PASS src/roles/upgrader.test.ts
PASS src/runtime/tickContext.typedIndex.test.ts
PASS src/runtime/linkControl.test.ts
PASS src/runtime/emergencySpawning.test.ts
PASS src/runtime/taskSystem/adapters/workerWork.test.ts
PASS src/runtime/taskSystem/catalog.test.ts
PASS src/runtime/cpuMonitor.test.ts
PASS src/movement/traffic.test.ts
PASS src/runtime/taskSystem/adapters/factoryCommand.test.ts
PASS src/runtime/taskSystem/adapters/spawnProduction.test.ts
PASS src/runtime/dispatchOwnership/carrierAmountSlice.test.ts
PASS src/runtime/factoryControl.test.ts
PASS src/runtime/creepAssignmentState.test.ts
PASS src/roles/meleeAttacker.test.ts
PASS src/runtime/powerSpawnControl.test.ts
PASS src/roles/powerBankScout.test.ts
PASS src/runtime/dispatchOwnership/workerSlot.test.ts
PASS src/runtime/terminalBootstrapRecovery.test.ts
PASS src/runtime/carrierTaskBoard.revisionCache.test.ts
PASS src/runtime/marketSaleExposure.test.ts
PASS src/runtime/marketSaleDiagnostics.test.ts
PASS src/runtime/marketActionArbiter.test.ts
PASS src/visual/panel.test.ts
PASS src/roles/powerBankAttacker.test.ts
PASS src/movement/traffic.naturalObstacles.test.ts
PASS src/runtime/taskSystem/adapters/warWorkflow.test.ts
PASS src/runtime/marketSaleProtection.test.ts
PASS src/movement/metrics.flush.test.ts
PASS src/types/roleCatalog.test.ts
PASS test/harvester.test.ts
PASS src/runtime/taskSystem/adapters/powerCreepAction.test.ts
PASS src/runtime/spawnQueueOwnership.test.ts
PASS src/runtime/powerBankStatus.test.ts
PASS src/runtime/powerBankDiscovery.test.ts
PASS src/runtime/energyPickupReservation.test.ts
PASS test/miner.test.ts
PASS src/runtime/logistics/receiverCapacityLedger.test.ts
PASS src/runtime/roomTypes.test.ts
PASS src/runtime/reactionMap.test.ts
PASS src/runtime/carrierBodyPolicy.test.ts
PASS src/roles/remoteWorker.test.ts
PASS src/roles/powerBankHealer.test.ts
PASS src/roles/healer.test.ts
PASS src/roles/colonizerHarvester.test.ts
PASS src/runtime/terminalActionEnergyOwnership.test.ts
PASS src/runtime/marketSaleLifecycle.test.ts
PASS src/runtime/autoReserveFlag.test.ts
  ● Console

    console.log
      [reserve] W1N1 entered reserve mode at 74999 energy

      at runAutoReserveFlags (src/runtime/autoReserveFlag.ts:38:17)

PASS src/runtime/actionLog.test.ts
PASS src/roles/remoteMiningReserver.test.ts
PASS src/runtime/taskSystem/adapters/resourceTransfer.test.ts
PASS src/runtime/taskSystem/model.test.ts
PASS src/runtime/logistics/capacityHeadroom.test.ts
PASS src/runtime/dispatchOwnership/ref.test.ts
PASS src/runtime/upgraderPolicy.test.ts
PASS src/runtime/localCarrierDestinationCapacity.test.ts
PASS src/roles/combatBoosts.test.ts
PASS src/runtime/linkNetworkMemory.test.ts
PASS src/runtime/configNormalize.test.ts
PASS src/roles/claimer.test.ts
PASS src/runtime/roomEnergyPolicy.test.ts
PASS src/runtime/memoryAudit.test.ts
PASS src/roles/scout.test.ts
PASS src/runtime/safeZone.test.ts
PASS src/runtime/productionStateMachine.test.ts
PASS src/runtime/marketSalePricing.test.ts
PASS src/runtime/marketSaleDirectPricing.test.ts
PASS test/tickContext.test.ts
PASS src/runtime/powerBankConstants.test.ts
PASS src/runtime/marketSaleDirectEngineAssumptions.test.ts
PASS src/visual/palette.test.ts
PASS src/runtime/pixelGenerator.test.ts
PASS src/runtime/hostilePriorities.test.ts
PASS src/movement/common.test.ts

Test Suites: 233 passed, 233 total
Tests:       1385 passed, 1385 total
Snapshots:   0 total
Time:        419.144 s, estimated 433 s
Ran all test suites.
Test results written to: ..\.tmp-r4-evidence\final\jest-full.json
