PASS src/runtime/treasury/treasuryKernelStress.test.ts (315.071 s)
PASS src/runtime/treasury/treasuryRewrite4Lifecycle.test.ts (14.14 s)
PASS src/runtime/treasury/treasuryRewrite2Lifecycle.test.ts (9.145 s)
PASS src/runtime/treasury/treasuryRemediationIVKernel.test.ts
  ● Console

    console.log
      H18-TRACE initial={"phases":{"closing":30,"outcome_unknown":20,"retry_ready":10,"pending":4,"other":0},"remaining":90,"active":64,"ring":0,"chars":57976,"budgetUsed":0} per-tick[0..2]=[{"tick":2,"shares":8,"releases":2,"phases":{"closing":30,"outcome_unknown":20,"retry_ready":10,"pending":0,"other":0},"remaining":89,"active":60,"ring":4,"chars":55228},{"tick":3,"shares":8,"releases":4,"phases":{"closing":29,"outcome_unknown":20,"retry_ready":11,"pending":0,"other":0},"remaining":85,"active":60,"ring":4,"chars":55169},{"tick":4,"shares":8,"releases":4,"phases":{"closing":28,"outcome_unknown":20,"retry_ready":11,"pending":0,"other":0},"remaining":81,"active":59,"ring":5,"chars":54306}] bounded-ticks=13 recovery-ticks=1 total-release-calls=96 final={"phases":{"closing":0,"outcome_unknown":20,"retry_ready":0,"pending":0,"other":0},"remaining":0,"active":20,"ring":44,"chars":21879,"budgetUsed":2}

      at Object.<anonymous> (src/runtime/treasury/treasuryRemediationIVKernel.test.ts:928:13)

PASS src/runtime/treasury/treasuryKernelAcceptance.test.ts
PASS src/runtime/treasury/treasuryRemediationIIIKernel.test.ts
PASS src/runtime/treasury/treasuryRewrite4Acceptance.test.ts
PASS src/runtime/treasury/treasuryRewrite3Acceptance.test.ts
PASS src/runtime/treasury/treasuryRemediationIKernel.test.ts
PASS src/runtime/treasury/treasuryRemediationVKernel.test.ts
  ● Console

    console.log
      I13-COST {"fixture1":{"fixture":"empty-endTick","reads":7,"writeAttempts":1,"writesAllowed":1,"writesDropped":0,"logicalSharesUsed":0,"closurePersisted":true},"fixture2":{"fixture":"recover-A-then-clean-8C","phaseEndTick":{"recoveredToUnknown":1,"closurePersisted":true},"tick1":{"reads":41,"writeAttempts":7,"writesAllowed":7,"cleaned":2,"sharesUsed":7,"releaseCalls":2},"completion":{"ticks":2,"reads":77,"writeAttempts":14,"writesAllowed":14,"totalReleaseCalls":8,"perTickReleases":[4,2],"phaseAfter":"retry_ready"},"awaitingServiceAfterTick1":6}}

      at Object.<anonymous> (src/runtime/treasury/treasuryRemediationVKernel.test.ts:653:13)

    console.log
      I13-COST {"fixture3":{"fixture":"closure-publish-failure","writeAttempts":2,"writesAllowed":0,"writesDropped":2,"reads":12,"closurePersisted":false},"fixture4":{"fixture":"64-active-mixed-advance","activeCount":64,"beginTick":{"recovered":2,"cleaned":6,"closed":0,"cancelled":0},"endTick":{"recoveredToUnknown":0,"closurePersisted":true},"reads":53,"writeAttempts":10,"writesAllowed":10,"sharesUsed":8}}

      at Object.<anonymous> (src/runtime/treasury/treasuryRemediationVKernel.test.ts:748:13)

PASS src/runtime/treasury/treasuryKernelArchitecture.test.ts
PASS src/runtime/treasury/treasuryRemediationIIIService.test.ts
PASS src/runtime/treasury/treasuryRemediationIIService.test.ts
PASS src/runtime/treasury/treasuryRemediationIVService.test.ts
PASS src/runtime/treasury/treasuryRemediationVService.test.ts
PASS src/runtime/treasury/treasuryRemediationIService.test.ts
PASS src/runtime/treasury/treasuryRewrite2Acceptance.test.ts
PASS src/runtime/treasury/treasuryRewrite3Lifecycle.test.ts
PASS src/runtime/treasury/treasuryRemediationIIKernel.test.ts
PASS src/runtime/treasury/treasuryKernel.test.ts
PASS src/runtime/treasury/treasuryTypedOwnerMigration.test.ts
PASS src/runtime/treasury/treasuryRemediationVIKernel.test.ts
PASS src/runtime/treasury/treasuryR4BaselineReplicators.test.ts
  ● Console

    console.log
      R1-TRACE {"budgetTrace":[{"at":"after-nested-beginTick","budgetUsed":1},{"at":"after-endTick","budgetUsed":1},{"at":"after-beginTick","budgetUsed":7}],"releaseCalls":["ext:r1:D0","ext:r1:D1","ext:r1:D2"],"nestedStats":{"recovered":0,"closed":0,"cleaned":0,"cancelled":0},"remaining":5}

      at Object.<anonymous> (src/runtime/treasury/treasuryR4BaselineReplicators.test.ts:197:13)

PASS src/runtime/treasury/treasuryTransactionIdVectors.test.ts
PASS src/runtime/treasury/treasuryCore.test.ts
PASS src/runtime/treasury/treasuryActionContract.test.ts
PASS src/runtime/treasury/treasuryShadow.test.ts
  ● Console

    console.log
      [treasuryShadow] tick=5000 newMismatches=5 fields=storage_amount,storage_used_capacity,empire_total sample={"checkedAtTick":5000,"field":"storage_amount","roomName":"W1N57","resource":"U","treasuryValue":4000,"otherValue":9999}

      at finishShadow (src/runtime/treasury/shadow.ts:343:13)

    console.log
      [treasuryShadow] tick=5000 newMismatches=5 fields=storage_amount,storage_used_capacity,empire_total sample={"checkedAtTick":5000,"field":"storage_amount","roomName":"W1N57","resource":"U","treasuryValue":4000,"otherValue":9999}

      at finishShadow (src/runtime/treasury/shadow.ts:343:13)

    console.log
      [treasuryShadow] tick=5001 newMismatches=1 fields=stale_epoch sample={"checkedAtTick":5001,"field":"stale_epoch","roomName":"*","treasuryValue":5000,"otherValue":5001}

      at finishShadow (src/runtime/treasury/shadow.ts:343:13)

PASS src/runtime/treasury/treasuryImmutableRegistries.test.ts
PASS src/runtime/treasury/treasuryCommitments.test.ts
PASS src/runtime/treasury/treasuryCommitmentCompleteness.test.ts
PASS src/runtime/treasury/treasuryCapacityViews.test.ts
PASS src/runtime/treasury/treasuryCanonicalEncoding.test.ts

Test Suites: 32 passed, 32 total
Tests:       569 passed, 569 total
Snapshots:   0 total
Time:        359.514 s, estimated 362 s
Ran all test suites matching /src\\runtime\\treasury\\/i.
Test results written to: C:\Users\15027\AppData\Local\Temp\r6-final\jest-treasury.json
