PASS src/runtime/treasury/treasuryKernelStress.test.ts (171.342 s)
PASS src/runtime/marketBaseResourcePermit.test.ts (63.734 s)
PASS test/localDispatchPerformanceBaseline.test.ts (24.976 s)
  ● Console

    console.log
      LOCAL_DISPATCH_PERFORMANCE_BASELINE {"schema":"local-dispatch-performance-baseline/v2","implementation":"full-ref-local-dispatch","fixture":{"rooms":20,"tasksPerRoom":20,"totalTasksPerDomain":400,"actors":50},"protocol":{"clock":"process.hrtime.bigint","timingUnit":"milliseconds","warmupBatches":5,"measuredBatches":30,"iterationsPerBatch":100,"p95":"nearest-rank","timingPassFail":"observation-only; deployment CPU gate is the live same-shard window","complexityPassFail":"deterministic public-input/read-DTO counts"},"preChangeEvidence":{"source":"openspec/changes/local-dispatch-ownership/evidence/pre-change-baseline.md","commit":"df2e1af60a035fd99406888d69bba9903e8a7118","observation":{"workerCurrent":{"median":12.083,"p95":12.378},"workerRelease":{"median":39.879,"p95":40.633},"carrierList":{"median":13.476,"p95":14.086},"carrierClaim":{"median":12.937,"p95":13.586},"carrierReplace":{"median":61.892,"p95":66.713}}},"scenarios":{"workerCurrent":{"samples":[307.1383,277.5975,290.9088,305.585,284.7309,280.0983,317.9296,283.6464,296.9612,301.9488,309.799,299.9567,281.6298,289.8981,288.934,293.6572,286.466,288.5075,280.1216,298.1057,295.8482,287.345,291.4956,291.4587,276.3563,277.9275,288.6627,277.4355,280.0778,288.9881],"median":288.96105,"p95":309.799,"min":276.3563,"max":317.9296,"relativeToPreChange":{"median":23.914678,"p95":25.028195}},"workerRelease":{"samples":[214.8253,217.2661,219.8678,226.8502,209.3492,214.5693,239.963,254.5381,214.4224,238.6704,222.5125,225.7905,227.0838,219.3894,224.4003,249.2036,228.7886,219.5496,211.4709,220.8226,226.522,229.8074,256.3363,236.4117,250.3847,224.5074,215.4158,233.1416,233.6369,225.4575],"median":225.624,"p95":254.5381,"min":209.3492,"max":256.3363,"relativeToPreChange":{"median":5.657715,"p95":6.26432}},"carrierList":{"samples":[4.8922,4.8159,4.6823,4.7988,6.1838,4.8637,5.207,5.0519,4.7914,5.4937,5.3617,4.8375,4.6925,4.9605,5.6302,4.7651,5.0193,4.8393,4.8176,5.8125,4.743,4.8456,5.5062,9.7618,7.1545,4.9319,4.7717,4.8744,5.4922,4.7195],"median":4.8833,"p95":7.1545,"min":4.6823,"max":9.7618,"relativeToPreChange":{"median":0.36237,"p95":0.507916}},"carrierClaim":{"samples":[45.1299,43.5345,43.9346,45.3065,45.6923,43.143,43.408,44.7502,45.1171,46.9381,45.1762,46.2707,44.4503,47.3825,48.5327,58.7463,44.6497,45.1235,45.2856,43.3027,45.0992,49.9091,46.666,44.2849,44.4376,44.1058,53.6365,43.2698,52.1271,44.2866],"median":45.1203,"p95":53.6365,"min":43.143,"max":58.7463,"relativeToPreChange":{"median":3.487694,"p95":3.947924}},"carrierReplace":{"samples":[110.5751,104.4659,107.9888,117.214,112.7766,100.6025,107.6814,99.5271,102.9627,101.5345,106.4449,101.4368,106.9196,115.3814,113.52,111.9662,117.3489,109.01,102.8327,99.5034,121.2076,113.5114,115.1519,117.559,103.2481,100.1502,102.9372,100.3147,104.8586,111.5689],"median":107.3005,"p95":117.559,"min":99.5034,"max":121.2076,"relativeToPreChange":{"median":1.733673,"p95":1.76216}}},"complexityGates":{"workerRelease":{"acquireCalls":5000,"releaseCalls":5000,"exactRoomDescriptorReads":5000,"exactTaskDescriptorReads":5000,"boardEnumerations":0},"workerAcquireReconcile":{"acquireCalls":50,"reconcileCalls":50,"assignedCreepsDescriptorReads":150},"carrier":{"exact":{"exactCalls":400,"exactResults":400,"refDescriptorReads":2400},"list":{"listCalls":20,"listResults":400},"replace":{"replaceCalls":2000,"replaceResults":40000,"draftIndexReads":40000,"stepIndexReads":40000},"claim":{"claimCalls":5000,"successfulClaims":5000,"releasedClaims":5000,"claimStepIndexReads":5000,"actorDescriptorReads":5000,"actorEnumerations":0},"readDto":{"snapshotCalls":1,"snapshotEntries":400,"stepArrayEnumerations":400,"stepEntryDescriptorReads":800}}},"limitations":["Node/Jest wall-clock is not Screeps CPU and old/current samples came from separate processes.","Relative old/current wall-clock ratios are observations, never pass/fail authorization.","Worker current starts bound; Carrier claim is the uncontended immediate-release path.","Carrier complexity probes observe public inputs/read DTOs and never the private Map hierarchy."]}

      at Object.<anonymous> (test/localDispatchPerformanceBaseline.test.ts:761:13)

PASS src/runtime/marketBaseResourceAutomation.test.ts (23.604 s)
PASS test/memoryDeclarationBoundaries.test.ts (15.789 s)
PASS test/ambientGlobalAbiBoundaries.test.ts (13.598 s)
PASS scripts/monitor-service.test.ts (9.818 s)
PASS test/typescriptConfigBoundaries.test.ts (7.001 s)
PASS test/localDispatchArchitectureBoundaries.test.ts (5.466 s)
PASS src/runtime/treasury/treasuryRewrite2Lifecycle.test.ts
PASS test/taskSystemArchitectureBoundaries.test.ts
PASS test/roleIdentityCatalogBoundaries.test.ts
PASS test/taskSystemCatalogBoundaries.test.ts
PASS src/runtime/marketBaseResourceLedger.test.ts
PASS src/runtime/bootstrapArchitecture.test.ts
PASS src/runtime/marketSaleAutomation.test.ts
PASS src/runtime/treasury/treasuryKernelAcceptance.test.ts
PASS src/runtime/linkNetworkMemoryOwnership.test.ts
PASS src/runtime/treasury/treasuryRewrite3Acceptance.test.ts
PASS src/runtime/treasury/treasuryKernelArchitecture.test.ts
PASS src/roles/index.test.ts
PASS src/runtime/treasury/treasuryRewrite2Acceptance.test.ts
PASS test/treasuryCommitmentInvalidationBoundaries.test.ts
PASS src/runtime/logistics/resourceTransferTasks.test.ts
PASS src/runtime/resourceControl.capacityRegression.test.ts
PASS src/runtime/treasury/treasuryRewrite3Lifecycle.test.ts
PASS src/runtime/hubProductionIntegration.test.ts
PASS src/movement/routing.segmentCache.test.ts
PASS src/runtime/marketSaleSession.test.ts
PASS src/runtime/treasury/treasuryKernel.test.ts
PASS src/runtime/powerBankHarvest.test.ts
PASS test/warWorkflowLifecycleBoundaries.test.ts
PASS src/runtime/synthesisControl.test.ts
PASS src/runtime/marketSalePlanningAuthorization.test.ts
PASS src/runtime/hubPlanner.test.ts
PASS src/runtime/bootstrap.test.ts
PASS src/runtime/treasury/treasuryTypedOwnerMigration.test.ts
PASS scripts/lib/redactSecrets.test.ts
PASS src/runtime/memoryCleanup.test.ts
PASS src/runtime/consoleCommands.test.ts
PASS src/runtime/taskSystem/snapshot.test.ts
PASS src/mount/mountCreep.lifecycleCache.test.ts
PASS src/runtime/marketSaleDirectAutomation.test.ts
PASS src/runtime/resourceControl.test.ts
PASS src/runtime/warControl.test.ts
PASS src/mount/mountCreep.test.ts
PASS src/runtime/memorySizeRegression.test.ts
PASS src/runtime/marketDirectContinuousPolicy.test.ts
PASS src/runtime/marketSaleRuntime.test.ts
PASS src/runtime/marketSalePlanningGate.test.ts
PASS src/runtime/marketDirectContinuousAutomation.test.ts
PASS src/runtime/powerBankBoost.test.ts
PASS src/runtime/treasury/treasuryImmutableRegistries.test.ts
PASS src/runtime/console/operationsCommands.test.ts
PASS src/runtime/hubFlag.test.ts
PASS src/runtime/empireInventoryShadow.test.ts
  ● Console

    console.log
      [inventory-shadow] parity mismatch +5 this check (total 5): tick=10000 room=<empire> resource=energy field=empireTotal index=6200 direct=1200

      at runEmpireInventoryShadowCheck (src/runtime/empireInventoryShadow.ts:1045:13)

    console.log
      [inventory-shadow] parity mismatch +7 this check (total 7): tick=10000 room=<creeps>:cargo resource=- field=oracleStoreTotal index=30 direct=99

      at runEmpireInventoryShadowCheck (src/runtime/empireInventoryShadow.ts:1045:13)

    console.log
      [inventory-shadow] parity mismatch +3 this check (total 3): tick=10040 room=W1N57 resource=- field=factoryUsedCapacity index=40 direct=0

      at runEmpireInventoryShadowCheck (src/runtime/empireInventoryShadow.ts:1045:13)

    console.log
      [inventory-shadow] parity mismatch +3 this check (total 3): tick=10000 room=W1N57 resource=- field=factoryUsedCapacity index=40 direct=0

      at runEmpireInventoryShadowCheck (src/runtime/empireInventoryShadow.ts:1045:13)

    console.log
      [inventory-shadow] parity mismatch +1 this check (total 1): tick=10000 room=W1N57:storage resource=silicon field=oracleResourceAmount index=0 direct=42

      at runEmpireInventoryShadowCheck (src/runtime/empireInventoryShadow.ts:1045:13)

PASS src/runtime/treasury/treasuryCore.test.ts
PASS src/runtime/marketWriteArchitecture.test.ts
PASS src/runtime/externalTelemetry.test.ts
PASS src/runtime/marketDirectContinuousLedger.test.ts
PASS src/runtime/defenseFocusFire.test.ts
PASS src/roles/carrier.test.ts
PASS src/runtime/synthesisControlStateMachine.test.ts
PASS src/runtime/nukerControl.test.ts
PASS src/movement/pathing.crossTickCache.test.ts
PASS src/runtime/treasury/treasuryTransactionIdVectors.test.ts
PASS src/runtime/treasury/treasuryShadow.test.ts
  ● Console

    console.log
      [treasuryShadow] tick=5000 newMismatches=5 fields=storage_amount,storage_used_capacity,empire_total sample={"checkedAtTick":5000,"field":"storage_amount","roomName":"W1N57","resource":"U","treasuryValue":4000,"otherValue":9999}

      at finishShadow (src/runtime/treasury/shadow.ts:343:13)

    console.log
      [treasuryShadow] tick=5000 newMismatches=5 fields=storage_amount,storage_used_capacity,empire_total sample={"checkedAtTick":5000,"field":"storage_amount","roomName":"W1N57","resource":"U","treasuryValue":4000,"otherValue":9999}

      at finishShadow (src/runtime/treasury/shadow.ts:343:13)

    console.log
      [treasuryShadow] tick=5001 newMismatches=1 fields=stale_epoch sample={"checkedAtTick":5001,"field":"stale_epoch","roomName":"*","treasuryValue":5000,"otherValue":5001}

      at finishShadow (src/runtime/treasury/shadow.ts:343:13)

PASS src/runtime/treasury/treasuryActionContract.test.ts
PASS src/runtime/spawnPlanner.test.ts
PASS src/runtime/marketSaleProtectionMemo.test.ts
PASS src/runtime/empireInventoryIndex.test.ts
PASS src/runtime/localDispatchOwnership.target.test.ts
PASS src/runtime/treasury/treasuryCommitments.test.ts
PASS src/runtime/colonization.travelPath.test.ts
PASS src/runtime/defenseFrontAware.test.ts
PASS src/runtime/defenseFocusFireStateful.test.ts
PASS src/movement/routing.backoff.test.ts
PASS src/runtime/colonization.test.ts
  ● Console

    console.log
      [colonization] rescout W1N2: pending scout route invalid or interrupted by dangerous room

      at requestScoutRescan (src/runtime/colonization.ts:983:11)

    console.log
      [colonization] abandon W1N2: flag removed by player

      at abandonColonization (src/runtime/colonization.ts:1042:11)

    console.log
      [colonization] abandon W1N2: flag removed by player

      at abandonColonization (src/runtime/colonization.ts:1042:11)

PASS src/runtime/marketSaleConfig.test.ts
PASS src/runtime/marketSaleProtectionAdapter.test.ts
PASS src/runtime/homeDefense.test.ts
PASS src/runtime/crossShardColonization.test.ts
PASS src/runtime/defenseFallbackReallocation.test.ts
PASS src/roles/homeDefender.test.ts
PASS src/roles/energyTargets.test.ts
PASS src/main.test.ts
PASS src/runtime/treasury/treasuryCommitmentCompleteness.test.ts
PASS src/runtime/workerTaskPool.characterization.test.ts
PASS src/runtime/roomWorkforce.test.ts
PASS src/runtime/marketSaleFeeLedger.test.ts
PASS src/runtime/boostControl.test.ts
  ● Console

    console.log
      [boostControl] buy W1N1: XUH2O=1000 price=5.000 cost=100

      at buyBoostIfNeeded (src/runtime/boostControl.ts:151:13)

PASS src/movement/routing.test.ts
PASS src/runtime/defenseStationaryRampartOwnership.test.ts
PASS src/mount/mountSpawn.test.ts
PASS src/runtime/defensePreallocationRampartOwnership.test.ts
PASS src/movement/staticRoomMatrix.test.ts
PASS scripts/lib/deployGuard.test.ts
PASS src/runtime/defenseAllActorReservation.test.ts
PASS src/runtime/towerControl.scanThrottle.test.ts
PASS src/runtime/hubUpgradeControl.test.ts
PASS src/runtime/powerBankObserver.test.ts
PASS src/runtime/marketBaseResourcePolicy.test.ts
PASS src/config/spawnProfiles.test.ts
PASS src/runtime/workerTaskPool.test.ts
PASS src/runtime/defenseGlobalRampartFootprints.test.ts
PASS src/roles/carrier.bestCandidate.test.ts
PASS src/movement/routing.cachedPathValidation.test.ts
PASS src/roles/shared.test.ts
PASS src/runtime/resourceReservation.test.ts
PASS src/roles/worker.test.ts
PASS src/runtime/minerBodyPolicy.test.ts
PASS src/runtime/deployAnnounce.test.ts
PASS src/runtime/cpuPhaseProfiler.lowOverhead.test.ts
PASS src/movement/routing.dynamicObstacles.test.ts
PASS src/movement/roomTopologyRevision.test.ts
PASS src/runtime/towerControl.test.ts
PASS src/movement/pathing.test.ts
PASS src/runtime/hubProgress.test.ts
PASS src/runtime/powerBankViability.test.ts
PASS src/runtime/mineralExtraction.test.ts
PASS src/runtime/linkControl.test.ts
PASS src/runtime/empireInventoryBenchmark.test.ts
  ● Console

    console.log
      [inventory-bench] rooms=8 legacyPerResourceCalls=1344 newKeyEnumeration=61 legacyScanMs=0.606 indexBuildMs=0.472

      at Object.<anonymous> (src/runtime/empireInventoryBenchmark.test.ts:166:13)

PASS src/roles/remoteCarrier.test.ts
PASS src/runtime/taskSystem/registry.test.ts
PASS src/runtime/dispatchOwnership/actorBinding.test.ts
PASS src/runtime/flagHauling.test.ts
  ● Console

    console.log
      [flag-haul] started: flag=HAUL target=W5N5 source=W1N1

      at upsertFlagHaulTask (src/runtime/flagHauling.ts:322:13)

PASS src/runtime/cpuMonitor.test.ts
PASS src/runtime/treasury/treasuryCanonicalEncoding.test.ts
PASS src/roles/remoteMiningCarrier.test.ts
PASS src/runtime/roomPlannerConstruction.test.ts
PASS src/runtime/marketSalePricingAdapter.test.ts
PASS src/runtime/powerSpawnControl.test.ts
PASS src/runtime/marketDirectContinuousPlanner.test.ts
PASS src/runtime/hubProtectionSnapshot.test.ts
PASS src/roles/upgrader.test.ts
PASS src/roles/powerBankHauler.test.ts
PASS src/runtime/safeZoneHelpers.test.ts
PASS src/runtime/roomWorkforceIdentity.test.ts
PASS src/runtime/remoteMining.test.ts
PASS src/runtime/treasury/treasuryCapacityViews.test.ts
PASS src/runtime/marketSaleDirectShadow.test.ts
PASS src/roles/mineralHarvester.test.ts
PASS test/miner.test.ts
PASS src/runtime/carrierTaskBoard.test.ts
PASS src/runtime/console/resourceTransferCommands.test.ts
PASS test/defenseMode.test.ts
PASS src/runtime/taskSystem/adapters/powerBankWorkflow.test.ts
PASS src/runtime/taskSystem/adapters/factoryCommand.test.ts
PASS src/runtime/energyPickupReservation.test.ts
PASS src/runtime/emergencySpawning.test.ts
PASS src/runtime/powerCreepControl.test.ts
PASS src/runtime/marketSaleDirectPricing.test.ts
PASS src/runtime/factoryControl.test.ts
PASS src/roles/healer.test.ts
PASS src/runtime/taskSystem/model.test.ts
PASS src/runtime/dispatchOwnership/workerSlot.test.ts
PASS src/movement/traffic.naturalObstacles.test.ts
PASS src/runtime/taskSystem/adapters/workflowAdapters.test.ts
PASS src/roles/scout.test.ts
PASS src/roles/powerBankAttacker.test.ts
PASS src/runtime/taskSystem/adapters/powerCreepAction.test.ts
PASS src/runtime/logistics/capacityHeadroom.test.ts
PASS src/runtime/dispatchOwnership/carrierAmountSlice.test.ts
PASS src/runtime/terminalBootstrapRecovery.test.ts
PASS src/runtime/linkNetworkMemory.test.ts
PASS src/movement/traffic.test.ts
PASS src/runtime/marketSaleExposure.test.ts
PASS src/runtime/carrierTaskBoard.revisionCache.test.ts
PASS src/runtime/autoReserveFlag.test.ts
  ● Console

    console.log
      [reserve] W1N1 entered reserve mode at 74999 energy

      at runAutoReserveFlags (src/runtime/autoReserveFlag.ts:38:17)

PASS src/roles/colonizerHarvester.test.ts
PASS src/runtime/taskSystem/adapters/workerWork.test.ts
PASS src/runtime/taskSystem/adapters/warWorkflow.test.ts
PASS src/runtime/productionStateMachine.test.ts
PASS src/types/roleCatalog.test.ts
PASS src/roles/remoteWorker.test.ts
PASS src/roles/powerBankHealer.test.ts
PASS src/runtime/spawnQueueOwnership.test.ts
PASS src/runtime/marketActionArbiter.test.ts
PASS src/visual/panel.test.ts
PASS src/roles/remoteDefender.test.ts
PASS src/roles/meleeAttacker.test.ts
PASS test/tickContext.test.ts
PASS src/runtime/taskSystem/adapters/resourceTransfer.test.ts
PASS src/runtime/taskSystem/catalog.test.ts
PASS src/runtime/marketSaleDirectPending.test.ts
PASS src/runtime/marketSaleDiagnostics.test.ts
PASS src/roles/remoteMiningReserver.test.ts
PASS src/roles/powerBankScout.test.ts
PASS src/runtime/logistics/receiverCapacityLedger.test.ts
PASS src/runtime/tickContext.typedIndex.test.ts
PASS src/runtime/powerBankStatus.test.ts
PASS src/runtime/powerBankDiscovery.test.ts
PASS src/runtime/pixelGenerator.test.ts
PASS src/runtime/hostilePriorities.test.ts
PASS src/roles/claimer.test.ts
PASS src/movement/common.test.ts
PASS src/runtime/taskSystem/adapters/spawnProduction.test.ts
PASS src/runtime/taskSystem/adapters/carrierLogistics.test.ts
PASS src/runtime/marketSaleProtection.test.ts
PASS src/movement/metrics.flush.test.ts
PASS src/runtime/dispatchOwnership/ref.test.ts
PASS src/runtime/roomTypes.test.ts
PASS src/runtime/localCarrierDestinationCapacity.test.ts
PASS src/roles/combatBoosts.test.ts
PASS src/visual/palette.test.ts
PASS test/harvester.test.ts
PASS src/runtime/safeZone.test.ts
PASS src/runtime/roomEnergyPolicy.test.ts
PASS src/runtime/marketSaleDirectEngineAssumptions.test.ts
PASS src/runtime/creepAssignmentState.test.ts
PASS src/runtime/configNormalize.test.ts
PASS src/runtime/reactionMap.test.ts
PASS src/runtime/upgraderPolicy.test.ts
PASS src/runtime/powerBankConstants.test.ts
PASS src/runtime/marketSalePricing.test.ts
PASS src/runtime/memoryAudit.test.ts
PASS src/runtime/marketSaleLifecycle.test.ts
PASS src/runtime/carrierBodyPolicy.test.ts
PASS src/runtime/actionLog.test.ts
PASS src/runtime/terminalActionEnergyOwnership.test.ts

Test Suites: 220 passed, 220 total
Tests:       1228 passed, 1228 total
Snapshots:   0 total
Time:        381.368 s, estimated 394 s
Ran all test suites.
Test results written to: C:\Users\15027\AppData\Local\Temp\screeps-jest-budget-nyNrw5\results.json
{"status":"JEST_TEST_BUDGET=PASSED","suites":220,"tests":1228,"manifest":"test/test-suite-budget.json"}
