PASS src/runtime/treasury/treasuryKernelStress.test.ts (180.652 s)
PASS src/runtime/marketBaseResourcePermit.test.ts (64.381 s)
PASS test/localDispatchPerformanceBaseline.test.ts (25.007 s)
  ● Console

    console.log
      LOCAL_DISPATCH_PERFORMANCE_BASELINE {"schema":"local-dispatch-performance-baseline/v2","implementation":"full-ref-local-dispatch","fixture":{"rooms":20,"tasksPerRoom":20,"totalTasksPerDomain":400,"actors":50},"protocol":{"clock":"process.hrtime.bigint","timingUnit":"milliseconds","warmupBatches":5,"measuredBatches":30,"iterationsPerBatch":100,"p95":"nearest-rank","timingPassFail":"observation-only; deployment CPU gate is the live same-shard window","complexityPassFail":"deterministic public-input/read-DTO counts"},"preChangeEvidence":{"source":"openspec/changes/local-dispatch-ownership/evidence/pre-change-baseline.md","commit":"df2e1af60a035fd99406888d69bba9903e8a7118","observation":{"workerCurrent":{"median":12.083,"p95":12.378},"workerRelease":{"median":39.879,"p95":40.633},"carrierList":{"median":13.476,"p95":14.086},"carrierClaim":{"median":12.937,"p95":13.586},"carrierReplace":{"median":61.892,"p95":66.713}}},"scenarios":{"workerCurrent":{"samples":[291.2235,283.5004,279.3578,297.0578,292.6345,300.0278,297.2963,308.0941,306.419,293.8614,290.8348,285.7491,285.4307,282.5299,288.9665,281.1752,316.4587,289.346,303.4141,306.994,294.9275,303.6731,312.5727,290.9728,281.6987,285.9078,285.4561,280.6488,297.9065,280.881],"median":291.09815,"p95":312.5727,"min":279.3578,"max":316.4587,"relativeToPreChange":{"median":24.091546,"p95":25.252278}},"workerRelease":{"samples":[243.7008,224.0142,218.5878,232.7632,220.4231,250.2546,217.4294,229.7033,230.6014,216.6999,216.6784,222.9782,226.8685,224.0551,220.9785,234.6962,220.1869,225.4923,217.5954,228.7776,219.572,248.9141,218.5875,220.8133,220.2248,218.8153,240.0459,225.2694,220.7344,235.1279],"median":223.4962,"p95":248.9141,"min":216.6784,"max":250.2546,"relativeToPreChange":{"median":5.604358,"p95":6.12591}},"carrierList":{"samples":[5.2721,7.0204,5.1609,5.395,5.5896,6.1159,5.1593,5.936,5.0887,5.0838,6.7397,5.2744,5.3531,5.4081,5.309,6.3168,4.9955,5.0419,5.0578,4.9547,15.3267,5.4146,5.3475,5.1866,5.4142,8.1393,5.9838,5.2029,5.3629,6.1715],"median":5.358,"p95":8.1393,"min":4.9547,"max":15.3267,"relativeToPreChange":{"median":0.397596,"p95":0.577829}},"carrierClaim":{"samples":[44.6337,45.328,44.4092,43.7233,47.8275,44.3893,43.87,44.7082,44.8521,44.3769,43.9143,53.2505,50.3891,53.457,44.7845,44.2039,44.0712,44.5518,48.8248,44.2187,44.9748,61.8628,45.1238,45.6377,44.3418,58.4562,44.4805,44.8922,50.1224,44.4391],"median":44.74635,"p95":58.4562,"min":43.7233,"max":61.8628,"relativeToPreChange":{"median":3.458789,"p95":4.302679}},"carrierReplace":{"samples":[101.1037,103.9936,104.9019,100.1885,105.2553,110.0309,117.5321,116.3208,109.0909,105.2458,105.0142,104.946,100.5703,106.4107,117.7322,107.9866,103.399,106.5004,101.7925,111.286,102.3259,141.9821,100.3136,106.3895,136.0221,107.1709,137.3009,105.6023,108.3159,107.1939],"median":106.4001,"p95":137.3009,"min":100.1885,"max":141.9821,"relativeToPreChange":{"median":1.719125,"p95":2.058083}}},"complexityGates":{"workerRelease":{"acquireCalls":5000,"releaseCalls":5000,"exactRoomDescriptorReads":5000,"exactTaskDescriptorReads":5000,"boardEnumerations":0},"workerAcquireReconcile":{"acquireCalls":50,"reconcileCalls":50,"assignedCreepsDescriptorReads":150},"carrier":{"exact":{"exactCalls":400,"exactResults":400,"refDescriptorReads":2400},"list":{"listCalls":20,"listResults":400},"replace":{"replaceCalls":2000,"replaceResults":40000,"draftIndexReads":40000,"stepIndexReads":40000},"claim":{"claimCalls":5000,"successfulClaims":5000,"releasedClaims":5000,"claimStepIndexReads":5000,"actorDescriptorReads":5000,"actorEnumerations":0},"readDto":{"snapshotCalls":1,"snapshotEntries":400,"stepArrayEnumerations":400,"stepEntryDescriptorReads":800}}},"limitations":["Node/Jest wall-clock is not Screeps CPU and old/current samples came from separate processes.","Relative old/current wall-clock ratios are observations, never pass/fail authorization.","Worker current starts bound; Carrier claim is the uncontended immediate-release path.","Carrier complexity probes observe public inputs/read DTOs and never the private Map hierarchy."]}

      at Object.<anonymous> (test/localDispatchPerformanceBaseline.test.ts:761:13)

PASS src/runtime/marketBaseResourceAutomation.test.ts (23.95 s)
PASS test/memoryDeclarationBoundaries.test.ts (16.89 s)
PASS test/ambientGlobalAbiBoundaries.test.ts (13.583 s)
PASS scripts/monitor-service.test.ts (9.728 s)
PASS test/typescriptConfigBoundaries.test.ts (7.407 s)
PASS test/localDispatchArchitectureBoundaries.test.ts (5.71 s)
PASS src/runtime/treasury/treasuryRewrite2Lifecycle.test.ts
PASS test/taskSystemArchitectureBoundaries.test.ts
PASS test/roleIdentityCatalogBoundaries.test.ts
PASS test/taskSystemCatalogBoundaries.test.ts
PASS src/runtime/marketSaleAutomation.test.ts
PASS src/runtime/marketBaseResourceLedger.test.ts
PASS src/runtime/bootstrapArchitecture.test.ts
PASS src/runtime/treasury/treasuryKernelAcceptance.test.ts
PASS src/runtime/linkNetworkMemoryOwnership.test.ts
PASS test/treasuryCommitmentInvalidationBoundaries.test.ts
PASS src/runtime/treasury/treasuryKernelArchitecture.test.ts
PASS src/runtime/treasury/treasuryRewrite3Acceptance.test.ts
PASS src/roles/index.test.ts
PASS src/runtime/logistics/resourceTransferTasks.test.ts
PASS src/runtime/treasury/treasuryRewrite2Acceptance.test.ts
PASS src/runtime/resourceControl.capacityRegression.test.ts
PASS src/runtime/defenseFocusFire.test.ts
PASS src/runtime/treasury/treasuryRewrite3Lifecycle.test.ts
PASS src/runtime/hubProductionIntegration.test.ts
PASS src/movement/routing.segmentCache.test.ts
PASS src/runtime/marketSaleSession.test.ts
PASS src/runtime/treasury/treasuryKernel.test.ts
PASS src/runtime/powerBankHarvest.test.ts
PASS src/runtime/marketSalePlanningAuthorization.test.ts
PASS test/warWorkflowLifecycleBoundaries.test.ts
PASS src/runtime/synthesisControl.test.ts
PASS src/runtime/hubPlanner.test.ts
PASS src/runtime/bootstrap.test.ts
PASS scripts/lib/redactSecrets.test.ts
PASS src/runtime/memoryCleanup.test.ts
PASS src/runtime/marketSaleDirectAutomation.test.ts
PASS src/runtime/treasury/treasuryTypedOwnerMigration.test.ts
PASS src/runtime/treasury/treasuryShadow.test.ts
  ● Console

    console.log
      [treasuryShadow] tick=5000 newMismatches=5 fields=storage_amount,storage_used_capacity,empire_total sample={"checkedAtTick":5000,"field":"storage_amount","roomName":"W1N57","resource":"U","treasuryValue":4000,"otherValue":9999}

      at finishShadow (src/runtime/treasury/shadow.ts:343:13)

    console.log
      [treasuryShadow] tick=5000 newMismatches=5 fields=storage_amount,storage_used_capacity,empire_total sample={"checkedAtTick":5000,"field":"storage_amount","roomName":"W1N57","resource":"U","treasuryValue":4000,"otherValue":9999}

      at finishShadow (src/runtime/treasury/shadow.ts:343:13)

    console.log
      [treasuryShadow] tick=5001 newMismatches=1 fields=stale_epoch sample={"checkedAtTick":5001,"field":"stale_epoch","roomName":"*","treasuryValue":5000,"otherValue":5001}

      at finishShadow (src/runtime/treasury/shadow.ts:343:13)

PASS src/runtime/consoleCommands.test.ts
PASS src/runtime/resourceControl.test.ts
PASS src/runtime/taskSystem/snapshot.test.ts
PASS src/runtime/memorySizeRegression.test.ts
PASS src/mount/mountCreep.lifecycleCache.test.ts
PASS src/runtime/warControl.test.ts
PASS src/runtime/marketDirectContinuousAutomation.test.ts
PASS src/runtime/marketDirectContinuousPolicy.test.ts
PASS src/runtime/marketSaleRuntime.test.ts
PASS src/runtime/defenseFallbackReallocation.test.ts
PASS src/runtime/marketSaleProtectionMemo.test.ts
PASS src/runtime/empireInventoryShadow.test.ts
  ● Console

    console.log
      [inventory-shadow] parity mismatch +5 this check (total 5): tick=10000 room=<empire> resource=energy field=empireTotal index=6200 direct=1200

      at runEmpireInventoryShadowCheck (src/runtime/empireInventoryShadow.ts:1045:13)

    console.log
      [inventory-shadow] parity mismatch +7 this check (total 7): tick=10000 room=<creeps>:cargo resource=- field=oracleStoreTotal index=30 direct=99

      at runEmpireInventoryShadowCheck (src/runtime/empireInventoryShadow.ts:1045:13)

    console.log
      [inventory-shadow] parity mismatch +3 this check (total 3): tick=10040 room=W1N57 resource=- field=factoryUsedCapacity index=40 direct=0

      at runEmpireInventoryShadowCheck (src/runtime/empireInventoryShadow.ts:1045:13)

    console.log
      [inventory-shadow] parity mismatch +3 this check (total 3): tick=10000 room=W1N57 resource=- field=factoryUsedCapacity index=40 direct=0

      at runEmpireInventoryShadowCheck (src/runtime/empireInventoryShadow.ts:1045:13)

    console.log
      [inventory-shadow] parity mismatch +1 this check (total 1): tick=10000 room=W1N57:storage resource=silicon field=oracleResourceAmount index=0 direct=42

      at runEmpireInventoryShadowCheck (src/runtime/empireInventoryShadow.ts:1045:13)

PASS src/runtime/treasury/treasuryImmutableRegistries.test.ts
PASS src/runtime/treasury/treasuryCore.test.ts
PASS src/runtime/synthesisControlStateMachine.test.ts
PASS src/runtime/treasury/treasuryActionContract.test.ts
PASS src/runtime/empireInventoryIndex.test.ts
PASS src/runtime/defenseFocusFireStateful.test.ts
PASS src/runtime/powerBankBoost.test.ts
PASS src/runtime/console/operationsCommands.test.ts
PASS src/runtime/marketSalePlanningGate.test.ts
PASS src/runtime/nukerControl.test.ts
PASS src/runtime/localDispatchOwnership.target.test.ts
PASS src/runtime/marketDirectContinuousLedger.test.ts
PASS src/runtime/hubFlag.test.ts
PASS src/runtime/marketWriteArchitecture.test.ts
PASS src/runtime/homeDefense.test.ts
PASS src/roles/carrier.test.ts
PASS src/runtime/marketSaleProtectionAdapter.test.ts
PASS src/movement/pathing.test.ts
PASS src/movement/pathing.crossTickCache.test.ts
PASS src/runtime/externalTelemetry.test.ts
PASS src/runtime/defenseFrontAware.test.ts
PASS src/mount/mountCreep.test.ts
PASS src/runtime/treasury/treasuryTransactionIdVectors.test.ts
PASS src/runtime/spawnPlanner.test.ts
PASS src/runtime/treasury/treasuryCommitments.test.ts
PASS src/runtime/defenseGlobalRampartFootprints.test.ts
PASS src/runtime/colonization.travelPath.test.ts
PASS src/runtime/defensePreallocationRampartOwnership.test.ts
PASS src/main.test.ts
PASS src/movement/routing.backoff.test.ts
PASS src/mount/mountSpawn.test.ts
PASS src/runtime/defenseAllActorReservation.test.ts
PASS src/runtime/colonization.test.ts
  ● Console

    console.log
      [colonization] rescout W1N2: pending scout route invalid or interrupted by dangerous room

      at requestScoutRescan (src/runtime/colonization.ts:983:11)

    console.log
      [colonization] abandon W1N2: flag removed by player

      at abandonColonization (src/runtime/colonization.ts:1042:11)

    console.log
      [colonization] abandon W1N2: flag removed by player

      at abandonColonization (src/runtime/colonization.ts:1042:11)

PASS src/movement/staticRoomMatrix.test.ts
PASS src/runtime/treasury/treasuryCommitmentCompleteness.test.ts
PASS src/runtime/workerTaskPool.characterization.test.ts
PASS src/runtime/marketSaleConfig.test.ts
PASS src/runtime/workerTaskPool.test.ts
PASS src/runtime/crossShardColonization.test.ts
PASS src/runtime/boostControl.test.ts
  ● Console

    console.log
      [boostControl] buy W1N1: XUH2O=1000 price=5.000 cost=100

      at buyBoostIfNeeded (src/runtime/boostControl.ts:151:13)

PASS src/roles/energyTargets.test.ts
PASS src/config/spawnProfiles.test.ts
PASS src/runtime/defenseStationaryRampartOwnership.test.ts
PASS src/runtime/marketBaseResourcePolicy.test.ts
PASS src/runtime/towerControl.scanThrottle.test.ts
PASS src/runtime/roomWorkforce.test.ts
PASS src/runtime/marketSaleFeeLedger.test.ts
PASS src/movement/routing.cachedPathValidation.test.ts
PASS src/runtime/flagHauling.test.ts
  ● Console

    console.log
      [flag-haul] started: flag=HAUL target=W5N5 source=W1N1

      at upsertFlagHaulTask (src/runtime/flagHauling.ts:322:13)

PASS src/roles/homeDefender.test.ts
PASS src/runtime/towerControl.test.ts
PASS src/runtime/hubUpgradeControl.test.ts
PASS src/runtime/empireInventoryBenchmark.test.ts
  ● Console

    console.log
      [inventory-bench] rooms=8 legacyPerResourceCalls=1344 newKeyEnumeration=61 legacyScanMs=0.513 indexBuildMs=0.404

      at Object.<anonymous> (src/runtime/empireInventoryBenchmark.test.ts:166:13)

PASS src/runtime/hubProgress.test.ts
PASS src/runtime/cpuPhaseProfiler.lowOverhead.test.ts
PASS src/movement/routing.dynamicObstacles.test.ts
PASS src/roles/shared.test.ts
PASS src/roles/remoteMiningCarrier.test.ts
PASS src/roles/carrier.bestCandidate.test.ts
PASS src/runtime/resourceReservation.test.ts
PASS src/runtime/remoteMining.test.ts
PASS src/runtime/minerBodyPolicy.test.ts
PASS src/roles/powerBankHauler.test.ts
PASS src/runtime/marketSalePricingAdapter.test.ts
PASS src/runtime/marketSaleDirectShadow.test.ts
PASS src/runtime/deployAnnounce.test.ts
PASS src/runtime/console/resourceTransferCommands.test.ts
PASS src/runtime/roomPlannerConstruction.test.ts
PASS src/movement/routing.test.ts
PASS src/roles/upgrader.test.ts
PASS src/runtime/treasury/treasuryCapacityViews.test.ts
PASS src/runtime/linkControl.test.ts
PASS src/runtime/hubProtectionSnapshot.test.ts
PASS src/runtime/cpuMonitor.test.ts
PASS src/movement/roomTopologyRevision.test.ts
PASS scripts/lib/deployGuard.test.ts
PASS src/runtime/marketActionArbiter.test.ts
PASS src/runtime/emergencySpawning.test.ts
PASS src/roles/mineralHarvester.test.ts
PASS src/runtime/dispatchOwnership/actorBinding.test.ts
PASS src/runtime/powerBankObserver.test.ts
PASS src/runtime/carrierTaskBoard.test.ts
PASS src/roles/worker.test.ts
PASS test/defenseMode.test.ts
PASS src/runtime/treasury/treasuryCanonicalEncoding.test.ts
PASS src/runtime/mineralExtraction.test.ts
PASS src/roles/meleeAttacker.test.ts
PASS src/runtime/taskSystem/registry.test.ts
PASS src/runtime/marketSaleDirectPending.test.ts
PASS src/roles/remoteCarrier.test.ts
PASS src/runtime/taskSystem/adapters/workflowAdapters.test.ts
PASS src/runtime/terminalBootstrapRecovery.test.ts
PASS src/runtime/safeZoneHelpers.test.ts
PASS src/runtime/powerSpawnControl.test.ts
PASS src/runtime/marketDirectContinuousPlanner.test.ts
PASS src/runtime/factoryControl.test.ts
PASS src/runtime/creepAssignmentState.test.ts
PASS src/roles/powerBankAttacker.test.ts
PASS src/roles/healer.test.ts
PASS test/tickContext.test.ts
PASS src/runtime/actionLog.test.ts
PASS src/runtime/logistics/receiverCapacityLedger.test.ts
PASS src/runtime/roomWorkforceIdentity.test.ts
PASS src/runtime/linkNetworkMemory.test.ts
PASS src/roles/colonizerHarvester.test.ts
PASS src/runtime/taskSystem/adapters/factoryCommand.test.ts
PASS src/runtime/spawnQueueOwnership.test.ts
PASS src/roles/powerBankScout.test.ts
PASS src/runtime/taskSystem/adapters/powerBankWorkflow.test.ts
PASS src/runtime/dispatchOwnership/workerSlot.test.ts
PASS src/runtime/powerBankDiscovery.test.ts
PASS src/runtime/carrierTaskBoard.revisionCache.test.ts
PASS src/runtime/reactionMap.test.ts
PASS src/runtime/powerCreepControl.test.ts
PASS src/roles/powerBankHealer.test.ts
PASS src/runtime/taskSystem/adapters/warWorkflow.test.ts
PASS src/runtime/marketSaleExposure.test.ts
PASS src/runtime/marketSaleDiagnostics.test.ts
PASS src/runtime/carrierBodyPolicy.test.ts
PASS src/movement/traffic.test.ts
PASS src/runtime/taskSystem/adapters/workerWork.test.ts
PASS src/runtime/dispatchOwnership/ref.test.ts
PASS src/runtime/upgraderPolicy.test.ts
PASS src/runtime/localCarrierDestinationCapacity.test.ts
PASS src/visual/panel.test.ts
PASS src/types/roleCatalog.test.ts
PASS src/movement/traffic.naturalObstacles.test.ts
PASS src/roles/scout.test.ts
PASS test/harvester.test.ts
PASS src/runtime/taskSystem/adapters/spawnProduction.test.ts
PASS src/runtime/taskSystem/adapters/resourceTransfer.test.ts
PASS src/runtime/taskSystem/catalog.test.ts
PASS src/runtime/tickContext.typedIndex.test.ts
PASS src/runtime/roomEnergyPolicy.test.ts
PASS src/runtime/powerBankConstants.test.ts
PASS src/runtime/marketSaleLifecycle.test.ts
PASS src/runtime/taskSystem/model.test.ts
PASS src/runtime/powerBankViability.test.ts
PASS src/runtime/powerBankStatus.test.ts
PASS src/runtime/marketSaleDirectPricing.test.ts
PASS src/runtime/configNormalize.test.ts
PASS src/movement/metrics.flush.test.ts
PASS src/roles/remoteDefender.test.ts
PASS src/runtime/taskSystem/adapters/powerCreepAction.test.ts
PASS src/runtime/logistics/capacityHeadroom.test.ts
PASS src/runtime/terminalActionEnergyOwnership.test.ts
PASS src/runtime/productionStateMachine.test.ts
PASS src/runtime/autoReserveFlag.test.ts
  ● Console

    console.log
      [reserve] W1N1 entered reserve mode at 74999 energy

      at runAutoReserveFlags (src/runtime/autoReserveFlag.ts:38:17)

PASS src/roles/remoteWorker.test.ts
PASS src/runtime/taskSystem/adapters/carrierLogistics.test.ts
PASS src/runtime/marketSalePricing.test.ts
PASS src/runtime/hostilePriorities.test.ts
PASS src/movement/common.test.ts
PASS src/roles/combatBoosts.test.ts
PASS src/runtime/dispatchOwnership/carrierAmountSlice.test.ts
PASS src/runtime/pixelGenerator.test.ts
PASS src/runtime/energyPickupReservation.test.ts
PASS test/miner.test.ts
PASS src/runtime/safeZone.test.ts
PASS src/roles/remoteMiningReserver.test.ts
PASS src/runtime/marketSaleProtection.test.ts
PASS src/roles/claimer.test.ts
PASS src/runtime/memoryAudit.test.ts
PASS src/runtime/marketSaleDirectEngineAssumptions.test.ts
PASS src/visual/palette.test.ts
PASS src/runtime/roomTypes.test.ts

Test Suites: 220 passed, 220 total
Tests:       1228 passed, 1228 total
Snapshots:   0 total
Time:        394.624 s
Ran all test suites.
Test results written to: .tmp-evidence\jest-full.json
