
> screeps@2026.8.29-6 build
> rollup -c

No deployment target set. Build only.
cleared:  D:\code\screeps\screeps-bot\dist
[36m
[1msrc/main.ts[22m → [1mdist/main.js[22m...[39m
[deploy] bundle sha256: f2055213ad8e290c… (full in Memory.runtime.lastDeployBundleHash)
[32mcreated [1mdist/main.js[22m in [1m17.2s[22m[39m
PASS src/runtime/treasury/treasuryTerminalTransferSlice0.test.ts
PASS src/runtime/treasury/treasuryTerminalTransferSlice0RemediationI.test.ts

Test Suites: 2 passed, 2 total
Tests:       16 passed, 16 total
Snapshots:   0 total
Time:        3.678 s
Ran all test suites within paths "src/runtime/treasury/treasuryTerminalTransferSlice0.test.ts", "src/runtime/treasury/treasuryTerminalTransferSlice0RemediationI.test.ts".
Test results written to: C:\Users\15027\AppData\Local\Temp\tmp.qhzRmldEMK\jest-slice0.json
PASS src/runtime/treasury/treasuryTerminalTransferSlice0.test.ts
PASS src/runtime/treasury/treasuryRemediationIVKernel.test.ts
  ● Console

    console.log
      H18-TRACE completed=true observe=12 bounded=13/40 recovery=1/10 checkpoints=54 portEvents=96 finalClose=25 final={"phases":{"closing":0,"outcome_unknown":20,"retry_ready":0,"pending":0,"other":0},"remaining":0,"active":20,"ring":44,"chars":21879,"utf8Bytes":21879,"budgetUsed":2}

      at Object.<anonymous> (src/runtime/treasury/treasuryRemediationIVKernel.test.ts:1095:15)

PASS src/runtime/treasury/treasuryRemediationVKernel.test.ts
  ● Console

    console.log
      I13-COST {"fixture1":{"fixture":"empty-endTick","reads":7,"writeAttempts":1,"writesAllowed":1,"writesDropped":0,"logicalSharesUsed":0,"closurePersisted":true},"fixture2":{"fixture":"recover-A-then-clean-8C","phaseEndTick":{"recoveredToUnknown":1,"closurePersisted":true},"tick1":{"reads":41,"writeAttempts":7,"writesAllowed":7,"cleaned":2,"sharesUsed":7,"releaseCalls":2},"completion":{"ticks":2,"reads":77,"writeAttempts":14,"writesAllowed":14,"totalReleaseCalls":8,"perTickReleases":[4,2],"phaseAfter":"retry_ready"},"awaitingServiceAfterTick1":6}}

      at Object.<anonymous> (src/runtime/treasury/treasuryRemediationVKernel.test.ts:653:13)

    console.log
      I13-COST {"fixture3":{"fixture":"closure-publish-failure","writeAttempts":2,"writesAllowed":0,"writesDropped":2,"reads":12,"closurePersisted":false},"fixture4":{"fixture":"64-active-mixed-advance","activeCount":64,"beginTick":{"recovered":2,"cleaned":6,"closed":0,"cancelled":0},"endTick":{"recoveredToUnknown":0,"closurePersisted":true},"reads":53,"writeAttempts":10,"writesAllowed":10,"sharesUsed":8}}

      at Object.<anonymous> (src/runtime/treasury/treasuryRemediationVKernel.test.ts:748:13)

PASS src/runtime/treasury/treasuryRemediationIVService.test.ts
PASS src/runtime/treasury/treasuryRemediationVService.test.ts
PASS src/runtime/treasury/treasuryTerminalTransferSlice0RemediationI.test.ts
PASS src/runtime/treasury/treasuryRemediationVIKernel.test.ts

Test Suites: 7 passed, 7 total
Tests:       73 passed, 73 total
Snapshots:   0 total
Time:        7.938 s, estimated 8 s
Ran all test suites within paths "src/runtime/treasury/treasuryTerminalTransferSlice0.test.ts", "src/runtime/treasury/treasuryTerminalTransferSlice0RemediationI.test.ts", "src/runtime/treasury/treasuryRemediationIVKernel.test.ts", "src/runtime/treasury/treasuryRemediationVIKernel.test.ts", "src/runtime/treasury/treasuryRemediationIVService.test.ts", "src/runtime/treasury/treasuryRemediationVKernel.test.ts", "src/runtime/treasury/treasuryRemediationVService.test.ts".
Test results written to: C:\Users\15027\AppData\Local\Temp\tmp.qhzRmldEMK\jest-key.json
PASS src/runtime/treasury/treasuryKernelStress.test.ts (184.499 s)
PASS src/runtime/treasury/treasuryRewrite4Lifecycle.test.ts (7.283 s)
PASS src/runtime/treasury/treasuryRewrite2Lifecycle.test.ts
PASS src/runtime/treasury/treasuryTerminalTransferSlice0.test.ts
PASS src/runtime/treasury/treasuryRemediationIVKernel.test.ts
  ● Console

    console.log
      H18-TRACE completed=true observe=12 bounded=13/40 recovery=1/10 checkpoints=54 portEvents=96 finalClose=25 final={"phases":{"closing":0,"outcome_unknown":20,"retry_ready":0,"pending":0,"other":0},"remaining":0,"active":20,"ring":44,"chars":21879,"utf8Bytes":21879,"budgetUsed":2}

      at Object.<anonymous> (src/runtime/treasury/treasuryRemediationIVKernel.test.ts:1095:15)

PASS src/runtime/treasury/treasuryKernelAcceptance.test.ts
PASS src/runtime/treasury/treasuryRemediationIIIKernel.test.ts
PASS src/runtime/treasury/treasuryRewrite3Acceptance.test.ts
PASS src/runtime/treasury/treasuryRewrite4Acceptance.test.ts
PASS src/runtime/treasury/treasuryRemediationIKernel.test.ts
PASS src/runtime/treasury/treasuryRemediationIIIService.test.ts
PASS src/runtime/treasury/treasuryRemediationIIService.test.ts
PASS src/runtime/treasury/treasuryRemediationVKernel.test.ts
  ● Console

    console.log
      I13-COST {"fixture1":{"fixture":"empty-endTick","reads":7,"writeAttempts":1,"writesAllowed":1,"writesDropped":0,"logicalSharesUsed":0,"closurePersisted":true},"fixture2":{"fixture":"recover-A-then-clean-8C","phaseEndTick":{"recoveredToUnknown":1,"closurePersisted":true},"tick1":{"reads":41,"writeAttempts":7,"writesAllowed":7,"cleaned":2,"sharesUsed":7,"releaseCalls":2},"completion":{"ticks":2,"reads":77,"writeAttempts":14,"writesAllowed":14,"totalReleaseCalls":8,"perTickReleases":[4,2],"phaseAfter":"retry_ready"},"awaitingServiceAfterTick1":6}}

      at Object.<anonymous> (src/runtime/treasury/treasuryRemediationVKernel.test.ts:653:13)

    console.log
      I13-COST {"fixture3":{"fixture":"closure-publish-failure","writeAttempts":2,"writesAllowed":0,"writesDropped":2,"reads":12,"closurePersisted":false},"fixture4":{"fixture":"64-active-mixed-advance","activeCount":64,"beginTick":{"recovered":2,"cleaned":6,"closed":0,"cancelled":0},"endTick":{"recoveredToUnknown":0,"closurePersisted":true},"reads":53,"writeAttempts":10,"writesAllowed":10,"sharesUsed":8}}

      at Object.<anonymous> (src/runtime/treasury/treasuryRemediationVKernel.test.ts:748:13)

PASS src/runtime/treasury/treasuryKernelArchitecture.test.ts
PASS src/runtime/treasury/treasuryRemediationIVService.test.ts
PASS src/runtime/treasury/treasuryRemediationIService.test.ts
PASS src/runtime/treasury/treasuryRewrite3Lifecycle.test.ts
PASS src/runtime/treasury/treasuryRewrite2Acceptance.test.ts
PASS src/runtime/treasury/treasuryRemediationVService.test.ts
PASS src/runtime/treasury/treasuryKernel.test.ts
PASS src/runtime/treasury/treasuryRemediationIIKernel.test.ts
PASS src/runtime/treasury/treasuryRemediationVIKernel.test.ts
PASS src/runtime/treasury/treasuryTerminalTransferSlice0RemediationI.test.ts
PASS src/runtime/treasury/treasuryTypedOwnerMigration.test.ts
PASS src/runtime/treasury/treasuryCore.test.ts
PASS src/runtime/treasury/treasuryImmutableRegistries.test.ts
PASS src/runtime/treasury/treasuryR4BaselineReplicators.test.ts
  ● Console

    console.log
      R1-TRACE {"budgetTrace":[{"at":"after-nested-beginTick","budgetUsed":1},{"at":"after-endTick","budgetUsed":1},{"at":"after-beginTick","budgetUsed":7}],"releaseCalls":["ext:r1:D0","ext:r1:D1","ext:r1:D2"],"nestedStats":{"recovered":0,"closed":0,"cleaned":0,"cancelled":0},"remaining":5}

      at Object.<anonymous> (src/runtime/treasury/treasuryR4BaselineReplicators.test.ts:197:13)

PASS src/runtime/treasury/treasuryActionContract.test.ts
PASS src/runtime/treasury/treasuryCommitments.test.ts
PASS src/runtime/treasury/treasuryTransactionIdVectors.test.ts
PASS src/runtime/treasury/treasuryShadow.test.ts
  ● Console

    console.log
      [treasuryShadow] tick=5000 newMismatches=5 fields=storage_amount,storage_used_capacity,empire_total sample={"checkedAtTick":5000,"field":"storage_amount","roomName":"W1N57","resource":"U","treasuryValue":4000,"otherValue":9999}

      at finishShadow (src/runtime/treasury/shadow.ts:343:13)

    console.log
      [treasuryShadow] tick=5000 newMismatches=5 fields=storage_amount,storage_used_capacity,empire_total sample={"checkedAtTick":5000,"field":"storage_amount","roomName":"W1N57","resource":"U","treasuryValue":4000,"otherValue":9999}

      at finishShadow (src/runtime/treasury/shadow.ts:343:13)

    console.log
      [treasuryShadow] tick=5001 newMismatches=1 fields=stale_epoch sample={"checkedAtTick":5001,"field":"stale_epoch","roomName":"*","treasuryValue":5000,"otherValue":5001}

      at finishShadow (src/runtime/treasury/shadow.ts:343:13)

PASS src/runtime/treasury/treasuryCommitmentCompleteness.test.ts
PASS src/runtime/treasury/treasuryCapacityViews.test.ts
PASS src/runtime/treasury/treasuryCanonicalEncoding.test.ts

Test Suites: 34 passed, 34 total
Tests:       590 passed, 590 total
Snapshots:   0 total
Time:        209.794 s, estimated 218 s
Ran all test suites matching /src\\runtime\\treasury\\/i.
Test results written to: C:\Users\15027\AppData\Local\Temp\tmp.qhzRmldEMK\jest-treasury.json
PASS test/memoryDeclarationBoundaries.test.ts (18.017 s)
PASS src/runtime/defenseFocusFire.test.ts
PASS src/runtime/defenseAllActorReservation.test.ts
PASS src/runtime/defenseFocusFireStateful.test.ts
PASS src/runtime/defenseFallbackReallocation.test.ts
PASS src/runtime/homeDefense.test.ts
PASS src/runtime/defensePreallocationRampartOwnership.test.ts
PASS src/runtime/towerControl.test.ts
PASS src/runtime/defenseGlobalRampartFootprints.test.ts
PASS src/runtime/defenseStationaryRampartOwnership.test.ts
PASS src/roles/homeDefender.test.ts

Test Suites: 11 passed, 11 total
Tests:       118 passed, 118 total
Snapshots:   0 total
Time:        19.715 s
Ran all test suites within paths "src/runtime/defenseFocusFire.test.ts", "src/runtime/defenseFocusFireStateful.test.ts", "src/runtime/defenseFallbackReallocation.test.ts", "src/runtime/defenseAllActorReservation.test.ts", "src/runtime/defenseGlobalRampartFootprints.test.ts", "src/runtime/defensePreallocationRampartOwnership.test.ts", "src/runtime/defenseStationaryRampartOwnership.test.ts", "src/runtime/homeDefense.test.ts", "src/runtime/towerControl.test.ts", "src/roles/homeDefender.test.ts", "test/memoryDeclarationBoundaries.test.ts".
Test results written to: C:\Users\15027\AppData\Local\Temp\tmp.qhzRmldEMK\jest-defense.json
PASS src/runtime/treasury/treasuryKernelStress.test.ts (186.881 s)
PASS src/runtime/marketBaseResourcePermit.test.ts (65.807 s)
PASS test/localDispatchPerformanceBaseline.test.ts (24.423 s)
  ● Console

    console.log
      LOCAL_DISPATCH_PERFORMANCE_BASELINE {"schema":"local-dispatch-performance-baseline/v2","implementation":"full-ref-local-dispatch","fixture":{"rooms":20,"tasksPerRoom":20,"totalTasksPerDomain":400,"actors":50},"protocol":{"clock":"process.hrtime.bigint","timingUnit":"milliseconds","warmupBatches":5,"measuredBatches":30,"iterationsPerBatch":100,"p95":"nearest-rank","timingPassFail":"observation-only; deployment CPU gate is the live same-shard window","complexityPassFail":"deterministic public-input/read-DTO counts"},"preChangeEvidence":{"source":"openspec/changes/local-dispatch-ownership/evidence/pre-change-baseline.md","commit":"df2e1af60a035fd99406888d69bba9903e8a7118","observation":{"workerCurrent":{"median":12.083,"p95":12.378},"workerRelease":{"median":39.879,"p95":40.633},"carrierList":{"median":13.476,"p95":14.086},"carrierClaim":{"median":12.937,"p95":13.586},"carrierReplace":{"median":61.892,"p95":66.713}}},"scenarios":{"workerCurrent":{"samples":[279.7174,292.3365,277.5937,277.813,279.883,277.6055,277.3646,280.1248,284.0194,280.1379,277.4119,278.7976,281.5254,286.5888,274.0817,283.2977,281.1552,275.2842,278.9532,278.8942,279.5759,281.0973,286.1178,282.2664,277.427,280.2203,281.3956,279.6123,285.5348,282.5128],"median":280.0039,"p95":286.5888,"min":274.0817,"max":292.3365,"relativeToPreChange":{"median":23.173376,"p95":23.153078}},"workerRelease":{"samples":[219.9633,218.3482,219.645,237.1063,256.9155,225.7691,218.3271,226.9186,216.9906,224.6194,217.275,214.7278,216.784,226.4492,219.4277,218.8362,216.0857,218.5328,218.9653,214.3804,221.6789,221.4957,228.8128,213.075,217.1566,217.6268,227.3875,223.3485,226.0253,216.1472],"median":219.1965,"p95":237.1063,"min":213.075,"max":256.9155,"relativeToPreChange":{"median":5.49654,"p95":5.835314}},"carrierList":{"samples":[4.9793,4.9954,5.8171,4.8223,5.1998,4.9124,5.6598,5.1425,4.7989,4.8171,5.0116,5.6248,5.2054,4.968,4.878,4.8722,5.989,4.9091,4.7839,5.2806,4.8212,5.6006,4.8198,4.7244,4.7873,5.9324,5.0489,5.7934,4.8375,4.9778],"median":4.97855,"p95":5.9324,"min":4.7244,"max":5.989,"relativeToPreChange":{"median":0.369438,"p95":0.421156}},"carrierClaim":{"samples":[46.6228,44.7612,43.0117,43.7546,45.3318,55.0956,44.2584,45.3648,47.6236,44.8946,44.4496,46.1321,46.2183,46.3816,48.5789,46.8583,48.2739,47.0911,48.8877,50.4912,47.5038,49.7651,51.6362,44.6984,44.0787,51.0162,45.6476,44.8153,45.6163,45.3524],"median":46.1752,"p95":51.6362,"min":43.0117,"max":55.0956,"relativeToPreChange":{"median":3.569236,"p95":3.800692}},"carrierReplace":{"samples":[121.4272,111.1047,102.7875,109.2545,110.8711,112.3246,111.5814,110.6382,108.7484,117.4565,104.9317,109.4294,103.4516,103.4165,102.8121,105.4954,101.9895,107.4407,104.9616,103.3616,102.1003,103.0224,103.4578,104.3727,103.1469,106.0403,100.4987,104.4689,109.675,106.5171],"median":105.2285,"p95":117.4565,"min":100.4987,"max":121.4272,"relativeToPreChange":{"median":1.700196,"p95":1.760624}}},"complexityGates":{"workerRelease":{"acquireCalls":5000,"releaseCalls":5000,"exactRoomDescriptorReads":5000,"exactTaskDescriptorReads":5000,"boardEnumerations":0},"workerAcquireReconcile":{"acquireCalls":50,"reconcileCalls":50,"assignedCreepsDescriptorReads":150},"carrier":{"exact":{"exactCalls":400,"exactResults":400,"refDescriptorReads":2400},"list":{"listCalls":20,"listResults":400},"replace":{"replaceCalls":2000,"replaceResults":40000,"draftIndexReads":40000,"stepIndexReads":40000},"claim":{"claimCalls":5000,"successfulClaims":5000,"releasedClaims":5000,"claimStepIndexReads":5000,"actorDescriptorReads":5000,"actorEnumerations":0},"readDto":{"snapshotCalls":1,"snapshotEntries":400,"stepArrayEnumerations":400,"stepEntryDescriptorReads":800}}},"limitations":["Node/Jest wall-clock is not Screeps CPU and old/current samples came from separate processes.","Relative old/current wall-clock ratios are observations, never pass/fail authorization.","Worker current starts bound; Carrier claim is the uncontended immediate-release path.","Carrier complexity probes observe public inputs/read DTOs and never the private Map hierarchy."]}

      at Object.<anonymous> (test/localDispatchPerformanceBaseline.test.ts:761:13)

PASS src/runtime/marketBaseResourceAutomation.test.ts (23.303 s)
PASS test/memoryDeclarationBoundaries.test.ts (16.042 s)
PASS test/ambientGlobalAbiBoundaries.test.ts (13.262 s)
PASS scripts/monitor-service.test.ts (10.589 s)
PASS test/typescriptConfigBoundaries.test.ts (7.193 s)
PASS src/runtime/treasury/treasuryRewrite4Lifecycle.test.ts (7.783 s)
PASS test/localDispatchArchitectureBoundaries.test.ts (5.968 s)
PASS src/runtime/treasury/treasuryRewrite2Lifecycle.test.ts
PASS test/taskSystemArchitectureBoundaries.test.ts
PASS src/runtime/treasury/treasuryRemediationIVKernel.test.ts
  ● Console

    console.log
      H18-TRACE completed=true observe=12 bounded=13/40 recovery=1/10 checkpoints=54 portEvents=96 finalClose=25 final={"phases":{"closing":0,"outcome_unknown":20,"retry_ready":0,"pending":0,"other":0},"remaining":0,"active":20,"ring":44,"chars":21879,"utf8Bytes":21879,"budgetUsed":2}

      at Object.<anonymous> (src/runtime/treasury/treasuryRemediationIVKernel.test.ts:1095:15)

PASS test/taskSystemCatalogBoundaries.test.ts
PASS test/roleIdentityCatalogBoundaries.test.ts
PASS src/runtime/marketBaseResourceLedger.test.ts
PASS src/runtime/marketSaleAutomation.test.ts
PASS src/runtime/bootstrapArchitecture.test.ts
PASS src/runtime/linkNetworkMemoryOwnership.test.ts
PASS src/runtime/treasury/treasuryKernelAcceptance.test.ts
PASS src/runtime/treasury/treasuryRemediationIIIKernel.test.ts
PASS src/runtime/treasury/treasuryRemediationIKernel.test.ts
PASS src/runtime/treasury/treasuryRewrite3Acceptance.test.ts
PASS src/runtime/treasury/treasuryRewrite4Acceptance.test.ts
PASS src/runtime/treasury/treasuryKernelArchitecture.test.ts
PASS src/runtime/treasury/treasuryRemediationVKernel.test.ts
  ● Console

    console.log
      I13-COST {"fixture1":{"fixture":"empty-endTick","reads":7,"writeAttempts":1,"writesAllowed":1,"writesDropped":0,"logicalSharesUsed":0,"closurePersisted":true},"fixture2":{"fixture":"recover-A-then-clean-8C","phaseEndTick":{"recoveredToUnknown":1,"closurePersisted":true},"tick1":{"reads":41,"writeAttempts":7,"writesAllowed":7,"cleaned":2,"sharesUsed":7,"releaseCalls":2},"completion":{"ticks":2,"reads":77,"writeAttempts":14,"writesAllowed":14,"totalReleaseCalls":8,"perTickReleases":[4,2],"phaseAfter":"retry_ready"},"awaitingServiceAfterTick1":6}}

      at Object.<anonymous> (src/runtime/treasury/treasuryRemediationVKernel.test.ts:653:13)

    console.log
      I13-COST {"fixture3":{"fixture":"closure-publish-failure","writeAttempts":2,"writesAllowed":0,"writesDropped":2,"reads":12,"closurePersisted":false},"fixture4":{"fixture":"64-active-mixed-advance","activeCount":64,"beginTick":{"recovered":2,"cleaned":6,"closed":0,"cancelled":0},"endTick":{"recoveredToUnknown":0,"closurePersisted":true},"reads":53,"writeAttempts":10,"writesAllowed":10,"sharesUsed":8}}

      at Object.<anonymous> (src/runtime/treasury/treasuryRemediationVKernel.test.ts:748:13)

PASS src/runtime/treasury/treasuryRemediationIIIService.test.ts
PASS src/runtime/hubProductionIntegration.test.ts
PASS test/treasuryCommitmentInvalidationBoundaries.test.ts
PASS src/runtime/treasury/treasuryRemediationIIService.test.ts
PASS src/runtime/treasury/treasuryRemediationIVService.test.ts
PASS src/mount/mountCreep.test.ts
PASS src/runtime/treasury/treasuryRewrite2Acceptance.test.ts
PASS src/runtime/treasury/treasuryRemediationIService.test.ts
PASS src/runtime/resourceControl.capacityRegression.test.ts
PASS src/runtime/treasury/treasuryRemediationVService.test.ts
PASS src/runtime/defenseFocusFire.test.ts
PASS src/runtime/treasury/treasuryRewrite3Lifecycle.test.ts
PASS src/runtime/logistics/resourceTransferTasks.test.ts
PASS src/movement/routing.segmentCache.test.ts
PASS src/runtime/marketSaleSession.test.ts
PASS src/runtime/treasury/treasuryRemediationIIKernel.test.ts
PASS src/runtime/marketSalePlanningAuthorization.test.ts
PASS src/runtime/treasury/treasuryTerminalTransferSlice0.test.ts
PASS src/runtime/hubPlanner.test.ts
PASS src/runtime/powerBankHarvest.test.ts
PASS src/runtime/treasury/treasuryKernel.test.ts
PASS src/runtime/synthesisControl.test.ts
PASS scripts/lib/redactSecrets.test.ts
PASS test/warWorkflowLifecycleBoundaries.test.ts
PASS src/runtime/bootstrap.test.ts
PASS src/runtime/marketSaleRuntime.test.ts
PASS test/baseline/treasuryRemediationIIBaseline.test.ts
PASS src/runtime/treasury/treasuryTerminalTransferSlice0RemediationI.test.ts
PASS src/runtime/taskSystem/snapshot.test.ts
PASS src/runtime/memoryCleanup.test.ts
PASS src/runtime/consoleCommands.test.ts
PASS src/runtime/marketSaleDirectAutomation.test.ts
PASS src/runtime/marketDirectContinuousPolicy.test.ts
PASS src/runtime/console/operationsCommands.test.ts
PASS src/runtime/marketDirectContinuousAutomation.test.ts
PASS src/runtime/treasury/treasuryRemediationVIKernel.test.ts
PASS test/baseline/treasuryRemediationIBaseline.test.ts
PASS src/runtime/warControl.test.ts
PASS src/runtime/marketSaleProtectionMemo.test.ts
PASS src/runtime/resourceControl.test.ts
PASS src/runtime/memorySizeRegression.test.ts
PASS src/mount/mountCreep.lifecycleCache.test.ts
PASS src/runtime/treasury/treasuryTypedOwnerMigration.test.ts
PASS src/runtime/marketSalePlanningGate.test.ts
PASS src/runtime/marketDirectContinuousLedger.test.ts
PASS src/roles/index.test.ts
PASS src/runtime/synthesisControlStateMachine.test.ts
PASS src/runtime/marketWriteArchitecture.test.ts
PASS src/runtime/localDispatchOwnership.target.test.ts
PASS src/runtime/powerBankBoost.test.ts
PASS src/runtime/externalTelemetry.test.ts
PASS src/runtime/nukerControl.test.ts
PASS src/runtime/treasury/treasuryCore.test.ts
PASS src/movement/pathing.crossTickCache.test.ts
PASS src/runtime/empireInventoryShadow.test.ts
  ● Console

    console.log
      [inventory-shadow] parity mismatch +5 this check (total 5): tick=10000 room=<empire> resource=energy field=empireTotal index=6200 direct=1200

      at runEmpireInventoryShadowCheck (src/runtime/empireInventoryShadow.ts:1045:13)

    console.log
      [inventory-shadow] parity mismatch +7 this check (total 7): tick=10000 room=<creeps>:cargo resource=- field=oracleStoreTotal index=30 direct=99

      at runEmpireInventoryShadowCheck (src/runtime/empireInventoryShadow.ts:1045:13)

    console.log
      [inventory-shadow] parity mismatch +3 this check (total 3): tick=10040 room=W1N57 resource=- field=factoryUsedCapacity index=40 direct=0

      at runEmpireInventoryShadowCheck (src/runtime/empireInventoryShadow.ts:1045:13)

    console.log
      [inventory-shadow] parity mismatch +3 this check (total 3): tick=10000 room=W1N57 resource=- field=factoryUsedCapacity index=40 direct=0

      at runEmpireInventoryShadowCheck (src/runtime/empireInventoryShadow.ts:1045:13)

    console.log
      [inventory-shadow] parity mismatch +1 this check (total 1): tick=10000 room=W1N57:storage resource=silicon field=oracleResourceAmount index=0 direct=42

      at runEmpireInventoryShadowCheck (src/runtime/empireInventoryShadow.ts:1045:13)

PASS src/runtime/hubFlag.test.ts
PASS src/runtime/empireInventoryIndex.test.ts
PASS src/runtime/treasury/treasuryR4BaselineReplicators.test.ts
  ● Console

    console.log
      R1-TRACE {"budgetTrace":[{"at":"after-nested-beginTick","budgetUsed":1},{"at":"after-endTick","budgetUsed":1},{"at":"after-beginTick","budgetUsed":7}],"releaseCalls":["ext:r1:D0","ext:r1:D1","ext:r1:D2"],"nestedStats":{"recovered":0,"closed":0,"cleaned":0,"cancelled":0},"remaining":5}

      at Object.<anonymous> (src/runtime/treasury/treasuryR4BaselineReplicators.test.ts:197:13)

PASS src/roles/carrier.test.ts
PASS src/runtime/treasury/treasuryTransactionIdVectors.test.ts
PASS src/runtime/homeDefense.test.ts
PASS src/runtime/defenseFrontAware.test.ts
PASS src/runtime/spawnPlanner.test.ts
PASS src/runtime/defenseAllActorReservation.test.ts
PASS src/movement/routing.backoff.test.ts
PASS src/runtime/boostControl.test.ts
  ● Console

    console.log
      [boostControl] buy W1N1: XUH2O=1000 price=5.000 cost=100

      at buyBoostIfNeeded (src/runtime/boostControl.ts:151:13)

PASS src/main.test.ts
PASS src/runtime/treasury/treasuryImmutableRegistries.test.ts
PASS src/runtime/colonization.travelPath.test.ts
PASS src/runtime/deployAnnounce.test.ts
PASS src/runtime/treasury/treasuryActionContract.test.ts
PASS src/runtime/treasury/treasuryCommitments.test.ts
PASS src/mount/mountSpawn.test.ts
PASS src/runtime/treasury/treasuryShadow.test.ts
  ● Console

    console.log
      [treasuryShadow] tick=5000 newMismatches=5 fields=storage_amount,storage_used_capacity,empire_total sample={"checkedAtTick":5000,"field":"storage_amount","roomName":"W1N57","resource":"U","treasuryValue":4000,"otherValue":9999}

      at finishShadow (src/runtime/treasury/shadow.ts:343:13)

    console.log
      [treasuryShadow] tick=5000 newMismatches=5 fields=storage_amount,storage_used_capacity,empire_total sample={"checkedAtTick":5000,"field":"storage_amount","roomName":"W1N57","resource":"U","treasuryValue":4000,"otherValue":9999}

      at finishShadow (src/runtime/treasury/shadow.ts:343:13)

    console.log
      [treasuryShadow] tick=5001 newMismatches=1 fields=stale_epoch sample={"checkedAtTick":5001,"field":"stale_epoch","roomName":"*","treasuryValue":5000,"otherValue":5001}

      at finishShadow (src/runtime/treasury/shadow.ts:343:13)

PASS src/runtime/roomWorkforce.test.ts
PASS src/runtime/workerTaskPool.characterization.test.ts
PASS src/movement/staticRoomMatrix.test.ts
PASS src/runtime/defenseFocusFireStateful.test.ts
PASS src/roles/energyTargets.test.ts
PASS src/runtime/towerControl.scanThrottle.test.ts
PASS src/runtime/marketSaleProtectionAdapter.test.ts
PASS src/runtime/colonization.test.ts
  ● Console

    console.log
      [colonization] rescout W1N2: pending scout route invalid or interrupted by dangerous room

      at requestScoutRescan (src/runtime/colonization.ts:983:11)

    console.log
      [colonization] abandon W1N2: flag removed by player

      at abandonColonization (src/runtime/colonization.ts:1042:11)

    console.log
      [colonization] abandon W1N2: flag removed by player

      at abandonColonization (src/runtime/colonization.ts:1042:11)

PASS src/roles/carrier.bestCandidate.test.ts
PASS src/runtime/treasury/treasuryCommitmentCompleteness.test.ts
PASS src/runtime/marketDirectContinuousPlanner.test.ts
PASS src/movement/routing.dynamicObstacles.test.ts
PASS src/runtime/marketSaleConfig.test.ts
PASS src/runtime/hubProgress.test.ts
PASS src/runtime/defensePreallocationRampartOwnership.test.ts
PASS src/runtime/defenseFallbackReallocation.test.ts
PASS src/movement/routing.cachedPathValidation.test.ts
PASS src/runtime/marketSaleFeeLedger.test.ts
PASS src/runtime/workerTaskPool.test.ts
PASS src/runtime/crossShardColonization.test.ts
PASS src/runtime/resourceReservation.test.ts
PASS src/roles/shared.test.ts
PASS src/movement/pathing.test.ts
PASS src/runtime/marketSalePricingAdapter.test.ts
PASS src/runtime/linkControl.test.ts
PASS src/runtime/hubUpgradeControl.test.ts
PASS src/runtime/defenseGlobalRampartFootprints.test.ts
PASS src/movement/roomTopologyRevision.test.ts
PASS src/runtime/towerControl.test.ts
PASS src/runtime/empireInventoryBenchmark.test.ts
  ● Console

    console.log
      [inventory-bench] rooms=8 legacyPerResourceCalls=1344 newKeyEnumeration=61 legacyScanMs=0.504 indexBuildMs=0.409

      at Object.<anonymous> (src/runtime/empireInventoryBenchmark.test.ts:166:13)

PASS src/roles/remoteMiningCarrier.test.ts
PASS src/runtime/minerBodyPolicy.test.ts
PASS src/config/spawnProfiles.test.ts
PASS src/runtime/powerBankObserver.test.ts
PASS src/runtime/marketBaseResourcePolicy.test.ts
PASS src/runtime/flagHauling.test.ts
  ● Console

    console.log
      [flag-haul] started: flag=HAUL target=W5N5 source=W1N1

      at upsertFlagHaulTask (src/runtime/flagHauling.ts:322:13)

PASS src/roles/worker.test.ts
PASS src/roles/powerBankHauler.test.ts
PASS src/runtime/defenseStationaryRampartOwnership.test.ts
PASS src/roles/mineralHarvester.test.ts
PASS src/runtime/remoteMining.test.ts
PASS src/runtime/cpuPhaseProfiler.lowOverhead.test.ts
PASS src/runtime/dispatchOwnership/actorBinding.test.ts
PASS src/runtime/mineralExtraction.test.ts
PASS src/roles/remoteCarrier.test.ts
PASS src/roles/homeDefender.test.ts
PASS src/runtime/roomPlannerConstruction.test.ts
PASS src/runtime/taskSystem/registry.test.ts
PASS src/movement/routing.test.ts
PASS src/roles/upgrader.test.ts
PASS scripts/lib/deployGuard.test.ts
PASS test/defenseMode.test.ts
PASS src/runtime/cpuMonitor.test.ts
PASS src/runtime/roomWorkforceIdentity.test.ts
PASS src/runtime/console/resourceTransferCommands.test.ts
PASS src/runtime/safeZoneHelpers.test.ts
PASS src/runtime/hubProtectionSnapshot.test.ts
PASS src/runtime/taskSystem/adapters/workflowAdapters.test.ts
PASS src/runtime/treasury/treasuryCapacityViews.test.ts
PASS src/runtime/emergencySpawning.test.ts
PASS src/roles/remoteDefender.test.ts
PASS src/runtime/marketSaleDirectShadow.test.ts
PASS src/runtime/taskSystem/adapters/factoryCommand.test.ts
PASS src/runtime/treasury/treasuryCanonicalEncoding.test.ts
PASS src/runtime/terminalBootstrapRecovery.test.ts
PASS src/runtime/carrierTaskBoard.test.ts
PASS src/movement/traffic.naturalObstacles.test.ts
PASS src/runtime/powerBankViability.test.ts
PASS src/movement/traffic.test.ts
PASS src/runtime/powerCreepControl.test.ts
PASS src/runtime/marketActionArbiter.test.ts
PASS test/harvester.test.ts
PASS src/runtime/factoryControl.test.ts
PASS src/runtime/dispatchOwnership/carrierAmountSlice.test.ts
PASS src/runtime/marketSaleDirectPricing.test.ts
PASS src/runtime/localCarrierDestinationCapacity.test.ts
PASS src/roles/powerBankAttacker.test.ts
PASS src/roles/colonizerHarvester.test.ts
PASS src/runtime/taskSystem/adapters/spawnProduction.test.ts
PASS src/runtime/tickContext.typedIndex.test.ts
PASS src/roles/remoteWorker.test.ts
PASS src/roles/healer.test.ts
PASS src/runtime/taskSystem/adapters/carrierLogistics.test.ts
PASS src/runtime/dispatchOwnership/workerSlot.test.ts
PASS src/runtime/spawnQueueOwnership.test.ts
PASS src/runtime/reactionMap.test.ts
PASS src/runtime/powerSpawnControl.test.ts
PASS src/runtime/autoReserveFlag.test.ts
  ● Console

    console.log
      [reserve] W1N1 entered reserve mode at 74999 energy

      at runAutoReserveFlags (src/runtime/autoReserveFlag.ts:38:17)

PASS src/types/roleCatalog.test.ts
PASS src/runtime/taskSystem/adapters/powerBankWorkflow.test.ts
PASS src/runtime/taskSystem/catalog.test.ts
PASS src/runtime/dispatchOwnership/ref.test.ts
PASS src/roles/powerBankScout.test.ts
PASS src/runtime/taskSystem/adapters/workerWork.test.ts
PASS src/runtime/taskSystem/adapters/resourceTransfer.test.ts
PASS src/runtime/marketSaleDirectPending.test.ts
PASS src/runtime/linkNetworkMemory.test.ts
PASS src/roles/powerBankHealer.test.ts
PASS src/runtime/taskSystem/adapters/powerCreepAction.test.ts
PASS src/runtime/marketSaleProtection.test.ts
PASS src/runtime/marketSalePricing.test.ts
PASS src/runtime/marketSaleExposure.test.ts
PASS src/runtime/logistics/receiverCapacityLedger.test.ts
PASS src/runtime/terminalActionEnergyOwnership.test.ts
PASS src/runtime/hostilePriorities.test.ts
PASS src/runtime/carrierTaskBoard.revisionCache.test.ts
PASS src/runtime/actionLog.test.ts
PASS src/runtime/taskSystem/adapters/warWorkflow.test.ts
PASS src/runtime/logistics/capacityHeadroom.test.ts
PASS src/runtime/roomEnergyPolicy.test.ts
PASS src/runtime/productionStateMachine.test.ts
PASS src/visual/panel.test.ts
PASS src/visual/palette.test.ts
PASS src/roles/remoteMiningReserver.test.ts
PASS src/roles/combatBoosts.test.ts
PASS src/movement/common.test.ts
PASS test/miner.test.ts
PASS src/runtime/powerBankDiscovery.test.ts
PASS src/runtime/memoryAudit.test.ts
PASS src/runtime/energyPickupReservation.test.ts
PASS src/runtime/creepAssignmentState.test.ts
PASS src/roles/meleeAttacker.test.ts
PASS src/roles/claimer.test.ts
PASS test/tickContext.test.ts
PASS src/runtime/roomTypes.test.ts
PASS src/runtime/powerBankStatus.test.ts
PASS src/runtime/powerBankConstants.test.ts
PASS src/runtime/upgraderPolicy.test.ts
PASS src/runtime/safeZone.test.ts
PASS src/runtime/pixelGenerator.test.ts
PASS src/roles/scout.test.ts
PASS src/runtime/marketSaleDirectEngineAssumptions.test.ts
PASS src/runtime/marketSaleDiagnostics.test.ts
PASS src/runtime/configNormalize.test.ts
PASS src/runtime/carrierBodyPolicy.test.ts
PASS src/runtime/taskSystem/model.test.ts
PASS src/movement/metrics.flush.test.ts
PASS src/runtime/marketSaleLifecycle.test.ts

Test Suites: 238 passed, 238 total
Tests:       1436 passed, 1436 total
Snapshots:   0 total
Time:        418.18 s, estimated 420 s
Ran all test suites.
Test results written to: C:\Users\15027\AppData\Local\Temp\tmp.qhzRmldEMK\jest-full.json
PASS src/runtime/treasury/treasuryKernelStress.test.ts (179.141 s)
PASS src/runtime/marketBaseResourcePermit.test.ts (62.386 s)
PASS test/localDispatchPerformanceBaseline.test.ts (25.186 s)
  ● Console

    console.log
      LOCAL_DISPATCH_PERFORMANCE_BASELINE {"schema":"local-dispatch-performance-baseline/v2","implementation":"full-ref-local-dispatch","fixture":{"rooms":20,"tasksPerRoom":20,"totalTasksPerDomain":400,"actors":50},"protocol":{"clock":"process.hrtime.bigint","timingUnit":"milliseconds","warmupBatches":5,"measuredBatches":30,"iterationsPerBatch":100,"p95":"nearest-rank","timingPassFail":"observation-only; deployment CPU gate is the live same-shard window","complexityPassFail":"deterministic public-input/read-DTO counts"},"preChangeEvidence":{"source":"openspec/changes/local-dispatch-ownership/evidence/pre-change-baseline.md","commit":"df2e1af60a035fd99406888d69bba9903e8a7118","observation":{"workerCurrent":{"median":12.083,"p95":12.378},"workerRelease":{"median":39.879,"p95":40.633},"carrierList":{"median":13.476,"p95":14.086},"carrierClaim":{"median":12.937,"p95":13.586},"carrierReplace":{"median":61.892,"p95":66.713}}},"scenarios":{"workerCurrent":{"samples":[279.1603,286.6586,289.2243,281.0302,273.7824,272.2678,376.3345,399.642,372.1313,337.5564,301.9114,306.5523,272.3419,319.3,422.896,316.2894,286.0741,278.3788,273.3232,284.1326,271.2328,278.1544,281.6218,273.8864,282.7931,280.8431,293.2814,281.0832,285.9169,301.2828],"median":285.02475,"p95":399.642,"min":271.2328,"max":422.896,"relativeToPreChange":{"median":23.588906,"p95":32.286476}},"workerRelease":{"samples":[228.6394,231.0772,219.7536,217.3968,209.8857,219.1136,209.3612,248.6127,220.0737,209.4506,211.1659,208.2135,247.2919,211.2477,210.4733,209.0645,211.1303,212.6458,207.3372,212.5196,210.9656,256.9465,221.1369,214.285,238.7743,208.7696,209.6229,213.182,223.9409,244.0577],"median":212.9139,"p95":248.6127,"min":207.3372,"max":256.9465,"relativeToPreChange":{"median":5.338998,"p95":6.118492}},"carrierList":{"samples":[8.9881,7.7875,4.9176,5.0873,4.8752,4.8078,5.6918,4.8399,4.7403,5.2028,5.9898,5.2838,5.401,5.4893,4.7292,5.5801,4.7337,4.852,5.1656,4.9677,5.7119,8.5178,9.2546,8.2908,4.8209,5.9921,4.9065,5.3304,4.6959,5.7951],"median":5.2433,"p95":8.9881,"min":4.6959,"max":9.2546,"relativeToPreChange":{"median":0.389084,"p95":0.638087}},"carrierClaim":{"samples":[44.5662,46.857,43.7607,45.2069,45.4499,46.7468,44.5799,44.2628,44.6648,44.4512,43.6681,46.1694,46.4792,50.4859,48.8484,44.5438,48.5329,48.8419,47.0978,46.9519,45.3709,50.9335,45.0772,46.9806,45.8581,43.723,46.8067,53.7634,47.5647,44.6393],"median":46.01375,"p95":50.9335,"min":43.6681,"max":53.7634,"relativeToPreChange":{"median":3.556756,"p95":3.74897}},"carrierReplace":{"samples":[112.4292,113.3565,120.2058,114.6735,106.1719,126.0196,111.6113,101.0463,100.5036,116.7684,104.9813,109.347,97.7488,123.0251,127.527,148.7997,133.8756,148.6286,109.7521,116.0506,102.5077,102.9101,105.0643,111.8092,99.1554,106.7638,101.6526,103.4984,109.7633,114.1843],"median":110.6873,"p95":148.6286,"min":97.7488,"max":148.7997,"relativeToPreChange":{"median":1.788394,"p95":2.227881}}},"complexityGates":{"workerRelease":{"acquireCalls":5000,"releaseCalls":5000,"exactRoomDescriptorReads":5000,"exactTaskDescriptorReads":5000,"boardEnumerations":0},"workerAcquireReconcile":{"acquireCalls":50,"reconcileCalls":50,"assignedCreepsDescriptorReads":150},"carrier":{"exact":{"exactCalls":400,"exactResults":400,"refDescriptorReads":2400},"list":{"listCalls":20,"listResults":400},"replace":{"replaceCalls":2000,"replaceResults":40000,"draftIndexReads":40000,"stepIndexReads":40000},"claim":{"claimCalls":5000,"successfulClaims":5000,"releasedClaims":5000,"claimStepIndexReads":5000,"actorDescriptorReads":5000,"actorEnumerations":0},"readDto":{"snapshotCalls":1,"snapshotEntries":400,"stepArrayEnumerations":400,"stepEntryDescriptorReads":800}}},"limitations":["Node/Jest wall-clock is not Screeps CPU and old/current samples came from separate processes.","Relative old/current wall-clock ratios are observations, never pass/fail authorization.","Worker current starts bound; Carrier claim is the uncontended immediate-release path.","Carrier complexity probes observe public inputs/read DTOs and never the private Map hierarchy."]}

      at Object.<anonymous> (test/localDispatchPerformanceBaseline.test.ts:761:13)

PASS src/runtime/marketBaseResourceAutomation.test.ts (24.331 s)
PASS test/memoryDeclarationBoundaries.test.ts (17.067 s)
PASS test/ambientGlobalAbiBoundaries.test.ts (12.739 s)
PASS scripts/monitor-service.test.ts (11.201 s)
PASS src/runtime/treasury/treasuryRewrite4Lifecycle.test.ts (7.149 s)
PASS test/typescriptConfigBoundaries.test.ts (7.409 s)
PASS test/localDispatchArchitectureBoundaries.test.ts (5.488 s)
PASS src/runtime/treasury/treasuryRewrite2Lifecycle.test.ts
PASS test/taskSystemArchitectureBoundaries.test.ts
PASS src/runtime/treasury/treasuryRemediationIVKernel.test.ts
  ● Console

    console.log
      H18-TRACE completed=true observe=12 bounded=13/40 recovery=1/10 checkpoints=54 portEvents=96 finalClose=25 final={"phases":{"closing":0,"outcome_unknown":20,"retry_ready":0,"pending":0,"other":0},"remaining":0,"active":20,"ring":44,"chars":21879,"utf8Bytes":21879,"budgetUsed":2}

      at Object.<anonymous> (src/runtime/treasury/treasuryRemediationIVKernel.test.ts:1095:15)

PASS test/roleIdentityCatalogBoundaries.test.ts
PASS test/taskSystemCatalogBoundaries.test.ts
PASS src/runtime/bootstrapArchitecture.test.ts
PASS src/runtime/marketBaseResourceLedger.test.ts
PASS src/runtime/marketSaleAutomation.test.ts
PASS src/runtime/treasury/treasuryKernelAcceptance.test.ts
PASS src/runtime/treasury/treasuryRemediationIIIKernel.test.ts
PASS src/runtime/linkNetworkMemoryOwnership.test.ts
PASS src/runtime/treasury/treasuryRemediationIKernel.test.ts
PASS src/runtime/treasury/treasuryRewrite3Acceptance.test.ts
PASS src/runtime/treasury/treasuryRewrite4Acceptance.test.ts
PASS src/runtime/treasury/treasuryRemediationVKernel.test.ts
  ● Console

    console.log
      I13-COST {"fixture1":{"fixture":"empty-endTick","reads":7,"writeAttempts":1,"writesAllowed":1,"writesDropped":0,"logicalSharesUsed":0,"closurePersisted":true},"fixture2":{"fixture":"recover-A-then-clean-8C","phaseEndTick":{"recoveredToUnknown":1,"closurePersisted":true},"tick1":{"reads":41,"writeAttempts":7,"writesAllowed":7,"cleaned":2,"sharesUsed":7,"releaseCalls":2},"completion":{"ticks":2,"reads":77,"writeAttempts":14,"writesAllowed":14,"totalReleaseCalls":8,"perTickReleases":[4,2],"phaseAfter":"retry_ready"},"awaitingServiceAfterTick1":6}}

      at Object.<anonymous> (src/runtime/treasury/treasuryRemediationVKernel.test.ts:653:13)

    console.log
      I13-COST {"fixture3":{"fixture":"closure-publish-failure","writeAttempts":2,"writesAllowed":0,"writesDropped":2,"reads":12,"closurePersisted":false},"fixture4":{"fixture":"64-active-mixed-advance","activeCount":64,"beginTick":{"recovered":2,"cleaned":6,"closed":0,"cancelled":0},"endTick":{"recoveredToUnknown":0,"closurePersisted":true},"reads":53,"writeAttempts":10,"writesAllowed":10,"sharesUsed":8}}

      at Object.<anonymous> (src/runtime/treasury/treasuryRemediationVKernel.test.ts:748:13)

PASS src/runtime/treasury/treasuryRemediationIIIService.test.ts
PASS src/runtime/treasury/treasuryRemediationIIService.test.ts
PASS src/runtime/treasury/treasuryRemediationIVService.test.ts
PASS src/runtime/treasury/treasuryKernelArchitecture.test.ts
PASS src/runtime/hubProductionIntegration.test.ts
PASS src/runtime/treasury/treasuryRemediationVService.test.ts
PASS test/treasuryCommitmentInvalidationBoundaries.test.ts
PASS src/mount/mountCreep.test.ts
PASS src/runtime/treasury/treasuryRemediationIService.test.ts
PASS scripts/lib/redactSecrets.test.ts
PASS src/runtime/treasury/treasuryRewrite2Acceptance.test.ts
PASS src/runtime/resourceControl.capacityRegression.test.ts
PASS src/runtime/treasury/treasuryRewrite3Lifecycle.test.ts
PASS src/runtime/treasury/treasuryRemediationIIKernel.test.ts
PASS src/runtime/treasury/treasuryKernel.test.ts
PASS src/runtime/treasury/treasuryTerminalTransferSlice0.test.ts
PASS src/runtime/marketSaleSession.test.ts
PASS src/movement/routing.segmentCache.test.ts
PASS src/runtime/logistics/resourceTransferTasks.test.ts
PASS src/runtime/powerBankHarvest.test.ts
PASS test/warWorkflowLifecycleBoundaries.test.ts
PASS src/runtime/hubPlanner.test.ts
PASS src/runtime/synthesisControl.test.ts
PASS src/runtime/marketSalePlanningAuthorization.test.ts
PASS src/runtime/bootstrap.test.ts
PASS src/runtime/treasury/treasuryTerminalTransferSlice0RemediationI.test.ts
PASS src/runtime/memoryCleanup.test.ts
PASS src/runtime/treasury/treasuryRemediationVIKernel.test.ts
PASS src/runtime/treasury/treasuryTypedOwnerMigration.test.ts
PASS src/runtime/taskSystem/snapshot.test.ts
PASS test/baseline/treasuryRemediationIIBaseline.test.ts
PASS src/runtime/marketSalePlanningGate.test.ts
PASS src/runtime/marketDirectContinuousPolicy.test.ts
PASS src/runtime/memorySizeRegression.test.ts
PASS src/runtime/marketSaleDirectAutomation.test.ts
PASS src/runtime/resourceControl.test.ts
PASS src/runtime/marketDirectContinuousAutomation.test.ts
PASS src/runtime/consoleCommands.test.ts
PASS src/runtime/marketDirectContinuousLedger.test.ts
PASS src/runtime/console/operationsCommands.test.ts
PASS src/runtime/marketSaleRuntime.test.ts
PASS src/runtime/marketSaleProtectionMemo.test.ts
PASS src/roles/index.test.ts
PASS src/runtime/warControl.test.ts
PASS src/runtime/treasury/treasuryCore.test.ts
PASS src/runtime/marketWriteArchitecture.test.ts
PASS src/runtime/defenseFocusFireStateful.test.ts
PASS src/runtime/treasury/treasuryR4BaselineReplicators.test.ts
  ● Console

    console.log
      R1-TRACE {"budgetTrace":[{"at":"after-nested-beginTick","budgetUsed":1},{"at":"after-endTick","budgetUsed":1},{"at":"after-beginTick","budgetUsed":7}],"releaseCalls":["ext:r1:D0","ext:r1:D1","ext:r1:D2"],"nestedStats":{"recovered":0,"closed":0,"cleaned":0,"cancelled":0},"remaining":5}

      at Object.<anonymous> (src/runtime/treasury/treasuryR4BaselineReplicators.test.ts:197:13)

PASS src/runtime/synthesisControlStateMachine.test.ts
PASS src/mount/mountCreep.lifecycleCache.test.ts
PASS test/baseline/treasuryRemediationIBaseline.test.ts
PASS src/runtime/treasury/treasuryImmutableRegistries.test.ts
PASS src/runtime/powerBankBoost.test.ts
PASS src/runtime/nukerControl.test.ts
PASS src/runtime/empireInventoryShadow.test.ts
  ● Console

    console.log
      [inventory-shadow] parity mismatch +5 this check (total 5): tick=10000 room=<empire> resource=energy field=empireTotal index=6200 direct=1200

      at runEmpireInventoryShadowCheck (src/runtime/empireInventoryShadow.ts:1045:13)

    console.log
      [inventory-shadow] parity mismatch +7 this check (total 7): tick=10000 room=<creeps>:cargo resource=- field=oracleStoreTotal index=30 direct=99

      at runEmpireInventoryShadowCheck (src/runtime/empireInventoryShadow.ts:1045:13)

    console.log
      [inventory-shadow] parity mismatch +3 this check (total 3): tick=10040 room=W1N57 resource=- field=factoryUsedCapacity index=40 direct=0

      at runEmpireInventoryShadowCheck (src/runtime/empireInventoryShadow.ts:1045:13)

    console.log
      [inventory-shadow] parity mismatch +3 this check (total 3): tick=10000 room=W1N57 resource=- field=factoryUsedCapacity index=40 direct=0

      at runEmpireInventoryShadowCheck (src/runtime/empireInventoryShadow.ts:1045:13)

    console.log
      [inventory-shadow] parity mismatch +1 this check (total 1): tick=10000 room=W1N57:storage resource=silicon field=oracleResourceAmount index=0 direct=42

      at runEmpireInventoryShadowCheck (src/runtime/empireInventoryShadow.ts:1045:13)

PASS src/runtime/hubFlag.test.ts
PASS src/runtime/treasury/treasuryActionContract.test.ts
PASS src/runtime/treasury/treasuryTransactionIdVectors.test.ts
PASS src/movement/pathing.crossTickCache.test.ts
PASS src/roles/carrier.test.ts
PASS src/runtime/localDispatchOwnership.target.test.ts
PASS src/runtime/treasury/treasuryCommitmentCompleteness.test.ts
PASS src/runtime/externalTelemetry.test.ts
PASS src/runtime/defenseFocusFire.test.ts
PASS src/runtime/empireInventoryIndex.test.ts
PASS src/runtime/treasury/treasuryCommitments.test.ts
PASS src/runtime/spawnPlanner.test.ts
PASS src/runtime/defenseFrontAware.test.ts
PASS src/runtime/marketSaleProtectionAdapter.test.ts
PASS src/movement/staticRoomMatrix.test.ts
PASS src/runtime/defensePreallocationRampartOwnership.test.ts
PASS src/runtime/crossShardColonization.test.ts
PASS src/runtime/colonization.travelPath.test.ts
PASS src/runtime/colonization.test.ts
  ● Console

    console.log
      [colonization] rescout W1N2: pending scout route invalid or interrupted by dangerous room

      at requestScoutRescan (src/runtime/colonization.ts:983:11)

    console.log
      [colonization] abandon W1N2: flag removed by player

      at abandonColonization (src/runtime/colonization.ts:1042:11)

    console.log
      [colonization] abandon W1N2: flag removed by player

      at abandonColonization (src/runtime/colonization.ts:1042:11)

PASS src/runtime/marketSaleConfig.test.ts
PASS src/runtime/towerControl.scanThrottle.test.ts
PASS src/runtime/homeDefense.test.ts
PASS src/runtime/treasury/treasuryShadow.test.ts
  ● Console

    console.log
      [treasuryShadow] tick=5000 newMismatches=5 fields=storage_amount,storage_used_capacity,empire_total sample={"checkedAtTick":5000,"field":"storage_amount","roomName":"W1N57","resource":"U","treasuryValue":4000,"otherValue":9999}

      at finishShadow (src/runtime/treasury/shadow.ts:343:13)

    console.log
      [treasuryShadow] tick=5000 newMismatches=5 fields=storage_amount,storage_used_capacity,empire_total sample={"checkedAtTick":5000,"field":"storage_amount","roomName":"W1N57","resource":"U","treasuryValue":4000,"otherValue":9999}

      at finishShadow (src/runtime/treasury/shadow.ts:343:13)

    console.log
      [treasuryShadow] tick=5001 newMismatches=1 fields=stale_epoch sample={"checkedAtTick":5001,"field":"stale_epoch","roomName":"*","treasuryValue":5000,"otherValue":5001}

      at finishShadow (src/runtime/treasury/shadow.ts:343:13)

PASS src/movement/routing.cachedPathValidation.test.ts
PASS src/runtime/workerTaskPool.test.ts
PASS src/runtime/defenseAllActorReservation.test.ts
PASS src/movement/routing.backoff.test.ts
PASS src/main.test.ts
PASS src/runtime/defenseFallbackReallocation.test.ts
PASS src/runtime/workerTaskPool.characterization.test.ts
PASS src/runtime/marketSaleFeeLedger.test.ts
PASS src/mount/mountSpawn.test.ts
PASS src/roles/carrier.bestCandidate.test.ts
PASS src/runtime/boostControl.test.ts
  ● Console

    console.log
      [boostControl] buy W1N1: XUH2O=1000 price=5.000 cost=100

      at buyBoostIfNeeded (src/runtime/boostControl.ts:151:13)

PASS src/runtime/roomWorkforce.test.ts
PASS src/runtime/defenseGlobalRampartFootprints.test.ts
PASS src/roles/energyTargets.test.ts
PASS src/config/spawnProfiles.test.ts
PASS src/runtime/defenseStationaryRampartOwnership.test.ts
PASS src/runtime/hubUpgradeControl.test.ts
PASS src/movement/pathing.test.ts
PASS src/runtime/marketSalePricingAdapter.test.ts
PASS src/runtime/marketSaleDirectShadow.test.ts
PASS src/runtime/marketBaseResourcePolicy.test.ts
PASS src/roles/shared.test.ts
PASS src/runtime/hubProgress.test.ts
PASS src/runtime/flagHauling.test.ts
  ● Console

    console.log
      [flag-haul] started: flag=HAUL target=W5N5 source=W1N1

      at upsertFlagHaulTask (src/runtime/flagHauling.ts:322:13)

PASS src/runtime/towerControl.test.ts
PASS src/roles/homeDefender.test.ts
PASS src/runtime/resourceReservation.test.ts
PASS src/runtime/remoteMining.test.ts
PASS src/runtime/minerBodyPolicy.test.ts
PASS src/runtime/cpuPhaseProfiler.lowOverhead.test.ts
PASS src/movement/routing.dynamicObstacles.test.ts
PASS src/runtime/treasury/treasuryCanonicalEncoding.test.ts
PASS src/runtime/dispatchOwnership/actorBinding.test.ts
PASS src/roles/remoteCarrier.test.ts
PASS src/runtime/treasury/treasuryCapacityViews.test.ts
PASS src/runtime/roomPlannerConstruction.test.ts
PASS src/runtime/deployAnnounce.test.ts
PASS src/movement/routing.test.ts
PASS src/roles/remoteMiningCarrier.test.ts
PASS src/runtime/mineralExtraction.test.ts
PASS src/runtime/linkControl.test.ts
PASS src/runtime/empireInventoryBenchmark.test.ts
  ● Console

    console.log
      [inventory-bench] rooms=8 legacyPerResourceCalls=1344 newKeyEnumeration=61 legacyScanMs=0.505 indexBuildMs=0.406

      at Object.<anonymous> (src/runtime/empireInventoryBenchmark.test.ts:166:13)

PASS src/roles/worker.test.ts
PASS src/roles/powerBankHauler.test.ts
PASS src/runtime/taskSystem/registry.test.ts
PASS src/runtime/powerBankObserver.test.ts
PASS src/runtime/energyPickupReservation.test.ts
PASS src/movement/roomTopologyRevision.test.ts
PASS src/roles/scout.test.ts
PASS src/runtime/cpuMonitor.test.ts
PASS src/roles/upgrader.test.ts
PASS src/runtime/taskSystem/adapters/factoryCommand.test.ts
PASS src/runtime/pixelGenerator.test.ts
PASS test/defenseMode.test.ts
PASS src/roles/mineralHarvester.test.ts
PASS src/runtime/roomWorkforceIdentity.test.ts
PASS src/runtime/marketSaleDirectEngineAssumptions.test.ts
PASS src/runtime/hubProtectionSnapshot.test.ts
PASS src/runtime/emergencySpawning.test.ts
PASS src/runtime/console/resourceTransferCommands.test.ts
PASS src/runtime/safeZoneHelpers.test.ts
PASS scripts/lib/deployGuard.test.ts
PASS src/runtime/terminalBootstrapRecovery.test.ts
PASS src/runtime/powerSpawnControl.test.ts
PASS src/runtime/powerCreepControl.test.ts
PASS src/runtime/memoryAudit.test.ts
PASS src/runtime/factoryControl.test.ts
PASS src/movement/metrics.flush.test.ts
PASS src/runtime/taskSystem/adapters/workflowAdapters.test.ts
PASS src/runtime/taskSystem/adapters/powerBankWorkflow.test.ts
PASS src/runtime/dispatchOwnership/workerSlot.test.ts
PASS src/runtime/carrierTaskBoard.test.ts
PASS src/runtime/carrierTaskBoard.revisionCache.test.ts
PASS src/movement/traffic.naturalObstacles.test.ts
PASS src/roles/powerBankAttacker.test.ts
PASS src/runtime/taskSystem/adapters/carrierLogistics.test.ts
PASS src/runtime/linkNetworkMemory.test.ts
PASS src/movement/traffic.test.ts
PASS src/roles/meleeAttacker.test.ts
PASS src/runtime/marketSaleDiagnostics.test.ts
PASS src/runtime/marketDirectContinuousPlanner.test.ts
PASS src/runtime/taskSystem/adapters/warWorkflow.test.ts
PASS src/runtime/marketSaleDirectPending.test.ts
PASS src/types/roleCatalog.test.ts
PASS src/roles/healer.test.ts
PASS src/runtime/taskSystem/adapters/workerWork.test.ts
PASS src/runtime/dispatchOwnership/carrierAmountSlice.test.ts
PASS src/runtime/upgraderPolicy.test.ts
PASS src/runtime/powerBankViability.test.ts
PASS src/runtime/creepAssignmentState.test.ts
PASS src/roles/remoteDefender.test.ts
PASS src/roles/powerBankScout.test.ts
PASS src/runtime/taskSystem/catalog.test.ts
PASS src/runtime/spawnQueueOwnership.test.ts
PASS src/runtime/marketSalePricing.test.ts
PASS src/runtime/marketActionArbiter.test.ts
PASS src/runtime/autoReserveFlag.test.ts
  ● Console

    console.log
      [reserve] W1N1 entered reserve mode at 74999 energy

      at runAutoReserveFlags (src/runtime/autoReserveFlag.ts:38:17)

PASS src/roles/combatBoosts.test.ts
PASS src/runtime/taskSystem/adapters/resourceTransfer.test.ts
PASS src/runtime/taskSystem/adapters/powerCreepAction.test.ts
PASS src/runtime/tickContext.typedIndex.test.ts
PASS src/roles/remoteWorker.test.ts
PASS test/harvester.test.ts
PASS src/runtime/taskSystem/model.test.ts
PASS src/runtime/logistics/receiverCapacityLedger.test.ts
PASS src/visual/panel.test.ts
PASS src/runtime/roomTypes.test.ts
PASS src/runtime/marketSaleLifecycle.test.ts
PASS src/runtime/marketSaleExposure.test.ts
PASS src/runtime/marketSaleDirectPricing.test.ts
PASS src/movement/common.test.ts
PASS src/roles/claimer.test.ts
PASS src/runtime/taskSystem/adapters/spawnProduction.test.ts
PASS src/runtime/dispatchOwnership/ref.test.ts
PASS src/runtime/productionStateMachine.test.ts
PASS src/runtime/localCarrierDestinationCapacity.test.ts
PASS src/roles/powerBankHealer.test.ts
PASS test/miner.test.ts
PASS src/runtime/safeZone.test.ts
PASS src/runtime/reactionMap.test.ts
PASS src/runtime/powerBankDiscovery.test.ts
PASS src/runtime/actionLog.test.ts
PASS src/runtime/roomEnergyPolicy.test.ts
PASS src/runtime/powerBankStatus.test.ts
PASS src/runtime/hostilePriorities.test.ts
PASS src/roles/remoteMiningReserver.test.ts
PASS src/roles/colonizerHarvester.test.ts
PASS test/tickContext.test.ts
PASS src/runtime/logistics/capacityHeadroom.test.ts
PASS src/runtime/marketSaleProtection.test.ts
PASS src/visual/palette.test.ts
PASS src/runtime/powerBankConstants.test.ts
PASS src/runtime/configNormalize.test.ts
PASS src/runtime/carrierBodyPolicy.test.ts
PASS src/runtime/terminalActionEnergyOwnership.test.ts

Test Suites: 238 passed, 238 total
Tests:       1436 passed, 1436 total
Snapshots:   0 total
Time:        410.603 s, estimated 417 s
Ran all test suites.
Test results written to: C:\Users\15027\AppData\Local\Temp\screeps-jest-budget-wTVooA\results.json
{"status":"JEST_TEST_BUDGET=PASSED","suites":238,"tests":1436,"manifest":"test/test-suite-budget.json"}
repo-root=D:\code\screeps\screeps-bot
run-dir-resolved=C:\Users\15027\AppData\Local\Temp\tmp.qhzRmldEMK (cwd=D:\code\screeps\screeps-bot)
verifier-source=4ea56d0fa2033f3a1bde2e12f236c913970d1daf:test/mock/treasurySealEvidence.ts blob=fd930a44c47c7a612fc942e8f1d07c30a95d844d
driver=D:\code\screeps\screeps-bot\scripts\verify-treasury-evidence.mjs sha256=3b5e9464d83ec04f3ad3b86849c005f2b5c0e9e571335db95c8c79cbe5db4de7
run-dir=C:/Users/15027/AppData/Local/Temp/tmp.qhzRmldEMK fixture=h18 trace-roots=trace-key,trace-treasury,trace-full,trace-budget jest-json=jest-key.json,jest-treasury.json,jest-defense.json,jest-full.json
trace-key/1788796647693-128936/H18-J06.json bytes=1180356 sha256=93514e04a1dd2717389c18d7e06751ec69a57a6f5112a0c09278ab0ccab6698e completed=true checkpoints=54 problems=0
trace-treasury/1788796852940-127476/H18-J06.json bytes=1180356 sha256=a69c89326e15726352f3805b721efbd902420b54cdf02471089b812437f90569 completed=true checkpoints=54 problems=0
trace-full/1788797263662-137308/H18-J06.json bytes=1180356 sha256=7bf73b2f6728ad5824bfa2ea547a4e0d730375270073b622b493c75367b6dfdf completed=true checkpoints=54 problems=0
trace-budget/1788797678114-135920/H18-J06.json bytes=1180356 sha256=9c5030ee629d8f7ed6437ec0f01e666eb3f24a6280367e086398b310da593313 completed=true checkpoints=54 problems=0
jest-key.json: suites=7 tests=73 passed=73 failed=0 pending=0 todo=0 runtimeErrors=0
jest-treasury.json: suites=34 tests=590 passed=590 failed=0 pending=0 todo=0 runtimeErrors=0
jest-defense.json: suites=11 tests=118 passed=118 failed=0 pending=0 todo=0 runtimeErrors=0
jest-full.json: suites=238 tests=1436 passed=1436 failed=0 pending=0 todo=0 runtimeErrors=0
TREASURY_EVIDENCE_VERIFY=PASS (0 failures)
repo-root=D:\code\screeps\screeps-bot
run-dir-resolved=C:\Users\15027\AppData\Local\Temp\tmp.qhzRmldEMK (cwd=C:\Users\15027\AppData\Local\Temp\tmp.qhzRmldEMK\foreign cwd)
verifier-source=4ea56d0fa2033f3a1bde2e12f236c913970d1daf:test/mock/treasurySealEvidence.ts blob=fd930a44c47c7a612fc942e8f1d07c30a95d844d
driver=D:\code\screeps\screeps-bot\scripts\verify-treasury-evidence.mjs sha256=3b5e9464d83ec04f3ad3b86849c005f2b5c0e9e571335db95c8c79cbe5db4de7
run-dir=C:/Users/15027/AppData/Local/Temp/tmp.qhzRmldEMK fixture=h18 trace-roots=trace-key,trace-treasury,trace-full,trace-budget jest-json=jest-key.json,jest-treasury.json,jest-defense.json,jest-full.json
trace-key/1788796647693-128936/H18-J06.json bytes=1180356 sha256=93514e04a1dd2717389c18d7e06751ec69a57a6f5112a0c09278ab0ccab6698e completed=true checkpoints=54 problems=0
trace-treasury/1788796852940-127476/H18-J06.json bytes=1180356 sha256=a69c89326e15726352f3805b721efbd902420b54cdf02471089b812437f90569 completed=true checkpoints=54 problems=0
trace-full/1788797263662-137308/H18-J06.json bytes=1180356 sha256=7bf73b2f6728ad5824bfa2ea547a4e0d730375270073b622b493c75367b6dfdf completed=true checkpoints=54 problems=0
trace-budget/1788797678114-135920/H18-J06.json bytes=1180356 sha256=9c5030ee629d8f7ed6437ec0f01e666eb3f24a6280367e086398b310da593313 completed=true checkpoints=54 problems=0
jest-key.json: suites=7 tests=73 passed=73 failed=0 pending=0 todo=0 runtimeErrors=0
jest-treasury.json: suites=34 tests=590 passed=590 failed=0 pending=0 todo=0 runtimeErrors=0
jest-defense.json: suites=11 tests=118 passed=118 failed=0 pending=0 todo=0 runtimeErrors=0
jest-full.json: suites=238 tests=1436 passed=1436 failed=0 pending=0 todo=0 runtimeErrors=0
TREASURY_EVIDENCE_VERIFY=PASS (0 failures)
repo-root=D:\code\screeps\screeps-bot
run-dir-resolved=C:\Users\15027\AppData\Local\Temp\tmp.qhzRmldEMK\empty-input (cwd=C:\Users\15027\AppData\Local\Temp\tmp.qhzRmldEMK\foreign cwd)
verifier-source=4ea56d0fa2033f3a1bde2e12f236c913970d1daf:test/mock/treasurySealEvidence.ts blob=fd930a44c47c7a612fc942e8f1d07c30a95d844d
driver=D:\code\screeps\screeps-bot\scripts\verify-treasury-evidence.mjs sha256=3b5e9464d83ec04f3ad3b86849c005f2b5c0e9e571335db95c8c79cbe5db4de7
run-dir=C:/Users/15027/AppData/Local/Temp/tmp.qhzRmldEMK/empty-input fixture=h18 trace-roots= jest-json=
FAIL run-dir 下不存在任何 trace 目录（trace-key/trace-treasury/trace-full/trace-budget 至少一个）——零输入
FAIL run-dir 下不存在任何 Jest JSON（jest-key.json/jest-treasury.json/jest-defense.json/jest-full.json 至少一份）——零输入
TREASURY_EVIDENCE_VERIFY=FAIL (2 failures)
- run-dir 下不存在任何 trace 目录（trace-key/trace-treasury/trace-full/trace-budget 至少一个）——零输入
- run-dir 下不存在任何 Jest JSON（jest-key.json/jest-treasury.json/jest-defense.json/jest-full.json 至少一份）——零输入
tampered: C:\Users\15027\AppData\Local\Temp\tmp.qhzRmldEMK\tampered-input\trace-key\1788796647693-128936\H18-J06.json
repo-root=D:\code\screeps\screeps-bot
run-dir-resolved=C:\Users\15027\AppData\Local\Temp\tmp.qhzRmldEMK\tampered-input (cwd=D:\code\screeps\screeps-bot)
verifier-source=4ea56d0fa2033f3a1bde2e12f236c913970d1daf:test/mock/treasurySealEvidence.ts blob=fd930a44c47c7a612fc942e8f1d07c30a95d844d
driver=D:\code\screeps\screeps-bot\scripts\verify-treasury-evidence.mjs sha256=3b5e9464d83ec04f3ad3b86849c005f2b5c0e9e571335db95c8c79cbe5db4de7
run-dir=C:/Users/15027/AppData/Local/Temp/tmp.qhzRmldEMK/tampered-input fixture=h18 trace-roots=trace-key jest-json=jest-key.json
FAIL trace-key/1788796647693-128936/H18-J06.json: fixture.unknownIds 与固定夹具约束不符（期望 20 个指定 unknown）
jest-key.json: suites=7 tests=73 passed=73 failed=0 pending=0 todo=0 runtimeErrors=0
TREASURY_EVIDENCE_VERIFY=FAIL (1 failures)
- trace-key/1788796647693-128936/H18-J06.json: fixture.unknownIds 与固定夹具约束不符（期望 20 个指定 unknown）
MAIN_VALIDATION_DONE
产物目录：/tmp/tmp.qhzRmldEMK
wrapper-exit=0
