Running as unit: screeps-treasury-t1.service; invocation ID: 32da36a73f964d55a479eb529ce9d80b
实验步骤: capture c1-100-before-setup
Connecting to storage
{"label":"c1-100-before-setup","tick":756,"active":0,"tasks":[{"id":"lab-exit-c2-H","status":"done","remaining":0},{"id":"lab-exit-c2-pre-source-ordinary","status":"done","remaining":0},{"id":"lab-exit-c2-pre-target-ordinary","status":"done","remaining":0}],"transactions":29}
实验步骤: setup c1-100-setup
Connecting to storage
{"op":"setup","label":"c1-100-setup","tick":756,"mode":"off","active":0,"tasks":[{"id":"lab-t2-c1-100-UH","status":"pending","remaining":100}],"isolatedWorldOnly":true}
实验步骤: queue c1-100-arm
Connecting to storage
{"op":"queue","label":"c1-100-arm","tick":756,"queued":true}
Connecting to storage
{"schema":"screeps-t2-lab-driver/v1","isolatedWorldOnly":true,"label":"c1-100-arm-executed","kind":"arm-observed","arg":"c1-100-arm","startTick":756,"endTick":756,"startedAtUtc":"2026-10-02T11:20:55.684Z","endedAtUtc":"2026-10-02T11:20:58.706Z","observations":92,"matched":true,"last":{"tick":756,"mode":"off","active":0,"arm":{"ok":false,"reason":"terminal_action_this_tick"}},"paused":true}
实验步骤: queue c1-100-arm-retry-1
Connecting to storage
{"op":"queue","label":"c1-100-arm-retry-1","tick":756,"queued":true}
Connecting to storage
{"schema":"screeps-t2-lab-driver/v1","isolatedWorldOnly":true,"label":"c1-100-arm-retry-1-executed","kind":"arm-observed","arg":"c1-100-arm-retry-1","startTick":756,"endTick":757,"startedAtUtc":"2026-10-02T11:20:59.105Z","endedAtUtc":"2026-10-02T11:21:00.492Z","observations":33,"matched":true,"last":{"tick":757,"control":"active","mode":"canary","active":0,"arm":{"ok":true,"reason":"armed"}},"paused":true}
实验步骤: capture c1-100-before-native
Connecting to storage
{"label":"c1-100-before-native","tick":757,"control":"active","closeReason":"","mode":"canary","active":0,"tasks":[{"id":"lab-t2-c1-100-UH","status":"pending","remaining":100}],"transactions":29}
Connecting to storage
{"schema":"screeps-t2-lab-driver/v1","isolatedWorldOnly":true,"label":"c1-100-native-driver","kind":"native","arg":"","startTick":758,"endTick":760,"startedAtUtc":"2026-10-02T11:21:00.910Z","endedAtUtc":"2026-10-02T11:21:06.541Z","observations":185,"matched":true,"last":{"tick":760,"quota":"dispatching","control":"closed","mode":"drain","active":1,"arm":{"ok":true,"reason":"armed"}},"paused":true}
实验步骤: capture c1-100-real-native
Connecting to storage
{"label":"c1-100-real-native","tick":761,"control":"closed","closeReason":"native_attempt","mode":"drain","quota":"dispatching","active":1,"tasks":[{"id":"lab-t2-c1-100-UH","status":"pending","remaining":100,"lease":"active"}],"transactions":30}
Connecting to storage
{"schema":"screeps-t2-lab-driver/v1","isolatedWorldOnly":true,"label":"c1-100-settle-driver","kind":"settled","arg":"","startTick":761,"endTick":762,"startedAtUtc":"2026-10-02T11:21:06.946Z","endedAtUtc":"2026-10-02T11:21:10.967Z","observations":127,"matched":true,"last":{"tick":762,"quota":"drained","control":"closed","mode":"off","active":0,"arm":{"ok":true,"reason":"armed"}},"paused":true}
实验步骤: capture c1-100-first-settlement
Connecting to storage
{"label":"c1-100-first-settlement","tick":763,"control":"closed","closeReason":"native_attempt","mode":"off","quota":"drained","active":0,"tasks":[{"id":"lab-t2-c1-100-UH","status":"done","remaining":0}],"transactions":30}
Connecting to storage
{"schema":"screeps-t2-lab-driver/v1","isolatedWorldOnly":true,"label":"c1-100-repeat-recovery-driver","kind":"ticks","arg":"2","startTick":763,"endTick":765,"startedAtUtc":"2026-10-02T11:21:11.376Z","endedAtUtc":"2026-10-02T11:21:16.168Z","observations":157,"matched":true,"last":{"tick":765,"quota":"drained","control":"closed","mode":"off","active":0,"arm":{"ok":true,"reason":"armed"}},"paused":true}
实验步骤: capture c1-100-recovered-no-rededuct
Connecting to storage
{"label":"c1-100-recovered-no-rededuct","tick":765,"control":"closed","closeReason":"native_attempt","mode":"off","quota":"drained","active":0,"tasks":[{"id":"lab-t2-c1-100-UH","status":"done","remaining":0}],"transactions":30}
实验步骤: capture c1-100-completed-before-persistence
Connecting to storage
{"label":"c1-100-completed-before-persistence","tick":765,"control":"closed","closeReason":"native_attempt","mode":"off","quota":"drained","active":0,"tasks":[{"id":"lab-t2-c1-100-UH","status":"done","remaining":0}],"transactions":30}
