Running as unit: screeps-treasury-t1.service; invocation ID: 02d789b72a1641eabf34274098a0473e
实验步骤: capture c1-1715-r3-before-setup
Connecting to storage
{"label":"c1-1715-r3-before-setup","tick":756,"active":0,"tasks":[{"id":"lab-exit-c2-H","status":"done","remaining":0},{"id":"lab-exit-c2-pre-source-ordinary","status":"done","remaining":0},{"id":"lab-exit-c2-pre-target-ordinary","status":"done","remaining":0}],"transactions":29}
实验步骤: setup c1-1715-r3-setup
Connecting to storage
{"op":"setup","label":"c1-1715-r3-setup","tick":756,"mode":"off","active":0,"tasks":[{"id":"lab-t2-c1-1715-r3-UH","status":"pending","remaining":1715}],"isolatedWorldOnly":true}
实验步骤: queue c1-1715-r3-arm
Connecting to storage
{"op":"queue","label":"c1-1715-r3-arm","tick":756,"queued":true}
Connecting to storage
{"schema":"screeps-t2-lab-driver/v1","isolatedWorldOnly":true,"label":"c1-1715-r3-arm-executed","kind":"arm-observed","arg":"","startTick":756,"endTick":756,"startedAtUtc":"2026-10-02T11:14:45.959Z","endedAtUtc":"2026-10-02T11:14:47.768Z","observations":47,"matched":true,"last":{"tick":756,"mode":"off","active":0,"arm":{"ok":false,"reason":"terminal_action_this_tick"}},"paused":true}
实验步骤: queue c1-1715-r3-arm-retry-1
Connecting to storage
{"op":"queue","label":"c1-1715-r3-arm-retry-1","tick":756,"queued":true}
Connecting to storage
{"schema":"screeps-t2-lab-driver/v1","isolatedWorldOnly":true,"label":"c1-1715-r3-arm-retry-1-executed","kind":"arm-observed","arg":"","startTick":756,"endTick":757,"startedAtUtc":"2026-10-02T11:14:48.151Z","endedAtUtc":"2026-10-02T11:14:48.655Z","observations":1,"matched":true,"last":{"tick":756,"mode":"off","active":0,"arm":{"ok":false,"reason":"terminal_action_this_tick"}},"paused":true}
实验步骤: queue c1-1715-r3-arm-retry-2
Connecting to storage
{"op":"queue","label":"c1-1715-r3-arm-retry-2","tick":757,"queued":true}
Connecting to storage
{"schema":"screeps-t2-lab-driver/v1","isolatedWorldOnly":true,"label":"c1-1715-r3-arm-retry-2-executed","kind":"arm-observed","arg":"","startTick":757,"endTick":757,"startedAtUtc":"2026-10-02T11:14:49.044Z","endedAtUtc":"2026-10-02T11:14:50.989Z","observations":53,"matched":true,"last":{"tick":757,"control":"active","mode":"canary","active":0,"arm":{"ok":false,"reason":"already_used_or_unsettled"}},"paused":true}
Traceback (most recent call last):
  File "/srv/screeps-treasury-t1/r6-t2-20261002/tools/run-scenarios.py", line 210, in <module>
    if case.startswith('c1-1715'):c1(case,1715)
                                  ~~^^^^^^^^^^^
  File "/srv/screeps-treasury-t1/r6-t2-20261002/tools/run-scenarios.py", line 124, in c1
    arm(case)
    ~~~^^^^^^
  File "/srv/screeps-treasury-t1/r6-t2-20261002/tools/run-scenarios.py", line 38, in arm
    if result['reason']!='terminal_action_this_tick':raise RuntimeError('产品正确拒绝arm:'+json.dumps(result))
                                                     ^^^^^^^^^^^^^^^^^^^^^^^^^^^^^^^^^^^^^^^^^^^^^^^^^^^^^^^^^
RuntimeError: 产品正确拒绝arm:{"ok": false, "reason": "already_used_or_unsettled"}
