Running as unit: screeps-treasury-t1.service; invocation ID: 210d6e74aa1c4f6a8ee67d7e26b5fa16
实验步骤: capture c3-before-setup
Connecting to storage
{"label":"c3-before-setup","tick":756,"active":0,"tasks":[{"id":"lab-exit-c2-H","status":"done","remaining":0},{"id":"lab-exit-c2-pre-source-ordinary","status":"done","remaining":0},{"id":"lab-exit-c2-pre-target-ordinary","status":"done","remaining":0}],"transactions":29}
实验步骤: setup c3-setup
Connecting to storage
{"op":"setup","label":"c3-setup","tick":756,"mode":"off","active":0,"tasks":[{"id":"lab-t2-c3-UH","status":"pending","remaining":100}],"isolatedWorldOnly":true}
实验步骤: queue c3-arm
Connecting to storage
{"op":"queue","label":"c3-arm","tick":756,"queued":true}
Connecting to storage
{"schema":"screeps-t2-lab-driver/v1","isolatedWorldOnly":true,"label":"c3-arm-executed","kind":"arm-observed","arg":"c3-arm","startTick":756,"endTick":756,"startedAtUtc":"2026-10-02T11:32:38.529Z","endedAtUtc":"2026-10-02T11:32:41.512Z","observations":90,"matched":true,"last":{"tick":756,"control":"active","mode":"canary","active":0,"arm":{"ok":true,"reason":"armed"}},"paused":true}
实验步骤: capture c3-armed-bound-no-responsibility
Connecting to storage
{"label":"c3-armed-bound-no-responsibility","tick":756,"control":"active","closeReason":"","mode":"canary","active":0,"tasks":[{"id":"lab-t2-c3-UH","status":"pending","remaining":100}],"transactions":29}
实验步骤: queue c3-enable-ordinary
Connecting to storage
{"op":"queue","label":"c3-enable-ordinary","tick":757,"queued":true}
Connecting to storage
{"schema":"screeps-t2-lab-driver/v1","isolatedWorldOnly":true,"label":"c3-expired-ordinary-driver","kind":"task-done","arg":"lab-t2-c3-UH","startTick":757,"endTick":760,"startedAtUtc":"2026-10-02T11:33:44.327Z","endedAtUtc":"2026-10-02T11:33:50.793Z","observations":205,"matched":true,"last":{"tick":760,"control":"closed","mode":"off","active":0,"arm":{"ok":true,"reason":"armed"}},"paused":true}
实验步骤: capture c3-expired-ordinary-restored
Connecting to storage
{"label":"c3-expired-ordinary-restored","tick":761,"control":"closed","closeReason":"control_lease_expired","mode":"off","active":0,"tasks":[{"id":"lab-t2-c3-UH","status":"done","remaining":0}],"transactions":30}
实验步骤: capture c3-closed-restart-before-persistence
Connecting to storage
{"label":"c3-closed-restart-before-persistence","tick":761,"control":"closed","closeReason":"control_lease_expired","mode":"off","active":0,"tasks":[{"id":"lab-t2-c3-UH","status":"done","remaining":0}],"transactions":30}
Running as unit: screeps-treasury-t1.service; invocation ID: 1215c501aeea413dae5e79d18bb24307
Connecting to storage
{"schema":"screeps-t2-lab-driver/v1","isolatedWorldOnly":true,"label":"c3-restart-driver","kind":"ticks","arg":"4","startTick":761,"endTick":765,"startedAtUtc":"2026-10-02T11:34:00.140Z","endedAtUtc":"2026-10-02T11:34:07.701Z","observations":254,"matched":true,"last":{"tick":765,"control":"closed","mode":"off","active":0,"arm":{"ok":true,"reason":"armed"}},"paused":true}
实验步骤: capture c3-off-after-real-restart
Connecting to storage
{"label":"c3-off-after-real-restart","tick":765,"control":"closed","closeReason":"control_lease_expired","mode":"off","active":0,"tasks":[{"id":"lab-t2-c3-UH","status":"done","remaining":0}],"transactions":30}
实验步骤: queue c3-rearm-after-close
Connecting to storage
{"op":"queue","label":"c3-rearm-after-close","tick":765,"queued":true}
Connecting to storage
{"schema":"screeps-t2-lab-driver/v1","isolatedWorldOnly":true,"label":"c3-rearm-rejected-driver","kind":"ticks","arg":"1","startTick":765,"endTick":766,"startedAtUtc":"2026-10-02T11:34:08.316Z","endedAtUtc":"2026-10-02T11:34:10.726Z","observations":68,"matched":true,"last":{"tick":766,"control":"closed","mode":"off","active":0,"arm":{"ok":true,"reason":"armed"}},"paused":true}
实验步骤: capture c3-rearm-rejected
Connecting to storage
{"label":"c3-rearm-rejected","tick":766,"control":"closed","closeReason":"control_lease_expired","mode":"off","active":0,"tasks":[{"id":"lab-t2-c3-UH","status":"done","remaining":0}],"transactions":30}
实验步骤: capture c3-completed-before-persistence
Connecting to storage
{"label":"c3-completed-before-persistence","tick":766,"control":"closed","closeReason":"control_lease_expired","mode":"off","active":0,"tasks":[{"id":"lab-t2-c3-UH","status":"done","remaining":0}],"transactions":30}
