TAP version 13
# Subtest: 类3b folded_out dirty 形态：rollup属性消除产物可判 folded_out；脏字面量/无签名仍拒绝
ok 1 - 类3b folded_out dirty 形态：rollup属性消除产物可判 folded_out；脏字面量/无签名仍拒绝
  ---
  duration_ms: 3.3743
  type: 'test'
  ...
# Subtest: 类1 activeWorld：多/零/类型错/换分支拒绝，唯一真值且activeSim不干扰为正
ok 2 - 类1 activeWorld：多/零/类型错/换分支拒绝，唯一真值且activeSim不干扰为正
  ---
  duration_ms: 1.2481
  type: 'test'
  ...
# Subtest: 类2 modules响应：ok0/缺字段/空/数组/null/缺main拒绝；文本与合法二进制为正
ok 3 - 类2 modules响应：ok0/缺字段/空/数组/null/缺main拒绝；文本与合法二进制为正
  ---
  duration_ms: 0.6952
  type: 'test'
  ...
# Subtest: 类3 文本/二进制：bin:前缀文本与同值二进制集合摘要相同但必须判不等；真相等为正
ok 4 - 类3 文本/二进制：bin:前缀文本与同值二进制集合摘要相同但必须判不等；真相等为正
  ---
  duration_ms: 1.0987
  type: 'test'
  ...
# Subtest: 类4 恢复回读失败：POST成功但字节未恢复→不确认；回读一致为正
ok 5 - 类4 恢复回读失败：POST成功但字节未恢复→不确认；回读一致为正
  ---
  duration_ms: 1.4286
  type: 'test'
  ...
# Subtest: 类5 挂起子进程：超时杀掉仍确认关闭；kill后close永不到达时childClosed=false；正常退出为正
ok 6 - 类5 挂起子进程：超时杀掉仍确认关闭；kill后close永不到达时childClosed=false；正常退出为正
  ---
  duration_ms: 992.9454
  type: 'test'
  ...
# Subtest: 类6 活PID无有效console：console静默/心跳过旧/错实例触发关闭；新鲜同实例为正
ok 7 - 类6 活PID无有效console：console静默/心跳过旧/错实例触发关闭；新鲜同实例为正
  ---
  duration_ms: 0.8652
  type: 'test'
  ...
# Subtest: 类7 日志IO故障：audit目标不可写时抛错；可写路径追加成功为正
ok 8 - 类7 日志IO故障：audit目标不可写时抛错；可写路径追加成功为正
  ---
  duration_ms: 16.4832
  type: 'test'
  ...
# Subtest: 类7b 实际collector进程：console.jsonl不可写→exit 1非零且不外泄异常正文；可写→streaming+guard-result优雅退出为正
ok 9 - 类7b 实际collector进程：console.jsonl不可写→exit 1非零且不外泄异常正文；可写→streaming+guard-result优雅退出为正
  ---
  duration_ms: 1935.4714
  type: 'test'
  ...
# Subtest: 类9 函数级：上传结果未决时读到原件不得宣称已恢复；无未决时幂等为正
ok 10 - 类9 函数级：上传结果未决时读到原件不得宣称已恢复；无未决时幂等为正
  ---
  duration_ms: 0.9973
  type: 'test'
  ...
# Subtest: 类8+9 进程级：同一次启用重复调用被拒且零POST零closing；未决上传后远端为原件→restore不确认
ok 11 - 类8+9 进程级：同一次启用重复调用被拒且零POST零closing；未决上传后远端为原件→restore不确认
  ---
  duration_ms: 418.3477
  type: 'test'
  ...
1..11
# tests 11
# suites 0
# pass 11
# fail 0
# cancelled 0
# skipped 0
# todo 0
# duration_ms 11772.6336
