FAIL src/runtime/treasury/scratchRemediation2VBaseline.test.ts
  V1 断点配对（E02 旧模型反例）
    × 恢复效果前 Memory 时，恢复分支世界也应在效果前（1000）——旧模型实际 900 (11 ms)
  V2 reloadKernel 非完整 reset（E06/E10 旧工具反例）
    × JSON 往返 + 旧模块构造后，旧运行时签发的许可应不再被认可——旧工具实际仍 valid (3 ms)
  V3 拦截器卸载回滚（E08 旧模式反例）
    × 放行成对预扣、丢弃确认后卸载拦截器：实际存储应保留已放行的预扣（budgetUsed=2） (5 ms)

  ● V1 断点配对（E02 旧模型反例） › 恢复效果前 Memory 时，恢复分支世界也应在效果前（1000）——旧模型实际 900

    expect(received).toBe(expected) // Object.is equality

    Expected: 1000
    Received: 900

    [0m [90m 112 |[39m     [90m// 断点配对契约：恢复分支世界 === 断点时刻世界（1000）。旧模型下失败[39m
     [90m 113 |[39m     [90m//（实际 900——固定 not-executed reconciler 正是在这个矛盾世界上释放了风险）。[39m
    [31m[1m>[22m[39m[90m 114 |[39m     expect(worldInResetBranch)[33m.[39mtoBe(worldAtEntry)[33m;[39m
     [90m     |[39m                                [31m[1m^[22m[39m
     [90m 115 |[39m   })[33m;[39m
     [90m 116 |[39m })[33m;[39m
     [90m 117 |[39m[0m

      at Object.<anonymous> (src/runtime/treasury/scratchRemediation2VBaseline.test.ts:114:32)

  ● V2 reloadKernel 非完整 reset（E06/E10 旧工具反例） › JSON 往返 + 旧模块构造后，旧运行时签发的许可应不再被认可——旧工具实际仍 valid

    expect(received).toBe(expected) // Object.is equality

    Expected: "invalid"
    Received: "valid"

    [0m [90m 129 |[39m     [36mconst[39m kernelB [33m=[39m reloadKernelOld(ports)[33m;[39m
     [90m 130 |[39m     [36mconst[39m check [33m=[39m kernelB[33m.[39mpreflightDispatchPermit(permit)[33m;[39m
    [31m[1m>[22m[39m[90m 131 |[39m     expect(check[33m.[39mstatus)[33m.[39mtoBe([32m"invalid"[39m)[33m;[39m [90m// 旧工具实际 valid → 红[39m
     [90m     |[39m                          [31m[1m^[22m[39m
     [90m 132 |[39m   })[33m;[39m
     [90m 133 |[39m })[33m;[39m
     [90m 134 |[39m[0m

      at Object.<anonymous> (src/runtime/treasury/scratchRemediation2VBaseline.test.ts:131:26)

  ● V3 拦截器卸载回滚（E08 旧模式反例） › 放行成对预扣、丢弃确认后卸载拦截器：实际存储应保留已放行的预扣（budgetUsed=2）

    expect(received).toBe(expected) // Object.is equality

    Expected: 2
    Received: 0

    [0m [90m 164 |[39m     [90m// 契约：卸载后实际存储 = 拦截期间实际保留的值（预算已扣 2）。[39m
     [90m 165 |[39m     [90m// 旧模式恢复安装时快照 → budgetUsed 回 0 → 回滚了合法预扣 → 红。[39m
    [31m[1m>[22m[39m[90m 166 |[39m     expect(core[33m.[39mrecovery[33m.[39mbudgetUsed)[33m.[39mtoBe([35m2[39m)[33m;[39m
     [90m     |[39m                                      [31m[1m^[22m[39m
     [90m 167 |[39m   })[33m;[39m
     [90m 168 |[39m })[33m;[39m
     [90m 169 |[39m[0m

      at Object.<anonymous> (src/runtime/treasury/scratchRemediation2VBaseline.test.ts:166:38)

Test Suites: 1 failed, 1 total
Tests:       3 failed, 3 total
Snapshots:   0 total
Time:        3.406 s
Ran all test suites matching /src\\runtime\\treasury\\scratchRemediation2VBaseline.test.ts/i.
