TAP version 13
# Subtest: FC1 accepted sampled report above 2 retains all original profile validation
ok 1 - FC1 accepted sampled report above 2 retains all original profile validation
  ---
  duration_ms: 8.013582
  type: 'test'
  ...
# Subtest: FC1 sampled report above 5 is not a legacy safety failure
ok 2 - FC1 sampled report above 5 is not a legacy safety failure
  ---
  duration_ms: 2.391702
  type: 'test'
  ...
# Subtest: FC1 four reports plus four separately bound cost receipts close measurement
ok 3 - FC1 four reports plus four separately bound cost receipts close measurement
  ---
  duration_ms: 4.709464
  type: 'test'
  ...
# Subtest: FC1 last main tail is available without fabricating a successor sample
ok 4 - FC1 last main tail is available without fabricating a successor sample
  ---
  duration_ms: 1.161846
  type: 'test'
  ...
# Subtest: FC1 main reports alone are insufficient cost evidence
ok 5 - FC1 main reports alone are insufficient cost evidence
  ---
  duration_ms: 3.214617
  type: 'test'
  ...
# Subtest: FC1 does not accept a legacy localSafety block as new runtime evidence
ok 6 - FC1 does not accept a legacy localSafety block as new runtime evidence
  ---
  duration_ms: 2.42437
  type: 'test'
  ...
# Subtest: FC1 rejects forged receipt experiment
ok 7 - FC1 rejects forged receipt experiment
  ---
  duration_ms: 1.241443
  type: 'test'
  ...
# Subtest: FC1 rejects forged receipt tick
ok 8 - FC1 rejects forged receipt tick
  ---
  duration_ms: 1.019616
  type: 'test'
  ...
# Subtest: FC1 rejects forged receipt window
ok 9 - FC1 rejects forged receipt window
  ---
  duration_ms: 1.333289
  type: 'test'
  ...
# Subtest: FC1 rejects forged receipt nativeDelta
ok 10 - FC1 rejects forged receipt nativeDelta
  ---
  duration_ms: 1.287001
  type: 'test'
  ...
# Subtest: FC1 rejects forged receipt tailTotal
ok 11 - FC1 rejects forged receipt tailTotal
  ---
  duration_ms: 1.76757
  type: 'test'
  ...
# Subtest: FC1 rejects forged receipt admission
ok 12 - FC1 rejects forged receipt admission
  ---
  duration_ms: 0.952276
  type: 'test'
  ...
# Subtest: FC1 rejects forged receipt missingTail
ok 13 - FC1 rejects forged receipt missingTail
  ---
  duration_ms: 1.051683
  type: 'test'
  ...
# Subtest: FC1 rejects forged receipt policy
ok 14 - FC1 rejects forged receipt policy
  ---
  duration_ms: 0.996081
  type: 'test'
  ...
# Subtest: FC1 receipt preceding its main report is rejected, not joined speculatively
ok 15 - FC1 receipt preceding its main report is rejected, not joined speculatively
  ---
  duration_ms: 1.580363
  type: 'test'
  ...
# Subtest: FC1 duplicate receipt is a visible evidence issue
ok 16 - FC1 duplicate receipt is a visible evidence issue
  ---
  duration_ms: 1.918923
  type: 'test'
  ...
# Subtest: FC1 partial projection is never promoted by the absence of the 2-CPU line
ok 17 - FC1 partial projection is never promoted by the absence of the 2-CPU line
  ---
  duration_ms: 1.296154
  type: 'test'
  ...
# Subtest: FC1 Core mismatch still rejects the sample
ok 18 - FC1 Core mismatch still rejects the sample
  ---
  duration_ms: 1.498252
  type: 'test'
  ...
# Subtest: FC1 damaged indexes cannot become complete through new measurement policy
ok 19 - FC1 damaged indexes cannot become complete through new measurement policy
  ---
  duration_ms: 1.466435
  type: 'test'
  ...
# Subtest: FC1 native receipt stop state must match actual measured overshoot
ok 20 - FC1 native receipt stop state must match actual measured overshoot
  ---
  duration_ms: 1.113915
  type: 'test'
  ...
# Subtest: FC1 cannot continue after predecessor receipt exposed an overshoot
ok 21 - FC1 cannot continue after predecessor receipt exposed an overshoot
  ---
  duration_ms: 1.078342
  type: 'test'
  ...
# Subtest: FC1 previous main byte-length and tail identity remain enforced
ok 22 - FC1 previous main byte-length and tail identity remain enforced
  ---
  duration_ms: 1.566523
  type: 'test'
  ...
# Subtest: FC1 root phase sum cannot be faked to hide cost
ok 23 - FC1 root phase sum cannot be faked to hide cost
  ---
  duration_ms: 1.037983
  type: 'test'
  ...
# Subtest: FC1 cannot label a cooperative-ceiling-truncated prefix as sampled
ok 24 - FC1 cannot label a cooperative-ceiling-truncated prefix as sampled
  ---
  duration_ms: 1.4697
  type: 'test'
  ...
# Subtest: FC1 OFF does not initialize a preview or read native CPU
ok 25 - FC1 OFF does not initialize a preview or read native CPU
  ---
  duration_ms: 2.054484
  type: 'test'
  ...
# Subtest: FC1 non-due ticks do not sample CPU, Store or Memory
ok 26 - FC1 non-due ticks do not sample CPU, Store or Memory
  ---
  duration_ms: 1.209046
  type: 'test'
  ...
# Subtest: FC1 complete work above 2 CPU is measured without a performance failure
ok 27 - FC1 complete work above 2 CPU is measured without a performance failure
  ---
  duration_ms: 0.750158
  type: 'test'
  ...
# Subtest: FC1 no inherited 5-CPU latch truncates an otherwise complete 6-CPU sample
ok 28 - FC1 no inherited 5-CPU latch truncates an otherwise complete 6-CPU sample
  ---
  duration_ms: 0.600337
  type: 'test'
  ...
# Subtest: FC1 four samples reuse one preview, preserving its state
ok 29 - FC1 four samples reuse one preview, preserving its state
  ---
  duration_ms: 1.041438
  type: 'test'
  ...
# Subtest: FC1 final current tail is emitted without a fifth business sample
ok 30 - FC1 final current tail is emitted without a fifth business sample
  ---
  duration_ms: 1.424694
  type: 'test'
  ...
# Subtest: FC1 retains only the predecessor receipt overhead and does not invent its own tail
ok 31 - FC1 retains only the predecessor receipt overhead and does not invent its own tail
  ---
  duration_ms: 0.752031
  type: 'test'
  ...
# Subtest: FC1 duplicate same-tick invocation does not run or emit twice
ok 32 - FC1 duplicate same-tick invocation does not run or emit twice
  ---
  duration_ms: 0.51506
  type: 'test'
  ...
# Subtest: FC1 a fresh heap cannot begin at a later scheduled point
ok 33 - FC1 a fresh heap cannot begin at a later scheduled point
  ---
  duration_ms: 0.803116
  type: 'test'
  ...
# Subtest: FC1 wrong shard is latched without a reader call
ok 34 - FC1 wrong shard is latched without a reader call
  ---
  duration_ms: 0.777097
  type: 'test'
  ...
# Subtest: FC1 rejects unbound policy old2
ok 35 - FC1 rejects unbound policy old2
  ---
  duration_ms: 0.544234
  type: 'test'
  ...
# Subtest: FC1 rejects unbound policy smallReserve
ok 36 - FC1 rejects unbound policy smallReserve
  ---
  duration_ms: 0.442323
  type: 'test'
  ...
# Subtest: FC1 rejects unbound policy changedInterval
ok 37 - FC1 rejects unbound policy changedInterval
  ---
  duration_ms: 0.429524
  type: 'test'
  ...
# Subtest: FC1 rejects unbound policy extraPoint
ok 38 - FC1 rejects unbound policy extraPoint
  ---
  duration_ms: 0.418648
  type: 'test'
  ...
# Subtest: FC1 rejects unbound policy lowerBucket
ok 39 - FC1 rejects unbound policy lowerBucket
  ---
  duration_ms: 0.377598
  type: 'test'
  ...
# Subtest: FC1 headroom below 55 stops instead of choosing another tick
ok 40 - FC1 headroom below 55 stops instead of choosing another tick
  ---
  duration_ms: 0.501991
  type: 'test'
  ...
# Subtest: FC1 exactly 55 headroom and bucket 2000 are admitted
ok 41 - FC1 exactly 55 headroom and bucket 2000 are admitted
  ---
  duration_ms: 0.523102
  type: 'test'
  ...
# Subtest: FC1 low bucket is rejected even with ample tickLimit
ok 42 - FC1 low bucket is rejected even with ample tickLimit
  ---
  duration_ms: 0.482363
  type: 'test'
  ...
# Subtest: FC1 invalid CPU is fail-closed NaN
ok 43 - FC1 invalid CPU is fail-closed NaN
  ---
  duration_ms: 0.485727
  type: 'test'
  ...
# Subtest: FC1 invalid CPU is fail-closed negative
ok 44 - FC1 invalid CPU is fail-closed negative
  ---
  duration_ms: 0.401063
  type: 'test'
  ...
# Subtest: FC1 invalid CPU is fail-closed badLimit
ok 45 - FC1 invalid CPU is fail-closed badLimit
  ---
  duration_ms: 0.425769
  type: 'test'
  ...
# Subtest: FC1 invalid CPU is fail-closed fractionalBucket
ok 46 - FC1 invalid CPU is fail-closed fractionalBucket
  ---
  duration_ms: 0.434512
  type: 'test'
  ...
# Subtest: FC1 invalid CPU is fail-closed inconsistentLimit
ok 47 - FC1 invalid CPU is fail-closed inconsistentLimit
  ---
  duration_ms: 0.414893
  type: 'test'
  ...
# Subtest: FC1 observed overshoot is reported honestly and future samples stop
ok 48 - FC1 observed overshoot is reported honestly and future samples stop
  ---
  duration_ms: 0.539977
  type: 'test'
  ...
# Subtest: FC1 partial result is not promoted to sampled
ok 49 - FC1 partial result is not promoted to sampled
  ---
  duration_ms: 0.482072
  type: 'test'
  ...
# Subtest: FC1 native return regression is rejected, not clamped to zero
ok 50 - FC1 native return regression is rejected, not clamped to zero
  ---
  duration_ms: 0.585785
  type: 'test'
  ...
# Subtest: FC1 emission fault cannot escape into the old bot or re-arm
ok 51 - FC1 emission fault cannot escape into the old bot or re-arm
  ---
  duration_ms: 0.978504
  type: 'test'
  ...
# Subtest: FC1 observed receipt overhead can stop future samples separately
ok 52 - FC1 observed receipt overhead can stop future samples separately
  ---
  duration_ms: 0.579746
  type: 'test'
  ...
# Subtest: FC1 configuration is not silently increased or mutated by the wrapper
ok 53 - FC1 configuration is not silently increased or mutated by the wrapper
  ---
  duration_ms: 0.610922
  type: 'test'
  ...
# Subtest: FC1 authentic baseline collector sample parser is byte-pinned
ok 54 - FC1 authentic baseline collector sample parser is byte-pinned
  ---
  duration_ms: 1.55725
  type: 'test'
  ...
# Subtest: FC1 task boundary parser remains byte-exact
ok 55 - FC1 task boundary parser remains byte-exact
  ---
  duration_ms: 0.223741
  type: 'test'
  ...
# Subtest: FC1 full R1 Core fixture remains unchanged
ok 56 - FC1 full R1 Core fixture remains unchanged
  ---
  duration_ms: 0.305892
  type: 'test'
  ...
# Subtest: FC1 historical runtime fixture is the real pre-FC1 Git blob
ok 57 - FC1 historical runtime fixture is the real pre-FC1 Git blob
  ---
  duration_ms: 0.219764
  type: 'test'
  ...
# Subtest: FC1 patch rejects missing or duplicated anchors
ok 58 - FC1 patch rejects missing or duplicated anchors
  ---
  duration_ms: 0.349175
  type: 'test'
  ...
# Subtest: FC1 sample adaptation is not reapplicable
ok 59 - FC1 sample adaptation is not reapplicable
  ---
  duration_ms: 0.440961
  type: 'test'
  ...
# Subtest: FC1 generator metadata update is bound to exact old runtime identity
ok 60 - FC1 generator metadata update is bound to exact old runtime identity
  ---
  duration_ms: 1.559332
  type: 'test'
  ...
# Subtest: FC1 native whitespace proof preserves a raw TAP trailing-space failure
ok 61 - FC1 native whitespace proof preserves a raw TAP trailing-space failure
  ---
  duration_ms: 37.938687
  type: 'test'
  ...
# Subtest: FC1 raw exceptions do not exempt a source file
ok 62 - FC1 raw exceptions do not exempt a source file
  ---
  duration_ms: 26.344208
  type: 'test'
  ...
# Subtest: FC1 staged blob changes invalidate the SHA-bound raw exception
ok 63 - FC1 staged blob changes invalidate the SHA-bound raw exception
  ---
  duration_ms: 30.638438
  type: 'test'
  ...
# Subtest: FC1 whitespace check still catches an unlisted raw log
ok 64 - FC1 whitespace check still catches an unlisted raw log
  ---
  duration_ms: 25.801497
  type: 'test'
  ...
# Subtest: FC1 evidence-scope check rejects staged unrelated content
ok 65 - FC1 evidence-scope check rejects staged unrelated content
  ---
  duration_ms: 32.997303
  type: 'test'
  ...
# Subtest: FC1 proof cannot relabel source code as raw output
ok 66 - FC1 proof cannot relabel source code as raw output
  ---
  duration_ms: 23.431727
  type: 'test'
  ...
# Subtest: FC1 normal native commit keeps exact raw bytes and proof in the committed tree
ok 67 - FC1 normal native commit keeps exact raw bytes and proof in the committed tree
  ---
  duration_ms: 35.699392
  type: 'test'
  ...
# Subtest: FC1 authorization cannot be refreshed by an output directory change
ok 68 - FC1 authorization cannot be refreshed by an output directory change
  ---
  duration_ms: 18.552453
  type: 'test'
  ...
# Subtest: FC1 package integrity rejects a changed payload
ok 69 - FC1 package integrity rejects a changed payload
  ---
  duration_ms: 1.445625
  type: 'test'
  ...
# Subtest: FC1 result above 2 is full measured completion without a performance grade
ok 70 - FC1 result above 2 is full measured completion without a performance grade
  ---
  duration_ms: 3.442813
  type: 'test'
  ...
# Subtest: FC1 missing receipts cannot produce a full cost verdict
ok 71 - FC1 missing receipts cannot produce a full cost verdict
  ---
  duration_ms: 1.660141
  type: 'test'
  ...
# Subtest: FC1 restoration is an independent result, not implied by good samples
ok 72 - FC1 restoration is an independent result, not implied by good samples
  ---
  duration_ms: 1.519013
  type: 'test'
  ...
# Subtest: FC1 no-deployment state has no fabricated CPU conclusion
ok 73 - FC1 no-deployment state has no fabricated CPU conclusion
  ---
  duration_ms: 0.994789
  type: 'test'
  ...
# Subtest: FC1 native headroom and full original main tail are independent of legacy Memory mismatch
ok 74 - FC1 native headroom and full original main tail are independent of legacy Memory mismatch
  ---
  duration_ms: 1.441278
  type: 'test'
  ...
# Subtest: FC1 fixed scopes preserve all six planned source paths and do not change Core/preview
ok 75 - FC1 fixed scopes preserve all six planned source paths and do not change Core/preview
  ---
  duration_ms: 0.082592
  type: 'test'
  ...
# Subtest: authentic XV Git object and complete source fixture
ok 76 - authentic XV Git object and complete source fixture
  ---
  duration_ms: 1.254372
  type: 'test'
  ...
# Subtest: fixed candidate bytes and complete forward transform
ok 77 - fixed candidate bytes and complete forward transform
  ---
  duration_ms: 0.477645
  type: 'test'
  ...
# Subtest: exact reverse transform preserves all predecessor bytes
ok 78 - exact reverse transform preserves all predecessor bytes
  ---
  duration_ms: 0.220415
  type: 'test'
  ...
# Subtest: double application is rejected
ok 79 - double application is rejected
  ---
  duration_ms: 0.392479
  type: 'test'
  ...
# Subtest: tampered predecessor is rejected rather than patched approximately
ok 80 - tampered predecessor is rejected rather than patched approximately
  ---
  duration_ms: 0.201177
  type: 'test'
  ...
# Subtest: tampered candidate cannot satisfy inverse provenance
ok 81 - tampered candidate cannot satisfy inverse provenance
  ---
  duration_ms: 0.290889
  type: 'test'
  ...
# Subtest: both complete runtime bodies parse and export only two builders
ok 82 - both complete runtime bodies parse and export only two builders
  ---
  duration_ms: 4.152682
  type: 'test'
  ...
# Subtest: zero task and zero reservation retain complete zero indexes
ok 83 - zero task and zero reservation retain complete zero indexes
  ---
  duration_ms: 6.50863
  type: 'test'
  ...
# Subtest: single manual transfer and active owner reservation
ok 84 - single manual transfer and active owner reservation
  ---
  duration_ms: 5.926931
  type: 'test'
  ...
# Subtest: all canonical task statuses still undergo full validation
ok 85 - all canonical task statuses still undergo full validation
  ---
  duration_ms: 3.512687
  type: 'test'
  ...
# Subtest: unknown status fails closed rather than looking non-pending
ok 86 - unknown status fails closed rather than looking non-pending
  ---
  duration_ms: 2.556434
  type: 'test'
  ...
# Subtest: manual and automatic health and receiver predicates retain meaning
ok 87 - manual and automatic health and receiver predicates retain meaning
  ---
  duration_ms: 3.754554
  type: 'test'
  ...
# Subtest: first-route-wins retains an undefined id and does not overwrite it
ok 88 - first-route-wins retains an undefined id and does not overwrite it
  ---
  duration_ms: 3.140557
  type: 'test'
  ...
# Subtest: self-route aliases share the correct eager scope and room buckets
ok 89 - self-route aliases share the correct eager scope and room buckets
  ---
  duration_ms: 2.575433
  type: 'test'
  ...
# Subtest: null-prototype scope and room dictionaries preserve hostile names
ok 90 - null-prototype scope and room dictionaries preserve hostile names
  ---
  duration_ms: 3.421942
  type: 'test'
  ...
# Subtest: safe-integer aggregation overflow retains partial update order
ok 91 - safe-integer aggregation overflow retains partial update order
  ---
  duration_ms: 2.750582
  type: 'test'
  ...
# Subtest: damaged task fields and global/scope incompleteness agree
ok 92 - damaged task fields and global/scope incompleteness agree
  ---
  duration_ms: 3.381723
  type: 'test'
  ...
# Subtest: all non-pending malformed records still cause incompleteness
ok 93 - all non-pending malformed records still cause incompleteness
  ---
  duration_ms: 2.355257
  type: 'test'
  ...
# Subtest: zero-amount pending records remain visible in counts and routes
ok 94 - zero-amount pending records remain visible in counts and routes
  ---
  duration_ms: 2.827535
  type: 'test'
  ...
# Subtest: reservation expiry is strictly earlier than the current tick
ok 95 - reservation expiry is strictly earlier than the current tick
  ---
  duration_ms: 2.752284
  type: 'test'
  ...
# Subtest: unresolved and missing owners remain fully committed
ok 96 - unresolved and missing owners remain fully committed
  ---
  duration_ms: 3.029073
  type: 'test'
  ...
# Subtest: typed identity namespace and kind self-exclusion are preserved
ok 97 - typed identity namespace and kind self-exclusion are preserved
  ---
  duration_ms: 1.963229
  type: 'test'
  ...
# Subtest: reservation integer overflow and invalid identity fail closed
ok 98 - reservation integer overflow and invalid identity fail closed
  ---
  duration_ms: 3.363927
  type: 'test'
  ...
# Subtest: nonempty maximum-size task and reservation paths are both tested offline
ok 99 - nonempty maximum-size task and reservation paths are both tested offline
  ---
  duration_ms: 8.385091
  type: 'test'
  ...
# Subtest: callbacks retain options receiver, order, and expiration behavior
ok 100 - callbacks retain options receiver, order, and expiration behavior
  ---
  duration_ms: 2.493431
  type: 'test'
  ...
# Subtest: detached and rebound public query methods keep their originating state
ok 101 - detached and rebound public query methods keep their originating state
  ---
  duration_ms: 1.792347
  type: 'test'
  ...
# Subtest: delta callbacks retain unbound strict this and remain dynamic
ok 102 - delta callbacks retain unbound strict this and remain dynamic
  ---
  duration_ms: 1.562377
  type: 'test'
  ...
# Subtest: snapshot indexes do not reread task data after construction
ok 103 - snapshot indexes do not reread task data after construction
  ---
  duration_ms: 1.748231
  type: 'test'
  ...
# Subtest: alternating reader instances capture a fresh resource catalog
ok 104 - alternating reader instances capture a fresh resource catalog
  ---
  duration_ms: 1.668814
  type: 'test'
  ...
# Subtest: nested builders cannot replace the outer input context
ok 105 - nested builders cannot replace the outer input context
  ---
  duration_ms: 2.123876
  type: 'test'
  ...
# Subtest: observation APIs, missing locations, sparse resources, freezing and query order
ok 106 - observation APIs, missing locations, sparse resources, freezing and query order
  ---
  duration_ms: 2.173038
  type: 'test'
  ...
# Subtest: observation memo arrays stay private to each snapshot
ok 107 - observation memo arrays stay private to each snapshot
  ---
  duration_ms: 1.71336
  type: 'test'
  ...
# Subtest: detached observation methods ignore unrelated public receivers
ok 108 - detached observation methods ignore unrelated public receivers
  ---
  duration_ms: 1.517971
  type: 'test'
  ...
# Subtest: observation remains stale by Game.time and never rereads Store on query
ok 109 - observation remains stale by Game.time and never rereads Store on query
  ---
  duration_ms: 1.748942
  type: 'test'
  ...
# Subtest: duplicate room ordering and last-room-wins lookup remain unchanged
ok 110 - duplicate room ordering and last-room-wins lookup remain unchanged
  ---
  duration_ms: 1.594244
  type: 'test'
  ...
# Subtest: over-capacity signed free and absent Store remain physical observations
ok 111 - over-capacity signed free and absent Store remain physical observations
  ---
  duration_ms: 6.996901
  type: 'test'
  ...
# Subtest: Store scanning callback order remains before empire folding
ok 112 - Store scanning callback order remains before empire folding
  ---
  duration_ms: 1.753419
  type: 'test'
  ...
# Subtest: complete projection executes all four rows and sixteen index queries
ok 113 - complete projection executes all four rows and sixteen index queries
  ---
  duration_ms: 2.294398
  type: 'test'
  ...
# Subtest: diagnostics disabled retains full business semantics
ok 114 - diagnostics disabled retains full business semantics
  ---
  duration_ms: 3.232132
  type: 'test'
  ...
# Subtest: query views no longer contain build-local method definitions
ok 115 - query views no longer contain build-local method definitions
  ---
  duration_ms: 0.133327
  type: 'test'
  ...
# Subtest: instrumented allocation count removes exactly two Map constructions per empty eager index
ok 116 - instrumented allocation count removes exactly two Map constructions per empty eager index
  ---
  duration_ms: 1.570779
  type: 'test'
  ...
# Subtest: 512 seeded mixed-input differential scenarios across full index APIs
ok 117 - 512 seeded mixed-input differential scenarios across full index APIs
  ---
  duration_ms: 1305.082266
  type: 'test'
  ...
# Subtest: room-count queries preserve native Map key types without implicit string coercion
ok 118 - room-count queries preserve native Map key types without implicit string coercion
  ---
  duration_ms: 1.847237
  type: 'test'
  ...
1..118
# tests 118
# suites 0
# pass 118
# fail 0
# cancelled 0
# skipped 0
# todo 0
# duration_ms 2212.511653
