PASS src/runtime/marketBaseResourcePermit.test.ts (104.554 s)
PASS test/localDispatchPerformanceBaseline.test.ts (37.179 s)
  ● Console

    console.log
      LOCAL_DISPATCH_PERFORMANCE_BASELINE {"schema":"local-dispatch-performance-baseline/v2","implementation":"full-ref-local-dispatch","fixture":{"rooms":20,"tasksPerRoom":20,"totalTasksPerDomain":400,"actors":50},"protocol":{"clock":"process.hrtime.bigint","timingUnit":"milliseconds","warmupBatches":5,"measuredBatches":30,"iterationsPerBatch":100,"p95":"nearest-rank","timingPassFail":"observation-only; deployment CPU gate is the live same-shard window","complexityPassFail":"deterministic public-input/read-DTO counts"},"preChangeEvidence":{"source":"openspec/changes/local-dispatch-ownership/evidence/pre-change-baseline.md","commit":"df2e1af60a035fd99406888d69bba9903e8a7118","observation":{"workerCurrent":{"median":12.083,"p95":12.378},"workerRelease":{"median":39.879,"p95":40.633},"carrierList":{"median":13.476,"p95":14.086},"carrierClaim":{"median":12.937,"p95":13.586},"carrierReplace":{"median":61.892,"p95":66.713}}},"scenarios":{"workerCurrent":{"samples":[442.2608,423.3792,404.5223,430.272,400.9205,413.5858,432.1067,430.178,423.6079,409.9697,437.0818,407.5816,402.6161,451.5305,398.5088,432.1256,402.6625,416.648,435.8165,411.0644,419.6564,414.7198,416.9205,422.531,395.7685,425.4595,419.5091,447.83,404.4161,416.7051],"median":418.2148,"p95":447.83,"min":395.7685,"max":451.5305,"relativeToPreChange":{"median":34.611835,"p95":36.179512}},"workerRelease":{"samples":[352.4536,311.9375,318.9762,351.9317,339.8332,381.4214,341.9446,309.1059,373.3843,350.3775,374.1418,307.6144,331.3643,320.1554,316.1432,352.1262,355.4978,324.3238,355.4847,321.3603,319.3925,353.2848,326.242,321.9574,343.8697,323.2148,327.4957,361.3773,337.3865,311.021],"median":334.3754,"p95":374.1418,"min":307.6144,"max":381.4214,"relativeToPreChange":{"median":8.384749,"p95":9.207831}},"carrierList":{"samples":[9.3682,10.3249,9.7712,9.8308,8.4021,10.3726,9.4685,8.4682,13.9366,12.2016,11.6356,12.3492,12.1076,11.6319,9.4828,8.4747,6.7717,6.3757,10.5392,7.2647,8.6859,7.8197,7.0101,7.119,6.9538,8.332,7.2397,9.091,6.9696,6.3684],"median":8.88845,"p95":12.3492,"min":6.3684,"max":13.9366,"relativeToPreChange":{"median":0.659576,"p95":0.8767}},"carrierClaim":{"samples":[67.4623,65.6542,62.6347,74.9734,62.1882,68.0825,83.4643,78.4033,69.6202,70.1449,70.8031,74.2134,65.394,70.5641,64.0876,62.5506,69.5633,70.5107,76.067,74.5177,90.0545,73.6112,68.7113,71.3574,66.7005,64.4508,66.1016,66.3416,65.9556,62.7822],"median":69.1373,"p95":83.4643,"min":62.1882,"max":90.0545,"relativeToPreChange":{"median":5.344152,"p95":6.143405}},"carrierReplace":{"samples":[152.5407,144.2984,151.9969,171.9669,147.1366,140.4412,160.3955,152.6971,150.7606,149.8154,181.9953,149.6854,159.3851,153.3167,148.1569,146.1807,180.6159,148.0355,149.0429,149.9855,162.7179,153.4,165.1209,161.4327,202.4606,154.5477,147.1862,177.5596,153.8405,157.0452],"median":153.0069,"p95":181.9953,"min":140.4412,"max":202.4606,"relativeToPreChange":{"median":2.47216,"p95":2.728034}}},"complexityGates":{"workerRelease":{"acquireCalls":5000,"releaseCalls":5000,"exactRoomDescriptorReads":5000,"exactTaskDescriptorReads":5000,"boardEnumerations":0},"workerAcquireReconcile":{"acquireCalls":50,"reconcileCalls":50,"assignedCreepsDescriptorReads":150},"carrier":{"exact":{"exactCalls":400,"exactResults":400,"refDescriptorReads":2400},"list":{"listCalls":20,"listResults":400},"replace":{"replaceCalls":2000,"replaceResults":40000,"draftIndexReads":40000,"stepIndexReads":40000},"claim":{"claimCalls":5000,"successfulClaims":5000,"releasedClaims":5000,"claimStepIndexReads":5000,"actorDescriptorReads":5000,"actorEnumerations":0},"readDto":{"snapshotCalls":1,"snapshotEntries":400,"stepArrayEnumerations":400,"stepEntryDescriptorReads":800}}},"limitations":["Node/Jest wall-clock is not Screeps CPU and old/current samples came from separate processes.","Relative old/current wall-clock ratios are observations, never pass/fail authorization.","Worker current starts bound; Carrier claim is the uncontended immediate-release path.","Carrier complexity probes observe public inputs/read DTOs and never the private Map hierarchy."]}

      at Object.<anonymous> (test/localDispatchPerformanceBaseline.test.ts:761:13)

PASS src/runtime/marketBaseResourceAutomation.test.ts (38.762 s)
PASS test/treasuryCompatRead.test.ts (43.964 s)
PASS test/memoryDeclarationBoundaries.test.ts (21.987 s)
PASS test/ambientGlobalAbiBoundaries.test.ts (19.339 s)
PASS scripts/monitor-service.test.ts (9.006 s)
PASS test/typescriptConfigBoundaries.test.ts (9.496 s)
PASS test/localDispatchArchitectureBoundaries.test.ts (8.171 s)
PASS test/taskSystemArchitectureBoundaries.test.ts
PASS test/roleIdentityCatalogBoundaries.test.ts
PASS test/taskSystemCatalogBoundaries.test.ts
PASS src/runtime/marketSaleAutomation.test.ts
PASS src/runtime/marketBaseResourceLedger.test.ts
PASS src/runtime/bootstrapArchitecture.test.ts
PASS test/treasuryCompatIndependent.test.ts
PASS src/runtime/linkNetworkMemoryOwnership.test.ts
PASS src/runtime/hubProductionIntegration.test.ts
PASS src/mount/mountCreep.test.ts
PASS src/runtime/taskSystem/snapshot.test.ts
PASS src/movement/routing.segmentCache.test.ts
PASS src/runtime/bootstrap.test.ts
PASS src/runtime/resourceControl.capacityRegression.test.ts
PASS src/runtime/marketSaleConfig.test.ts
PASS src/runtime/powerBankHarvest.test.ts
PASS src/runtime/marketSalePlanningAuthorization.test.ts
PASS src/runtime/logistics/resourceTransferTasks.test.ts
PASS src/runtime/synthesisControl.test.ts
PASS src/runtime/hubPlanner.test.ts
PASS src/runtime/marketSaleSession.test.ts
PASS src/runtime/marketDirectContinuousPolicy.test.ts
PASS test/warWorkflowLifecycleBoundaries.test.ts
PASS src/runtime/marketSaleDirectAutomation.test.ts
PASS scripts/lib/redactSecrets.test.ts
PASS src/runtime/spawnPlanner.test.ts
PASS src/runtime/memoryCleanup.test.ts
PASS src/runtime/empireInventoryShadow.test.ts
  ● Console

    console.log
      [inventory-shadow] parity mismatch +5 this check (total 5): tick=10000 room=<empire> resource=energy field=empireTotal index=6200 direct=1200

      at runEmpireInventoryShadowCheck (src/runtime/empireInventoryShadow.ts:1045:13)

    console.log
      [inventory-shadow] parity mismatch +7 this check (total 7): tick=10000 room=<creeps>:cargo resource=- field=oracleStoreTotal index=30 direct=99

      at runEmpireInventoryShadowCheck (src/runtime/empireInventoryShadow.ts:1045:13)

    console.log
      [inventory-shadow] parity mismatch +3 this check (total 3): tick=10040 room=W1N57 resource=- field=factoryUsedCapacity index=40 direct=0

      at runEmpireInventoryShadowCheck (src/runtime/empireInventoryShadow.ts:1045:13)

    console.log
      [inventory-shadow] parity mismatch +3 this check (total 3): tick=10000 room=W1N57 resource=- field=factoryUsedCapacity index=40 direct=0

      at runEmpireInventoryShadowCheck (src/runtime/empireInventoryShadow.ts:1045:13)

    console.log
      [inventory-shadow] parity mismatch +1 this check (total 1): tick=10000 room=W1N57:storage resource=silicon field=oracleResourceAmount index=0 direct=42

      at runEmpireInventoryShadowCheck (src/runtime/empireInventoryShadow.ts:1045:13)

PASS src/roles/index.test.ts
PASS src/runtime/boostControl.test.ts
  ● Console

    console.log
      [boostControl] buy W1N1: XUH2O=1000 price=5.000 cost=100

      at buyBoostIfNeeded (src/runtime/boostControl.ts:151:13)

PASS src/runtime/resourceControl.test.ts
PASS src/runtime/consoleCommands.test.ts
PASS src/runtime/powerBankBoost.test.ts
PASS src/runtime/memorySizeRegression.test.ts
PASS src/runtime/externalTelemetry.test.ts
PASS src/runtime/marketDirectContinuousAutomation.test.ts
PASS src/runtime/marketSalePlanningGate.test.ts
PASS src/runtime/marketSaleRuntime.test.ts
PASS src/runtime/synthesisControlStateMachine.test.ts
PASS src/runtime/nukerControl.test.ts
PASS src/runtime/marketDirectContinuousLedger.test.ts
PASS src/runtime/marketSaleProtectionMemo.test.ts
PASS src/runtime/marketWriteArchitecture.test.ts
PASS src/runtime/flagHauling.test.ts
  ● Console

    console.log
      [flag-haul] started: flag=HAUL target=W5N5 source=W1N1

      at upsertFlagHaulTask (src/runtime/flagHauling.ts:322:13)

PASS src/runtime/warControl.test.ts
PASS src/runtime/hubFlag.test.ts
PASS src/mount/mountCreep.lifecycleCache.test.ts
PASS src/runtime/marketSaleFeeLedger.test.ts
PASS src/runtime/homeDefense.test.ts
PASS src/runtime/console/operationsCommands.test.ts
PASS src/runtime/marketSaleProtectionAdapter.test.ts
PASS src/movement/pathing.crossTickCache.test.ts
PASS src/runtime/empireInventoryIndex.test.ts
PASS src/runtime/localDispatchOwnership.target.test.ts
PASS src/runtime/colonization.test.ts
  ● Console

    console.log
      [colonization] rescout W1N2: pending scout route invalid or interrupted by dangerous room

      at requestScoutRescan (src/runtime/colonization.ts:983:11)

    console.log
      [colonization] abandon W1N2: flag removed by player

      at abandonColonization (src/runtime/colonization.ts:1042:11)

    console.log
      [colonization] abandon W1N2: flag removed by player

      at abandonColonization (src/runtime/colonization.ts:1042:11)

PASS test/defenseMode.test.ts
PASS src/runtime/crossShardColonization.test.ts
PASS src/main.test.ts
PASS src/runtime/mineralExtraction.test.ts
PASS src/runtime/marketBaseResourcePolicy.test.ts
PASS src/roles/carrier.test.ts
PASS src/mount/mountSpawn.test.ts
PASS src/runtime/roomWorkforceIdentity.test.ts
PASS src/runtime/autoReserveFlag.test.ts
  ● Console

    console.log
      [reserve] W1N1 entered reserve mode at 74999 energy

      at runAutoReserveFlags (src/runtime/autoReserveFlag.ts:38:17)

PASS src/runtime/marketSalePricingAdapter.test.ts
PASS src/roles/worker.test.ts
PASS src/runtime/colonization.travelPath.test.ts
PASS src/runtime/workerTaskPool.characterization.test.ts
PASS src/runtime/hubUpgradeControl.test.ts
PASS src/runtime/roomWorkforce.test.ts
PASS src/roles/carrier.bestCandidate.test.ts
PASS scripts/lib/deployGuard.test.ts
PASS src/runtime/marketDirectContinuousPlanner.test.ts
PASS src/runtime/carrierTaskBoard.test.ts
PASS src/runtime/deployAnnounce.test.ts
PASS src/roles/energyTargets.test.ts
PASS src/runtime/taskSystem/registry.test.ts
PASS src/runtime/remoteMining.test.ts
PASS src/runtime/powerCreepControl.test.ts
PASS src/runtime/taskSystem/adapters/workflowAdapters.test.ts
PASS src/runtime/dispatchOwnership/actorBinding.test.ts
PASS src/runtime/towerControl.scanThrottle.test.ts
PASS src/runtime/hubProtectionSnapshot.test.ts
PASS src/runtime/empireInventoryBenchmark.test.ts
  ● Console

    console.log
      [inventory-bench] rooms=8 legacyPerResourceCalls=1344 newKeyEnumeration=61 legacyScanMs=0.743 indexBuildMs=0.590

      at Object.<anonymous> (src/runtime/empireInventoryBenchmark.test.ts:166:13)

PASS src/movement/routing.backoff.test.ts
PASS src/movement/pathing.test.ts
PASS src/movement/staticRoomMatrix.test.ts
PASS src/runtime/hubProgress.test.ts
PASS src/runtime/cpuPhaseProfiler.lowOverhead.test.ts
PASS src/roles/powerBankHealer.test.ts
PASS src/runtime/taskSystem/adapters/powerCreepAction.test.ts
PASS src/runtime/terminalBootstrapRecovery.test.ts
PASS src/movement/routing.test.ts
PASS src/config/spawnProfiles.test.ts
PASS src/runtime/taskSystem/adapters/spawnProduction.test.ts
PASS src/runtime/workerTaskPool.test.ts
PASS src/roles/shared.test.ts
PASS src/movement/routing.dynamicObstacles.test.ts
PASS src/runtime/taskSystem/adapters/powerBankWorkflow.test.ts
PASS src/roles/remoteMiningCarrier.test.ts
PASS src/roles/powerBankAttacker.test.ts
PASS src/runtime/dispatchOwnership/workerSlot.test.ts
PASS src/runtime/spawnQueueOwnership.test.ts
PASS src/roles/upgrader.test.ts
PASS src/runtime/taskSystem/adapters/carrierLogistics.test.ts
PASS src/runtime/powerSpawnControl.test.ts
PASS src/runtime/powerBankObserver.test.ts
PASS src/movement/routing.cachedPathValidation.test.ts
PASS src/runtime/taskSystem/adapters/workerWork.test.ts
PASS src/runtime/linkControl.test.ts
PASS src/runtime/factoryControl.test.ts
PASS src/roles/powerBankScout.test.ts
PASS src/roles/powerBankHauler.test.ts
PASS src/movement/roomTopologyRevision.test.ts
PASS src/runtime/taskSystem/adapters/factoryCommand.test.ts
PASS src/roles/scout.test.ts
PASS src/roles/remoteDefender.test.ts
PASS test/miner.test.ts
PASS src/runtime/dispatchOwnership/ref.test.ts
PASS src/runtime/towerControl.test.ts
PASS src/runtime/minerBodyPolicy.test.ts
PASS src/runtime/marketSalePricing.test.ts
PASS src/roles/meleeAttacker.test.ts
PASS src/runtime/taskSystem/adapters/resourceTransfer.test.ts
PASS src/runtime/roomPlannerConstruction.test.ts
PASS src/runtime/powerBankViability.test.ts
PASS src/runtime/powerBankStatus.test.ts
PASS src/runtime/cpuMonitor.test.ts
PASS src/runtime/logistics/receiverCapacityLedger.test.ts
PASS src/runtime/marketSaleDirectShadow.test.ts
PASS src/runtime/marketSaleDirectPending.test.ts
PASS src/roles/homeDefender.test.ts
PASS src/runtime/marketSaleExposure.test.ts
PASS src/runtime/configNormalize.test.ts
PASS src/movement/metrics.flush.test.ts
PASS test/tickContext.test.ts
PASS src/runtime/pixelGenerator.test.ts
PASS src/movement/traffic.test.ts
PASS src/runtime/upgraderPolicy.test.ts
PASS src/runtime/localCarrierDestinationCapacity.test.ts
PASS src/runtime/carrierTaskBoard.revisionCache.test.ts
PASS src/runtime/carrierBodyPolicy.test.ts
PASS src/roles/mineralHarvester.test.ts
PASS src/roles/healer.test.ts
PASS src/roles/combatBoosts.test.ts
PASS src/runtime/safeZoneHelpers.test.ts
PASS src/runtime/emergencySpawning.test.ts
PASS src/visual/panel.test.ts
PASS src/roles/remoteCarrier.test.ts
PASS src/roles/colonizerHarvester.test.ts
PASS test/harvester.test.ts
PASS src/runtime/taskSystem/adapters/warWorkflow.test.ts
PASS src/runtime/powerBankDiscovery.test.ts
PASS src/runtime/marketSaleProtection.test.ts
PASS src/runtime/marketSaleLifecycle.test.ts
PASS src/runtime/marketSaleDirectPricing.test.ts
PASS src/runtime/tickContext.typedIndex.test.ts
PASS src/runtime/safeZone.test.ts
PASS src/runtime/roomTypes.test.ts
PASS src/runtime/marketSaleDiagnostics.test.ts
PASS src/runtime/creepAssignmentState.test.ts
PASS src/runtime/console/resourceTransferCommands.test.ts
PASS src/runtime/marketSaleDirectEngineAssumptions.test.ts
PASS src/runtime/marketActionArbiter.test.ts
PASS src/types/roleCatalog.test.ts
PASS src/runtime/taskSystem/model.test.ts
PASS src/runtime/dispatchOwnership/carrierAmountSlice.test.ts
PASS src/runtime/reactionMap.test.ts
PASS src/runtime/powerBankConstants.test.ts
PASS src/runtime/linkNetworkMemory.test.ts
PASS src/runtime/actionLog.test.ts
PASS src/movement/traffic.naturalObstacles.test.ts
PASS src/movement/common.test.ts
PASS src/runtime/hostilePriorities.test.ts
PASS src/runtime/energyPickupReservation.test.ts
PASS src/visual/palette.test.ts
PASS src/roles/remoteWorker.test.ts
PASS src/roles/remoteMiningReserver.test.ts
PASS src/runtime/logistics/capacityHeadroom.test.ts
PASS src/runtime/productionStateMachine.test.ts
PASS src/runtime/taskSystem/catalog.test.ts
PASS src/runtime/terminalActionEnergyOwnership.test.ts
PASS src/runtime/roomEnergyPolicy.test.ts
PASS src/runtime/memoryAudit.test.ts
PASS src/roles/claimer.test.ts
PASS src/runtime/resourceReservation.test.ts

Test Suites: 195 passed, 195 total
Tests:       685 passed, 685 total
Snapshots:   0 total
Time:        353.824 s
Ran all test suites.
Test results written to: C:\Users\15027\AppData\Local\Temp\screeps-jest-budget-i1UiO7\results.json
